
 Start         Length     Name                   Class
 0001:00401000 00021928H .text                   CODE
 0002:00423000 000005B8H .itext                  ICODE
 0003:00424000 000003A0H .data                   DATA
 0004:00425000 000000A4H .bss                    BSS
 0005:00000000 00000000H .tls                    TLS
 0006:00400000 00000000H .pdata                  PDATA


Detailed map of segments

 0001:00000000 00000278 C=CODE     S=.text    G=(none)   M=System   ACBP=A9
 0001:00000278 000007D0 C=CODE     S=.text    G=(none)   M=SysInit  ACBP=A9
 0001:00000A48 00000160 C=CODE     S=.text    G=(none)   M=Winapi.Windows ACBP=A9
 0001:00000BA8 00000008 C=CODE     S=.text    G=(none)   M=System.Internal.ExcUtils ACBP=A9
 0001:00000BB0 00000108 C=CODE     S=.text    G=(none)   M=System.SysUtils ACBP=A9
 0001:00000CB8 00000008 C=CODE     S=.text    G=(none)   M=System.VarUtils ACBP=A9
 0001:00000CC0 00000020 C=CODE     S=.text    G=(none)   M=System.Variants ACBP=A9
 0001:00000CE0 00000014 C=CODE     S=.text    G=(none)   M=Winapi.ActiveX ACBP=A9
 0001:00000CF4 00000010 C=CODE     S=.text    G=(none)   M=System.StrUtils ACBP=A9
 0001:00000D04 00000008 C=CODE     S=.text    G=(none)   M=System.Math ACBP=A9
 0001:00000D0C 00000008 C=CODE     S=.text    G=(none)   M=System.TimeSpan ACBP=A9
 0001:00000D14 00000008 C=CODE     S=.text    G=(none)   M=System.SyncObjs ACBP=A9
 0001:00000D1C 00000010 C=CODE     S=.text    G=(none)   M=System.Generics.Defaults ACBP=A9
 0001:00000D2C 00000008 C=CODE     S=.text    G=(none)   M=System.Rtti ACBP=A9
 0001:00000D34 00000040 C=CODE     S=.text    G=(none)   M=System.TypInfo ACBP=A9
 0001:00000D74 00000278 C=CODE     S=.text    G=(none)   M=System.Classes ACBP=A9
 0001:00000FEC 00000018 C=CODE     S=.text    G=(none)   M=System.DateUtils ACBP=A9
 0001:00001004 00000010 C=CODE     S=.text    G=(none)   M=System.IOUtils ACBP=A9
 0001:00001014 00000008 C=CODE     S=.text    G=(none)   M=System.Win.Registry ACBP=A9
 0001:0000101C 00000048 C=CODE     S=.text    G=(none)   M=Vcl.Graphics ACBP=A9
 0001:00001064 00000018 C=CODE     S=.text    G=(none)   M=System.Contnrs ACBP=A9
 0001:0000107C 00000008 C=CODE     S=.text    G=(none)   M=System.Actions ACBP=A9
 0001:00001084 00000008 C=CODE     S=.text    G=(none)   M=Vcl.ActnList ACBP=A9
 0001:0000108C 00000008 C=CODE     S=.text    G=(none)   M=System.HelpIntfs ACBP=A9
 0001:00001094 00000008 C=CODE     S=.text    G=(none)   M=Winapi.UxTheme ACBP=A9
 0001:0000109C 00000008 C=CODE     S=.text    G=(none)   M=Vcl.GraphUtil ACBP=A9
 0001:000010A4 000000D8 C=CODE     S=.text    G=(none)   M=Vcl.StdCtrls ACBP=A9
 0001:0000117C 00000008 C=CODE     S=.text    G=(none)   M=Vcl.Printers ACBP=A9
 0001:00001184 00000008 C=CODE     S=.text    G=(none)   M=Vcl.Clipbrd ACBP=A9
 0001:0000118C 00000128 C=CODE     S=.text    G=(none)   M=Vcl.ComCtrls ACBP=A9
 0001:000012B4 00000010 C=CODE     S=.text    G=(none)   M=Vcl.Dialogs ACBP=A9
 0001:000012C4 00000080 C=CODE     S=.text    G=(none)   M=Vcl.ExtCtrls ACBP=A9
 0001:00001344 00000008 C=CODE     S=.text    G=(none)   M=Vcl.Themes ACBP=A9
 0001:0000134C 00000008 C=CODE     S=.text    G=(none)   M=Winapi.FlatSB ACBP=A9
 0001:00001354 000001A8 C=CODE     S=.text    G=(none)   M=Vcl.Forms ACBP=A9
 0001:000014FC 00000030 C=CODE     S=.text    G=(none)   M=Vcl.ImgList ACBP=A9
 0001:0000152C 00000008 C=CODE     S=.text    G=(none)   M=Vcl.Menus ACBP=A9
 0001:00001534 00000028 C=CODE     S=.text    G=(none)   M=System.Win.ComObj ACBP=A9
 0001:0000155C 000002B8 C=CODE     S=.text    G=(none)   M=Vcl.Controls ACBP=A9
 0001:00001814 00000010 C=CODE     S=.text    G=(none)   M=DesignIntf ACBP=A9
 0001:00001824 00000008 C=CODE     S=.text    G=(none)   M=IDEMessages ACBP=A9
 0001:0000182C 00000008 C=CODE     S=.text    G=(none)   M=Vcl.CaptionedDockTree ACBP=A9
 0001:00001834 00000008 C=CODE     S=.text    G=(none)   M=Vcl.DockTabSet ACBP=A9
 0001:0000183C 00000008 C=CODE     S=.text    G=(none)   M=PercentageDockTree ACBP=A9
 0001:00001844 00000010 C=CODE     S=.text    G=(none)   M=Vcl.Buttons ACBP=A9
 0001:00001854 00000008 C=CODE     S=.text    G=(none)   M=Vcl.ExtDlgs ACBP=A9
 0001:0000185C 00000008 C=CODE     S=.text    G=(none)   M=Winapi.Mapi ACBP=A9
 0001:00001864 00000008 C=CODE     S=.text    G=(none)   M=Vcl.ExtActns ACBP=A9
 0001:0000186C 00000008 C=CODE     S=.text    G=(none)   M=Vcl.ActnMenus ACBP=A9
 0001:00001874 00000008 C=CODE     S=.text    G=(none)   M=Vcl.ActnMan ACBP=A9
 0001:0000187C 00000008 C=CODE     S=.text    G=(none)   M=Vcl.PlatformDefaultStyleActnCtrls ACBP=A9
 0001:00001884 00000008 C=CODE     S=.text    G=(none)   M=BaseDock ACBP=A9
 0001:0000188C 00000008 C=CODE     S=.text    G=(none)   M=DeskUtil ACBP=A9
 0001:00001894 00000008 C=CODE     S=.text    G=(none)   M=DeskForm ACBP=A9
 0001:0000189C 00000008 C=CODE     S=.text    G=(none)   M=DockForm ACBP=A9
 0001:000018A4 00000010 C=CODE     S=.text    G=(none)   M=Xml.Win.msxmldom ACBP=A9
 0001:000018B4 00000008 C=CODE     S=.text    G=(none)   M=Xml.Xmldom ACBP=A9
 0001:000018BC 00000028 C=CODE     S=.text    G=(none)   M=ToolsAPI ACBP=A9
 0001:000018E4 00000008 C=CODE     S=.text    G=(none)   M=Proxies  ACBP=A9
 0001:000018EC 00000178 C=CODE     S=.text    G=(none)   M=DesignEditors ACBP=A9
 0001:00001A64 00000030 C=CODE     S=.text    G=(none)   M=VAClasses ACBP=A9
 0001:00001A94 00000068 C=CODE     S=.text    G=(none)   M=VAUtils  ACBP=A9
 0001:00001AFC 00000114 C=CODE     S=.text    G=(none)   M=VA508AccessibilityConst ACBP=A9
 0001:00001C10 00000018 C=CODE     S=.text    G=(none)   M=HRParser ACBP=A9
 0001:00001C28 00000008 C=CODE     S=.text    G=(none)   M=HRParserPas ACBP=A9
 0001:00001C30 00000008 C=CODE     S=.text    G=(none)   M=Vcl.OleServer ACBP=A9
 0001:00001C38 000003A4 C=CODE     S=.text    G=(none)   M=oleacc2  ACBP=A9
 0001:00001FDC 00000008 C=CODE     S=.text    G=(none)   M=MSAAConstants ACBP=A9
 0001:00001FE4 000022A4 C=CODE     S=.text    G=(none)   M=VA508MSAASupport ACBP=A9
 0001:00004288 00000D18 C=CODE     S=.text    G=(none)   M=VA508ScreenReaderDLLLinker ACBP=A9
 0001:00004FA0 000025DC C=CODE     S=.text    G=(none)   M=VA508AccessibilityRouter ACBP=A9
 0001:0000757C 0000216C C=CODE     S=.text    G=(none)   M=VA508ImageListLabeler ACBP=A9
 0001:000096E8 000026D0 C=CODE     S=.text    G=(none)   M=VA508Classes ACBP=A9
 0001:0000BDB8 00000018 C=CODE     S=.text    G=(none)   M=Vcl.CheckLst ACBP=A9
 0001:0000BDD0 00000020 C=CODE     S=.text    G=(none)   M=Vcl.Grids ACBP=A9
 0001:0000BDF0 00000008 C=CODE     S=.text    G=(none)   M=Data.SqlTimSt ACBP=A9
 0001:0000BDF8 00000008 C=CODE     S=.text    G=(none)   M=Data.FmtBcd ACBP=A9
 0001:0000BE00 00000008 C=CODE     S=.text    G=(none)   M=Data.DB  ACBP=A9
 0001:0000BE08 00000008 C=CODE     S=.text    G=(none)   M=Vcl.DBLogDlg ACBP=A9
 0001:0000BE10 00000008 C=CODE     S=.text    G=(none)   M=Vcl.DBPWDlg ACBP=A9
 0001:0000BE18 00000028 C=CODE     S=.text    G=(none)   M=Vcl.DBCtrls ACBP=A9
 0001:0000BE40 00000010 C=CODE     S=.text    G=(none)   M=Vcl.DBGrids ACBP=A9
 0001:0000BE50 00001CE0 C=CODE     S=.text    G=(none)   M=VA508DelphiCompatibility ACBP=A9
 0001:0000DB30 0000AB10 C=CODE     S=.text    G=(none)   M=VA508AccessibilityManager ACBP=A9
 0001:00018640 00000A1C C=CODE     S=.text    G=(none)   M=VA508AccessibilityCompileInfo ACBP=A9
 0001:0001905C 00000008 C=CODE     S=.text    G=(none)   M=Vcl.AxCtrls ACBP=A9
 0001:00019064 00000008 C=CODE     S=.text    G=(none)   M=Vcl.AppEvnts ACBP=A9
 0001:0001906C 00000008 C=CODE     S=.text    G=(none)   M=TreeIntf ACBP=A9
 0001:00019074 00000008 C=CODE     S=.text    G=(none)   M=TopLevels ACBP=A9
 0001:0001907C 00000008 C=CODE     S=.text    G=(none)   M=StFilSys ACBP=A9
 0001:00019084 00000008 C=CODE     S=.text    G=(none)   M=IDEHelp  ACBP=A9
 0001:0001908C 00000008 C=CODE     S=.text    G=(none)   M=ComponentDesigner ACBP=A9
 0001:00019094 00000008 C=CODE     S=.text    G=(none)   M=VCLEditors ACBP=A9
 0001:0001909C 00000048 C=CODE     S=.text    G=(none)   M=DesignWindows ACBP=A9
 0001:000190E4 00000010 C=CODE     S=.text    G=(none)   M=ToolWnds ACBP=A9
 0001:000190F4 00000058 C=CODE     S=.text    G=(none)   M=ColnEdit ACBP=A9
 0001:0001914C 00002498 C=CODE     S=.text    G=(none)   M=VA508AccessibilityPE ACBP=A9
 0001:0001B5E4 00003EB0 C=CODE     S=.text    G=(none)   M=VA508AccessibilityCompiler ACBP=A9
 0001:0001F494 00001920 C=CODE     S=.text    G=(none)   M=VA508ImageListLabelerPE ACBP=A9
 0001:00020DB4 00000B74 C=CODE     S=.text    G=(none)   M=.VA508AccessXE3 ACBP=A9
 0002:00000000 00000008 C=ICODE    S=.itext   G=(none)   M=System   ACBP=A9
 0002:00000008 00000008 C=ICODE    S=.itext   G=(none)   M=SysInit  ACBP=A9
 0002:00000010 00000018 C=ICODE    S=.itext   G=(none)   M=Winapi.Windows ACBP=A9
 0002:00000028 00000008 C=ICODE    S=.itext   G=(none)   M=System.Internal.ExcUtils ACBP=A9
 0002:00000030 00000028 C=ICODE    S=.itext   G=(none)   M=System.SysUtils ACBP=A9
 0002:00000058 00000008 C=ICODE    S=.itext   G=(none)   M=System.VarUtils ACBP=A9
 0002:00000060 00000008 C=ICODE    S=.itext   G=(none)   M=System.Variants ACBP=A9
 0002:00000068 00000008 C=ICODE    S=.itext   G=(none)   M=System.Math ACBP=A9
 0002:00000070 00000008 C=ICODE    S=.itext   G=(none)   M=System.TimeSpan ACBP=A9
 0002:00000078 00000008 C=ICODE    S=.itext   G=(none)   M=System.SyncObjs ACBP=A9
 0002:00000080 00000010 C=ICODE    S=.itext   G=(none)   M=System.Generics.Defaults ACBP=A9
 0002:00000090 00000008 C=ICODE    S=.itext   G=(none)   M=System.Rtti ACBP=A9
 0002:00000098 00000008 C=ICODE    S=.itext   G=(none)   M=System.TypInfo ACBP=A9
 0002:000000A0 00000030 C=ICODE    S=.itext   G=(none)   M=System.Classes ACBP=A9
 0002:000000D0 00000008 C=ICODE    S=.itext   G=(none)   M=System.DateUtils ACBP=A9
 0002:000000D8 00000010 C=ICODE    S=.itext   G=(none)   M=System.IOUtils ACBP=A9
 0002:000000E8 00000008 C=ICODE    S=.itext   G=(none)   M=System.Win.Registry ACBP=A9
 0002:000000F0 00000008 C=ICODE    S=.itext   G=(none)   M=Vcl.Graphics ACBP=A9
 0002:000000F8 00000008 C=ICODE    S=.itext   G=(none)   M=System.Actions ACBP=A9
 0002:00000100 00000008 C=ICODE    S=.itext   G=(none)   M=Vcl.ActnList ACBP=A9
 0002:00000108 00000008 C=ICODE    S=.itext   G=(none)   M=System.HelpIntfs ACBP=A9
 0002:00000110 00000008 C=ICODE    S=.itext   G=(none)   M=Winapi.UxTheme ACBP=A9
 0002:00000118 00000008 C=ICODE    S=.itext   G=(none)   M=Vcl.GraphUtil ACBP=A9
 0002:00000120 00000090 C=ICODE    S=.itext   G=(none)   M=Vcl.StdCtrls ACBP=A9
 0002:000001B0 00000008 C=ICODE    S=.itext   G=(none)   M=Vcl.Printers ACBP=A9
 0002:000001B8 00000008 C=ICODE    S=.itext   G=(none)   M=Vcl.Clipbrd ACBP=A9
 0002:000001C0 000000C8 C=ICODE    S=.itext   G=(none)   M=Vcl.ComCtrls ACBP=A9
 0002:00000288 00000008 C=ICODE    S=.itext   G=(none)   M=Vcl.Dialogs ACBP=A9
 0002:00000290 00000028 C=ICODE    S=.itext   G=(none)   M=Vcl.ExtCtrls ACBP=A9
 0002:000002B8 00000008 C=ICODE    S=.itext   G=(none)   M=Vcl.Themes ACBP=A9
 0002:000002C0 00000008 C=ICODE    S=.itext   G=(none)   M=Winapi.FlatSB ACBP=A9
 0002:000002C8 00000020 C=ICODE    S=.itext   G=(none)   M=Vcl.Forms ACBP=A9
 0002:000002E8 00000008 C=ICODE    S=.itext   G=(none)   M=Vcl.Menus ACBP=A9
 0002:000002F0 00000010 C=ICODE    S=.itext   G=(none)   M=System.Win.ComObj ACBP=A9
 0002:00000300 00000008 C=ICODE    S=.itext   G=(none)   M=Vcl.Controls ACBP=A9
 0002:00000308 00000008 C=ICODE    S=.itext   G=(none)   M=IDEMessages ACBP=A9
 0002:00000310 00000008 C=ICODE    S=.itext   G=(none)   M=Vcl.CaptionedDockTree ACBP=A9
 0002:00000318 00000008 C=ICODE    S=.itext   G=(none)   M=Vcl.DockTabSet ACBP=A9
 0002:00000320 00000008 C=ICODE    S=.itext   G=(none)   M=PercentageDockTree ACBP=A9
 0002:00000328 00000010 C=ICODE    S=.itext   G=(none)   M=Vcl.Buttons ACBP=A9
 0002:00000338 00000008 C=ICODE    S=.itext   G=(none)   M=Vcl.ExtDlgs ACBP=A9
 0002:00000340 00000008 C=ICODE    S=.itext   G=(none)   M=Winapi.Mapi ACBP=A9
 0002:00000348 00000008 C=ICODE    S=.itext   G=(none)   M=Vcl.ExtActns ACBP=A9
 0002:00000350 00000008 C=ICODE    S=.itext   G=(none)   M=Vcl.ActnMenus ACBP=A9
 0002:00000358 00000008 C=ICODE    S=.itext   G=(none)   M=Vcl.ActnMan ACBP=A9
 0002:00000360 00000008 C=ICODE    S=.itext   G=(none)   M=Vcl.PlatformDefaultStyleActnCtrls ACBP=A9
 0002:00000368 00000008 C=ICODE    S=.itext   G=(none)   M=BaseDock ACBP=A9
 0002:00000370 00000008 C=ICODE    S=.itext   G=(none)   M=DeskUtil ACBP=A9
 0002:00000378 00000008 C=ICODE    S=.itext   G=(none)   M=DeskForm ACBP=A9
 0002:00000380 00000008 C=ICODE    S=.itext   G=(none)   M=DockForm ACBP=A9
 0002:00000388 00000010 C=ICODE    S=.itext   G=(none)   M=Xml.Win.msxmldom ACBP=A9
 0002:00000398 00000008 C=ICODE    S=.itext   G=(none)   M=Xml.Xmldom ACBP=A9
 0002:000003A0 00000008 C=ICODE    S=.itext   G=(none)   M=ToolsAPI ACBP=A9
 0002:000003A8 00000008 C=ICODE    S=.itext   G=(none)   M=Proxies  ACBP=A9
 0002:000003B0 00000008 C=ICODE    S=.itext   G=(none)   M=DesignEditors ACBP=A9
 0002:000003B8 00000008 C=ICODE    S=.itext   G=(none)   M=VAUtils  ACBP=A9
 0002:000003C0 00000008 C=ICODE    S=.itext   G=(none)   M=VA508AccessibilityConst ACBP=A9
 0002:000003C8 00000008 C=ICODE    S=.itext   G=(none)   M=Vcl.OleServer ACBP=A9
 0002:000003D0 00000008 C=ICODE    S=.itext   G=(none)   M=oleacc2  ACBP=A9
 0002:000003D8 00000008 C=ICODE    S=.itext   G=(none)   M=MSAAConstants ACBP=A9
 0002:000003E0 00000018 C=ICODE    S=.itext   G=(none)   M=VA508MSAASupport ACBP=A9
 0002:000003F8 0000000C C=ICODE    S=.itext   G=(none)   M=VA508ScreenReaderDLLLinker ACBP=A9
 0002:00000404 00000028 C=ICODE    S=.itext   G=(none)   M=VA508AccessibilityRouter ACBP=A9
 0002:0000042C 00000008 C=ICODE    S=.itext   G=(none)   M=VA508ImageListLabeler ACBP=A9
 0002:00000434 00000008 C=ICODE    S=.itext   G=(none)   M=VA508Classes ACBP=A9
 0002:0000043C 00000008 C=ICODE    S=.itext   G=(none)   M=Vcl.CheckLst ACBP=A9
 0002:00000444 00000020 C=ICODE    S=.itext   G=(none)   M=Vcl.Grids ACBP=A9
 0002:00000464 00000008 C=ICODE    S=.itext   G=(none)   M=Data.SqlTimSt ACBP=A9
 0002:0000046C 00000008 C=ICODE    S=.itext   G=(none)   M=Data.FmtBcd ACBP=A9
 0002:00000474 00000008 C=ICODE    S=.itext   G=(none)   M=Data.DB  ACBP=A9
 0002:0000047C 00000008 C=ICODE    S=.itext   G=(none)   M=Vcl.DBLogDlg ACBP=A9
 0002:00000484 00000008 C=ICODE    S=.itext   G=(none)   M=Vcl.DBPWDlg ACBP=A9
 0002:0000048C 00000028 C=ICODE    S=.itext   G=(none)   M=Vcl.DBCtrls ACBP=A9
 0002:000004B4 00000010 C=ICODE    S=.itext   G=(none)   M=Vcl.DBGrids ACBP=A9
 0002:000004C4 00000014 C=ICODE    S=.itext   G=(none)   M=VA508DelphiCompatibility ACBP=A9
 0002:000004D8 00000018 C=ICODE    S=.itext   G=(none)   M=VA508AccessibilityManager ACBP=A9
 0002:000004F0 00000030 C=ICODE    S=.itext   G=(none)   M=VA508AccessibilityCompileInfo ACBP=A9
 0002:00000520 00000008 C=ICODE    S=.itext   G=(none)   M=Vcl.AxCtrls ACBP=A9
 0002:00000528 00000008 C=ICODE    S=.itext   G=(none)   M=Vcl.AppEvnts ACBP=A9
 0002:00000530 00000008 C=ICODE    S=.itext   G=(none)   M=TreeIntf ACBP=A9
 0002:00000538 00000008 C=ICODE    S=.itext   G=(none)   M=TopLevels ACBP=A9
 0002:00000540 00000008 C=ICODE    S=.itext   G=(none)   M=StFilSys ACBP=A9
 0002:00000548 00000008 C=ICODE    S=.itext   G=(none)   M=IDEHelp  ACBP=A9
 0002:00000550 00000008 C=ICODE    S=.itext   G=(none)   M=ComponentDesigner ACBP=A9
 0002:00000558 00000008 C=ICODE    S=.itext   G=(none)   M=VCLEditors ACBP=A9
 0002:00000560 00000008 C=ICODE    S=.itext   G=(none)   M=ToolWnds ACBP=A9
 0002:00000568 00000008 C=ICODE    S=.itext   G=(none)   M=ColnEdit ACBP=A9
 0002:00000570 00000008 C=ICODE    S=.itext   G=(none)   M=VA508AccessibilityPE ACBP=A9
 0002:00000578 00000030 C=ICODE    S=.itext   G=(none)   M=VA508AccessibilityCompiler ACBP=A9
 0002:000005A8 00000008 C=ICODE    S=.itext   G=(none)   M=VA508ImageListLabelerPE ACBP=A9
 0002:000005B0 00000008 C=ICODE    S=.itext   G=(none)   M=.VA508AccessXE3 ACBP=A9
 0003:00000000 00000088 C=DATA     S=.data    G=DGROUP   M=SysInit  ACBP=A9
 0003:00000088 0000000C C=DATA     S=.data    G=DGROUP   M=Winapi.Windows ACBP=A9
 0003:00000094 00000070 C=DATA     S=.data    G=DGROUP   M=oleacc2  ACBP=A9
 0003:00000104 00000180 C=DATA     S=.data    G=DGROUP   M=MSAAConstants ACBP=A9
 0003:00000284 00000018 C=DATA     S=.data    G=DGROUP   M=VA508MSAASupport ACBP=A9
 0003:0000029C 0000002C C=DATA     S=.data    G=DGROUP   M=VA508ScreenReaderDLLLinker ACBP=A9
 0003:000002C8 00000018 C=DATA     S=.data    G=DGROUP   M=VA508AccessibilityRouter ACBP=A9
 0003:000002E0 00000064 C=DATA     S=.data    G=DGROUP   M=VA508AccessibilityManager ACBP=A9
 0003:00000344 00000004 C=DATA     S=.data    G=DGROUP   M=VA508AccessibilityCompileInfo ACBP=A9
 0003:00000348 00000008 C=DATA     S=.data    G=DGROUP   M=VA508AccessibilityCompiler ACBP=A9
 0004:00000000 00000020 C=BSS      S=.bss     G=DGROUP   M=SysInit  ACBP=A9
 0004:00000020 00000008 C=BSS      S=.bss     G=DGROUP   M=Winapi.Windows ACBP=A9
 0004:00000028 00000004 C=BSS      S=.bss     G=DGROUP   M=VA508AccessibilityConst ACBP=A9
 0004:0000002C 00000004 C=BSS      S=.bss     G=DGROUP   M=oleacc2  ACBP=A9
 0004:00000030 00000004 C=BSS      S=.bss     G=DGROUP   M=MSAAConstants ACBP=A9
 0004:00000034 00000018 C=BSS      S=.bss     G=DGROUP   M=VA508MSAASupport ACBP=A9
 0004:0000004C 00000004 C=BSS      S=.bss     G=DGROUP   M=VA508ScreenReaderDLLLinker ACBP=A9
 0004:00000050 00000004 C=BSS      S=.bss     G=DGROUP   M=VA508AccessibilityRouter ACBP=A9
 0004:00000054 00000004 C=BSS      S=.bss     G=DGROUP   M=VA508ImageListLabeler ACBP=A9
 0004:00000058 00000004 C=BSS      S=.bss     G=DGROUP   M=VA508Classes ACBP=A9
 0004:0000005C 00000004 C=BSS      S=.bss     G=DGROUP   M=VA508DelphiCompatibility ACBP=A9
 0004:00000060 0000000C C=BSS      S=.bss     G=DGROUP   M=VA508AccessibilityManager ACBP=A9
 0004:0000006C 00000024 C=BSS      S=.bss     G=DGROUP   M=VA508AccessibilityCompileInfo ACBP=A9
 0004:00000090 00000004 C=BSS      S=.bss     G=DGROUP   M=VA508AccessibilityPE ACBP=A9
 0004:00000094 0000000C C=BSS      S=.bss     G=DGROUP   M=VA508AccessibilityCompiler ACBP=A9
 0004:000000A0 00000004 C=BSS      S=.bss     G=DGROUP   M=VA508ImageListLabelerPE ACBP=A9


  Address             Publics by Name

 0002:000005B0       .VA508AccessXE3..VA508AccessXE3
 0001:00021908       .VA508AccessXE3.@GetPackageInfoTable
 0001:00021910       .VA508AccessXE3.@PackageLoad
 0001:0002191C       .VA508AccessXE3.@PackageUnload
 0002:00000368       BaseDock.BaseDock
 0001:00001884       BaseDock.Finalization
 0002:00000568       ColnEdit.ColnEdit
 0001:00019144       ColnEdit.Finalization
 0001:000190F4       ColnEdit.ShowCollectionEditorClass
 0001:0001913C       ColnEdit.TCollectionEditor.CanAdd
 0001:00019124       ColnEdit.TCollectionEditor.DesignerClosed
 0001:0001911C       ColnEdit.TCollectionEditor.ItemDeleted
 0001:0001912C       ColnEdit.TCollectionEditor.ItemsModified
 0001:00019134       ColnEdit.TCollectionEditor.SelectionChanged
 0001:000190FC       ColnEdit.TCollectionProperty.Edit
 0001:00019104       ColnEdit.TCollectionProperty.GetAttributes
 0001:00019114       ColnEdit.TCollectionProperty.GetColOptions
 0001:0001910C       ColnEdit.TCollectionProperty.GetEditorClass
 0002:00000550       ComponentDesigner.ComponentDesigner
 0001:0001908C       ComponentDesigner.Finalization
 0002:00000474       Data.DB.Data.DB
 0001:0000BE00       Data.DB.Finalization
 0002:0000046C       Data.FmtBcd.Data.FmtBcd
 0001:0000BDF8       Data.FmtBcd.Finalization
 0002:00000464       Data.SqlTimSt.Data.SqlTimSt
 0001:0000BDF0       Data.SqlTimSt.Finalization
 0002:000003B0       DesignEditors.DesignEditors
 0001:00001A5C       DesignEditors.Finalization
 0001:000019C4       DesignEditors.TClassProperty.GetProperties
 0001:000019CC       DesignEditors.TClassProperty.GetValue
 0001:00001A4C       DesignEditors.TComponentEditor.Copy
 0001:00001A2C       DesignEditors.TComponentEditor.Create
 0001:00001A44       DesignEditors.TComponentEditor.ExecuteVerb
 0001:00001A34       DesignEditors.TComponentEditor.GetDesigner
 0001:00001A3C       DesignEditors.TComponentEditor.GetVerb
 0001:00001A54       DesignEditors.TComponentEditor.PrepareItem
 0001:00001A14       DesignEditors.TComponentProperty.AllEqual
 0001:000019D4       DesignEditors.TComponentProperty.Edit
 0001:000019DC       DesignEditors.TComponentProperty.GetAttributes
 0001:00001A1C       DesignEditors.TComponentProperty.GetComponentReference
 0001:000019F4       DesignEditors.TComponentProperty.GetEditLimit
 0001:000019EC       DesignEditors.TComponentProperty.GetProperties
 0001:000019E4       DesignEditors.TComponentProperty.GetSelections
 0001:000019FC       DesignEditors.TComponentProperty.GetValue
 0001:00001A04       DesignEditors.TComponentProperty.GetValues
 0001:00001A0C       DesignEditors.TComponentProperty.SetValue
 0001:00001A24       DesignEditors.TComponentProperty.ShowReferenceProperty
 0001:000019B4       DesignEditors.TNestedProperty.Create
 0001:000019BC       DesignEditors.TNestedProperty.Destroy
 0001:000018FC       DesignEditors.TPropertyEditor.Activate
 0001:00001904       DesignEditors.TPropertyEditor.AllEqual
 0001:00001914       DesignEditors.TPropertyEditor.AutoFill
 0001:000018EC       DesignEditors.TPropertyEditor.Create
 0001:000018F4       DesignEditors.TPropertyEditor.Destroy
 0001:0000190C       DesignEditors.TPropertyEditor.Edit
 0001:0000191C       DesignEditors.TPropertyEditor.GetAttributes
 0001:00001924       DesignEditors.TPropertyEditor.GetComponent
 0001:0000192C       DesignEditors.TPropertyEditor.GetEditLimit
 0001:0000198C       DesignEditors.TPropertyEditor.GetIsDefault
 0001:00001934       DesignEditors.TPropertyEditor.GetName
 0001:0000193C       DesignEditors.TPropertyEditor.GetProperties
 0001:00001944       DesignEditors.TPropertyEditor.GetPropInfo
 0001:0000194C       DesignEditors.TPropertyEditor.GetPropType
 0001:0000195C       DesignEditors.TPropertyEditor.GetValues
 0001:00001954       DesignEditors.TPropertyEditor.GetValueW
 0001:00001964       DesignEditors.TPropertyEditor.Initialize
 0001:0000196C       DesignEditors.TPropertyEditor.Modified
 0001:00001974       DesignEditors.TPropertyEditor.SetPropEntry
 0001:0000197C       DesignEditors.TPropertyEditor.SetValue
 0001:00001984       DesignEditors.TPropertyEditor.SetValue
 0001:00001994       DesignEditors.TStringProperty.AllEqual
 0001:0000199C       DesignEditors.TStringProperty.GetEditLimit
 0001:000019A4       DesignEditors.TStringProperty.GetValue
 0001:000019AC       DesignEditors.TStringProperty.SetValue
 0001:00001814       DesignIntf.RegisterComponentEditor
 0001:0000181C       DesignIntf.RegisterPropertyEditor
 0001:0001909C       DesignWindows.TDesignWindow.Create
 0001:000190D4       DesignWindows.TDesignWindow.DesignerOpened
 0001:000190A4       DesignWindows.TDesignWindow.Destroy
 0001:000190B4       DesignWindows.TDesignWindow.EditAction
 0001:000190AC       DesignWindows.TDesignWindow.GetEditState
 0001:000190CC       DesignWindows.TDesignWindow.ItemInserted
 0001:000190DC       DesignWindows.TDesignWindow.UniqueName
 0001:000190BC       DesignWindows.TDesignWindow.WindowHide
 0001:000190C4       DesignWindows.TDesignWindow.WindowShow
 0002:00000378       DeskForm.DeskForm
 0001:00001894       DeskForm.Finalization
 0002:00000370       DeskUtil.DeskUtil
 0001:0000188C       DeskUtil.Finalization
 0002:00000380       DockForm.DockForm
 0001:0000189C       DockForm.Finalization
 0001:00001C10       HRParser.THRParser.GetSource
 0001:00001C20       HRParser.THRParser.NextToken
 0001:00001C18       HRParser.THRParser.SetSource
 0001:00001C28       HRParserPas.THRParserPas.Create
 0001:00019084       IDEHelp.Finalization
 0002:00000548       IDEHelp.IDEHelp
 0001:00001824       IDEMessages.Finalization
 0002:00000308       IDEMessages.IDEMessages
 0004:00000030       MSAAConstants..1
 0001:00001FDC       MSAAConstants.Finalization
 0002:000003D8       MSAAConstants.MSAAConstants
 0003:00000124       MSAAConstants.PROPID_ACC_DESCRIPTION
 0003:00000264       MSAAConstants.PROPID_ACC_DESCRIPTIONMAP
 0003:00000274       MSAAConstants.PROPID_ACC_DODEFAULTACTION
 0003:00000184       MSAAConstants.PROPID_ACC_FOCUS
 0003:00000154       MSAAConstants.PROPID_ACC_HELP
 0003:00000174       MSAAConstants.PROPID_ACC_HELPTOPIC
 0003:00000164       MSAAConstants.PROPID_ACC_KEYBOARDSHORTCUT
 0003:00000104       MSAAConstants.PROPID_ACC_NAME
 0003:000001C4       MSAAConstants.PROPID_ACC_NAV_DOWN
 0003:00000214       MSAAConstants.PROPID_ACC_NAV_FIRSTCHILD
 0003:00000224       MSAAConstants.PROPID_ACC_NAV_LASTCHILD
 0003:000001D4       MSAAConstants.PROPID_ACC_NAV_LEFT
 0003:00000204       MSAAConstants.PROPID_ACC_NAV_NEXT
 0003:000001F4       MSAAConstants.PROPID_ACC_NAV_PREV
 0003:000001E4       MSAAConstants.PROPID_ACC_NAV_RIGHT
 0003:000001B4       MSAAConstants.PROPID_ACC_NAV_UP
 0003:000001A4       MSAAConstants.PROPID_ACC_PARENT
 0003:00000134       MSAAConstants.PROPID_ACC_ROLE
 0003:00000234       MSAAConstants.PROPID_ACC_ROLEMAP
 0003:00000194       MSAAConstants.PROPID_ACC_SELECTION
 0003:00000144       MSAAConstants.PROPID_ACC_STATE
 0003:00000254       MSAAConstants.PROPID_ACC_STATEMAP
 0003:00000114       MSAAConstants.PROPID_ACC_VALUE
 0003:00000244       MSAAConstants.PROPID_ACC_VALUEMAP
 0004:0000002C       oleacc2..2
 0001:00001DA4       oleacc2..CoCAccPropServices
 0003:000000F4       oleacc2.CLASS_CAccPropServices
 0001:00001ED8       oleacc2.CoCAccPropServices.Create
 0001:00001F48       oleacc2.CoCAccPropServices.CreateRemote
 0001:00001FD4       oleacc2.Finalization
 0003:000000A4       oleacc2.IID_IAccessible
 0003:000000B4       oleacc2.IID_IAccessibleHandler
 0003:000000C4       oleacc2.IID_IAccIdentity
 0003:000000D4       oleacc2.IID_IAccPropServer
 0003:000000E4       oleacc2.IID_IAccPropServices
 0003:00000094       oleacc2.LIBID_Accessibility
 0002:000003D0       oleacc2.oleacc2
 0001:0000183C       PercentageDockTree.Finalization
 0002:00000320       PercentageDockTree.PercentageDockTree
 0001:000018E4       Proxies.Finalization
 0002:000003A8       Proxies.Proxies
 0001:0001907C       StFilSys.Finalization
 0002:00000540       StFilSys.StFilSys
 0001:00000920       SysInit...
 0001:00000970       SysInit...
 0001:00000A28       SysInit...
 0001:00000A18       SysInit...
 0001:00000984       SysInit...
 0001:000009F4       SysInit...
 0001:000009B4       SysInit...
 0001:000009CC       SysInit...
 0001:00000950       SysInit...
 0001:00000960       SysInit...
 0001:00000940       SysInit...
 0003:00000034       SysInit...
 0001:00000930       SysInit...
 0004:00000018       SysInit..1
 0001:000003F4       SysInit.@InitPkg
 0001:00000458       SysInit.@PackageLoad
 0001:00000464       SysInit.@PackageUnload
 0001:00000470       SysInit.@_delayLoadHelper2
 0001:00000750       SysInit.@_FUnloadDelayLoadedDLL2
 0001:00000860       SysInit.@_HrLoadAllImportsForDll
 0004:00000014       SysInit.@_pfnDliFailureHook2
 0004:00000010       SysInit.@_pfnDliNotifyHook2
 0001:000002E4       SysInit.AllocTlsBuffer
 0004:0000000C       SysInit.DllProc
 0001:000003A0       SysInit.ExitProcessTLS
 0001:00000368       SysInit.ExitThreadTLS
 0001:00000A38       SysInit.Finalization
 0001:0000028C       SysInit.FreeLibrary
 0001:000002C4       SysInit.GetLastError
 0001:000002DC       SysInit.GetProcAddress
 0001:000002F0       SysInit.GetTlsSize
 0004:00000004       SysInit.HInstance
 0001:000003C4       SysInit.InitializeModule
 0001:0000033C       SysInit.InitProcessTLS
 0001:000002F8       SysInit.InitThreadTLS
 0001:00000278       SysInit.InterlockedExchange
 0001:000002CC       SysInit.LoadLibraryA
 0001:00000294       SysInit.LocalAlloc
 0001:0000029C       SysInit.LocalFree
 0003:00000008       SysInit.Module
 0004:00000000       SysInit.ModuleIsLib
 0004:00000001       SysInit.ModuleIsPackage
 0003:00000004       SysInit.PtrToNil
 0001:000002D4       SysInit.RaiseException
 0001:00000918       SysInit.ShutdownDelayHelp2
 0002:00000008       SysInit.SysInit
 0001:000002A4       SysInit.TlsAlloc
 0004:0000001C       SysInit.tlsBuffer
 0001:000002AC       SysInit.TlsFree
 0001:000002B4       SysInit.TlsGetValue
 0003:00000000       SysInit.TlsIndex
 0005:00000000       SysInit.TlsLast
 0003:00000024       SysInit.TlsProc
 0001:000002BC       SysInit.TlsSetValue
 0001:000003D0       SysInit.UninitializeModule
 0004:FFFDB000       SysInit.__ImageBase
 0001:00000018       System.@AbstractError
 0001:00000208       System.@AddRefArray
 0001:000000D0       System.@AfterConstruction
 0001:000000D8       System.@BeforeDestruction
 0001:00000078       System.@CallDynaInst
 0001:000000C0       System.@ClassCreate
 0001:000000C8       System.@ClassDestroy
 0001:00000210       System.@CopyRecord
 0001:00000100       System.@DoneExcept
 0001:00000200       System.@FinalizeArray
 0001:000001F8       System.@FinalizeRecord
 0001:00000008       System.@FreeMem
 0001:00000000       System.@GetMem
 0001:000000E0       System.@HandleAnyException
 0001:000000F0       System.@HandleFinally
 0001:000000E8       System.@HandleOnException
 0001:000001F0       System.@InitializeRecord
 0001:00000120       System.@InitImports
 0001:00000238       System.@IntfCast
 0001:00000228       System.@IntfClear
 0001:00000230       System.@IntfCopy
 0001:00000070       System.@IsClass
 0001:00000138       System.@LStrClr
 0001:00000178       System.@LStrFromPWChar
 0001:00000180       System.@LStrToPChar
 0001:00000110       System.@PackageLoad
 0001:00000118       System.@PackageUnload
 0001:000000F8       System.@RaiseExcept
 0001:00000128       System.@RunError
 0001:00000108       System.@TryFinallyExit
 0001:00000170       System.@UniqueStringU
 0001:00000150       System.@UStrAddRef
 0001:00000148       System.@UStrArrayClr
 0001:00000158       System.@UStrAsg
 0001:000001B0       System.@UStrCat
 0001:000001B8       System.@UStrCat3
 0001:000001C0       System.@UStrCatN
 0001:00000130       System.@UStrClr
 0001:000001D0       System.@UStrCopy
 0001:000001D8       System.@UStrDelete
 0001:000001C8       System.@UStrEqual
 0001:00000190       System.@UStrFromPWChar
 0001:000001A0       System.@UStrFromString
 0001:00000160       System.@UStrLAsg
 0001:00000168       System.@UStrLen
 0001:000001A8       System.@UStrSetLength
 0001:00000188       System.@UStrToPWChar
 0001:00000140       System.@WStrClr
 0001:00000198       System.@WStrFromUStr
 0001:00000270       System.Finalization
 0001:00000010       System.ParamStr
 0001:000001E0       System.Pos
 0001:00000218       System.RegisterModule
 0001:000001E8       System.StringOfChar
 0002:00000000       System.System
 0001:00000240       System.TInterfacedObject.AfterConstruction
 0001:00000248       System.TInterfacedObject.BeforeDestruction
 0001:00000250       System.TInterfacedObject.NewInstance
 0001:00000258       System.TInterfacedObject.QueryInterface
 0001:00000260       System.TInterfacedObject._AddRef
 0001:00000268       System.TInterfacedObject._Release
 0001:000000A8       System.TObject.AfterConstruction
 0001:000000B0       System.TObject.BeforeDestruction
 0001:00000088       System.TObject.ClassInfo
 0001:00000028       System.TObject.ClassName
 0001:00000030       System.TObject.ClassNameIs
 0001:00000020       System.TObject.ClassType
 0001:00000048       System.TObject.Create
 0001:000000A0       System.TObject.DefaultHandler
 0001:00000050       System.TObject.Destroy
 0001:000000B8       System.TObject.Dispatch
 0001:00000060       System.TObject.Equals
 0001:00000058       System.TObject.Free
 0001:00000040       System.TObject.FreeInstance
 0001:00000068       System.TObject.GetHashCode
 0001:00000080       System.TObject.InheritsFrom
 0001:00000038       System.TObject.NewInstance
 0001:00000090       System.TObject.SafeCallException
 0001:00000098       System.TObject.ToString
 0001:00000220       System.UnregisterModule
 0001:0000107C       System.Actions.Finalization
 0002:000000F8       System.Actions.System.Actions
 0001:00000FE4       System.Classes.Finalization
 0001:00000D7C       System.Classes.RegisterComponents
 0002:000000C8       System.Classes.System.Classes
 0002:000000A8       System.Classes.TBinaryWriter.Create@
 0001:00000FCC       System.Classes.TBinaryWriter.Destroy@
 0001:00000E2C       System.Classes.TCollection.Add
 0001:00000E7C       System.Classes.TCollection.Added
 0001:00000E34       System.Classes.TCollection.Assign
 0001:00000E3C       System.Classes.TCollection.BeginUpdate
 0001:00000E44       System.Classes.TCollection.Clear
 0001:00000E1C       System.Classes.TCollection.Create
 0001:00000E84       System.Classes.TCollection.Deleting
 0001:00000E24       System.Classes.TCollection.Destroy
 0001:00000E4C       System.Classes.TCollection.EndUpdate
 0001:00000E54       System.Classes.TCollection.GetCount
 0001:00000E5C       System.Classes.TCollection.GetItem
 0001:00000E8C       System.Classes.TCollection.Notify
 0001:00000E64       System.Classes.TCollection.SetItem
 0001:00000E6C       System.Classes.TCollection.SetItemName
 0001:00000E74       System.Classes.TCollection.Update
 0001:00000DE4       System.Classes.TCollectionItem.Create
 0001:00000DEC       System.Classes.TCollectionItem.Destroy
 0001:00000DFC       System.Classes.TCollectionItem.GetDisplayName
 0001:00000DF4       System.Classes.TCollectionItem.Release
 0001:00000E04       System.Classes.TCollectionItem.SetCollection
 0001:00000E0C       System.Classes.TCollectionItem.SetDisplayName
 0001:00000E14       System.Classes.TCollectionItem.SetIndex
 0001:00000F34       System.Classes.TComponent.BeforeDestruction
 0001:00000FA4       System.Classes.TComponent.CanObserve
 0001:00000F24       System.Classes.TComponent.Create
 0002:000000B8       System.Classes.TComponent.Create@
 0001:00000F54       System.Classes.TComponent.DefineProperties
 0001:00000F2C       System.Classes.TComponent.Destroy
 0001:00000D74       System.Classes.TComponent.Destroy@
 0001:00000F3C       System.Classes.TComponent.FreeNotification
 0001:00000F84       System.Classes.TComponent.GetComponent
 0001:00000F8C       System.Classes.TComponent.GetComponentCount
 0001:00000F94       System.Classes.TComponent.GetObservers
 0001:00000F5C       System.Classes.TComponent.Loaded
 0001:00000F4C       System.Classes.TComponent.Notification
 0001:00000FAC       System.Classes.TComponent.ObserverAdded
 0001:00000FC4       System.Classes.TComponent.QueryInterface
 0001:00000F64       System.Classes.TComponent.ReadState
 0001:00000F44       System.Classes.TComponent.RemoveFreeNotification
 0001:00000FB4       System.Classes.TComponent.SafeCallException
 0001:00000F7C       System.Classes.TComponent.SetName
 0001:00000F9C       System.Classes.TComponent.UpdateAction
 0001:00000FBC       System.Classes.TComponent.UpdateRegistry
 0001:00000F74       System.Classes.TComponent.ValidateRename
 0001:00000F6C       System.Classes.TComponent.WriteState
 0001:00000ECC       System.Classes.TFiler.Create
 0001:00000EB4       System.Classes.TFileStream.Create
 0001:00000DC4       System.Classes.TInterfaceList.Add
 0001:00000DA4       System.Classes.TInterfaceList.Create
 0001:00000DAC       System.Classes.TInterfaceList.Delete
 0001:00000DB4       System.Classes.TInterfaceList.Get
 0001:00000DBC       System.Classes.TInterfaceList.GetCount
 0001:00000D84       System.Classes.TList.Add
 0001:00000D8C       System.Classes.TList.Delete
 0001:00000D94       System.Classes.TList.Get
 0001:00000D9C       System.Classes.TList.IndexOf
 0002:000000C0       System.Classes.TLoginCredentialService.Create@
 0001:00000FD4       System.Classes.TLoginCredentialService.Destroy@
 0002:000000A0       System.Classes.TObserverMapping.Create@
 0001:00000FDC       System.Classes.TObserverMapping.Destroy@
 0001:00000DCC       System.Classes.TPersistent.Assign
 0001:00000DD4       System.Classes.TPersistent.AssignTo
 0001:00000DDC       System.Classes.TPersistent.DefineProperties
 0001:00000ED4       System.Classes.TReader.EndOfList
 0001:00000EDC       System.Classes.TReader.ReadListBegin
 0001:00000EE4       System.Classes.TReader.ReadListEnd
 0001:00000EEC       System.Classes.TReader.ReadSignature
 0001:00000EF4       System.Classes.TReader.ReadStr
 0001:00000EFC       System.Classes.TReader.ReadString
 0001:00000EC4       System.Classes.TResourceStream.Create
 0001:00000EAC       System.Classes.TStream.ReadBuffer
 0001:00000EA4       System.Classes.TStream.SetPosition
 0001:00000E9C       System.Classes.TStringList.Create
 0001:00000E94       System.Classes.TStringList.SetSorted
 0001:00000EBC       System.Classes.TStringStream.Create
 0002:000000B0       System.Classes.TThread.Create@
 0001:00000F1C       System.Classes.TThread.Destroy@
 0001:00000F04       System.Classes.TWriter.WriteListBegin
 0001:00000F0C       System.Classes.TWriter.WriteListEnd
 0001:00000F14       System.Classes.TWriter.WriteString
 0001:00001064       System.Contnrs.TObjectList.Add
 0001:0000106C       System.Contnrs.TObjectList.Create
 0001:00001074       System.Contnrs.TObjectList.GetItem
 0001:00000FF4       System.DateUtils.MilliSecondSpan
 0001:00000FEC       System.DateUtils.SecondSpan
 0002:000000D0       System.DateUtils.TTimeZone.Create@
 0001:00000FFC       System.DateUtils.TTimeZone.Destroy@
 0002:00000088       System.Generics.Defaults.TIStringComparer.Create@
 0001:00000D24       System.Generics.Defaults.TIStringComparer.Destroy@
 0002:00000080       System.Generics.Defaults.TStringComparer.Create@
 0001:00000D1C       System.Generics.Defaults.TStringComparer.Destroy@
 0001:0000108C       System.HelpIntfs.Finalization
 0002:00000108       System.HelpIntfs.System.HelpIntfs
 0001:00000BA8       System.Internal.ExcUtils.Finalization
 0002:00000028       System.Internal.ExcUtils.System.Internal.ExcUtils
 0001:0000100C       System.IOUtils.Finalization
 0002:000000E0       System.IOUtils.System.IOUtils
 0002:000000D8       System.IOUtils.TPath.Create@
 0001:00001004       System.IOUtils.TPath.Destroy@
 0001:00000D04       System.Math.Finalization
 0002:00000068       System.Math.System.Math
 0001:00000D2C       System.Rtti.Finalization
 0002:00000090       System.Rtti.System.Rtti
 0001:00000CF4       System.StrUtils.LeftStr
 0001:00000CFC       System.StrUtils.RightStr
 0001:00000D14       System.SyncObjs.Finalization
 0002:00000078       System.SyncObjs.System.SyncObjs
 0001:00000BD8       System.SysUtils.AnsiCompareText
 0001:00000BD0       System.SysUtils.CompareText
 0001:00000C50       System.SysUtils.DateTimeToStr
 0001:00000C58       System.SysUtils.Exception.Create
 0002:00000040       System.SysUtils.Exception.Create@
 0001:00000C60       System.SysUtils.Exception.CreateFmt
 0001:00000C68       System.SysUtils.Exception.CreateRes
 0001:00000C70       System.SysUtils.Exception.Destroy
 0001:00000C90       System.SysUtils.Exception.Destroy@
 0001:00000C78       System.SysUtils.Exception.GetBaseException
 0001:00000C80       System.SysUtils.Exception.RaisingException
 0001:00000C88       System.SysUtils.Exception.ToString
 0001:00000C38       System.SysUtils.ExtractFileExt
 0001:00000C30       System.SysUtils.ExtractFileName
 0001:00000C28       System.SysUtils.ExtractFilePath
 0001:00000C00       System.SysUtils.FileExists
 0001:00000C08       System.SysUtils.FileGetAttr
 0001:00000CB0       System.SysUtils.Finalization
 0001:00000C20       System.SysUtils.FindClose
 0001:00000C10       System.SysUtils.FindFirst
 0001:00000C18       System.SysUtils.FindNext
 0001:00000C40       System.SysUtils.Format
 0001:00000C98       System.SysUtils.FreeAndNil
 0001:00000BF0       System.SysUtils.IntToStr
 0001:00000BE8       System.SysUtils.IntToStr
 0001:00000BC8       System.SysUtils.LowerCase
 0001:00000C48       System.SysUtils.Now
 0001:00000BF8       System.SysUtils.StrToIntDef
 0002:00000050       System.SysUtils.System.SysUtils
 0002:00000038       System.SysUtils.TEncoding.Create@
 0001:00000CA8       System.SysUtils.TEncoding.Destroy@
 0002:00000030       System.SysUtils.TLanguages.Create@
 0001:00000CA0       System.SysUtils.TLanguages.Destroy@
 0002:00000048       System.SysUtils.TOSVersion.Create@
 0001:00000BB0       System.SysUtils.TOSVersion.Destroy@
 0001:00000BE0       System.SysUtils.Trim
 0001:00000BB8       System.SysUtils.TSearchRec.GetTimeStamp
 0001:00000BC0       System.SysUtils.UpperCase
 0002:00000070       System.TimeSpan.TTimeSpan.Create@
 0001:00000D0C       System.TimeSpan.TTimeSpan.Destroy@
 0001:00000D6C       System.TypInfo.Finalization
 0001:00000D4C       System.TypInfo.GetEnumName
 0001:00000D54       System.TypInfo.GetEnumValue
 0001:00000D34       System.TypInfo.GetObjectProp
 0001:00000D64       System.TypInfo.GetPropList
 0001:00000D3C       System.TypInfo.GetPropValue
 0001:00000D44       System.TypInfo.GetTypeData
 0001:00000D5C       System.TypInfo.IsPublishedProp
 0002:00000098       System.TypInfo.System.TypInfo
 0001:00000CD0       System.Variants.@OleVarFromUStr
 0001:00000CC0       System.Variants.@VarClr
 0001:00000CC8       System.Variants.@VarToUStr
 0001:00000CD8       System.Variants.Finalization
 0002:00000060       System.Variants.System.Variants
 0001:00000CB8       System.VarUtils.Finalization
 0002:00000058       System.VarUtils.System.VarUtils
 0001:00001544       System.Win.ComObj.CreateComObject
 0001:0000154C       System.Win.ComObj.CreateRemoteComObject
 0001:00001554       System.Win.ComObj.Finalization
 0001:0000153C       System.Win.ComObj.OleCheck
 0002:000002F8       System.Win.ComObj.System.Win.ComObj
 0002:000002F0       System.Win.ComObj.TComServerObject.Create@
 0001:00001534       System.Win.ComObj.TComServerObject.Destroy@
 0002:000000E8       System.Win.Registry.TRegistry.Create@
 0001:00001014       System.Win.Registry.TRegistry.Destroy@
 0001:000018DC       ToolsAPI.Finalization
 0001:000018BC       ToolsAPI.TNotifierObject.AfterSave
 0001:000018C4       ToolsAPI.TNotifierObject.BeforeSave
 0001:000018CC       ToolsAPI.TNotifierObject.Destroyed
 0001:000018D4       ToolsAPI.TNotifierObject.Modified
 0002:000003A0       ToolsAPI.ToolsAPI
 0001:000190EC       ToolWnds.Finalization
 0002:00000560       ToolWnds.ToolWnds
 0001:000190E4       ToolWnds.TToolbarDesignWindow.ResizeButtons
 0001:00019074       TopLevels.Finalization
 0002:00000538       TopLevels.TopLevels
 0001:0001906C       TreeIntf.Finalization
 0002:00000530       TreeIntf.TreeIntf
 0004:0000006C       VA508AccessibilityCompileInfo..2
 0001:00018640       VA508AccessibilityCompileInfo..TfrmProgress
 0001:0001900C       VA508AccessibilityCompileInfo.Finalization
 0003:00000344       VA508AccessibilityCompileInfo.frmProgress
 0001:00018C7C       VA508AccessibilityCompileInfo.Hookup
 0001:00018D30       VA508AccessibilityCompileInfo.StartMonitor
 0001:00018DB8       VA508AccessibilityCompileInfo.StopMonitor
 0001:00018F70       VA508AccessibilityCompileInfo.TfrmProgress.btnReleaseClick
 0001:00018FB4       VA508AccessibilityCompileInfo.TfrmProgress.FormCreate
 0004:00000080       VA508AccessibilityCompileInfo.uLastUpdate
 0001:00018DD0       VA508AccessibilityCompileInfo.Update508Monitor
 0004:00000070       VA508AccessibilityCompileInfo.uProjectText
 0004:00000088       VA508AccessibilityCompileInfo.uStartTime
 0004:00000078       VA508AccessibilityCompileInfo.uStopProc
 0002:000004F0       VA508AccessibilityCompileInfo.VA508AccessibilityCompileInfo
 0004:00000094       VA508AccessibilityCompiler..2
 0001:0001B70C       VA508AccessibilityCompiler..TVA508Compiler
 0001:0001C98C       VA508AccessibilityCompiler.Add2Cache
 0001:0001DC44       VA508AccessibilityCompiler.AttemptAutoFix
 0001:0001CD64       VA508AccessibilityCompiler.ClearWarningList
 0001:0001DBBC       VA508AccessibilityCompiler.CloseEditor
 0001:0001E950       VA508AccessibilityCompiler.CloseModules
 0001:0001F024       VA508AccessibilityCompiler.CreateResources
 0001:0001F214       VA508AccessibilityCompiler.DestroyResources
 0001:0001D764       VA508AccessibilityCompiler.DFMSuccessfullyLoaded
 0001:0001B9B0       VA508AccessibilityCompiler.DLLUnload
 0001:0001BAF4       VA508AccessibilityCompiler.Do508Scan
 0001:0001D5C4       VA508AccessibilityCompiler.FileLoaded
 0001:0001F454       VA508AccessibilityCompiler.Finalization
 0001:0001CC9C       VA508AccessibilityCompiler.GetComponentName
 0001:0001CA00       VA508AccessibilityCompiler.GetDFMFileName
 0001:0001CE4C       VA508AccessibilityCompiler.GetManagerInfo
 0001:0001BA0C       VA508AccessibilityCompiler.GetPluralStr
 0001:0001CDDC       VA508AccessibilityCompiler.GetWarningList
 0001:0001E2EC       VA508AccessibilityCompiler.HandleInheritenceProblems
 0001:0001B9D0       VA508AccessibilityCompiler.HaveMessageServices
 0001:0001C8C4       VA508AccessibilityCompiler.IncCacheIndexes
 0001:0001F2F8       VA508AccessibilityCompiler.Init
 0001:0001D330       VA508AccessibilityCompiler.InitCache
 0001:0001E298       VA508AccessibilityCompiler.IsFileReadOnly
 0001:0001EAF4       VA508AccessibilityCompiler.LoadCacheFile
 0001:0001C1E8       VA508AccessibilityCompiler.MessageOK
 0004:0000009C       VA508AccessibilityCompiler.MessageService
 0003:00000348       VA508AccessibilityCompiler.NotifierIndex
 0003:0000034C       VA508AccessibilityCompiler.NotifierRegistered
 0001:0001DB24       VA508AccessibilityCompiler.OpenEditor
 0001:0001B910       VA508AccessibilityCompiler.Register
 0001:0001D1E8       VA508AccessibilityCompiler.ReportComponentWarnings
 0001:0001EE40       VA508AccessibilityCompiler.SaveCacheFile
 0004:00000098       VA508AccessibilityCompiler.SaveDllProc
 0001:0001D850       VA508AccessibilityCompiler.ScanForErrors
 0001:0001DA50       VA508AccessibilityCompiler.ScanFormFiles
 0001:0001C930       VA508AccessibilityCompiler.SetCacheSize
 0001:0001BA4C       VA508AccessibilityCompiler.ShowErrorMessage
 0001:0001C038       VA508AccessibilityCompiler.TVA508Compiler.AfterCompile
 0001:0001C048       VA508AccessibilityCompiler.TVA508Compiler.AfterCompile
 0001:0001C06C       VA508AccessibilityCompiler.TVA508Compiler.AfterCompile
 0001:0001BFF8       VA508AccessibilityCompiler.TVA508Compiler.BeforeCompile
 0001:0001C024       VA508AccessibilityCompiler.TVA508Compiler.BeforeCompile
 0001:0001C090       VA508AccessibilityCompiler.TVA508Compiler.CompileNA
 0001:0001C0BC       VA508AccessibilityCompiler.TVA508Compiler.Create
 0001:0001C11C       VA508AccessibilityCompiler.TVA508Compiler.Destroy
 0001:0001C580       VA508AccessibilityCompiler.TVA508Compiler.error
 0001:0001C780       VA508AccessibilityCompiler.TVA508Compiler.FileNotification
 0001:0001C7E0       VA508AccessibilityCompiler.TVA508Compiler.infoMessage
 0001:0001C724       VA508AccessibilityCompiler.TVA508Compiler.msg
 0001:0001F35C       VA508AccessibilityCompiler.TVA508Compiler.ScanFor508Errors
 0001:0001C16C       VA508AccessibilityCompiler.TVA508Compiler.startMessages
 0001:0001C158       VA508AccessibilityCompiler.TVA508Compiler.StopCompile
 0001:0001C330       VA508AccessibilityCompiler.TVA508Compiler.stopMessages
 0001:0001C4EC       VA508AccessibilityCompiler.TVA508Compiler.UpdateMonitor
 0001:0001C650       VA508AccessibilityCompiler.TVA508Compiler.warning
 0001:0001B914       VA508AccessibilityCompiler.Unregister
 0002:00000578       VA508AccessibilityCompiler.VA508AccessibilityCompiler
 0001:0001CBF4       VA508AccessibilityCompiler.ValidateDFM
 0001:0001CA98       VA508AccessibilityCompiler.ValidObjectLine
 0004:00000028       VA508AccessibilityConst..1
 0001:00001C08       VA508AccessibilityConst.Finalization
 0002:000003C0       VA508AccessibilityConst.VA508AccessibilityConst
 0004:00000060       VA508AccessibilityManager..21
 0001:00013618       VA508AccessibilityManager..TAlternateHandleData
 0001:00017E40       VA508AccessibilityManager..TComplexDataItem
 0001:00010524       VA508AccessibilityManager..TComponentHelper
 0001:00011238       VA508AccessibilityManager..TDFMData
 0001:00011378       VA508AccessibilityManager..TMSAAData
 0001:0000DFB0       VA508AccessibilityManager..TVA508AccessibilityCollection
 0001:0000DBA0       VA508AccessibilityManager..TVA508AccessibilityItem
 0001:0000E2CC       VA508AccessibilityManager..TVA508AccessibilityManager
 0001:0000F6D4       VA508AccessibilityManager..TVA508ChainedLabel
 0001:00010130       VA508AccessibilityManager..TVA508ComplexComponentManager
 0001:0000E9B8       VA508AccessibilityManager..TVA508ComponentAccessibility
 0001:0000EF98       VA508AccessibilityManager..TVA508ComponentManager
 0001:0000FFA0       VA508AccessibilityManager..TVA508ManagedComponentClass
 0001:0000FD0C       VA508AccessibilityManager..TVA508SilentComponent
 0001:0000F8C4       VA508AccessibilityManager..TVA508StaticText
 0001:00010E74       VA508AccessibilityManager..TVAGlobalComponentRegistry
 0001:00013F94       VA508AccessibilityManager.AddControlType
 0001:0001248C       VA508AccessibilityManager.AddLabels
 0003:00000330       VA508AccessibilityManager.AltHandleClasses
 0001:00012278       VA508AccessibilityManager.BasicComponentCheck
 0003:00000340       VA508AccessibilityManager.CanCheckEvent
 0001:00015068       VA508AccessibilityManager.CheckComplexClasses
 0001:00014F9C       VA508AccessibilityManager.CheckManagedClasses
 0003:00000338       VA508AccessibilityManager.ComplexClasses
 0003:000002E0       VA508AccessibilityManager.ControlsWithDefaultPropertySettings
 0001:00011460       VA508AccessibilityManager.CreateGlobalRegistry
 0001:00011488       VA508AccessibilityManager.CreateGlobalVars
 0001:000150F0       VA508AccessibilityManager.CreateHelper
 0001:00017C6C       VA508AccessibilityManager.DrawBottom
 0001:00017450       VA508AccessibilityManager.DrawBottom
 0001:00017AB4       VA508AccessibilityManager.DrawPartials
 0001:00017C04       VA508AccessibilityManager.DrawSides
 0001:00017940       VA508AccessibilityManager.DrawText
 0001:00017B64       VA508AccessibilityManager.DrawTop
 0001:000173E8       VA508AccessibilityManager.DrawTop
 0001:00012208       VA508AccessibilityManager.error
 0001:0001862C       VA508AccessibilityManager.Finalization
 0001:000138E0       VA508AccessibilityManager.FindMSAAQueryData
 0001:00011F98       VA508AccessibilityManager.FindOwnedComponent
 0001:0001581C       VA508AccessibilityManager.FindRootHandle
 0001:000114AC       VA508AccessibilityManager.FreeGlobalVars
 0001:00014398       VA508AccessibilityManager.GetDataValues
 0001:00014818       VA508AccessibilityManager.GetMessageHookProc
 0003:0000032C       VA508AccessibilityManager.GlobalRegistry
 0001:00013A00       VA508AccessibilityManager.HandleStillValid
 0001:00014144       VA508AccessibilityManager.HelperValid
 0001:000172D8       VA508AccessibilityManager.Init
 0001:00013AB8       VA508AccessibilityManager.Init
 0001:000178E0       VA508AccessibilityManager.Init
 0001:000179D0       VA508AccessibilityManager.InitDrawBorder
 0001:00017338       VA508AccessibilityManager.InitDrawBorder
 0001:00016190       VA508AccessibilityManager.InitializeComponentHelper
 0001:000142EC       VA508AccessibilityManager.InitializeVars
 0003:00000334       VA508AccessibilityManager.ManagedClasses
 0003:00000328       VA508AccessibilityManager.MasterPropertyList
 0003:0000033C       VA508AccessibilityManager.MSAAQueryClasses
 0003:00000310       VA508AccessibilityManager.NewComponentData
 0001:00013A3C       VA508AccessibilityManager.NoChangeNeeded
 0001:00013B0C       VA508AccessibilityManager.ProcessCaptionChange
 0001:00013BC8       VA508AccessibilityManager.ProcessItemChange
 0001:00013ECC       VA508AccessibilityManager.ProcessStateChange
 0001:0001370C       VA508AccessibilityManager.RegisterAlternateHandleComponent
 0001:000137B0       VA508AccessibilityManager.RegisterComplexComponentManager
 0001:00015190       VA508AccessibilityManager.RegisterComponent
 0001:00013844       VA508AccessibilityManager.RegisterManagedComponentClass
 0001:00013948       VA508AccessibilityManager.RegisterMSAAProc
 0001:000139C0       VA508AccessibilityManager.RegisterMSAAQueryClassProc
 0001:000139E0       VA508AccessibilityManager.RegisterMSAAQueryListClassProc
 0001:00014014       VA508AccessibilityManager.SendChangeData
 0001:00015324       VA508AccessibilityManager.SkipCheck
 0001:00017FC4       VA508AccessibilityManager.TComplexDataItem.Create
 0001:00018038       VA508AccessibilityManager.TComplexDataItem.Destroy
 0001:000163DC       VA508AccessibilityManager.TComponentHelper.ClearRedirect
 0001:00016400       VA508AccessibilityManager.TComponentHelper.Create
 0001:00016440       VA508AccessibilityManager.TComponentHelper.Destroy
 0001:000164C0       VA508AccessibilityManager.TComponentHelper.GetCaption
 0001:000165A8       VA508AccessibilityManager.TComponentHelper.GetComponentName
 0001:0001667C       VA508AccessibilityManager.TComponentHelper.GetData
 0001:00016738       VA508AccessibilityManager.TComponentHelper.GetInstructions
 0001:0001680C       VA508AccessibilityManager.TComponentHelper.GetItem
 0001:0001689C       VA508AccessibilityManager.TComponentHelper.GetItemInstructions
 0001:00016970       VA508AccessibilityManager.TComponentHelper.GetState
 0001:00016A58       VA508AccessibilityManager.TComponentHelper.GetValue
 0001:00016348       VA508AccessibilityManager.TComponentHelper.InitializeComponentManager
 0001:00016D3C       VA508AccessibilityManager.TComponentHelper.ManageCaption
 0001:00016B04       VA508AccessibilityManager.TComponentHelper.ManageComponentName
 0001:00016B80       VA508AccessibilityManager.TComponentHelper.ManageData
 0001:00016BD4       VA508AccessibilityManager.TComponentHelper.ManageInstructions
 0001:00016C50       VA508AccessibilityManager.TComponentHelper.ManageItemInstructions
 0001:00016CCC       VA508AccessibilityManager.TComponentHelper.ManageValue
 0001:00016DB8       VA508AccessibilityManager.TComponentHelper.MonitorForItemChange
 0001:00016E28       VA508AccessibilityManager.TComponentHelper.MonitorForStateChange
 0001:00016EB4       VA508AccessibilityManager.TComponentHelper.Redirect
 0001:00016EEC       VA508AccessibilityManager.TComponentHelper.StandardComponent
 0001:00011A5C       VA508AccessibilityManager.TVA508AccessibilityCollection.Add
 0001:00011A78       VA508AccessibilityManager.TVA508AccessibilityCollection.ComponentNotifyEvent
 0001:00011AD8       VA508AccessibilityManager.TVA508AccessibilityCollection.Create
 0001:00011B74       VA508AccessibilityManager.TVA508AccessibilityCollection.Destroy
 0001:00011BCC       VA508AccessibilityManager.TVA508AccessibilityCollection.EnsureItemExists
 0001:00011BEC       VA508AccessibilityManager.TVA508AccessibilityCollection.FindItem
 0001:00011CA0       VA508AccessibilityManager.TVA508AccessibilityCollection.GetItem
 0001:00011CC4       VA508AccessibilityManager.TVA508AccessibilityCollection.GetOwner
 0001:00011CE0       VA508AccessibilityManager.TVA508AccessibilityCollection.IsComponentRegistered
 0001:00011E10       VA508AccessibilityManager.TVA508AccessibilityCollection.RegisterComponent
 0001:00011DEC       VA508AccessibilityManager.TVA508AccessibilityCollection.SetItem
 0001:00011D50       VA508AccessibilityManager.TVA508AccessibilityCollection.UnregisterComponent
 0001:00011524       VA508AccessibilityManager.TVA508AccessibilityItem.Assign
 0001:000115B8       VA508AccessibilityManager.TVA508AccessibilityItem.Create
 0001:00011600       VA508AccessibilityManager.TVA508AccessibilityItem.Destroy
 0001:00011658       VA508AccessibilityManager.TVA508AccessibilityItem.GetDisplayName
 0001:00011720       VA508AccessibilityManager.TVA508AccessibilityItem.InitComponent
 0001:00011758       VA508AccessibilityManager.TVA508AccessibilityItem.Manager
 0001:00011774       VA508AccessibilityManager.TVA508AccessibilityItem.Parent
 0001:00011790       VA508AccessibilityManager.TVA508AccessibilityItem.SetComponent
 0001:0001181C       VA508AccessibilityManager.TVA508AccessibilityItem.SetDefault
 0001:000118D4       VA508AccessibilityManager.TVA508AccessibilityItem.SetLabel
 0001:00011920       VA508AccessibilityManager.TVA508AccessibilityItem.SetProperty
 0001:000119A0       VA508AccessibilityManager.TVA508AccessibilityItem.SetText
 0001:000119F4       VA508AccessibilityManager.TVA508AccessibilityItem.UpdateStatus
 0001:00011EBC       VA508AccessibilityManager.TVA508AccessibilityManager.Create
 0001:00012C30       VA508AccessibilityManager.TVA508AccessibilityManager.DefineProperties
 0001:00011F34       VA508AccessibilityManager.TVA508AccessibilityManager.Destroy
 0001:00012048       VA508AccessibilityManager.TVA508AccessibilityManager.FindComponentOnForm
 0001:00012150       VA508AccessibilityManager.TVA508AccessibilityManager.GetAccessLabel
 0001:0001217C       VA508AccessibilityManager.TVA508AccessibilityManager.GetAccessProperty
 0001:000121AC       VA508AccessibilityManager.TVA508AccessibilityManager.GetAccessText
 0001:000121DC       VA508AccessibilityManager.TVA508AccessibilityManager.GetComponentManager
 0001:0001230C       VA508AccessibilityManager.TVA508AccessibilityManager.GetComponentName
 0001:000123A0       VA508AccessibilityManager.TVA508AccessibilityManager.GetData
 0001:000123BC       VA508AccessibilityManager.TVA508AccessibilityManager.GetDefaultStringProperty
 0001:000125CC       VA508AccessibilityManager.TVA508AccessibilityManager.GetLabelStrings
 0001:000125F4       VA508AccessibilityManager.TVA508AccessibilityManager.GetProperties
 0001:0001261C       VA508AccessibilityManager.TVA508AccessibilityManager.GetPropertList
 0001:000127D0       VA508AccessibilityManager.TVA508AccessibilityManager.GetRootComponent
 0001:000128DC       VA508AccessibilityManager.TVA508AccessibilityManager.GetUseDefault
 0001:000134E4       VA508AccessibilityManager.TVA508AccessibilityManager.Initialize
 0001:00012908       VA508AccessibilityManager.TVA508AccessibilityManager.IsPropertyNameValid
 0001:0001297C       VA508AccessibilityManager.TVA508AccessibilityManager.Loaded
 0001:00012B88       VA508AccessibilityManager.TVA508AccessibilityManager.Notification
 0001:00012BEC       VA508AccessibilityManager.TVA508AccessibilityManager.OwnerCheck
 0001:00012C88       VA508AccessibilityManager.TVA508AccessibilityManager.ReadData
 0001:00012F48       VA508AccessibilityManager.TVA508AccessibilityManager.RefreshComponents
 0001:000131E4       VA508AccessibilityManager.TVA508AccessibilityManager.ScreenReaderInquiry
 0001:0001335C       VA508AccessibilityManager.TVA508AccessibilityManager.SetAccessLabel
 0001:00013388       VA508AccessibilityManager.TVA508AccessibilityManager.SetAccessProperty
 0001:000133B4       VA508AccessibilityManager.TVA508AccessibilityManager.SetAccessText
 0001:000133E0       VA508AccessibilityManager.TVA508AccessibilityManager.SetComponentManager
 0001:0001340C       VA508AccessibilityManager.TVA508AccessibilityManager.SetUseDefault
 0001:00012F5C       VA508AccessibilityManager.TVA508AccessibilityManager.WriteData
 0001:00017878       VA508AccessibilityManager.TVA508ChainedLabel.Notification
 0001:00017D30       VA508AccessibilityManager.TVA508ChainedLabel.Paint
 0001:00017D9C       VA508AccessibilityManager.TVA508ChainedLabel.SetNextLabel
 0001:00018080       VA508AccessibilityManager.TVA508ComplexComponentManager.AddSubControl
 0001:000181C8       VA508AccessibilityManager.TVA508ComplexComponentManager.ClearSubControls
 0001:000184DC       VA508AccessibilityManager.TVA508ComplexComponentManager.ComponentNotifyEvent
 0001:0001826C       VA508AccessibilityManager.TVA508ComplexComponentManager.Create
 0001:00018310       VA508AccessibilityManager.TVA508ComplexComponentManager.Destroy
 0001:00018370       VA508AccessibilityManager.TVA508ComplexComponentManager.GetSubComponentList
 0001:000183E0       VA508AccessibilityManager.TVA508ComplexComponentManager.GetSubControl
 0001:0001841C       VA508AccessibilityManager.TVA508ComplexComponentManager.IndexOfComponentItem
 0001:0001847C       VA508AccessibilityManager.TVA508ComplexComponentManager.IndexOfSubComponentXRef
 0001:00010440       VA508AccessibilityManager.TVA508ComplexComponentManager.Refresh
 0001:00018134       VA508AccessibilityManager.TVA508ComplexComponentManager.RemoveSubControl
 0001:0001853C       VA508AccessibilityManager.TVA508ComplexComponentManager.SubComponentNotifyEvent
 0001:000185AC       VA508AccessibilityManager.TVA508ComplexComponentManager.SubControlCount
 0001:00015F2C       VA508AccessibilityManager.TVA508ComponentAccessibility.Create
 0001:00015F88       VA508AccessibilityManager.TVA508ComponentAccessibility.SetComponent
 0001:00015B54       VA508AccessibilityManager.TVA508ComponentManager.Create
 0001:0000F6CC       VA508AccessibilityManager.TVA508ComponentManager.Create
 0001:00015B9C       VA508AccessibilityManager.TVA508ComponentManager.GetCaption
 0001:00015BB8       VA508AccessibilityManager.TVA508ComponentManager.GetComponentName
 0001:00015BD4       VA508AccessibilityManager.TVA508ComponentManager.GetData
 0001:00015C24       VA508AccessibilityManager.TVA508ComponentManager.GetInstructions
 0001:00015C40       VA508AccessibilityManager.TVA508ComponentManager.GetItem
 0001:00015C58       VA508AccessibilityManager.TVA508ComponentManager.GetItemInstructions
 0001:00015C74       VA508AccessibilityManager.TVA508ComponentManager.GetState
 0001:00015C90       VA508AccessibilityManager.TVA508ComponentManager.GetValue
 0001:00015CAC       VA508AccessibilityManager.TVA508ComponentManager.ManageCaption
 0001:00015CCC       VA508AccessibilityManager.TVA508ComponentManager.ManageComponentName
 0001:00015CEC       VA508AccessibilityManager.TVA508ComponentManager.ManageData
 0001:00015D0C       VA508AccessibilityManager.TVA508ComponentManager.ManageInstructions
 0001:00015D2C       VA508AccessibilityManager.TVA508ComponentManager.ManageItemInstructions
 0001:00015D4C       VA508AccessibilityManager.TVA508ComponentManager.ManageState
 0001:00015D6C       VA508AccessibilityManager.TVA508ComponentManager.ManageValue
 0001:00015D8C       VA508AccessibilityManager.TVA508ComponentManager.MonitorForItemChange
 0001:00015DAC       VA508AccessibilityManager.TVA508ComponentManager.MonitorForStateChange
 0001:00015DCC       VA508AccessibilityManager.TVA508ComponentManager.Redirect
 0001:00015DF0       VA508AccessibilityManager.TVA508ComponentManager.RedirectsComponent
 0001:00015E10       VA508AccessibilityManager.TVA508ManagedComponentClass.Create
 0001:00015E6C       VA508AccessibilityManager.TVA508SilentComponent.GetComponentName
 0001:00015E9C       VA508AccessibilityManager.TVA508SilentComponent.GetInstructions
 0001:00015ECC       VA508AccessibilityManager.TVA508SilentComponent.GetState
 0001:00015EFC       VA508AccessibilityManager.TVA508SilentComponent.GetValue
 0001:00016F18       VA508AccessibilityManager.TVA508StaticText.CMFontChanged
 0001:00016F3C       VA508AccessibilityManager.TVA508StaticText.CMTextChanged
 0001:00016F60       VA508AccessibilityManager.TVA508StaticText.Create
 0001:0001700C       VA508AccessibilityManager.TVA508StaticText.DeleteChain
 0001:000170E8       VA508AccessibilityManager.TVA508StaticText.Destroy
 0001:00017138       VA508AccessibilityManager.TVA508StaticText.DoEnter
 0001:00017174       VA508AccessibilityManager.TVA508StaticText.DoExit
 0001:000171B0       VA508AccessibilityManager.TVA508StaticText.GetAlignment
 0001:000171D4       VA508AccessibilityManager.TVA508StaticText.GetLabelCaption
 0001:000171F8       VA508AccessibilityManager.TVA508StaticText.GetRootName
 0001:00017218       VA508AccessibilityManager.TVA508StaticText.GetShowAccelChar
 0001:0001723C       VA508AccessibilityManager.TVA508StaticText.InvalidateAll
 0001:00017284       VA508AccessibilityManager.TVA508StaticText.Notification
 0001:00017570       VA508AccessibilityManager.TVA508StaticText.Paint
 0001:0001759C       VA508AccessibilityManager.TVA508StaticText.SetAlignment
 0001:000175C0       VA508AccessibilityManager.TVA508StaticText.SetLabelCaption
 0001:000176D0       VA508AccessibilityManager.TVA508StaticText.SetNextLabel
 0001:00017758       VA508AccessibilityManager.TVA508StaticText.SetParent
 0001:00017638       VA508AccessibilityManager.TVA508StaticText.SetRootName
 0001:000177C4       VA508AccessibilityManager.TVA508StaticText.SetShowAccelChar
 0001:000177E8       VA508AccessibilityManager.TVA508StaticText.UpdateSize
 0001:00014078       VA508AccessibilityManager.TVAGlobalComponentRegistry.CheckForChangeEvent
 0001:000145F8       VA508AccessibilityManager.TVAGlobalComponentRegistry.ComponentDataNeededEvent
 0001:000148C0       VA508AccessibilityManager.TVAGlobalComponentRegistry.Create
 0001:000149FC       VA508AccessibilityManager.TVAGlobalComponentRegistry.Destroy
 0004:00000064       VA508AccessibilityManager.TVAGlobalComponentRegistry.FActive
 0004:00000068       VA508AccessibilityManager.TVAGlobalComponentRegistry.FGetMsgHookHandle
 0001:00014A90       VA508AccessibilityManager.TVAGlobalComponentRegistry.GetCompKey
 0001:00014AB0       VA508AccessibilityManager.TVAGlobalComponentRegistry.GetComponentHandle
 0001:00014C64       VA508AccessibilityManager.TVAGlobalComponentRegistry.GetComponentHelper
 0001:00014BB4       VA508AccessibilityManager.TVAGlobalComponentRegistry.GetFieldObject
 0001:00014D24       VA508AccessibilityManager.TVAGlobalComponentRegistry.HasHandle
 0001:000152BC       VA508AccessibilityManager.TVAGlobalComponentRegistry.RegisterComponent
 0001:00014E38       VA508AccessibilityManager.TVAGlobalComponentRegistry.RegisterFieldObject
 0001:00014F38       VA508AccessibilityManager.TVAGlobalComponentRegistry.RegisterMSAA
 0001:00015350       VA508AccessibilityManager.TVAGlobalComponentRegistry.TimerEvent
 0001:00015484       VA508AccessibilityManager.TVAGlobalComponentRegistry.UnregisterComponent
 0001:000155D0       VA508AccessibilityManager.TVAGlobalComponentRegistry.UnregisterMSAA
 0001:00015AC8       VA508AccessibilityManager.TVAGlobalComponentRegistry.UpdateHandles
 0001:00013438       VA508AccessibilityManager.Update
 0001:000158B8       VA508AccessibilityManager.UpdateAllHandles
 0001:00015930       VA508AccessibilityManager.UpdateChildrenHandles
 0001:00012AC8       VA508AccessibilityManager.UpdateComponent
 0001:000141F4       VA508AccessibilityManager.UpdateComponentData
 0001:00015634       VA508AccessibilityManager.UpdateHandle
 0002:000004D8       VA508AccessibilityManager.VA508AccessibilityManager
 0004:00000090       VA508AccessibilityPE..8
 0001:00019E20       VA508AccessibilityPE..TVA508AccessibilityComponentPropertyEditor
 0001:0001990C       VA508AccessibilityPE..TVA508AccessibilityLabelPropertyEditor
 0001:0001914C       VA508AccessibilityPE..TVA508AccessibilityManager4PE
 0001:00019254       VA508AccessibilityPE..TVA508AccessibilityPropertyMapper
 0001:00019B88       VA508AccessibilityPE..TVA508AccessibilityPropertyPropertyEditor
 0001:000197BC       VA508AccessibilityPE..TVA508CollectionPropertyEditor
 0001:0001944C       VA508AccessibilityPE..TVA508NestedPropertyEditor
 0001:0001A070       VA508AccessibilityPE.AllComponentsHaveSameManager
 0001:0001B5DC       VA508AccessibilityPE.Finalization
 0001:00019F8C       VA508AccessibilityPE.GetAccessibilityManager
 0001:0001A0D8       VA508AccessibilityPE.GetStringPropertyNames
 0001:0001A1BC       VA508AccessibilityPE.QVal
 0001:0001B458       VA508AccessibilityPE.Register
 0001:0001A240       VA508AccessibilityPE.StripQVal
 0001:0001B438       VA508AccessibilityPE.TVA508AccessibilityComponentPropertyEditor.GetAttributes
 0001:0001AE4C       VA508AccessibilityPE.TVA508AccessibilityLabelPropertyEditor.GetAttributes
 0001:0001AE6C       VA508AccessibilityPE.TVA508AccessibilityLabelPropertyEditor.GetManager
 0001:0001AEA4       VA508AccessibilityPE.TVA508AccessibilityLabelPropertyEditor.GetProperties
 0001:0001AEB0       VA508AccessibilityPE.TVA508AccessibilityLabelPropertyEditor.GetValue
 0001:0001AF54       VA508AccessibilityPE.TVA508AccessibilityLabelPropertyEditor.GetValues
 0001:0001B018       VA508AccessibilityPE.TVA508AccessibilityLabelPropertyEditor.SetValue
 0001:0001A2D0       VA508AccessibilityPE.TVA508AccessibilityPropertyMapper.GetAttributes
 0001:0001A30C       VA508AccessibilityPE.TVA508AccessibilityPropertyMapper.GetProperties
 0001:0001B070       VA508AccessibilityPE.TVA508AccessibilityPropertyPropertyEditor.AllEqual
 0001:0001B130       VA508AccessibilityPE.TVA508AccessibilityPropertyPropertyEditor.GetAttributes
 0001:0001B150       VA508AccessibilityPE.TVA508AccessibilityPropertyPropertyEditor.GetEditLimit
 0001:0001B168       VA508AccessibilityPE.TVA508AccessibilityPropertyPropertyEditor.GetManager
 0001:0001B1A0       VA508AccessibilityPE.TVA508AccessibilityPropertyPropertyEditor.GetRootComponent
 0001:0001B1C4       VA508AccessibilityPE.TVA508AccessibilityPropertyPropertyEditor.GetValue
 0001:0001B264       VA508AccessibilityPE.TVA508AccessibilityPropertyPropertyEditor.GetValues
 0001:0001B3E0       VA508AccessibilityPE.TVA508AccessibilityPropertyPropertyEditor.SetValue
 0001:0001AE30       VA508AccessibilityPE.TVA508CollectionPropertyEditor.GetColOptions
 0001:0001A454       VA508AccessibilityPE.TVA508NestedPropertyEditor.AllEqual
 0001:0001A68C       VA508AccessibilityPE.TVA508NestedPropertyEditor.Create
 0001:0001A730       VA508AccessibilityPE.TVA508NestedPropertyEditor.Edit
 0001:0001A7B0       VA508AccessibilityPE.TVA508NestedPropertyEditor.GetAttributes
 0001:0001A814       VA508AccessibilityPE.TVA508NestedPropertyEditor.GetEditLimit
 0001:0001A850       VA508AccessibilityPE.TVA508NestedPropertyEditor.GetName
 0001:0001A870       VA508AccessibilityPE.TVA508NestedPropertyEditor.GetValue
 0001:0001AA2C       VA508AccessibilityPE.TVA508NestedPropertyEditor.GetValues
 0001:0001AC6C       VA508AccessibilityPE.TVA508NestedPropertyEditor.SetValue
 0002:00000570       VA508AccessibilityPE.VA508AccessibilityPE
 0004:00000050       VA508AccessibilityRouter..2
 0001:000056DC       VA508AccessibilityRouter..TMasterScreenReader
 0001:0000537C       VA508AccessibilityRouter..TNullScreenReader
 0001:00005168       VA508AccessibilityRouter..TVA508ScreenReader
 0003:000002C8       VA508AccessibilityRouter.ActiveScreenReader
 0001:00006E90       VA508AccessibilityRouter.AddDescription
 0003:000002DA       VA508AccessibilityRouter.CheckScreenReaderSystemActive
 0001:000065EC       VA508AccessibilityRouter.Coded
 0001:00007248       VA508AccessibilityRouter.ComponentDataRequested
 0001:00006130       VA508AccessibilityRouter.CreateTimer
 0001:000063E0       VA508AccessibilityRouter.Decode
 0001:00006ADC       VA508AccessibilityRouter.EnsureDialogAreSpecified
 0001:00006A7C       VA508AccessibilityRouter.EnumResNameProc
 0001:00007534       VA508AccessibilityRouter.Finalization
 0001:00005BD0       VA508AccessibilityRouter.GetScreenReader
 0003:000002CC       VA508AccessibilityRouter.MasterScreenReader
 0003:000002D8       VA508AccessibilityRouter.Need2RegisterData
 0003:000002D9       VA508AccessibilityRouter.OK2RegisterData
 0001:00005C24       VA508AccessibilityRouter.PostScreenReaderCheckEvent
 0003:000002D4       VA508AccessibilityRouter.SaveInitProc
 0001:00006194       VA508AccessibilityRouter.ScreenReaderSystemActive
 0001:00006288       VA508AccessibilityRouter.SpecifyFormIsNotADialog
 0001:00006348       VA508AccessibilityRouter.TMasterScreenReader.AddComponentDataNeededEventHandler
 0001:00006364       VA508AccessibilityRouter.TMasterScreenReader.Create
 0001:00006488       VA508AccessibilityRouter.TMasterScreenReader.DecodeBehavior
 0001:00006594       VA508AccessibilityRouter.TMasterScreenReader.Destroy
 0001:00006710       VA508AccessibilityRouter.TMasterScreenReader.EncodeBehavior
 0001:000067BC       VA508AccessibilityRouter.TMasterScreenReader.HandleSRException
 0001:00006824       VA508AccessibilityRouter.TMasterScreenReader.ProcessCustomKeyCommand
 0001:00006868       VA508AccessibilityRouter.TMasterScreenReader.RegisterClassAsMSAA
 0001:000068D0       VA508AccessibilityRouter.TMasterScreenReader.RegisterCustomBehavior
 0001:00006A04       VA508AccessibilityRouter.TMasterScreenReader.RegisterCustomClassBehavior
 0001:00006D28       VA508AccessibilityRouter.TMasterScreenReader.RegisterCustomData
 0001:00006FFC       VA508AccessibilityRouter.TMasterScreenReader.RegisterCustomKeyMapping
 0001:000070EC       VA508AccessibilityRouter.TMasterScreenReader.RegisterDictionaryChange
 0001:00007154       VA508AccessibilityRouter.TMasterScreenReader.RegistrationAllowed
 0001:00007184       VA508AccessibilityRouter.TMasterScreenReader.RemoveComponentDataNeededEventHandler
 0001:000071A0       VA508AccessibilityRouter.TMasterScreenReader.Speak
 0001:00007384       VA508AccessibilityRouter.TNullScreenReader.AddComponentDataNeededEventHandler
 0001:00007390       VA508AccessibilityRouter.TNullScreenReader.RegisterClassAsMSAA
 0001:000073D4       VA508AccessibilityRouter.TNullScreenReader.RegisterCustomClassBehavior
 0001:00007428       VA508AccessibilityRouter.TNullScreenReader.RegisterCustomKeyMapping
 0001:00007490       VA508AccessibilityRouter.TNullScreenReader.RegisterDictionaryChange
 0001:000074E4       VA508AccessibilityRouter.TNullScreenReader.RemoveComponentDataNeededEventHandler
 0001:000074F0       VA508AccessibilityRouter.TNullScreenReader.Speak
 0001:00005374       VA508AccessibilityRouter.TVA508ScreenReader.RegisterCustomKeyMapping
 0001:0000536C       VA508AccessibilityRouter.TVA508ScreenReader.RegisterDictionaryChange
 0001:00005364       VA508AccessibilityRouter.TVA508ScreenReader.Speak
 0003:000002D0       VA508AccessibilityRouter.uNonDialogClassNames
 0003:000002DC       VA508AccessibilityRouter.uPostScreenReaderActivationTimer
 0003:000002DB       VA508AccessibilityRouter.uScreenReaderSystemActive
 0002:00000404       VA508AccessibilityRouter.VA508AccessibilityRouter
 0001:00005B90       VA508AccessibilityRouter.VA508RouterInitProc
 0004:00000058       VA508Classes..5
 0001:00009A5C       VA508Classes..EVA508AccessibilityException
 0001:000096E8       VA508Classes..TFormData
 0001:00009BE8       VA508Classes..TParentChildFormTracker
 0001:0000A078       VA508Classes..TVA508Parser
 0001:0000A3D8       VA508Classes.EnsureManager
 0001:0000BDB0       VA508Classes.Finalization
 0001:0000A354       VA508Classes.HasAnotherAccessibilityManager
 0001:0000BA24       VA508Classes.IgnoreToken
 0001:0000BA60       VA508Classes.InvalidSection
 0001:0000ABE8       VA508Classes.TFormData.HasManager
 0001:0000AC04       VA508Classes.TFormData.HasParent
 0001:0000AC20       VA508Classes.TFormData.SetFormClassName
 0001:0000AC88       VA508Classes.TParentChildFormTracker.AddForm
 0001:0000AD64       VA508Classes.TParentChildFormTracker.AddLink
 0001:0000ADE8       VA508Classes.TParentChildFormTracker.Clear
 0001:0000AE00       VA508Classes.TParentChildFormTracker.Create
 0001:0000AE4C       VA508Classes.TParentChildFormTracker.Destroy
 0001:0000AE88       VA508Classes.TParentChildFormTracker.FindForm
 0001:0000AF34       VA508Classes.TParentChildFormTracker.FormCount
 0001:0000AF50       VA508Classes.TParentChildFormTracker.GetFormData
 0001:0000AF74       VA508Classes.TParentChildFormTracker.ParentChildErrorDescription
 0001:0000B704       VA508Classes.TParentChildFormTracker.ParentChildErrorStatus
 0001:0000B830       VA508Classes.TVA508Parser.GetParentClassName
 0001:0000B9EC       VA508Classes.TVA508Parser.LastLineRead
 0001:0000BA08       VA508Classes.TVA508Parser.LastPosition
 0001:0000BB38       VA508Classes.TVA508Parser.ParseToken
 0002:00000434       VA508Classes.VA508Classes
 0001:0000A574       VA508Classes.VA508ComponentCreationCheck
 0001:0000A920       VA508Classes.VA508ComponentDestructionCheck
 0004:0000005C       VA508DelphiCompatibility..2
 0001:0000C080       VA508DelphiCompatibility..TCheckBox508Manager
 0001:0000C2B0       VA508DelphiCompatibility..TCheckListBox508Manager
 0001:0000C830       VA508DelphiCompatibility..TCustomGrid508Manager
 0001:0000C6AC       VA508DelphiCompatibility..TVA508ComboManager
 0001:0000C52C       VA508DelphiCompatibility..TVA508EditManager
 0001:0000BE50       VA508DelphiCompatibility..TVA508StaticTextManager
 0001:0000CAA8       VA508DelphiCompatibility.Append
 0001:0000CB4C       VA508DelphiCompatibility.AppendHeader
 0001:0000CF08       VA508DelphiCompatibility.CustomComboAlternateHandle
 0001:0000DB28       VA508DelphiCompatibility.Finalization
 0001:0000CF24       VA508DelphiCompatibility.GetCheckBoxComponentName
 0001:0000CFB0       VA508DelphiCompatibility.GetCheckBoxInstructionMessage
 0001:0000D078       VA508DelphiCompatibility.GetCheckBoxStateText
 0001:0000CBD4       VA508DelphiCompatibility.ListViewIndexQueryProc
 0001:0000CDC0       VA508DelphiCompatibility.RegisterStandardDelphiComponents
 0001:0000D13C       VA508DelphiCompatibility.TCheckBox508Manager.Create
 0001:0000D190       VA508DelphiCompatibility.TCheckBox508Manager.GetComponentName
 0001:0000D1B4       VA508DelphiCompatibility.TCheckBox508Manager.GetInstructions
 0001:0000D1DC       VA508DelphiCompatibility.TCheckBox508Manager.GetState
 0001:0000D200       VA508DelphiCompatibility.TCheckListBox508Manager.Create
 0001:0000D254       VA508DelphiCompatibility.TCheckListBox508Manager.GetComponentName
 0001:0000D354       VA508DelphiCompatibility.TCheckListBox508Manager.GetIndex
 0001:0000D3AC       VA508DelphiCompatibility.TCheckListBox508Manager.GetItem
 0001:0000D308       VA508DelphiCompatibility.TCheckListBox508Manager.GetItemInstructions
 0001:0000D3F0       VA508DelphiCompatibility.TCheckListBox508Manager.GetState
 0001:0000D43C       VA508DelphiCompatibility.TCustomGrid508Manager.Create
 0001:0000D490       VA508DelphiCompatibility.TCustomGrid508Manager.GetComponentName
 0001:0000D4CC       VA508DelphiCompatibility.TCustomGrid508Manager.GetInstructions
 0001:0000D5B0       VA508DelphiCompatibility.TCustomGrid508Manager.GetItem
 0001:0000D614       VA508DelphiCompatibility.TCustomGrid508Manager.GetValue
 0001:0000DAB4       VA508DelphiCompatibility.TVA508ComboManager.Create
 0001:0000DB08       VA508DelphiCompatibility.TVA508ComboManager.GetValue
 0001:0000DA40       VA508DelphiCompatibility.TVA508EditManager.Create
 0001:0000DA94       VA508DelphiCompatibility.TVA508EditManager.GetValue
 0001:0000D8D4       VA508DelphiCompatibility.TVA508StaticTextManager.Create
 0001:0000D928       VA508DelphiCompatibility.TVA508StaticTextManager.GetCaption
 0001:0000D958       VA508DelphiCompatibility.TVA508StaticTextManager.GetComponentName
 0001:0000D990       VA508DelphiCompatibility.TVA508StaticTextManager.GetValue
 0002:000004C4       VA508DelphiCompatibility.VA508DelphiCompatibility
 0004:00000054       VA508ImageListLabeler..6
 0001:00007ABC       VA508ImageListLabeler..TVA508ImageListComponent
 0001:00007CAC       VA508ImageListLabeler..TVA508ImageListComponents
 0001:0000757C       VA508ImageListLabeler..TVA508ImageListLabel
 0001:00007F14       VA508ImageListLabeler..TVA508ImageListLabeler
 0001:000077E8       VA508ImageListLabeler..TVA508ImageListLabels
 0001:000096E0       VA508ImageListLabeler.Finalization
 0001:0000827C       VA508ImageListLabeler.Register
 0001:00009294       VA508ImageListLabeler.TVA508ImageListComponent.Assign
 0001:000092D8       VA508ImageListLabeler.TVA508ImageListComponent.ComponentNotifyEvent
 0001:0000930C       VA508ImageListLabeler.TVA508ImageListComponent.Destroy
 0001:0000935C       VA508ImageListLabeler.TVA508ImageListComponent.GetDisplayName
 0001:0000941C       VA508ImageListLabeler.TVA508ImageListComponent.ImageListTypes
 0001:00009528       VA508ImageListLabeler.TVA508ImageListComponent.Labeler
 0001:00009554       VA508ImageListLabeler.TVA508ImageListComponent.SetComponent
 0001:00009154       VA508ImageListLabeler.TVA508ImageListComponents.Add
 0001:00009170       VA508ImageListLabeler.TVA508ImageListComponents.Create
 0001:000091C4       VA508ImageListLabeler.TVA508ImageListComponents.Destroy
 0001:00009200       VA508ImageListLabeler.TVA508ImageListComponents.GetItem
[...]
   336 0001:0001A8B9   339 0001:0001A8DA   340 0001:0001A8F4   341 0001:0001A8FE
   344 0001:0001A93A   347 0001:0001A959   348 0001:0001A973   349 0001:0001A97B
   353 0001:0001A9BB   354 0001:0001A9D5   357 0001:0001A9E7   365 0001:0001AA2C
   366 0001:0001AA4D   367 0001:0001AA5C   368 0001:0001AA6A   371 0001:0001AA85
   372 0001:0001AA93   373 0001:0001AAAF   372 0001:0001AAC9   378 0001:0001AAD3
   379 0001:0001AAEF   381 0001:0001AAF8   383 0001:0001AB0D   384 0001:0001AB27
   385 0001:0001AB44   381 0001:0001AB47   387 0001:0001AB4C   388 0001:0001AB57
   390 0001:0001AB73   391 0001:0001AB81   392 0001:0001AB8A   393 0001:0001ABC3
   394 0001:0001ABCC   388 0001:0001ABCF   399 0001:0001ABD6   400 0001:0001ABEE
   405 0001:0001AC16   407 0001:0001AC26   416 0001:0001AC6C   417 0001:0001AC8B
   418 0001:0001AC90   419 0001:0001AC95   423 0001:0001ACAC   424 0001:0001ACB7
   425 0001:0001ACC8   426 0001:0001ACDA   429 0001:0001ACE2   433 0001:0001ACEF
   434 0001:0001ACFF   435 0001:0001AD0C   436 0001:0001AD22   440 0001:0001AD39
   442 0001:0001AD53   444 0001:0001AD71   445 0001:0001AD87   446 0001:0001ADA4
   447 0001:0001ADC1   448 0001:0001ADDE   451 0001:0001ADF9   440 0001:0001ADFC
   452 0001:0001AE05   453 0001:0001AE0D   616 0001:0001AE30   617 0001:0001AE39
   618 0001:0001AE41   624 0001:0001AE4C   625 0001:0001AE55   626 0001:0001AE5F
   629 0001:0001AE6C   630 0001:0001AE75   631 0001:0001AE7E   632 0001:0001AE93
   633 0001:0001AE9C   637 0001:0001AEA4   639 0001:0001AEAB   644 0001:0001AEB0
   645 0001:0001AED5   646 0001:0001AEE5   647 0001:0001AEEB   648 0001:0001AF24
   654 0001:0001AF54   655 0001:0001AF71   656 0001:0001AF80   657 0001:0001AF8E
   658 0001:0001AF9E   659 0001:0001AFB6   658 0001:0001AFD0   661 0001:0001AFE2
   663 0001:0001AFF2   666 0001:0001B018   667 0001:0001B037   668 0001:0001B04D
   676 0001:0001B070   677 0001:0001B08F   679 0001:0001B098   680 0001:0001B09C
   681 0001:0001B0B8   682 0001:0001B0CD   681 0001:0001B0F8   684 0001:0001B0FD
   685 0001:0001B101   688 0001:0001B130   689 0001:0001B139   690 0001:0001B143
   693 0001:0001B150   694 0001:0001B159   695 0001:0001B160   698 0001:0001B168
   699 0001:0001B171   700 0001:0001B17A   701 0001:0001B18F   702 0001:0001B198
   706 0001:0001B1A0   707 0001:0001B1AC   708 0001:0001B1BD   711 0001:0001B1C4
   712 0001:0001B1E5   713 0001:0001B1F0   714 0001:0001B1F8   715 0001:0001B236
   724 0001:0001B264   725 0001:0001B286   726 0001:0001B295   727 0001:0001B2A3
   728 0001:0001B2C1   730 0001:0001B2CA   731 0001:0001B2DF   730 0001:0001B2FF
   733 0001:0001B304   734 0001:0001B30F   736 0001:0001B327   737 0001:0001B335
   738 0001:0001B33E   739 0001:0001B377   740 0001:0001B380   734 0001:0001B383
   742 0001:0001B395   744 0001:0001B3A5   748 0001:0001B3E0   749 0001:0001B3FF
   750 0001:0001B415   755 0001:0001B438   756 0001:0001B441   757 0001:0001B44B
   760 0001:0001B458   761 0001:0001B45E   763 0001:0001B488   765 0001:0001B4A3
   767 0001:0001B4BE   769 0001:0001B4D9   771 0001:0001B4F4   773 0001:0001B50F

Line numbers for VA508AccessibilityPE(VA508AccessibilityPE.pas) segment .itext

   775 0002:00000570

Line numbers for VA508AccessibilityCompiler(VA508AccessibilityCompiler.pas) segment .text

   107 0001:0001B910   112 0001:0001B914   113 0001:0001B927   115 0001:0001B939
   116 0001:0001B94E   118 0001:0001B954   119 0001:0001B962   120 0001:0001B96C
   122 0001:0001B973   124 0001:0001B97D   127 0001:0001B9B0   128 0001:0001B9B7
   129 0001:0001B9C0   130 0001:0001B9C6   131 0001:0001B9CB   136 0001:0001B9D0
   137 0001:0001B9D4   138 0001:0001B9EB   139 0001:0001B9F6   144 0001:0001BA0C
   145 0001:0001BA18   146 0001:0001BA1E   148 0001:0001BA28   149 0001:0001BA35
   152 0001:0001BA4C   153 0001:0001BA76   154 0001:0001BA7C   155 0001:0001BAC2
   158 0001:0001BAF4   159 0001:0001BB13   160 0001:0001BB1E   162 0001:0001BB2E
   164 0001:0001BB3F   166 0001:0001BB5F   167 0001:0001BB7F   171 0001:0001BC05
   172 0001:0001BC1D   175 0001:0001BC35   177 0001:0001BC41   178 0001:0001BC4A
   182 0001:0001BC57   183 0001:0001BC67   186 0001:0001BFF8   187 0001:0001C007
   189 0001:0001C016   191 0001:0001C01D   195 0001:0001C024   196 0001:0001C033
   200 0001:0001C038   201 0001:0001C044   204 0001:0001C048   205 0001:0001C057
   206 0001:0001C05D   207 0001:0001C065   211 0001:0001C06C   212 0001:0001C07B
   213 0001:0001C081   214 0001:0001C089   217 0001:0001C090   218 0001:0001C099
   219 0001:0001C0B4   222 0001:0001C0BC   223 0001:0001C0D4   224 0001:0001C0E6
   225 0001:0001C0F3   226 0001:0001C0FD   229 0001:0001C11C   230 0001:0001C12D
   231 0001:0001C138   232 0001:0001C146   235 0001:0001C158   236 0001:0001C15F
   237 0001:0001C166   240 0001:0001C16C   241 0001:0001C173   242 0001:0001C17D
   243 0001:0001C186   245 0001:0001C193   246 0001:0001C1A5   247 0001:0001C1AD
   248 0001:0001C1B5   249 0001:0001C1BD   250 0001:0001C1C5   251 0001:0001C1CC
   252 0001:0001C1D3   253 0001:0001C1DA   254 0001:0001C1E2   267 0001:0001C1E8
   268 0001:0001C21E   270 0001:0001C23F   271 0001:0001C243   272 0001:0001C253
   273 0001:0001C266   275 0001:0001C26C   276 0001:0001C281   277 0001:0001C295
   282 0001:0001C2BD   283 0001:0001C2C1   285 0001:0001C330   286 0001:0001C34D
   287 0001:0001C35D   289 0001:0001C377   290 0001:0001C386   291 0001:0001C392
   293 0001:0001C3B1   294 0001:0001C3C2   297 0001:0001C410   298 0001:0001C42D
   291 0001:0001C430   300 0001:0001C439   301 0001:0001C442   302 0001:0001C44D
   305 0001:0001C4EC   306 0001:0001C513   307 0001:0001C51C   308 0001:0001C557
   311 0001:0001C580   312 0001:0001C5B3   313 0001:0001C5BC   314 0001:0001C5E7
   315 0001:0001C5ED   316 0001:0001C5F4   317 0001:0001C5FF   320 0001:0001C650
   321 0001:0001C683   322 0001:0001C68C   323 0001:0001C6B7   324 0001:0001C6BD
   325 0001:0001C6C4   326 0001:0001C6CF   329 0001:0001C724   330 0001:0001C746
   331 0001:0001C74F   332 0001:0001C75D   339 0001:0001C780   340 0001:0001C78F
   342 0001:0001C798   343 0001:0001C7A5   346 0001:0001C7B5   347 0001:0001C7C6
   348 0001:0001C7CC   352 0001:0001C7DA   355 0001:0001C7E0   356 0001:0001C813
   357 0001:0001C81C   358 0001:0001C84C   359 0001:0001C857   449 0001:0001C8C4
   450 0001:0001C8D1   451 0001:0001C8D7   452 0001:0001C8EA   455 0001:0001C8EF
   456 0001:0001C903   457 0001:0001C914   453 0001:0001C918   459 0001:0001C928
   464 0001:0001C930   465 0001:0001C93A   466 0001:0001C946   467 0001:0001C94F
   468 0001:0001C967   469 0001:0001C97D   470 0001:0001C984   473 0001:0001C98C
   474 0001:0001C9AA   476 0001:0001C9B3   477 0001:0001C9C7   478 0001:0001C9CD
   480 0001:0001C9DE   483 0001:0001CA00   484 0001:0001CA27   485 0001:0001CA55
   490 0001:0001CA98   491 0001:0001CABD   492 0001:0001CAC8   493 0001:0001CACF
   494 0001:0001CAF0   496 0001:0001CAF6   497 0001:0001CB17   499 0001:0001CB24
   501 0001:0001CB2A   502 0001:0001CB3F   503 0001:0001CB45   505 0001:0001CB73
   509 0001:0001CBF4   510 0001:0001CC1A   511 0001:0001CC37   512 0001:0001CC59
   513 0001:0001CC64   514 0001:0001CC72   519 0001:0001CC9C   520 0001:0001CCC3
   521 0001:0001CCCB   522 0001:0001CCE0   524 0001:0001CCE6   525 0001:0001CCE9
   527 0001:0001CCF1   526 0001:0001CCF4   528 0001:0001CD08   530 0001:0001CD29
   535 0001:0001CD64   536 0001:0001CD83   537 0001:0001CD94   539 0001:0001CD9A
   540 0001:0001CDAD   542 0001:0001CDBB   547 0001:0001CDDC   548 0001:0001CDFB
   549 0001:0001CE00   550 0001:0001CE11   551 0001:0001CE17   552 0001:0001CE28
   561 0001:0001CE4C   562 0001:0001CE71   563 0001:0001CE84   564 0001:0001CE8B
   565 0001:0001CE91   566 0001:0001CE95   567 0001:0001CE99   568 0001:0001CE9D
   569 0001:0001CEA5   570 0001:0001CEA9   573 0001:0001CEB3   574 0001:0001CECF
   576 0001:0001CED9   577 0001:0001CEE6   579 0001:0001CEF0   581 0001:0001CEFA
   583 0001:0001CF19   584 0001:0001CF1D   586 0001:0001CF34   588 0001:0001CF53
   589 0001:0001CF57   592 0001:0001CF6E   593 0001:0001CF8D   595 0001:0001CFAE
   596 0001:0001CFBE   598 0001:0001CFC2   600 0001:0001CFDA   602 0001:0001CFE0
   603 0001:0001CFEF   605 0001:0001D003   610 0001:0001D013   612 0001:0001D026
   613 0001:0001D02A   614 0001:0001D032   620 0001:0001D03B   622 0001:0001D04A
   623 0001:0001D04E   626 0001:0001D057   635 0001:0001D06A   636 0001:0001D07D
   640 0001:0001D083   642 0001:0001D094   644 0001:0001D0A7   645 0001:0001D0B4
   646 0001:0001D0E3   647 0001:0001D0EF   648 0001:0001D0F4   649 0001:0001D0FC
   652 0001:0001D100   571 0001:0001D103   654 0001:0001D117   662 0001:0001D1E8
   663 0001:0001D208   665 0001:0001D227   666 0001:0001D238   667 0001:0001D249
   669 0001:0001D261   670 0001:0001D29D   667 0001:0001D2A0   671 0001:0001D2A5
   663 0001:0001D2A8   672 0001:0001D2B1   680 0001:0001D330   681 0001:0001D37B
   682 0001:0001D389   685 0001:0001D3A4   686 0001:0001D3F6   687 0001:0001D40A
   689 0001:0001D413   690 0001:0001D41C   691 0001:0001D42D   692 0001:0001D435
   693 0001:0001D43C   694 0001:0001D456   695 0001:0001D46A   699 0001:0001D476
   700 0001:0001D48D   701 0001:0001D4A5   702 0001:0001D4D2   703 0001:0001D4DB
   706 0001:0001D4E6   707 0001:0001D4EF   708 0001:0001D504   709 0001:0001D518
   708 0001:0001D52C   710 0001:0001D531   713 0001:0001D53D   716 0001:0001D558
   718 0001:0001D56B   723 0001:0001D5C4   724 0001:0001D5F4   725 0001:0001D5F8
   726 0001:0001D606   728 0001:0001D618   729 0001:0001D625   730 0001:0001D62D
   732 0001:0001D63A   733 0001:0001D65B   734 0001:0001D667   735 0001:0001D675
   736 0001:0001D679   737 0001:0001D692   736 0001:0001D6B7   741 0001:0001D6BE
   742 0001:0001D6C9   743 0001:0001D6D7   745 0001:0001D6DD   746 0001:0001D6EE
   747 0001:0001D70B   752 0001:0001D728   753 0001:0001D72D   756 0001:0001D764
   757 0001:0001D77C   758 0001:0001D780   760 0001:0001D78D   762 0001:0001D79C
   763 0001:0001D7B8   765 0001:0001D7E5   769 0001:0001D80E   776 0001:0001D850
   777 0001:0001D86C   778 0001:0001D877   779 0001:0001D87F   780 0001:0001D883
   781 0001:0001D887   782 0001:0001D88B   783 0001:0001D892   784 0001:0001D8A5
   786 0001:0001D8AF   787 0001:0001D8BF   789 0001:0001D8E9   790 0001:0001D8EF
   791 0001:0001D8F9   793 0001:0001D8FF   794 0001:0001D90F   798 0001:0001D945
   799 0001:0001D95B   804 0001:0001DA50   805 0001:0001DA6A   807 0001:0001DA89
   808 0001:0001DA95   809 0001:0001DAB4   810 0001:0001DAC2   811 0001:0001DAD0
   813 0001:0001DAE7   815 0001:0001DAFA   805 0001:0001DAFD   816 0001:0001DB02
   819 0001:0001DB24   820 0001:0001DB39   822 0001:0001DB51   823 0001:0001DB6D
   825 0001:0001DB76   828 0001:0001DB92   831 0001:0001DBBC   832 0001:0001DBC2
   833 0001:0001DBCD   834 0001:0001DBDB   836 0001:0001DBF0   837 0001:0001DBFE
   839 0001:0001DC1A   842 0001:0001DC2C   844 0001:0001DC3F   853 0001:0001DC44
   854 0001:0001DC81   855 0001:0001DC92   856 0001:0001DCA3   857 0001:0001DCB4
   858 0001:0001DCD9   860 0001:0001DCE2   861 0001:0001DCEF   864 0001:0001DCF4
   865 0001:0001DCFE   866 0001:0001DD0C   868 0001:0001DD1D   869 0001:0001DD28
   870 0001:0001DD37   871 0001:0001DD3E   872 0001:0001DD44   875 0001:0001DD8A
   879 0001:0001DDDB   881 0001:0001DDED   883 0001:0001DE03   884 0001:0001DE16
   885 0001:0001DE24   886 0001:0001DE33   887 0001:0001DE41   888 0001:0001DE4C
   890 0001:0001DE8C   891 0001:0001DEBF   892 0001:0001DECC   893 0001:0001DEDA
   894 0001:0001DEE1   897 0001:0001DF22   900 0001:0001DF4D   901 0001:0001DF50
   904 0001:0001DF72   908 0001:0001E298   909 0001:0001E2B7   910 0001:0001E2C7
   926 0001:0001E2EC   927 0001:0001E31B   929 0001:0001E33A   930 0001:0001E34A
   931 0001:0001E35B   932 0001:0001E36B   934 0001:0001E374   935 0001:0001E37C
   936 0001:0001E392   935 0001:0001E3C4   937 0001:0001E3C9   940 0001:0001E3DD
   941 0001:0001E3E2   942 0001:0001E405   944 0001:0001E40F   945 0001:0001E41D
   947 0001:0001E42A   948 0001:0001E438   949 0001:0001E444   950 0001:0001E453
   951 0001:0001E461   952 0001:0001E469   953 0001:0001E474   954 0001:0001E489
   955 0001:0001E494   956 0001:0001E4AC   955 0001:0001E4CA   958 0001:0001E4DC
   962 0001:0001E4F9   965 0001:0001E509   966 0001:0001E51D   967 0001:0001E52E
   968 0001:0001E542   927 0001:0001E545   969 0001:0001E54E   971 0001:0001E56D
   972 0001:0001E57D   973 0001:0001E58E   975 0001:0001E59B   976 0001:0001E5AC
   977 0001:0001E5BD   978 0001:0001E5CD   979 0001:0001E5E0   980 0001:0001E5E8
   982 0001:0001E5F9   983 0001:0001E609   984 0001:0001E60F   985 0001:0001E622
   986 0001:0001E628   989 0001:0001E63A   991 0001:0001E667   993 0001:0001E699
   997 0001:0001E6AB   998 0001:0001E6B6   999 0001:0001E6BC  1001 0001:0001E6CD
   969 0001:0001E6D0  1002 0001:0001E6D9  1007 0001:0001E950  1008 0001:0001E96C
  1010 0001:0001E98E  1012 0001:0001E9B8  1013 0001:0001E9EE  1015 0001:0001E9FB
  1016 0001:0001EA09  1017 0001:0001EA25  1019 0001:0001EA2E  1020 0001:0001EA3C
  1021 0001:0001EA4A  1023 0001:0001EA66  1025 0001:0001EA78  1029 0001:0001EA98
  1033 0001:0001EAAB  1008 0001:0001EAAE  1034 0001:0001EAB7  1041 0001:0001EAF4
  1042 0001:0001EB12  1043 0001:0001EB20  1044 0001:0001EB4C  1045 0001:0001EB55
  1046 0001:0001EB6E  1047 0001:0001EB8A  1048 0001:0001EBA6  1049 0001:0001EBF1
  1050 0001:0001EC03  1051 0001:0001EC15  1053 0001:0001EC2A  1054 0001:0001EC3B
  1055 0001:0001EC4E  1056 0001:0001EC67  1059 0001:0001EC77  1060 0001:0001EC85
  1062 0001:0001EC9A  1063 0001:0001ECBB  1064 0001:0001ECDC  1066 0001:0001ECE8
  1067 0001:0001ECF3  1068 0001:0001ECFE  1070 0001:0001ED03  1071 0001:0001ED24
  1072 0001:0001ED48  1073 0001:0001ED55  1074 0001:0001ED62  1075 0001:0001ED6F
  1076 0001:0001ED7C  1060 0001:0001ED7F  1077 0001:0001ED88  1080 0001:0001ED95
  1081 0001:0001ED9C  1089 0001:0001EE40  1090 0001:0001EE63  1092 0001:0001EE70
  1093 0001:0001EE90  1094 0001:0001EEA0  1095 0001:0001EEAE  1096 0001:0001EEC0
  1097 0001:0001EEC5  1098 0001:0001EECA  1099 0001:0001EEDF  1101 0001:0001EEF6
  1102 0001:0001EF07  1103 0001:0001EF29  1104 0001:0001EF2C  1105 0001:0001EF2F
  1106 0001:0001EF40  1107 0001:0001EF62  1108 0001:0001EF65  1109 0001:0001EF68
  1110 0001:0001EF84  1111 0001:0001EF87  1112 0001:0001EFA3  1113 0001:0001EFA6
  1099 0001:0001EFA9  1114 0001:0001EFB2  1116 0001:0001EFC6  1117 0001:0001EFD1
  1118 0001:0001EFDC  1124 0001:0001F024  1125 0001:0001F03B  1126 0001:0001F042
  1127 0001:0001F04A  1128 0001:0001F052  1129 0001:0001F062  1131 0001:0001F091
  1132 0001:0001F09C  1133 0001:0001F0A7  1134 0001:0001F0B2  1136 0001:0001F0B9
  1137 0001:0001F0E8  1139 0001:0001F10F  1140 0001:0001F121  1141 0001:0001F133
  1142 0001:0001F145  1144 0001:0001F159  1145 0001:0001F16D  1146 0001:0001F181
  1147 0001:0001F197  1149 0001:0001F1A1  1150 0001:0001F1AA  1134 0001:0001F1AD
  1151 0001:0001F1B7  1156 0001:0001F214  1157 0001:0001F21B  1159 0001:0001F22D
  1160 0001:0001F23B  1161 0001:0001F26A  1162 0001:0001F276  1163 0001:0001F282
  1164 0001:0001F28F  1166 0001:0001F29C  1167 0001:0001F2A7  1168 0001:0001F2B2
  1169 0001:0001F2BD  1171 0001:0001F2CA  1174 0001:0001F2DE  1175 0001:0001F2E3
  1157 0001:0001F2E6  1176 0001:0001F2F0  1181 0001:0001F2F8  1182 0001:0001F2FE
  1183 0001:0001F319  1182 0001:0001F32F  1184 0001:0001F334  1185 0001:0001F33F
  1186 0001:0001F34A  1187 0001:0001F351  1188 0001:0001F357  1190 0001:0001F35C
  1191 0001:0001F393  1192 0001:0001F3A1  1195 0001:0001F3AA  1196 0001:0001F3B1
  1197 0001:0001F3B8  1198 0001:0001F3C4  1193 0001:0001F3CB  1200 0001:0001F3D7
  1201 0001:0001F3E3  1204 0001:0001F3F7  1206 0001:0001F406  1210 0001:0001F454
  1212 0001:0001F472

Line numbers for VA508AccessibilityCompiler(VA508AccessibilityCompiler.pas) segment .itext

  1207 0002:00000578  1209 0002:00000590

Line numbers for VA508ImageListLabelerPE(VA508ImageListLabelerPE.pas) segment .text

    85 0001:000200E4    86 0001:000200E7    87 0001:00020102    88 0001:0002011D
    89 0001:00020138    90 0001:00020153    91 0001:00020163   103 0001:000201EC
   104 0001:00020207   106 0001:00020214   107 0001:00020230   108 0001:0002024C
   115 0001:0002026C   116 0001:00020275   117 0001:00020282   118 0001:00020291
   120 0001:0002029D   121 0001:000202B0   124 0001:000202C0   125 0001:000202C9
   126 0001:000202D1   129 0001:000202D8   130 0001:000202E9   132 0001:000202F5
   133 0001:00020313   135 0001:0002031D   136 0001:0002032B   139 0001:00020340
   140 0001:0002034C   141 0001:00020359   147 0001:00020360   148 0001:0002036F
   149 0001:00020379   150 0001:0002039B   151 0001:000203B2   160 0001:000203B8
   161 0001:000203C1   163 0001:000203CC   164 0001:000203E0   165 0001:000203EE
   167 0001:00020412   168 0001:0002042C   169 0001:00020440   170 0001:00020446
   171 0001:00020452   165 0001:00020455   173 0001:00020467   176 0001:00020483
   179 0001:0002048C   180 0001:00020495   181 0001:000204AF   182 0001:000204BD
   183 0001:000204CB   184 0001:000204D9   186 0001:000204DE   192 0001:000204E8
   193 0001:000204F1   194 0001:00020500   196 0001:00020506   197 0001:0002050F
   198 0001:0002051A   201 0001:00020525   202 0001:0002052A   203 0001:00020538
   204 0001:00020544   211 0001:00020548   212 0001:00020554   214 0001:00020564
   215 0001:0002056E   216 0001:00020582   217 0001:00020590   219 0001:0002059C
   220 0001:000205BA   221 0001:000205D0   224 0001:000205DA   225 0001:000205E6
   227 0001:000205F3   228 0001:000205FB   229 0001:00020607   230 0001:00020616
   231 0001:00020622   233 0001:00020631   235 0001:0002063E   236 0001:0002064C
   238 0001:00020673   239 0001:0002067E   240 0001:0002068F   239 0001:0002069D
   241 0001:000206A3   242 0001:000206B4   244 0001:000206C5   245 0001:000206DA
   246 0001:000206EF   247 0001:000206FD   248 0001:00020711   249 0001:00020725
   250 0001:00020730   251 0001:0002073B   252 0001:00020752   254 0001:00020769
   256 0001:00020787   257 0001:00020794   260 0001:000207B6   263 0001:000207D2
   272 0001:000207D8   273 0001:000207E8   274 0001:000207F7   276 0001:0002080E
   277 0001:00020819   279 0001:0002083E   281 0001:00020844   282 0001:0002085B
   285 0001:00020885   287 0001:0002089C   288 0001:000208AF   289 0001:000208C4
   290 0001:000208E0   291 0001:000208E6   294 0001:00020904   295 0001:00020910
   300 0001:00020918   301 0001:00020934   303 0001:00020968   306 0001:000209AC
   307 0001:000209B8   308 0001:000209C8   309 0001:000209D3   312 0001:000209D8
   313 0001:000209E7   314 0001:000209ED   316 0001:000209FC   317 0001:00020A0A
   320 0001:00020A50   321 0001:00020A59   322 0001:00020A60   332 0001:00020A68
   333 0001:00020A8B   334 0001:00020A9C   336 0001:00020AA2   338 0001:00020AA7
   339 0001:00020ABF   340 0001:00020AF5   336 0001:00020AF8   342 0001:00020AFE
   348 0001:00020B4C   349 0001:00020B6B   350 0001:00020B76   351 0001:00020B89
   352 0001:00020B8F   353 0001:00020BBB   356 0001:00020C00   357 0001:00020C07
   358 0001:00020C16   359 0001:00020C39   365 0001:00020C40   366 0001:00020C5F
   367 0001:00020C6A   368 0001:00020C7F   369 0001:00020C85   370 0001:00020C95
   371 0001:00020CA0   379 0001:00020CD8   380 0001:00020CE1   381 0001:00020CEE
   382 0001:00020CFD   384 0001:00020D0B   385 0001:00020D15   391 0001:00020D24
   392 0001:00020D31   393 0001:00020D47   394 0001:00020D53   397 0001:00020D6C
   398 0001:00020D73   399 0001:00020D82   400 0001:00020DA5

Line numbers for VA508ImageListLabelerPE(VA508ImageListLabelerPE.pas) segment .itext

   402 0002:000005A8

Line numbers for .VA508AccessXE3(VA508AccessXE3.dpk) segment .itext

    62 0002:000005B0

Bound resource files

D:\CPRS 31\OR_30_377V9_SRC\Packages\508\Source\VA508AccessibilityCompileInfo.dfm
D:\CPRS 31\OR_30_377V9_SRC\Packages\508\Source\VA508ImageListLabelerPE.dfm
VA508AccessXE3.res
Source\VA508AccessibilityManager.dcr
Source\VA508ImageListLabeler.dcr
VA508AccessXE3.drf


Program entry point at 0002:000005B0
