
 Start         Length     Name                   Class
 0001:00401000 00021810H .text                   CODE
 0002:00423000 000005C0H .itext                  ICODE
 0003:00424000 0000039CH .data                   DATA
 0004:00425000 000000A4H .bss                    BSS
 0005:00000000 00000000H .tls                    TLS
 0006:00400000 00000000H .pdata                  PDATA


Detailed map of segments

 0001:00000000 00000278 C=CODE     S=.text    G=(none)   M=System   ACBP=A9
 0001:00000278 000007D0 C=CODE     S=.text    G=(none)   M=SysInit  ACBP=A9
 0001:00000A48 00000160 C=CODE     S=.text    G=(none)   M=Winapi.Windows ACBP=A9
 0001:00000BA8 00000008 C=CODE     S=.text    G=(none)   M=System.Internal.ExcUtils ACBP=A9
 0001:00000BB0 00000108 C=CODE     S=.text    G=(none)   M=System.SysUtils ACBP=A9
 0001:00000CB8 00000008 C=CODE     S=.text    G=(none)   M=System.VarUtils ACBP=A9
 0001:00000CC0 00000020 C=CODE     S=.text    G=(none)   M=System.Variants ACBP=A9
 0001:00000CE0 00000014 C=CODE     S=.text    G=(none)   M=Winapi.ActiveX ACBP=A9
 0001:00000CF4 00000010 C=CODE     S=.text    G=(none)   M=System.StrUtils ACBP=A9
 0001:00000D04 00000008 C=CODE     S=.text    G=(none)   M=System.AnsiStrings ACBP=A9
 0001:00000D0C 00000008 C=CODE     S=.text    G=(none)   M=System.Math ACBP=A9
 0001:00000D14 00000008 C=CODE     S=.text    G=(none)   M=System.TimeSpan ACBP=A9
 0001:00000D1C 00000008 C=CODE     S=.text    G=(none)   M=System.SyncObjs ACBP=A9
 0001:00000D24 00000010 C=CODE     S=.text    G=(none)   M=System.Generics.Defaults ACBP=A9
 0001:00000D34 00000008 C=CODE     S=.text    G=(none)   M=System.Rtti ACBP=A9
 0001:00000D3C 00000040 C=CODE     S=.text    G=(none)   M=System.TypInfo ACBP=A9
 0001:00000D7C 00000278 C=CODE     S=.text    G=(none)   M=System.Classes ACBP=A9
 0001:00000FF4 00000018 C=CODE     S=.text    G=(none)   M=System.DateUtils ACBP=A9
 0001:0000100C 00000010 C=CODE     S=.text    G=(none)   M=System.IOUtils ACBP=A9
 0001:0000101C 00000008 C=CODE     S=.text    G=(none)   M=System.Win.Registry ACBP=A9
 0001:00001024 00000048 C=CODE     S=.text    G=(none)   M=Vcl.Graphics ACBP=A9
 0001:0000106C 00000018 C=CODE     S=.text    G=(none)   M=System.Contnrs ACBP=A9
 0001:00001084 00000008 C=CODE     S=.text    G=(none)   M=System.Actions ACBP=A9
 0001:0000108C 00000008 C=CODE     S=.text    G=(none)   M=Vcl.ActnList ACBP=A9
 0001:00001094 00000008 C=CODE     S=.text    G=(none)   M=System.HelpIntfs ACBP=A9
 0001:0000109C 00000008 C=CODE     S=.text    G=(none)   M=Winapi.UxTheme ACBP=A9
 0001:000010A4 00000008 C=CODE     S=.text    G=(none)   M=Vcl.GraphUtil ACBP=A9
 0001:000010AC 000000D8 C=CODE     S=.text    G=(none)   M=Vcl.StdCtrls ACBP=A9
 0001:00001184 00000008 C=CODE     S=.text    G=(none)   M=Vcl.Printers ACBP=A9
 0001:0000118C 00000008 C=CODE     S=.text    G=(none)   M=Vcl.Clipbrd ACBP=A9
 0001:00001194 00000128 C=CODE     S=.text    G=(none)   M=Vcl.ComCtrls ACBP=A9
 0001:000012BC 00000010 C=CODE     S=.text    G=(none)   M=Vcl.Dialogs ACBP=A9
 0001:000012CC 00000080 C=CODE     S=.text    G=(none)   M=Vcl.ExtCtrls ACBP=A9
 0001:0000134C 00000008 C=CODE     S=.text    G=(none)   M=Vcl.Themes ACBP=A9
 0001:00001354 00000008 C=CODE     S=.text    G=(none)   M=Winapi.FlatSB ACBP=A9
 0001:0000135C 000001A8 C=CODE     S=.text    G=(none)   M=Vcl.Forms ACBP=A9
 0001:00001504 00000030 C=CODE     S=.text    G=(none)   M=Vcl.ImgList ACBP=A9
 0001:00001534 00000008 C=CODE     S=.text    G=(none)   M=Vcl.Menus ACBP=A9
 0001:0000153C 00000028 C=CODE     S=.text    G=(none)   M=System.Win.ComObj ACBP=A9
 0001:00001564 000002B8 C=CODE     S=.text    G=(none)   M=Vcl.Controls ACBP=A9
 0001:0000181C 00000010 C=CODE     S=.text    G=(none)   M=DesignIntf ACBP=A9
 0001:0000182C 00000008 C=CODE     S=.text    G=(none)   M=IDEMessages ACBP=A9
 0001:00001834 00000008 C=CODE     S=.text    G=(none)   M=Vcl.CaptionedDockTree ACBP=A9
 0001:0000183C 00000008 C=CODE     S=.text    G=(none)   M=Vcl.DockTabSet ACBP=A9
 0001:00001844 00000008 C=CODE     S=.text    G=(none)   M=PercentageDockTree ACBP=A9
 0001:0000184C 00000010 C=CODE     S=.text    G=(none)   M=Vcl.Buttons ACBP=A9
 0001:0000185C 00000008 C=CODE     S=.text    G=(none)   M=Vcl.ExtDlgs ACBP=A9
 0001:00001864 00000008 C=CODE     S=.text    G=(none)   M=Winapi.Mapi ACBP=A9
 0001:0000186C 00000008 C=CODE     S=.text    G=(none)   M=Vcl.ExtActns ACBP=A9
 0001:00001874 00000008 C=CODE     S=.text    G=(none)   M=Vcl.ActnMenus ACBP=A9
 0001:0000187C 00000008 C=CODE     S=.text    G=(none)   M=Vcl.ActnMan ACBP=A9
 0001:00001884 00000008 C=CODE     S=.text    G=(none)   M=Vcl.PlatformDefaultStyleActnCtrls ACBP=A9
 0001:0000188C 00000008 C=CODE     S=.text    G=(none)   M=BaseDock ACBP=A9
 0001:00001894 00000008 C=CODE     S=.text    G=(none)   M=DeskUtil ACBP=A9
 0001:0000189C 00000008 C=CODE     S=.text    G=(none)   M=DeskForm ACBP=A9
 0001:000018A4 00000008 C=CODE     S=.text    G=(none)   M=DockForm ACBP=A9
 0001:000018AC 00000010 C=CODE     S=.text    G=(none)   M=Xml.Win.msxmldom ACBP=A9
 0001:000018BC 00000008 C=CODE     S=.text    G=(none)   M=Xml.xmldom ACBP=A9
 0001:000018C4 00000028 C=CODE     S=.text    G=(none)   M=ToolsAPI ACBP=A9
 0001:000018EC 00000008 C=CODE     S=.text    G=(none)   M=Proxies  ACBP=A9
 0001:000018F4 00000178 C=CODE     S=.text    G=(none)   M=DesignEditors ACBP=A9
 0001:00001A6C 00000030 C=CODE     S=.text    G=(none)   M=VAClasses ACBP=A9
 0001:00001A9C 00000068 C=CODE     S=.text    G=(none)   M=VAUtils  ACBP=A9
 0001:00001B04 00000114 C=CODE     S=.text    G=(none)   M=VA508AccessibilityConst ACBP=A9
 0001:00001C18 00000018 C=CODE     S=.text    G=(none)   M=HRParser ACBP=A9
 0001:00001C30 00000008 C=CODE     S=.text    G=(none)   M=HRParserPas ACBP=A9
 0001:00001C38 00000008 C=CODE     S=.text    G=(none)   M=Vcl.OleServer ACBP=A9
 0001:00001C40 000003A4 C=CODE     S=.text    G=(none)   M=oleacc2  ACBP=A9
 0001:00001FE4 00000008 C=CODE     S=.text    G=(none)   M=MSAAConstants ACBP=A9
 0001:00001FEC 000022A4 C=CODE     S=.text    G=(none)   M=VA508MSAASupport ACBP=A9
 0001:00004290 00000BE0 C=CODE     S=.text    G=(none)   M=VA508ScreenReaderDLLLinker ACBP=A9
 0001:00004E70 000025DC C=CODE     S=.text    G=(none)   M=VA508AccessibilityRouter ACBP=A9
 0001:0000744C 0000216C C=CODE     S=.text    G=(none)   M=VA508ImageListLabeler ACBP=A9
 0001:000095B8 000026D0 C=CODE     S=.text    G=(none)   M=VA508Classes ACBP=A9
 0001:0000BC88 00000018 C=CODE     S=.text    G=(none)   M=Vcl.CheckLst ACBP=A9
 0001:0000BCA0 00000020 C=CODE     S=.text    G=(none)   M=Vcl.Grids ACBP=A9
 0001:0000BCC0 00000008 C=CODE     S=.text    G=(none)   M=Data.SqlTimSt ACBP=A9
 0001:0000BCC8 00000008 C=CODE     S=.text    G=(none)   M=Data.FmtBcd ACBP=A9
 0001:0000BCD0 00000008 C=CODE     S=.text    G=(none)   M=Data.DB  ACBP=A9
 0001:0000BCD8 00000008 C=CODE     S=.text    G=(none)   M=Vcl.DBLogDlg ACBP=A9
 0001:0000BCE0 00000008 C=CODE     S=.text    G=(none)   M=Vcl.DBPWDlg ACBP=A9
 0001:0000BCE8 00000028 C=CODE     S=.text    G=(none)   M=Vcl.DBCtrls ACBP=A9
 0001:0000BD10 00000010 C=CODE     S=.text    G=(none)   M=Vcl.DBGrids ACBP=A9
 0001:0000BD20 00001CE0 C=CODE     S=.text    G=(none)   M=VA508DelphiCompatibility ACBP=A9
 0001:0000DA00 0000AB20 C=CODE     S=.text    G=(none)   M=VA508AccessibilityManager ACBP=A9
 0001:00018520 00000A1C C=CODE     S=.text    G=(none)   M=VA508AccessibilityCompileInfo ACBP=A9
 0001:00018F3C 00000008 C=CODE     S=.text    G=(none)   M=Vcl.AxCtrls ACBP=A9
 0001:00018F44 00000008 C=CODE     S=.text    G=(none)   M=Vcl.AppEvnts ACBP=A9
 0001:00018F4C 00000008 C=CODE     S=.text    G=(none)   M=TreeIntf ACBP=A9
 0001:00018F54 00000008 C=CODE     S=.text    G=(none)   M=TopLevels ACBP=A9
 0001:00018F5C 00000008 C=CODE     S=.text    G=(none)   M=StFilSys ACBP=A9
 0001:00018F64 00000008 C=CODE     S=.text    G=(none)   M=IDEHelp  ACBP=A9
 0001:00018F6C 00000008 C=CODE     S=.text    G=(none)   M=ComponentDesigner ACBP=A9
 0001:00018F74 00000008 C=CODE     S=.text    G=(none)   M=VCLEditors ACBP=A9
 0001:00018F7C 00000048 C=CODE     S=.text    G=(none)   M=DesignWindows ACBP=A9
 0001:00018FC4 00000010 C=CODE     S=.text    G=(none)   M=ToolWnds ACBP=A9
 0001:00018FD4 00000058 C=CODE     S=.text    G=(none)   M=ColnEdit ACBP=A9
 0001:0001902C 00002498 C=CODE     S=.text    G=(none)   M=VA508AccessibilityPE ACBP=A9
 0001:0001B4C4 00003EB4 C=CODE     S=.text    G=(none)   M=VA508AccessibilityCompiler ACBP=A9
 0001:0001F378 00001920 C=CODE     S=.text    G=(none)   M=VA508ImageListLabelerPE ACBP=A9
 0001:00020C98 00000B78 C=CODE     S=.text    G=(none)   M=.VA508AccessXE5 ACBP=A9
 0002:00000000 00000008 C=ICODE    S=.itext   G=(none)   M=System   ACBP=A9
 0002:00000008 00000008 C=ICODE    S=.itext   G=(none)   M=SysInit  ACBP=A9
 0002:00000010 00000018 C=ICODE    S=.itext   G=(none)   M=Winapi.Windows ACBP=A9
 0002:00000028 00000008 C=ICODE    S=.itext   G=(none)   M=System.Internal.ExcUtils ACBP=A9
 0002:00000030 00000028 C=ICODE    S=.itext   G=(none)   M=System.SysUtils ACBP=A9
 0002:00000058 00000008 C=ICODE    S=.itext   G=(none)   M=System.VarUtils ACBP=A9
 0002:00000060 00000008 C=ICODE    S=.itext   G=(none)   M=System.Variants ACBP=A9
 0002:00000068 00000008 C=ICODE    S=.itext   G=(none)   M=System.AnsiStrings ACBP=A9
 0002:00000070 00000008 C=ICODE    S=.itext   G=(none)   M=System.Math ACBP=A9
 0002:00000078 00000008 C=ICODE    S=.itext   G=(none)   M=System.TimeSpan ACBP=A9
 0002:00000080 00000008 C=ICODE    S=.itext   G=(none)   M=System.SyncObjs ACBP=A9
 0002:00000088 00000010 C=ICODE    S=.itext   G=(none)   M=System.Generics.Defaults ACBP=A9
 0002:00000098 00000008 C=ICODE    S=.itext   G=(none)   M=System.Rtti ACBP=A9
 0002:000000A0 00000008 C=ICODE    S=.itext   G=(none)   M=System.TypInfo ACBP=A9
 0002:000000A8 00000030 C=ICODE    S=.itext   G=(none)   M=System.Classes ACBP=A9
 0002:000000D8 00000008 C=ICODE    S=.itext   G=(none)   M=System.DateUtils ACBP=A9
 0002:000000E0 00000010 C=ICODE    S=.itext   G=(none)   M=System.IOUtils ACBP=A9
 0002:000000F0 00000008 C=ICODE    S=.itext   G=(none)   M=System.Win.Registry ACBP=A9
 0002:000000F8 00000008 C=ICODE    S=.itext   G=(none)   M=Vcl.Graphics ACBP=A9
 0002:00000100 00000008 C=ICODE    S=.itext   G=(none)   M=System.Actions ACBP=A9
 0002:00000108 00000008 C=ICODE    S=.itext   G=(none)   M=Vcl.ActnList ACBP=A9
 0002:00000110 00000008 C=ICODE    S=.itext   G=(none)   M=System.HelpIntfs ACBP=A9
 0002:00000118 00000008 C=ICODE    S=.itext   G=(none)   M=Winapi.UxTheme ACBP=A9
 0002:00000120 00000008 C=ICODE    S=.itext   G=(none)   M=Vcl.GraphUtil ACBP=A9
 0002:00000128 00000090 C=ICODE    S=.itext   G=(none)   M=Vcl.StdCtrls ACBP=A9
 0002:000001B8 00000008 C=ICODE    S=.itext   G=(none)   M=Vcl.Printers ACBP=A9
 0002:000001C0 00000008 C=ICODE    S=.itext   G=(none)   M=Vcl.Clipbrd ACBP=A9
 0002:000001C8 000000C8 C=ICODE    S=.itext   G=(none)   M=Vcl.ComCtrls ACBP=A9
 0002:00000290 00000008 C=ICODE    S=.itext   G=(none)   M=Vcl.Dialogs ACBP=A9
 0002:00000298 00000028 C=ICODE    S=.itext   G=(none)   M=Vcl.ExtCtrls ACBP=A9
 0002:000002C0 00000008 C=ICODE    S=.itext   G=(none)   M=Vcl.Themes ACBP=A9
 0002:000002C8 00000008 C=ICODE    S=.itext   G=(none)   M=Winapi.FlatSB ACBP=A9
 0002:000002D0 00000020 C=ICODE    S=.itext   G=(none)   M=Vcl.Forms ACBP=A9
 0002:000002F0 00000008 C=ICODE    S=.itext   G=(none)   M=Vcl.Menus ACBP=A9
 0002:000002F8 00000010 C=ICODE    S=.itext   G=(none)   M=System.Win.ComObj ACBP=A9
 0002:00000308 00000008 C=ICODE    S=.itext   G=(none)   M=Vcl.Controls ACBP=A9
 0002:00000310 00000008 C=ICODE    S=.itext   G=(none)   M=IDEMessages ACBP=A9
 0002:00000318 00000008 C=ICODE    S=.itext   G=(none)   M=Vcl.CaptionedDockTree ACBP=A9
 0002:00000320 00000008 C=ICODE    S=.itext   G=(none)   M=Vcl.DockTabSet ACBP=A9
 0002:00000328 00000008 C=ICODE    S=.itext   G=(none)   M=PercentageDockTree ACBP=A9
 0002:00000330 00000010 C=ICODE    S=.itext   G=(none)   M=Vcl.Buttons ACBP=A9
 0002:00000340 00000008 C=ICODE    S=.itext   G=(none)   M=Vcl.ExtDlgs ACBP=A9
 0002:00000348 00000008 C=ICODE    S=.itext   G=(none)   M=Winapi.Mapi ACBP=A9
 0002:00000350 00000008 C=ICODE    S=.itext   G=(none)   M=Vcl.ExtActns ACBP=A9
 0002:00000358 00000008 C=ICODE    S=.itext   G=(none)   M=Vcl.ActnMenus ACBP=A9
 0002:00000360 00000008 C=ICODE    S=.itext   G=(none)   M=Vcl.ActnMan ACBP=A9
 0002:00000368 00000008 C=ICODE    S=.itext   G=(none)   M=Vcl.PlatformDefaultStyleActnCtrls ACBP=A9
 0002:00000370 00000008 C=ICODE    S=.itext   G=(none)   M=BaseDock ACBP=A9
 0002:00000378 00000008 C=ICODE    S=.itext   G=(none)   M=DeskUtil ACBP=A9
 0002:00000380 00000008 C=ICODE    S=.itext   G=(none)   M=DeskForm ACBP=A9
 0002:00000388 00000008 C=ICODE    S=.itext   G=(none)   M=DockForm ACBP=A9
 0002:00000390 00000010 C=ICODE    S=.itext   G=(none)   M=Xml.Win.msxmldom ACBP=A9
 0002:000003A0 00000008 C=ICODE    S=.itext   G=(none)   M=Xml.xmldom ACBP=A9
 0002:000003A8 00000008 C=ICODE    S=.itext   G=(none)   M=ToolsAPI ACBP=A9
 0002:000003B0 00000008 C=ICODE    S=.itext   G=(none)   M=Proxies  ACBP=A9
 0002:000003B8 00000008 C=ICODE    S=.itext   G=(none)   M=DesignEditors ACBP=A9
 0002:000003C0 00000008 C=ICODE    S=.itext   G=(none)   M=VAUtils  ACBP=A9
 0002:000003C8 00000008 C=ICODE    S=.itext   G=(none)   M=VA508AccessibilityConst ACBP=A9
 0002:000003D0 00000008 C=ICODE    S=.itext   G=(none)   M=Vcl.OleServer ACBP=A9
 0002:000003D8 00000008 C=ICODE    S=.itext   G=(none)   M=oleacc2  ACBP=A9
 0002:000003E0 00000008 C=ICODE    S=.itext   G=(none)   M=MSAAConstants ACBP=A9
 0002:000003E8 00000018 C=ICODE    S=.itext   G=(none)   M=VA508MSAASupport ACBP=A9
 0002:00000400 0000000C C=ICODE    S=.itext   G=(none)   M=VA508ScreenReaderDLLLinker ACBP=A9
 0002:0000040C 00000028 C=ICODE    S=.itext   G=(none)   M=VA508AccessibilityRouter ACBP=A9
 0002:00000434 00000008 C=ICODE    S=.itext   G=(none)   M=VA508ImageListLabeler ACBP=A9
 0002:0000043C 00000008 C=ICODE    S=.itext   G=(none)   M=VA508Classes ACBP=A9
 0002:00000444 00000008 C=ICODE    S=.itext   G=(none)   M=Vcl.CheckLst ACBP=A9
 0002:0000044C 00000020 C=ICODE    S=.itext   G=(none)   M=Vcl.Grids ACBP=A9
 0002:0000046C 00000008 C=ICODE    S=.itext   G=(none)   M=Data.SqlTimSt ACBP=A9
 0002:00000474 00000008 C=ICODE    S=.itext   G=(none)   M=Data.FmtBcd ACBP=A9
 0002:0000047C 00000008 C=ICODE    S=.itext   G=(none)   M=Data.DB  ACBP=A9
 0002:00000484 00000008 C=ICODE    S=.itext   G=(none)   M=Vcl.DBLogDlg ACBP=A9
 0002:0000048C 00000008 C=ICODE    S=.itext   G=(none)   M=Vcl.DBPWDlg ACBP=A9
 0002:00000494 00000028 C=ICODE    S=.itext   G=(none)   M=Vcl.DBCtrls ACBP=A9
 0002:000004BC 00000010 C=ICODE    S=.itext   G=(none)   M=Vcl.DBGrids ACBP=A9
 0002:000004CC 00000014 C=ICODE    S=.itext   G=(none)   M=VA508DelphiCompatibility ACBP=A9
 0002:000004E0 00000018 C=ICODE    S=.itext   G=(none)   M=VA508AccessibilityManager ACBP=A9
 0002:000004F8 00000030 C=ICODE    S=.itext   G=(none)   M=VA508AccessibilityCompileInfo ACBP=A9
 0002:00000528 00000008 C=ICODE    S=.itext   G=(none)   M=Vcl.AxCtrls ACBP=A9
 0002:00000530 00000008 C=ICODE    S=.itext   G=(none)   M=Vcl.AppEvnts ACBP=A9
 0002:00000538 00000008 C=ICODE    S=.itext   G=(none)   M=TreeIntf ACBP=A9
 0002:00000540 00000008 C=ICODE    S=.itext   G=(none)   M=TopLevels ACBP=A9
 0002:00000548 00000008 C=ICODE    S=.itext   G=(none)   M=StFilSys ACBP=A9
 0002:00000550 00000008 C=ICODE    S=.itext   G=(none)   M=IDEHelp  ACBP=A9
 0002:00000558 00000008 C=ICODE    S=.itext   G=(none)   M=ComponentDesigner ACBP=A9
 0002:00000560 00000008 C=ICODE    S=.itext   G=(none)   M=VCLEditors ACBP=A9
 0002:00000568 00000008 C=ICODE    S=.itext   G=(none)   M=ToolWnds ACBP=A9
 0002:00000570 00000008 C=ICODE    S=.itext   G=(none)   M=ColnEdit ACBP=A9
 0002:00000578 00000008 C=ICODE    S=.itext   G=(none)   M=VA508AccessibilityPE ACBP=A9
 0002:00000580 00000030 C=ICODE    S=.itext   G=(none)   M=VA508AccessibilityCompiler ACBP=A9
 0002:000005B0 00000008 C=ICODE    S=.itext   G=(none)   M=VA508ImageListLabelerPE ACBP=A9
 0002:000005B8 00000008 C=ICODE    S=.itext   G=(none)   M=.VA508AccessXE5 ACBP=A9
 0003:00000000 00000088 C=DATA     S=.data    G=DGROUP   M=SysInit  ACBP=A9
 0003:00000088 0000000C C=DATA     S=.data    G=DGROUP   M=Winapi.Windows ACBP=A9
 0003:00000094 00000070 C=DATA     S=.data    G=DGROUP   M=oleacc2  ACBP=A9
 0003:00000104 00000180 C=DATA     S=.data    G=DGROUP   M=MSAAConstants ACBP=A9
 0003:00000284 00000018 C=DATA     S=.data    G=DGROUP   M=VA508MSAASupport ACBP=A9
 0003:0000029C 00000028 C=DATA     S=.data    G=DGROUP   M=VA508ScreenReaderDLLLinker ACBP=A9
 0003:000002C4 00000018 C=DATA     S=.data    G=DGROUP   M=VA508AccessibilityRouter ACBP=A9
 0003:000002DC 00000064 C=DATA     S=.data    G=DGROUP   M=VA508AccessibilityManager ACBP=A9
 0003:00000340 00000004 C=DATA     S=.data    G=DGROUP   M=VA508AccessibilityCompileInfo ACBP=A9
 0003:00000344 00000008 C=DATA     S=.data    G=DGROUP   M=VA508AccessibilityCompiler ACBP=A9
 0004:00000000 00000020 C=BSS      S=.bss     G=DGROUP   M=SysInit  ACBP=A9
 0004:00000020 00000008 C=BSS      S=.bss     G=DGROUP   M=Winapi.Windows ACBP=A9
 0004:00000028 00000004 C=BSS      S=.bss     G=DGROUP   M=VA508AccessibilityConst ACBP=A9
 0004:0000002C 00000004 C=BSS      S=.bss     G=DGROUP   M=oleacc2  ACBP=A9
 0004:00000030 00000004 C=BSS      S=.bss     G=DGROUP   M=MSAAConstants ACBP=A9
 0004:00000034 00000018 C=BSS      S=.bss     G=DGROUP   M=VA508MSAASupport ACBP=A9
 0004:0000004C 00000004 C=BSS      S=.bss     G=DGROUP   M=VA508ScreenReaderDLLLinker ACBP=A9
 0004:00000050 00000004 C=BSS      S=.bss     G=DGROUP   M=VA508AccessibilityRouter ACBP=A9
 0004:00000054 00000004 C=BSS      S=.bss     G=DGROUP   M=VA508ImageListLabeler ACBP=A9
 0004:00000058 00000004 C=BSS      S=.bss     G=DGROUP   M=VA508Classes ACBP=A9
 0004:0000005C 00000004 C=BSS      S=.bss     G=DGROUP   M=VA508DelphiCompatibility ACBP=A9
 0004:00000060 0000000C C=BSS      S=.bss     G=DGROUP   M=VA508AccessibilityManager ACBP=A9
 0004:0000006C 00000024 C=BSS      S=.bss     G=DGROUP   M=VA508AccessibilityCompileInfo ACBP=A9
 0004:00000090 00000004 C=BSS      S=.bss     G=DGROUP   M=VA508AccessibilityPE ACBP=A9
 0004:00000094 0000000C C=BSS      S=.bss     G=DGROUP   M=VA508AccessibilityCompiler ACBP=A9
 0004:000000A0 00000004 C=BSS      S=.bss     G=DGROUP   M=VA508ImageListLabelerPE ACBP=A9


  Address             Publics by Name

 0002:000005B8       .VA508AccessXE5..VA508AccessXE5
 0001:000217F0       .VA508AccessXE5.@GetPackageInfoTable
 0001:000217F8       .VA508AccessXE5.@PackageLoad
 0001:00021804       .VA508AccessXE5.@PackageUnload
 0002:00000370       BaseDock.BaseDock
 0001:0000188C       BaseDock.Finalization
 0002:00000570       ColnEdit.ColnEdit
 0001:00019024       ColnEdit.Finalization
 0001:00018FD4       ColnEdit.ShowCollectionEditorClass
 0001:0001901C       ColnEdit.TCollectionEditor.CanAdd
 0001:00019004       ColnEdit.TCollectionEditor.DesignerClosed
 0001:00018FFC       ColnEdit.TCollectionEditor.ItemDeleted
 0001:0001900C       ColnEdit.TCollectionEditor.ItemsModified
 0001:00019014       ColnEdit.TCollectionEditor.SelectionChanged
 0001:00018FDC       ColnEdit.TCollectionProperty.Edit
 0001:00018FE4       ColnEdit.TCollectionProperty.GetAttributes
 0001:00018FF4       ColnEdit.TCollectionProperty.GetColOptions
 0001:00018FEC       ColnEdit.TCollectionProperty.GetEditorClass
 0002:00000558       ComponentDesigner.ComponentDesigner
 0001:00018F6C       ComponentDesigner.Finalization
 0002:0000047C       Data.DB.Data.DB
 0001:0000BCD0       Data.DB.Finalization
 0002:00000474       Data.FmtBcd.Data.FmtBcd
 0001:0000BCC8       Data.FmtBcd.Finalization
 0002:0000046C       Data.SqlTimSt.Data.SqlTimSt
 0001:0000BCC0       Data.SqlTimSt.Finalization
 0002:000003B8       DesignEditors.DesignEditors
 0001:00001A64       DesignEditors.Finalization
 0001:000019CC       DesignEditors.TClassProperty.GetProperties
 0001:000019D4       DesignEditors.TClassProperty.GetValue
 0001:00001A54       DesignEditors.TComponentEditor.Copy
 0001:00001A34       DesignEditors.TComponentEditor.Create
 0001:00001A4C       DesignEditors.TComponentEditor.ExecuteVerb
 0001:00001A3C       DesignEditors.TComponentEditor.GetDesigner
 0001:00001A44       DesignEditors.TComponentEditor.GetVerb
 0001:00001A5C       DesignEditors.TComponentEditor.PrepareItem
 0001:00001A1C       DesignEditors.TComponentProperty.AllEqual
 0001:000019DC       DesignEditors.TComponentProperty.Edit
 0001:000019E4       DesignEditors.TComponentProperty.GetAttributes
 0001:00001A24       DesignEditors.TComponentProperty.GetComponentReference
 0001:000019FC       DesignEditors.TComponentProperty.GetEditLimit
 0001:000019F4       DesignEditors.TComponentProperty.GetProperties
 0001:000019EC       DesignEditors.TComponentProperty.GetSelections
 0001:00001A04       DesignEditors.TComponentProperty.GetValue
 0001:00001A0C       DesignEditors.TComponentProperty.GetValues
 0001:00001A14       DesignEditors.TComponentProperty.SetValue
 0001:00001A2C       DesignEditors.TComponentProperty.ShowReferenceProperty
 0001:000019BC       DesignEditors.TNestedProperty.Create
 0001:000019C4       DesignEditors.TNestedProperty.Destroy
 0001:00001904       DesignEditors.TPropertyEditor.Activate
 0001:0000190C       DesignEditors.TPropertyEditor.AllEqual
 0001:0000191C       DesignEditors.TPropertyEditor.AutoFill
 0001:000018F4       DesignEditors.TPropertyEditor.Create
 0001:000018FC       DesignEditors.TPropertyEditor.Destroy
 0001:00001914       DesignEditors.TPropertyEditor.Edit
 0001:00001924       DesignEditors.TPropertyEditor.GetAttributes
 0001:0000192C       DesignEditors.TPropertyEditor.GetComponent
 0001:00001934       DesignEditors.TPropertyEditor.GetEditLimit
 0001:00001994       DesignEditors.TPropertyEditor.GetIsDefault
 0001:0000193C       DesignEditors.TPropertyEditor.GetName
 0001:00001944       DesignEditors.TPropertyEditor.GetProperties
 0001:0000194C       DesignEditors.TPropertyEditor.GetPropInfo
 0001:00001954       DesignEditors.TPropertyEditor.GetPropType
 0001:00001964       DesignEditors.TPropertyEditor.GetValues
 0001:0000195C       DesignEditors.TPropertyEditor.GetValueW
 0001:0000196C       DesignEditors.TPropertyEditor.Initialize
 0001:00001974       DesignEditors.TPropertyEditor.Modified
 0001:0000197C       DesignEditors.TPropertyEditor.SetPropEntry
 0001:00001984       DesignEditors.TPropertyEditor.SetValue
 0001:0000198C       DesignEditors.TPropertyEditor.SetValue
 0001:0000199C       DesignEditors.TStringProperty.AllEqual
 0001:000019A4       DesignEditors.TStringProperty.GetEditLimit
 0001:000019AC       DesignEditors.TStringProperty.GetValue
 0001:000019B4       DesignEditors.TStringProperty.SetValue
 0001:0000181C       DesignIntf.RegisterComponentEditor
 0001:00001824       DesignIntf.RegisterPropertyEditor
 0001:00018F7C       DesignWindows.TDesignWindow.Create
 0001:00018FB4       DesignWindows.TDesignWindow.DesignerOpened
 0001:00018F84       DesignWindows.TDesignWindow.Destroy
 0001:00018F94       DesignWindows.TDesignWindow.EditAction
 0001:00018F8C       DesignWindows.TDesignWindow.GetEditState
 0001:00018FAC       DesignWindows.TDesignWindow.ItemInserted
 0001:00018FBC       DesignWindows.TDesignWindow.UniqueName
 0001:00018F9C       DesignWindows.TDesignWindow.WindowHide
 0001:00018FA4       DesignWindows.TDesignWindow.WindowShow
 0002:00000380       DeskForm.DeskForm
 0001:0000189C       DeskForm.Finalization
 0002:00000378       DeskUtil.DeskUtil
 0001:00001894       DeskUtil.Finalization
 0002:00000388       DockForm.DockForm
 0001:000018A4       DockForm.Finalization
 0001:00001C18       HRParser.THRParser.GetSource
 0001:00001C28       HRParser.THRParser.NextToken
 0001:00001C20       HRParser.THRParser.SetSource
 0001:00001C30       HRParserPas.THRParserPas.Create
 0001:00018F64       IDEHelp.Finalization
 0002:00000550       IDEHelp.IDEHelp
 0001:0000182C       IDEMessages.Finalization
 0002:00000310       IDEMessages.IDEMessages
 0004:00000030       MSAAConstants..1
 0001:00001FE4       MSAAConstants.Finalization
 0002:000003E0       MSAAConstants.MSAAConstants
 0003:00000124       MSAAConstants.PROPID_ACC_DESCRIPTION
 0003:00000264       MSAAConstants.PROPID_ACC_DESCRIPTIONMAP
 0003:00000274       MSAAConstants.PROPID_ACC_DODEFAULTACTION
 0003:00000184       MSAAConstants.PROPID_ACC_FOCUS
 0003:00000154       MSAAConstants.PROPID_ACC_HELP
 0003:00000174       MSAAConstants.PROPID_ACC_HELPTOPIC
 0003:00000164       MSAAConstants.PROPID_ACC_KEYBOARDSHORTCUT
 0003:00000104       MSAAConstants.PROPID_ACC_NAME
 0003:000001C4       MSAAConstants.PROPID_ACC_NAV_DOWN
 0003:00000214       MSAAConstants.PROPID_ACC_NAV_FIRSTCHILD
 0003:00000224       MSAAConstants.PROPID_ACC_NAV_LASTCHILD
 0003:000001D4       MSAAConstants.PROPID_ACC_NAV_LEFT
 0003:00000204       MSAAConstants.PROPID_ACC_NAV_NEXT
 0003:000001F4       MSAAConstants.PROPID_ACC_NAV_PREV
 0003:000001E4       MSAAConstants.PROPID_ACC_NAV_RIGHT
 0003:000001B4       MSAAConstants.PROPID_ACC_NAV_UP
 0003:000001A4       MSAAConstants.PROPID_ACC_PARENT
 0003:00000134       MSAAConstants.PROPID_ACC_ROLE
 0003:00000234       MSAAConstants.PROPID_ACC_ROLEMAP
 0003:00000194       MSAAConstants.PROPID_ACC_SELECTION
 0003:00000144       MSAAConstants.PROPID_ACC_STATE
 0003:00000254       MSAAConstants.PROPID_ACC_STATEMAP
 0003:00000114       MSAAConstants.PROPID_ACC_VALUE
 0003:00000244       MSAAConstants.PROPID_ACC_VALUEMAP
 0004:0000002C       oleacc2..2
 0001:00001DAC       oleacc2..CoCAccPropServices
 0003:000000F4       oleacc2.CLASS_CAccPropServices
 0001:00001EE0       oleacc2.CoCAccPropServices.Create
 0001:00001F50       oleacc2.CoCAccPropServices.CreateRemote
 0001:00001FDC       oleacc2.Finalization
 0003:000000A4       oleacc2.IID_IAccessible
 0003:000000B4       oleacc2.IID_IAccessibleHandler
 0003:000000C4       oleacc2.IID_IAccIdentity
 0003:000000D4       oleacc2.IID_IAccPropServer
 0003:000000E4       oleacc2.IID_IAccPropServices
 0003:00000094       oleacc2.LIBID_Accessibility
 0002:000003D8       oleacc2.oleacc2
 0001:00001844       PercentageDockTree.Finalization
 0002:00000328       PercentageDockTree.PercentageDockTree
 0001:000018EC       Proxies.Finalization
 0002:000003B0       Proxies.Proxies
 0001:00018F5C       StFilSys.Finalization
 0002:00000548       StFilSys.StFilSys
 0001:00000920       SysInit...
 0001:00000970       SysInit...
 0001:00000A28       SysInit...
 0001:00000A18       SysInit...
 0001:00000984       SysInit...
 0001:000009F4       SysInit...
 0001:000009B4       SysInit...
 0001:000009CC       SysInit...
 0001:00000950       SysInit...
 0001:00000960       SysInit...
 0001:00000940       SysInit...
 0003:00000034       SysInit...
 0001:00000930       SysInit...
 0004:00000018       SysInit..1
 0001:000003F4       SysInit.@InitPkg
 0001:00000458       SysInit.@PackageLoad
 0001:00000464       SysInit.@PackageUnload
 0001:00000470       SysInit.@_delayLoadHelper2
 0001:00000750       SysInit.@_FUnloadDelayLoadedDLL2
 0001:00000860       SysInit.@_HrLoadAllImportsForDll
 0004:00000014       SysInit.@_pfnDliFailureHook2
 0004:00000010       SysInit.@_pfnDliNotifyHook2
 0001:000002E4       SysInit.AllocTlsBuffer
 0004:0000000C       SysInit.DllProc
 0001:000003A0       SysInit.ExitProcessTLS
 0001:00000368       SysInit.ExitThreadTLS
 0001:00000A38       SysInit.Finalization
 0001:0000028C       SysInit.FreeLibrary
 0001:000002C4       SysInit.GetLastError
 0001:000002DC       SysInit.GetProcAddress
 0001:000002F0       SysInit.GetTlsSize
 0004:00000004       SysInit.HInstance
 0001:000003C4       SysInit.InitializeModule
 0001:0000033C       SysInit.InitProcessTLS
 0001:000002F8       SysInit.InitThreadTLS
 0001:00000278       SysInit.InterlockedExchange
 0001:000002CC       SysInit.LoadLibraryA
 0001:00000294       SysInit.LocalAlloc
 0001:0000029C       SysInit.LocalFree
 0003:00000008       SysInit.Module
 0004:00000000       SysInit.ModuleIsLib
 0004:00000001       SysInit.ModuleIsPackage
 0003:00000004       SysInit.PtrToNil
 0001:000002D4       SysInit.RaiseException
 0001:00000918       SysInit.ShutdownDelayHelp2
 0002:00000008       SysInit.SysInit
 0001:000002A4       SysInit.TlsAlloc
 0004:0000001C       SysInit.tlsBuffer
 0001:000002AC       SysInit.TlsFree
 0001:000002B4       SysInit.TlsGetValue
 0003:00000000       SysInit.TlsIndex
 0005:00000000       SysInit.TlsLast
 0003:00000024       SysInit.TlsProc
 0001:000002BC       SysInit.TlsSetValue
 0001:000003D0       SysInit.UninitializeModule
 0004:FFFDB000       SysInit.__ImageBase
 0001:00000018       System.@AbstractError
 0001:00000208       System.@AddRefArray
 0001:000000D0       System.@AfterConstruction
 0001:000000D8       System.@BeforeDestruction
 0001:00000078       System.@CallDynaInst
 0001:000000C0       System.@ClassCreate
 0001:000000C8       System.@ClassDestroy
 0001:00000210       System.@CopyRecord
 0001:00000100       System.@DoneExcept
 0001:00000200       System.@FinalizeArray
 0001:000001F8       System.@FinalizeRecord
 0001:00000008       System.@FreeMem
 0001:00000000       System.@GetMem
 0001:000000E0       System.@HandleAnyException
 0001:000000F0       System.@HandleFinally
 0001:000000E8       System.@HandleOnException
 0001:000001F0       System.@InitializeRecord
 0001:00000120       System.@InitImports
 0001:00000238       System.@IntfCast
 0001:00000228       System.@IntfClear
 0001:00000230       System.@IntfCopy
 0001:00000070       System.@IsClass
 0001:00000138       System.@LStrClr
 0001:00000178       System.@LStrFromPWChar
 0001:00000180       System.@LStrToPChar
 0001:00000110       System.@PackageLoad
 0001:00000118       System.@PackageUnload
 0001:000000F8       System.@RaiseExcept
 0001:00000128       System.@RunError
 0001:00000108       System.@TryFinallyExit
 0001:00000170       System.@UniqueStringU
 0001:00000150       System.@UStrAddRef
 0001:00000148       System.@UStrArrayClr
 0001:00000158       System.@UStrAsg
 0001:000001B0       System.@UStrCat
 0001:000001B8       System.@UStrCat3
 0001:000001C0       System.@UStrCatN
 0001:00000130       System.@UStrClr
 0001:000001D0       System.@UStrCopy
 0001:000001D8       System.@UStrDelete
 0001:000001C8       System.@UStrEqual
 0001:00000190       System.@UStrFromPWChar
 0001:000001A0       System.@UStrFromString
 0001:00000160       System.@UStrLAsg
 0001:00000168       System.@UStrLen
 0001:000001A8       System.@UStrSetLength
 0001:00000188       System.@UStrToPWChar
 0001:00000140       System.@WStrClr
 0001:00000198       System.@WStrFromUStr
 0001:00000270       System.Finalization
 0001:00000010       System.ParamStr
 0001:000001E0       System.Pos
 0001:00000218       System.RegisterModule
 0001:000001E8       System.StringOfChar
 0002:00000000       System.System
 0001:00000240       System.TInterfacedObject.AfterConstruction
 0001:00000248       System.TInterfacedObject.BeforeDestruction
 0001:00000250       System.TInterfacedObject.NewInstance
 0001:00000258       System.TInterfacedObject.QueryInterface
 0001:00000260       System.TInterfacedObject._AddRef
 0001:00000268       System.TInterfacedObject._Release
 0001:000000A8       System.TObject.AfterConstruction
 0001:000000B0       System.TObject.BeforeDestruction
 0001:00000088       System.TObject.ClassInfo
 0001:00000028       System.TObject.ClassName
 0001:00000030       System.TObject.ClassNameIs
 0001:00000020       System.TObject.ClassType
 0001:00000048       System.TObject.Create
 0001:000000A0       System.TObject.DefaultHandler
 0001:00000050       System.TObject.Destroy
 0001:000000B8       System.TObject.Dispatch
 0001:00000060       System.TObject.Equals
 0001:00000058       System.TObject.Free
 0001:00000040       System.TObject.FreeInstance
 0001:00000068       System.TObject.GetHashCode
 0001:00000080       System.TObject.InheritsFrom
 0001:00000038       System.TObject.NewInstance
 0001:00000090       System.TObject.SafeCallException
 0001:00000098       System.TObject.ToString
 0001:00000220       System.UnregisterModule
 0001:00001084       System.Actions.Finalization
 0002:00000100       System.Actions.System.Actions
 0001:00000D04       System.AnsiStrings.Finalization
 0002:00000068       System.AnsiStrings.System.AnsiStrings
 0001:00000FEC       System.Classes.Finalization
 0001:00000D84       System.Classes.RegisterComponents
 0002:000000D0       System.Classes.System.Classes
 0002:000000B0       System.Classes.TBinaryWriter.Create@
 0001:00000FD4       System.Classes.TBinaryWriter.Destroy@
 0001:00000E34       System.Classes.TCollection.Add
 0001:00000E84       System.Classes.TCollection.Added
 0001:00000E3C       System.Classes.TCollection.Assign
 0001:00000E44       System.Classes.TCollection.BeginUpdate
 0001:00000E4C       System.Classes.TCollection.Clear
 0001:00000E24       System.Classes.TCollection.Create
 0001:00000E8C       System.Classes.TCollection.Deleting
 0001:00000E2C       System.Classes.TCollection.Destroy
 0001:00000E54       System.Classes.TCollection.EndUpdate
 0001:00000E5C       System.Classes.TCollection.GetCount
 0001:00000E64       System.Classes.TCollection.GetItem
 0001:00000E94       System.Classes.TCollection.Notify
 0001:00000E6C       System.Classes.TCollection.SetItem
 0001:00000E74       System.Classes.TCollection.SetItemName
 0001:00000E7C       System.Classes.TCollection.Update
 0001:00000DEC       System.Classes.TCollectionItem.Create
 0001:00000DF4       System.Classes.TCollectionItem.Destroy
 0001:00000E04       System.Classes.TCollectionItem.GetDisplayName
 0001:00000DFC       System.Classes.TCollectionItem.Release
 0001:00000E0C       System.Classes.TCollectionItem.SetCollection
 0001:00000E14       System.Classes.TCollectionItem.SetDisplayName
 0001:00000E1C       System.Classes.TCollectionItem.SetIndex
 0001:00000F3C       System.Classes.TComponent.BeforeDestruction
 0001:00000FAC       System.Classes.TComponent.CanObserve
 0001:00000F2C       System.Classes.TComponent.Create
 0002:000000C0       System.Classes.TComponent.Create@
 0001:00000F5C       System.Classes.TComponent.DefineProperties
 0001:00000F34       System.Classes.TComponent.Destroy
 0001:00000D7C       System.Classes.TComponent.Destroy@
 0001:00000F44       System.Classes.TComponent.FreeNotification
 0001:00000F8C       System.Classes.TComponent.GetComponent
 0001:00000F94       System.Classes.TComponent.GetComponentCount
 0001:00000F9C       System.Classes.TComponent.GetObservers
 0001:00000F64       System.Classes.TComponent.Loaded
 0001:00000F54       System.Classes.TComponent.Notification
 0001:00000FB4       System.Classes.TComponent.ObserverAdded
 0001:00000FCC       System.Classes.TComponent.QueryInterface
 0001:00000F6C       System.Classes.TComponent.ReadState
 0001:00000F4C       System.Classes.TComponent.RemoveFreeNotification
 0001:00000FBC       System.Classes.TComponent.SafeCallException
 0001:00000F84       System.Classes.TComponent.SetName
 0001:00000FA4       System.Classes.TComponent.UpdateAction
 0001:00000FC4       System.Classes.TComponent.UpdateRegistry
 0001:00000F7C       System.Classes.TComponent.ValidateRename
 0001:00000F74       System.Classes.TComponent.WriteState
 0001:00000ED4       System.Classes.TFiler.Create
 0001:00000EBC       System.Classes.TFileStream.Create
 0001:00000DCC       System.Classes.TInterfaceList.Add
 0001:00000DAC       System.Classes.TInterfaceList.Create
 0001:00000DB4       System.Classes.TInterfaceList.Delete
 0001:00000DBC       System.Classes.TInterfaceList.Get
 0001:00000DC4       System.Classes.TInterfaceList.GetCount
 0001:00000D8C       System.Classes.TList.Add
 0001:00000D94       System.Classes.TList.Delete
 0001:00000D9C       System.Classes.TList.Get
 0001:00000DA4       System.Classes.TList.IndexOf
 0002:000000C8       System.Classes.TLoginCredentialService.Create@
 0001:00000FDC       System.Classes.TLoginCredentialService.Destroy@
 0002:000000A8       System.Classes.TObserverMapping.Create@
 0001:00000FE4       System.Classes.TObserverMapping.Destroy@
 0001:00000DD4       System.Classes.TPersistent.Assign
 0001:00000DDC       System.Classes.TPersistent.AssignTo
 0001:00000DE4       System.Classes.TPersistent.DefineProperties
 0001:00000EDC       System.Classes.TReader.EndOfList
 0001:00000EE4       System.Classes.TReader.ReadListBegin
 0001:00000EEC       System.Classes.TReader.ReadListEnd
 0001:00000EF4       System.Classes.TReader.ReadSignature
 0001:00000EFC       System.Classes.TReader.ReadStr
 0001:00000F04       System.Classes.TReader.ReadString
 0001:00000ECC       System.Classes.TResourceStream.Create
 0001:00000EB4       System.Classes.TStream.ReadBuffer
 0001:00000EAC       System.Classes.TStream.SetPosition
 0001:00000EA4       System.Classes.TStringList.Create
 0001:00000E9C       System.Classes.TStringList.SetSorted
 0001:00000EC4       System.Classes.TStringStream.Create
 0002:000000B8       System.Classes.TThread.Create@
 0001:00000F24       System.Classes.TThread.Destroy@
 0001:00000F0C       System.Classes.TWriter.WriteListBegin
 0001:00000F14       System.Classes.TWriter.WriteListEnd
 0001:00000F1C       System.Classes.TWriter.WriteString
 0001:0000106C       System.Contnrs.TObjectList.Add
 0001:00001074       System.Contnrs.TObjectList.Create
 0001:0000107C       System.Contnrs.TObjectList.GetItem
 0001:00000FFC       System.DateUtils.MilliSecondSpan
 0001:00000FF4       System.DateUtils.SecondSpan
 0002:000000D8       System.DateUtils.TTimeZone.Create@
 0001:00001004       System.DateUtils.TTimeZone.Destroy@
 0002:00000090       System.Generics.Defaults.TIStringComparer.Create@
 0001:00000D2C       System.Generics.Defaults.TIStringComparer.Destroy@
 0002:00000088       System.Generics.Defaults.TStringComparer.Create@
 0001:00000D24       System.Generics.Defaults.TStringComparer.Destroy@
 0001:00001094       System.HelpIntfs.Finalization
 0002:00000110       System.HelpIntfs.System.HelpIntfs
 0001:00000BA8       System.Internal.ExcUtils.Finalization
 0002:00000028       System.Internal.ExcUtils.System.Internal.ExcUtils
 0001:00001014       System.IOUtils.Finalization
 0002:000000E8       System.IOUtils.System.IOUtils
 0002:000000E0       System.IOUtils.TPath.Create@
 0001:0000100C       System.IOUtils.TPath.Destroy@
 0001:00000D0C       System.Math.Finalization
 0002:00000070       System.Math.System.Math
 0001:00000D34       System.Rtti.Finalization
 0002:00000098       System.Rtti.System.Rtti
 0001:00000CF4       System.StrUtils.LeftStr
 0001:00000CFC       System.StrUtils.RightStr
 0001:00000D1C       System.SyncObjs.Finalization
 0002:00000080       System.SyncObjs.System.SyncObjs
 0001:00000BD8       System.SysUtils.AnsiCompareText
 0001:00000BD0       System.SysUtils.CompareText
 0001:00000C50       System.SysUtils.DateTimeToStr
 0001:00000C58       System.SysUtils.Exception.Create
 0002:00000040       System.SysUtils.Exception.Create@
 0001:00000C60       System.SysUtils.Exception.CreateFmt
 0001:00000C68       System.SysUtils.Exception.CreateRes
 0001:00000C70       System.SysUtils.Exception.Destroy
 0001:00000C90       System.SysUtils.Exception.Destroy@
 0001:00000C78       System.SysUtils.Exception.GetBaseException
 0001:00000C80       System.SysUtils.Exception.RaisingException
 0001:00000C88       System.SysUtils.Exception.ToString
 0001:00000C38       System.SysUtils.ExtractFileExt
 0001:00000C30       System.SysUtils.ExtractFileName
 0001:00000C28       System.SysUtils.ExtractFilePath
 0001:00000C00       System.SysUtils.FileExists
 0001:00000C08       System.SysUtils.FileGetAttr
 0001:00000CB0       System.SysUtils.Finalization
 0001:00000C20       System.SysUtils.FindClose
 0001:00000C10       System.SysUtils.FindFirst
 0001:00000C18       System.SysUtils.FindNext
 0001:00000C40       System.SysUtils.Format
 0001:00000C98       System.SysUtils.FreeAndNil
 0001:00000BF0       System.SysUtils.IntToStr
 0001:00000BE8       System.SysUtils.IntToStr
 0001:00000BC8       System.SysUtils.LowerCase
 0001:00000C48       System.SysUtils.Now
 0001:00000BF8       System.SysUtils.StrToIntDef
 0002:00000050       System.SysUtils.System.SysUtils
 0002:00000038       System.SysUtils.TEncoding.Create@
 0001:00000CA8       System.SysUtils.TEncoding.Destroy@
 0002:00000030       System.SysUtils.TLanguages.Create@
 0001:00000CA0       System.SysUtils.TLanguages.Destroy@
 0002:00000048       System.SysUtils.TOSVersion.Create@
 0001:00000BB0       System.SysUtils.TOSVersion.Destroy@
 0001:00000BE0       System.SysUtils.Trim
 0001:00000BB8       System.SysUtils.TSearchRec.GetTimeStamp
 0001:00000BC0       System.SysUtils.UpperCase
 0002:00000078       System.TimeSpan.TTimeSpan.Create@
 0001:00000D14       System.TimeSpan.TTimeSpan.Destroy@
 0001:00000D74       System.TypInfo.Finalization
 0001:00000D54       System.TypInfo.GetEnumName
 0001:00000D5C       System.TypInfo.GetEnumValue
 0001:00000D3C       System.TypInfo.GetObjectProp
 0001:00000D6C       System.TypInfo.GetPropList
 0001:00000D44       System.TypInfo.GetPropValue
 0001:00000D4C       System.TypInfo.GetTypeData
 0001:00000D64       System.TypInfo.IsPublishedProp
 0002:000000A0       System.TypInfo.System.TypInfo
 0001:00000CD0       System.Variants.@OleVarFromUStr
 0001:00000CC0       System.Variants.@VarClr
 0001:00000CC8       System.Variants.@VarToUStr
 0001:00000CD8       System.Variants.Finalization
 0002:00000060       System.Variants.System.Variants
 0001:00000CB8       System.VarUtils.Finalization
 0002:00000058       System.VarUtils.System.VarUtils
 0001:0000154C       System.Win.ComObj.CreateComObject
 0001:00001554       System.Win.ComObj.CreateRemoteComObject
 0001:0000155C       System.Win.ComObj.Finalization
 0001:00001544       System.Win.ComObj.OleCheck
 0002:00000300       System.Win.ComObj.System.Win.ComObj
 0002:000002F8       System.Win.ComObj.TComServerObject.Create@
 0001:0000153C       System.Win.ComObj.TComServerObject.Destroy@
 0002:000000F0       System.Win.Registry.TRegistry.Create@
 0001:0000101C       System.Win.Registry.TRegistry.Destroy@
 0001:000018E4       ToolsAPI.Finalization
 0001:000018C4       ToolsAPI.TNotifierObject.AfterSave
 0001:000018CC       ToolsAPI.TNotifierObject.BeforeSave
 0001:000018D4       ToolsAPI.TNotifierObject.Destroyed
 0001:000018DC       ToolsAPI.TNotifierObject.Modified
 0002:000003A8       ToolsAPI.ToolsAPI
 0001:00018FCC       ToolWnds.Finalization
 0002:00000568       ToolWnds.ToolWnds
 0001:00018FC4       ToolWnds.TToolbarDesignWindow.ResizeButtons
 0001:00018F54       TopLevels.Finalization
 0002:00000540       TopLevels.TopLevels
 0001:00018F4C       TreeIntf.Finalization
 0002:00000538       TreeIntf.TreeIntf
 0004:0000006C       VA508AccessibilityCompileInfo..2
 0001:00018520       VA508AccessibilityCompileInfo..TfrmProgress
 0001:00018EEC       VA508AccessibilityCompileInfo.Finalization
 0003:00000340       VA508AccessibilityCompileInfo.frmProgress
 0001:00018B5C       VA508AccessibilityCompileInfo.Hookup
 0001:00018C10       VA508AccessibilityCompileInfo.StartMonitor
 0001:00018C98       VA508AccessibilityCompileInfo.StopMonitor
 0001:00018E50       VA508AccessibilityCompileInfo.TfrmProgress.btnReleaseClick
 0001:00018E94       VA508AccessibilityCompileInfo.TfrmProgress.FormCreate
 0004:00000080       VA508AccessibilityCompileInfo.uLastUpdate
 0001:00018CB0       VA508AccessibilityCompileInfo.Update508Monitor
 0004:00000070       VA508AccessibilityCompileInfo.uProjectText
 0004:00000088       VA508AccessibilityCompileInfo.uStartTime
 0004:00000078       VA508AccessibilityCompileInfo.uStopProc
 0002:000004F8       VA508AccessibilityCompileInfo.VA508AccessibilityCompileInfo
 0004:00000094       VA508AccessibilityCompiler..2
 0001:0001B5EC       VA508AccessibilityCompiler..TVA508Compiler
 0001:0001C86C       VA508AccessibilityCompiler.Add2Cache
 0001:0001DB24       VA508AccessibilityCompiler.AttemptAutoFix
 0001:0001CC44       VA508AccessibilityCompiler.ClearWarningList
 0001:0001DA9C       VA508AccessibilityCompiler.CloseEditor
 0001:0001E830       VA508AccessibilityCompiler.CloseModules
 0001:0001EF08       VA508AccessibilityCompiler.CreateResources
 0001:0001F0F8       VA508AccessibilityCompiler.DestroyResources
 0001:0001D644       VA508AccessibilityCompiler.DFMSuccessfullyLoaded
 0001:0001B890       VA508AccessibilityCompiler.DLLUnload
 0001:0001B9D4       VA508AccessibilityCompiler.Do508Scan
 0001:0001D4A4       VA508AccessibilityCompiler.FileLoaded
 0001:0001F338       VA508AccessibilityCompiler.Finalization
 0001:0001CB7C       VA508AccessibilityCompiler.GetComponentName
 0001:0001C8E0       VA508AccessibilityCompiler.GetDFMFileName
 0001:0001CD2C       VA508AccessibilityCompiler.GetManagerInfo
 0001:0001B8EC       VA508AccessibilityCompiler.GetPluralStr
 0001:0001CCBC       VA508AccessibilityCompiler.GetWarningList
 0001:0001E1CC       VA508AccessibilityCompiler.HandleInheritenceProblems
 0001:0001B8B0       VA508AccessibilityCompiler.HaveMessageServices
 0001:0001C7A4       VA508AccessibilityCompiler.IncCacheIndexes
 0001:0001F1DC       VA508AccessibilityCompiler.Init
 0001:0001D210       VA508AccessibilityCompiler.InitCache
 0001:0001E178       VA508AccessibilityCompiler.IsFileReadOnly
 0001:0001E9D4       VA508AccessibilityCompiler.LoadCacheFile
 0001:0001C0C8       VA508AccessibilityCompiler.MessageOK
 0004:0000009C       VA508AccessibilityCompiler.MessageService
 0003:00000344       VA508AccessibilityCompiler.NotifierIndex
 0003:00000348       VA508AccessibilityCompiler.NotifierRegistered
 0001:0001DA04       VA508AccessibilityCompiler.OpenEditor
 0001:0001B7F0       VA508AccessibilityCompiler.Register
 0001:0001D0C8       VA508AccessibilityCompiler.ReportComponentWarnings
 0001:0001ED24       VA508AccessibilityCompiler.SaveCacheFile
 0004:00000098       VA508AccessibilityCompiler.SaveDllProc
 0001:0001D730       VA508AccessibilityCompiler.ScanForErrors
 0001:0001D930       VA508AccessibilityCompiler.ScanFormFiles
 0001:0001C810       VA508AccessibilityCompiler.SetCacheSize
 0001:0001B92C       VA508AccessibilityCompiler.ShowErrorMessage
 0001:0001BF18       VA508AccessibilityCompiler.TVA508Compiler.AfterCompile
 0001:0001BF28       VA508AccessibilityCompiler.TVA508Compiler.AfterCompile
 0001:0001BF4C       VA508AccessibilityCompiler.TVA508Compiler.AfterCompile
 0001:0001BED8       VA508AccessibilityCompiler.TVA508Compiler.BeforeCompile
 0001:0001BF04       VA508AccessibilityCompiler.TVA508Compiler.BeforeCompile
 0001:0001BF70       VA508AccessibilityCompiler.TVA508Compiler.CompileNA
 0001:0001BF9C       VA508AccessibilityCompiler.TVA508Compiler.Create
 0001:0001BFFC       VA508AccessibilityCompiler.TVA508Compiler.Destroy
 0001:0001C460       VA508AccessibilityCompiler.TVA508Compiler.error
 0001:0001C660       VA508AccessibilityCompiler.TVA508Compiler.FileNotification
 0001:0001C6C0       VA508AccessibilityCompiler.TVA508Compiler.infoMessage
 0001:0001C604       VA508AccessibilityCompiler.TVA508Compiler.msg
 0001:0001F240       VA508AccessibilityCompiler.TVA508Compiler.ScanFor508Errors
 0001:0001C04C       VA508AccessibilityCompiler.TVA508Compiler.startMessages
 0001:0001C038       VA508AccessibilityCompiler.TVA508Compiler.StopCompile
 0001:0001C210       VA508AccessibilityCompiler.TVA508Compiler.stopMessages
 0001:0001C3CC       VA508AccessibilityCompiler.TVA508Compiler.UpdateMonitor
 0001:0001C530       VA508AccessibilityCompiler.TVA508Compiler.warning
 0001:0001B7F4       VA508AccessibilityCompiler.Unregister
 0002:00000580       VA508AccessibilityCompiler.VA508AccessibilityCompiler
 0001:0001CAD4       VA508AccessibilityCompiler.ValidateDFM
 0001:0001C978       VA508AccessibilityCompiler.ValidObjectLine
 0004:00000028       VA508AccessibilityConst..1
 0001:00001C10       VA508AccessibilityConst.Finalization
 0002:000003C8       VA508AccessibilityConst.VA508AccessibilityConst
 0004:00000060       VA508AccessibilityManager..21
 0001:000134E8       VA508AccessibilityManager..TAlternateHandleData
 0001:00017D20       VA508AccessibilityManager..TComplexDataItem
 0001:000103F4       VA508AccessibilityManager..TComponentHelper
 0001:00011108       VA508AccessibilityManager..TDFMData
 0001:00011248       VA508AccessibilityManager..TMSAAData
 0001:0000DE80       VA508AccessibilityManager..TVA508AccessibilityCollection
 0001:0000DA70       VA508AccessibilityManager..TVA508AccessibilityItem
 0001:0000E19C       VA508AccessibilityManager..TVA508AccessibilityManager
 0001:0000F5A4       VA508AccessibilityManager..TVA508ChainedLabel
 0001:00010000       VA508AccessibilityManager..TVA508ComplexComponentManager
 0001:0000E888       VA508AccessibilityManager..TVA508ComponentAccessibility
 0001:0000EE68       VA508AccessibilityManager..TVA508ComponentManager
 0001:0000FE70       VA508AccessibilityManager..TVA508ManagedComponentClass
 0001:0000FBDC       VA508AccessibilityManager..TVA508SilentComponent
 0001:0000F794       VA508AccessibilityManager..TVA508StaticText
 0001:00010D44       VA508AccessibilityManager..TVAGlobalComponentRegistry
 0001:00013E64       VA508AccessibilityManager.AddControlType
 0001:0001235C       VA508AccessibilityManager.AddLabels
 0003:0000032C       VA508AccessibilityManager.AltHandleClasses
 0001:00012148       VA508AccessibilityManager.BasicComponentCheck
 0003:0000033C       VA508AccessibilityManager.CanCheckEvent
 0001:00014F38       VA508AccessibilityManager.CheckComplexClasses
 0001:00014E6C       VA508AccessibilityManager.CheckManagedClasses
 0003:00000334       VA508AccessibilityManager.ComplexClasses
 0003:000002DC       VA508AccessibilityManager.ControlsWithDefaultPropertySettings
 0001:00011330       VA508AccessibilityManager.CreateGlobalRegistry
 0001:00011358       VA508AccessibilityManager.CreateGlobalVars
 0001:00014FC0       VA508AccessibilityManager.CreateHelper
 0001:00017B4C       VA508AccessibilityManager.DrawBottom
 0001:00017330       VA508AccessibilityManager.DrawBottom
 0001:00017994       VA508AccessibilityManager.DrawPartials
 0001:00017AE4       VA508AccessibilityManager.DrawSides
 0001:00017820       VA508AccessibilityManager.DrawText
 0001:00017A44       VA508AccessibilityManager.DrawTop
 0001:000172C8       VA508AccessibilityManager.DrawTop
 0001:000120D8       VA508AccessibilityManager.error
 0001:0001850C       VA508AccessibilityManager.Finalization
 0001:000137B0       VA508AccessibilityManager.FindMSAAQueryData
 0001:00011E68       VA508AccessibilityManager.FindOwnedComponent
 0001:000156EC       VA508AccessibilityManager.FindRootHandle
 0001:0001137C       VA508AccessibilityManager.FreeGlobalVars
 0001:00014268       VA508AccessibilityManager.GetDataValues
 0001:000146E8       VA508AccessibilityManager.GetMessageHookProc
 0003:00000328       VA508AccessibilityManager.GlobalRegistry
 0001:000138D0       VA508AccessibilityManager.HandleStillValid
 0001:00014014       VA508AccessibilityManager.HelperValid
 0001:000171B8       VA508AccessibilityManager.Init
 0001:00013988       VA508AccessibilityManager.Init
 0001:000177C0       VA508AccessibilityManager.Init
 0001:000178B0       VA508AccessibilityManager.InitDrawBorder
 0001:00017218       VA508AccessibilityManager.InitDrawBorder
 0001:00016060       VA508AccessibilityManager.InitializeComponentHelper
 0001:000141BC       VA508AccessibilityManager.InitializeVars
 0003:00000330       VA508AccessibilityManager.ManagedClasses
 0003:00000324       VA508AccessibilityManager.MasterPropertyList
 0003:00000338       VA508AccessibilityManager.MSAAQueryClasses
 0003:0000030C       VA508AccessibilityManager.NewComponentData
 0001:0001390C       VA508AccessibilityManager.NoChangeNeeded
 0001:000139DC       VA508AccessibilityManager.ProcessCaptionChange
 0001:00013A98       VA508AccessibilityManager.ProcessItemChange
 0001:00013D9C       VA508AccessibilityManager.ProcessStateChange
 0001:000135DC       VA508AccessibilityManager.RegisterAlternateHandleComponent
 0001:00013680       VA508AccessibilityManager.RegisterComplexComponentManager
 0001:00015060       VA508AccessibilityManager.RegisterComponent
 0001:00013714       VA508AccessibilityManager.RegisterManagedComponentClass
 0001:00013818       VA508AccessibilityManager.RegisterMSAAProc
 0001:00013890       VA508AccessibilityManager.RegisterMSAAQueryClassProc
 0001:000138B0       VA508AccessibilityManager.RegisterMSAAQueryListClassProc
 0001:00013EE4       VA508AccessibilityManager.SendChangeData
 0001:000151F4       VA508AccessibilityManager.SkipCheck
 0001:00017EA4       VA508AccessibilityManager.TComplexDataItem.Create
 0001:00017F18       VA508AccessibilityManager.TComplexDataItem.Destroy
 0001:000162AC       VA508AccessibilityManager.TComponentHelper.ClearRedirect
 0001:000162D0       VA508AccessibilityManager.TComponentHelper.Create
 0001:00016310       VA508AccessibilityManager.TComponentHelper.Destroy
 0001:00016390       VA508AccessibilityManager.TComponentHelper.GetCaption
 0001:00016478       VA508AccessibilityManager.TComponentHelper.GetComponentName
 0001:0001654C       VA508AccessibilityManager.TComponentHelper.GetData
 0001:00016608       VA508AccessibilityManager.TComponentHelper.GetInstructions
 0001:000166E4       VA508AccessibilityManager.TComponentHelper.GetItem
 0001:00016774       VA508AccessibilityManager.TComponentHelper.GetItemInstructions
 0001:00016850       VA508AccessibilityManager.TComponentHelper.GetState
 0001:00016938       VA508AccessibilityManager.TComponentHelper.GetValue
 0001:00016218       VA508AccessibilityManager.TComponentHelper.InitializeComponentManager
 0001:00016C1C       VA508AccessibilityManager.TComponentHelper.ManageCaption
 0001:000169E4       VA508AccessibilityManager.TComponentHelper.ManageComponentName
 0001:00016A60       VA508AccessibilityManager.TComponentHelper.ManageData
 0001:00016AB4       VA508AccessibilityManager.TComponentHelper.ManageInstructions
 0001:00016B30       VA508AccessibilityManager.TComponentHelper.ManageItemInstructions
 0001:00016BAC       VA508AccessibilityManager.TComponentHelper.ManageValue
 0001:00016C98       VA508AccessibilityManager.TComponentHelper.MonitorForItemChange
 0001:00016D08       VA508AccessibilityManager.TComponentHelper.MonitorForStateChange
 0001:00016D94       VA508AccessibilityManager.TComponentHelper.Redirect
 0001:00016DCC       VA508AccessibilityManager.TComponentHelper.StandardComponent
 0001:0001192C       VA508AccessibilityManager.TVA508AccessibilityCollection.Add
 0001:00011948       VA508AccessibilityManager.TVA508AccessibilityCollection.ComponentNotifyEvent
 0001:000119A8       VA508AccessibilityManager.TVA508AccessibilityCollection.Create
 0001:00011A44       VA508AccessibilityManager.TVA508AccessibilityCollection.Destroy
 0001:00011A9C       VA508AccessibilityManager.TVA508AccessibilityCollection.EnsureItemExists
 0001:00011ABC       VA508AccessibilityManager.TVA508AccessibilityCollection.FindItem
 0001:00011B70       VA508AccessibilityManager.TVA508AccessibilityCollection.GetItem
 0001:00011B94       VA508AccessibilityManager.TVA508AccessibilityCollection.GetOwner
 0001:00011BB0       VA508AccessibilityManager.TVA508AccessibilityCollection.IsComponentRegistered
 0001:00011CE0       VA508AccessibilityManager.TVA508AccessibilityCollection.RegisterComponent
 0001:00011CBC       VA508AccessibilityManager.TVA508AccessibilityCollection.SetItem
 0001:00011C20       VA508AccessibilityManager.TVA508AccessibilityCollection.UnregisterComponent
 0001:000113F4       VA508AccessibilityManager.TVA508AccessibilityItem.Assign
 0001:00011488       VA508AccessibilityManager.TVA508AccessibilityItem.Create
 0001:000114D0       VA508AccessibilityManager.TVA508AccessibilityItem.Destroy
 0001:00011528       VA508AccessibilityManager.TVA508AccessibilityItem.GetDisplayName
 0001:000115F0       VA508AccessibilityManager.TVA508AccessibilityItem.InitComponent
 0001:00011628       VA508AccessibilityManager.TVA508AccessibilityItem.Manager
 0001:00011644       VA508AccessibilityManager.TVA508AccessibilityItem.Parent
 0001:00011660       VA508AccessibilityManager.TVA508AccessibilityItem.SetComponent
 0001:000116EC       VA508AccessibilityManager.TVA508AccessibilityItem.SetDefault
 0001:000117A4       VA508AccessibilityManager.TVA508AccessibilityItem.SetLabel
 0001:000117F0       VA508AccessibilityManager.TVA508AccessibilityItem.SetProperty
 0001:00011870       VA508AccessibilityManager.TVA508AccessibilityItem.SetText
 0001:000118C4       VA508AccessibilityManager.TVA508AccessibilityItem.UpdateStatus
 0001:00011D8C       VA508AccessibilityManager.TVA508AccessibilityManager.Create
 0001:00012B00       VA508AccessibilityManager.TVA508AccessibilityManager.DefineProperties
 0001:00011E04       VA508AccessibilityManager.TVA508AccessibilityManager.Destroy
 0001:00011F18       VA508AccessibilityManager.TVA508AccessibilityManager.FindComponentOnForm
 0001:00012020       VA508AccessibilityManager.TVA508AccessibilityManager.GetAccessLabel
 0001:0001204C       VA508AccessibilityManager.TVA508AccessibilityManager.GetAccessProperty
 0001:0001207C       VA508AccessibilityManager.TVA508AccessibilityManager.GetAccessText
 0001:000120AC       VA508AccessibilityManager.TVA508AccessibilityManager.GetComponentManager
 0001:000121DC       VA508AccessibilityManager.TVA508AccessibilityManager.GetComponentName
 0001:00012270       VA508AccessibilityManager.TVA508AccessibilityManager.GetData
 0001:0001228C       VA508AccessibilityManager.TVA508AccessibilityManager.GetDefaultStringProperty
 0001:0001249C       VA508AccessibilityManager.TVA508AccessibilityManager.GetLabelStrings
 0001:000124C4       VA508AccessibilityManager.TVA508AccessibilityManager.GetProperties
 0001:000124EC       VA508AccessibilityManager.TVA508AccessibilityManager.GetPropertList
 0001:000126A0       VA508AccessibilityManager.TVA508AccessibilityManager.GetRootComponent
 0001:000127AC       VA508AccessibilityManager.TVA508AccessibilityManager.GetUseDefault
 0001:000133B4       VA508AccessibilityManager.TVA508AccessibilityManager.Initialize
 0001:000127D8       VA508AccessibilityManager.TVA508AccessibilityManager.IsPropertyNameValid
 0001:0001284C       VA508AccessibilityManager.TVA508AccessibilityManager.Loaded
 0001:00012A58       VA508AccessibilityManager.TVA508AccessibilityManager.Notification
 0001:00012ABC       VA508AccessibilityManager.TVA508AccessibilityManager.OwnerCheck
 0001:00012B58       VA508AccessibilityManager.TVA508AccessibilityManager.ReadData
 0001:00012E18       VA508AccessibilityManager.TVA508AccessibilityManager.RefreshComponents
 0001:000130B4       VA508AccessibilityManager.TVA508AccessibilityManager.ScreenReaderInquiry
 0001:0001322C       VA508AccessibilityManager.TVA508AccessibilityManager.SetAccessLabel
 0001:00013258       VA508AccessibilityManager.TVA508AccessibilityManager.SetAccessProperty
 0001:00013284       VA508AccessibilityManager.TVA508AccessibilityManager.SetAccessText
 0001:000132B0       VA508AccessibilityManager.TVA508AccessibilityManager.SetComponentManager
 0001:000132DC       VA508AccessibilityManager.TVA508AccessibilityManager.SetUseDefault
 0001:00012E2C       VA508AccessibilityManager.TVA508AccessibilityManager.WriteData
 0001:00017758       VA508AccessibilityManager.TVA508ChainedLabel.Notification
 0001:00017C10       VA508AccessibilityManager.TVA508ChainedLabel.Paint
 0001:00017C7C       VA508AccessibilityManager.TVA508ChainedLabel.SetNextLabel
 0001:00017F60       VA508AccessibilityManager.TVA508ComplexComponentManager.AddSubControl
 0001:000180A8       VA508AccessibilityManager.TVA508ComplexComponentManager.ClearSubControls
 0001:000183BC       VA508AccessibilityManager.TVA508ComplexComponentManager.ComponentNotifyEvent
 0001:0001814C       VA508AccessibilityManager.TVA508ComplexComponentManager.Create
 0001:000181F0       VA508AccessibilityManager.TVA508ComplexComponentManager.Destroy
 0001:00018250       VA508AccessibilityManager.TVA508ComplexComponentManager.GetSubComponentList
 0001:000182C0       VA508AccessibilityManager.TVA508ComplexComponentManager.GetSubControl
 0001:000182FC       VA508AccessibilityManager.TVA508ComplexComponentManager.IndexOfComponentItem
 0001:0001835C       VA508AccessibilityManager.TVA508ComplexComponentManager.IndexOfSubComponentXRef
 0001:00010310       VA508AccessibilityManager.TVA508ComplexComponentManager.Refresh
 0001:00018014       VA508AccessibilityManager.TVA508ComplexComponentManager.RemoveSubControl
 0001:0001841C       VA508AccessibilityManager.TVA508ComplexComponentManager.SubComponentNotifyEvent
 0001:0001848C       VA508AccessibilityManager.TVA508ComplexComponentManager.SubControlCount
 0001:00015DFC       VA508AccessibilityManager.TVA508ComponentAccessibility.Create
 0001:00015E58       VA508AccessibilityManager.TVA508ComponentAccessibility.SetComponent
 0001:00015A24       VA508AccessibilityManager.TVA508ComponentManager.Create
 0001:0000F59C       VA508AccessibilityManager.TVA508ComponentManager.Create
 0001:00015A6C       VA508AccessibilityManager.TVA508ComponentManager.GetCaption
 0001:00015A88       VA508AccessibilityManager.TVA508ComponentManager.GetComponentName
 0001:00015AA4       VA508AccessibilityManager.TVA508ComponentManager.GetData
 0001:00015AF4       VA508AccessibilityManager.TVA508ComponentManager.GetInstructions
 0001:00015B10       VA508AccessibilityManager.TVA508ComponentManager.GetItem
 0001:00015B28       VA508AccessibilityManager.TVA508ComponentManager.GetItemInstructions
 0001:00015B44       VA508AccessibilityManager.TVA508ComponentManager.GetState
 0001:00015B60       VA508AccessibilityManager.TVA508ComponentManager.GetValue
 0001:00015B7C       VA508AccessibilityManager.TVA508ComponentManager.ManageCaption
 0001:00015B9C       VA508AccessibilityManager.TVA508ComponentManager.ManageComponentName
 0001:00015BBC       VA508AccessibilityManager.TVA508ComponentManager.ManageData
 0001:00015BDC       VA508AccessibilityManager.TVA508ComponentManager.ManageInstructions
 0001:00015BFC       VA508AccessibilityManager.TVA508ComponentManager.ManageItemInstructions
 0001:00015C1C       VA508AccessibilityManager.TVA508ComponentManager.ManageState
 0001:00015C3C       VA508AccessibilityManager.TVA508ComponentManager.ManageValue
 0001:00015C5C       VA508AccessibilityManager.TVA508ComponentManager.MonitorForItemChange
 0001:00015C7C       VA508AccessibilityManager.TVA508ComponentManager.MonitorForStateChange
 0001:00015C9C       VA508AccessibilityManager.TVA508ComponentManager.Redirect
 0001:00015CC0       VA508AccessibilityManager.TVA508ComponentManager.RedirectsComponent
 0001:00015CE0       VA508AccessibilityManager.TVA508ManagedComponentClass.Create
 0001:00015D3C       VA508AccessibilityManager.TVA508SilentComponent.GetComponentName
 0001:00015D6C       VA508AccessibilityManager.TVA508SilentComponent.GetInstructions
 0001:00015D9C       VA508AccessibilityManager.TVA508SilentComponent.GetState
 0001:00015DCC       VA508AccessibilityManager.TVA508SilentComponent.GetValue
 0001:00016DF8       VA508AccessibilityManager.TVA508StaticText.CMFontChanged
 0001:00016E1C       VA508AccessibilityManager.TVA508StaticText.CMTextChanged
 0001:00016E40       VA508AccessibilityManager.TVA508StaticText.Create
 0001:00016EEC       VA508AccessibilityManager.TVA508StaticText.DeleteChain
 0001:00016FC8       VA508AccessibilityManager.TVA508StaticText.Destroy
 0001:00017018       VA508AccessibilityManager.TVA508StaticText.DoEnter
 0001:00017054       VA508AccessibilityManager.TVA508StaticText.DoExit
 0001:00017090       VA508AccessibilityManager.TVA508StaticText.GetAlignment
 0001:000170B4       VA508AccessibilityManager.TVA508StaticText.GetLabelCaption
 0001:000170D8       VA508AccessibilityManager.TVA508StaticText.GetRootName
 0001:000170F8       VA508AccessibilityManager.TVA508StaticText.GetShowAccelChar
 0001:0001711C       VA508AccessibilityManager.TVA508StaticText.InvalidateAll
 0001:00017164       VA508AccessibilityManager.TVA508StaticText.Notification
 0001:00017450       VA508AccessibilityManager.TVA508StaticText.Paint
 0001:0001747C       VA508AccessibilityManager.TVA508StaticText.SetAlignment
 0001:000174A0       VA508AccessibilityManager.TVA508StaticText.SetLabelCaption
 0001:000175B0       VA508AccessibilityManager.TVA508StaticText.SetNextLabel
 0001:00017638       VA508AccessibilityManager.TVA508StaticText.SetParent
 0001:00017518       VA508AccessibilityManager.TVA508StaticText.SetRootName
 0001:000176A4       VA508AccessibilityManager.TVA508StaticText.SetShowAccelChar
 0001:000176C8       VA508AccessibilityManager.TVA508StaticText.UpdateSize
 0001:00013F48       VA508AccessibilityManager.TVAGlobalComponentRegistry.CheckForChangeEvent
 0001:000144C8       VA508AccessibilityManager.TVAGlobalComponentRegistry.ComponentDataNeededEvent
 0001:00014790       VA508AccessibilityManager.TVAGlobalComponentRegistry.Create
 0001:000148CC       VA508AccessibilityManager.TVAGlobalComponentRegistry.Destroy
 0004:00000064       VA508AccessibilityManager.TVAGlobalComponentRegistry.FActive
 0004:00000068       VA508AccessibilityManager.TVAGlobalComponentRegistry.FGetMsgHookHandle
 0001:00014960       VA508AccessibilityManager.TVAGlobalComponentRegistry.GetCompKey
 0001:00014980       VA508AccessibilityManager.TVAGlobalComponentRegistry.GetComponentHandle
 0001:00014B34       VA508AccessibilityManager.TVAGlobalComponentRegistry.GetComponentHelper
 0001:00014A84       VA508AccessibilityManager.TVAGlobalComponentRegistry.GetFieldObject
 0001:00014BF4       VA508AccessibilityManager.TVAGlobalComponentRegistry.HasHandle
 0001:0001518C       VA508AccessibilityManager.TVAGlobalComponentRegistry.RegisterComponent
 0001:00014D08       VA508AccessibilityManager.TVAGlobalComponentRegistry.RegisterFieldObject
 0001:00014E08       VA508AccessibilityManager.TVAGlobalComponentRegistry.RegisterMSAA
 0001:00015220       VA508AccessibilityManager.TVAGlobalComponentRegistry.TimerEvent
 0001:00015354       VA508AccessibilityManager.TVAGlobalComponentRegistry.UnregisterComponent
 0001:000154A0       VA508AccessibilityManager.TVAGlobalComponentRegistry.UnregisterMSAA
 0001:00015998       VA508AccessibilityManager.TVAGlobalComponentRegistry.UpdateHandles
 0001:00013308       VA508AccessibilityManager.Update
 0001:00015788       VA508AccessibilityManager.UpdateAllHandles
 0001:00015800       VA508AccessibilityManager.UpdateChildrenHandles
 0001:00012998       VA508AccessibilityManager.UpdateComponent
 0001:000140C4       VA508AccessibilityManager.UpdateComponentData
 0001:00015504       VA508AccessibilityManager.UpdateHandle
 0002:000004E0       VA508AccessibilityManager.VA508AccessibilityManager
 0004:00000090       VA508AccessibilityPE..8
 0001:00019D00       VA508AccessibilityPE..TVA508AccessibilityComponentPropertyEditor
 0001:000197EC       VA508AccessibilityPE..TVA508AccessibilityLabelPropertyEditor
 0001:0001902C       VA508AccessibilityPE..TVA508AccessibilityManager4PE
 0001:00019134       VA508AccessibilityPE..TVA508AccessibilityPropertyMapper
 0001:00019A68       VA508AccessibilityPE..TVA508AccessibilityPropertyPropertyEditor
 0001:0001969C       VA508AccessibilityPE..TVA508CollectionPropertyEditor
 0001:0001932C       VA508AccessibilityPE..TVA508NestedPropertyEditor
 0001:00019F50       VA508AccessibilityPE.AllComponentsHaveSameManager
 0001:0001B4BC       VA508AccessibilityPE.Finalization
 0001:00019E6C       VA508AccessibilityPE.GetAccessibilityManager
 0001:00019FB8       VA508AccessibilityPE.GetStringPropertyNames
 0001:0001A09C       VA508AccessibilityPE.QVal
 0001:0001B338       VA508AccessibilityPE.Register
 0001:0001A120       VA508AccessibilityPE.StripQVal
 0001:0001B318       VA508AccessibilityPE.TVA508AccessibilityComponentPropertyEditor.GetAttributes
 0001:0001AD2C       VA508AccessibilityPE.TVA508AccessibilityLabelPropertyEditor.GetAttributes
 0001:0001AD4C       VA508AccessibilityPE.TVA508AccessibilityLabelPropertyEditor.GetManager
 0001:0001AD84       VA508AccessibilityPE.TVA508AccessibilityLabelPropertyEditor.GetProperties
 0001:0001AD90       VA508AccessibilityPE.TVA508AccessibilityLabelPropertyEditor.GetValue
 0001:0001AE34       VA508AccessibilityPE.TVA508AccessibilityLabelPropertyEditor.GetValues
 0001:0001AEF8       VA508AccessibilityPE.TVA508AccessibilityLabelPropertyEditor.SetValue
 0001:0001A1B0       VA508AccessibilityPE.TVA508AccessibilityPropertyMapper.GetAttributes
 0001:0001A1EC       VA508AccessibilityPE.TVA508AccessibilityPropertyMapper.GetProperties
 0001:0001AF50       VA508AccessibilityPE.TVA508AccessibilityPropertyPropertyEditor.AllEqual
 0001:0001B010       VA508AccessibilityPE.TVA508AccessibilityPropertyPropertyEditor.GetAttributes
 0001:0001B030       VA508AccessibilityPE.TVA508AccessibilityPropertyPropertyEditor.GetEditLimit
 0001:0001B048       VA508AccessibilityPE.TVA508AccessibilityPropertyPropertyEditor.GetManager
 0001:0001B080       VA508AccessibilityPE.TVA508AccessibilityPropertyPropertyEditor.GetRootComponent
 0001:0001B0A4       VA508AccessibilityPE.TVA508AccessibilityPropertyPropertyEditor.GetValue
 0001:0001B144       VA508AccessibilityPE.TVA508AccessibilityPropertyPropertyEditor.GetValues
 0001:0001B2C0       VA508AccessibilityPE.TVA508AccessibilityPropertyPropertyEditor.SetValue
 0001:0001AD10       VA508AccessibilityPE.TVA508CollectionPropertyEditor.GetColOptions
 0001:0001A334       VA508AccessibilityPE.TVA508NestedPropertyEditor.AllEqual
 0001:0001A56C       VA508AccessibilityPE.TVA508NestedPropertyEditor.Create
 0001:0001A610       VA508AccessibilityPE.TVA508NestedPropertyEditor.Edit
 0001:0001A690       VA508AccessibilityPE.TVA508NestedPropertyEditor.GetAttributes
 0001:0001A6F4       VA508AccessibilityPE.TVA508NestedPropertyEditor.GetEditLimit
 0001:0001A730       VA508AccessibilityPE.TVA508NestedPropertyEditor.GetName
 0001:0001A750       VA508AccessibilityPE.TVA508NestedPropertyEditor.GetValue
 0001:0001A90C       VA508AccessibilityPE.TVA508NestedPropertyEditor.GetValues
 0001:0001AB4C       VA508AccessibilityPE.TVA508NestedPropertyEditor.SetValue
 0002:00000578       VA508AccessibilityPE.VA508AccessibilityPE
 0004:00000050       VA508AccessibilityRouter..2
 0001:000055AC       VA508AccessibilityRouter..TMasterScreenReader
 0001:0000524C       VA508AccessibilityRouter..TNullScreenReader
 0001:00005038       VA508AccessibilityRouter..TVA508ScreenReader
 0003:000002C4       VA508AccessibilityRouter.ActiveScreenReader
 0001:00006D60       VA508AccessibilityRouter.AddDescription
 0003:000002D6       VA508AccessibilityRouter.CheckScreenReaderSystemActive
 0001:000064BC       VA508AccessibilityRouter.Coded
 0001:00007118       VA508AccessibilityRouter.ComponentDataRequested
 0001:00006000       VA508AccessibilityRouter.CreateTimer
 0001:000062B0       VA508AccessibilityRouter.Decode
 0001:000069AC       VA508AccessibilityRouter.EnsureDialogAreSpecified
 0001:0000694C       VA508AccessibilityRouter.EnumResNameProc
 0001:00007404       VA508AccessibilityRouter.Finalization
 0001:00005AA0       VA508AccessibilityRouter.GetScreenReader
 0003:000002C8       VA508AccessibilityRouter.MasterScreenReader
 0003:000002D4       VA508AccessibilityRouter.Need2RegisterData
 0003:000002D5       VA508AccessibilityRouter.OK2RegisterData
 0001:00005AF4       VA508AccessibilityRouter.PostScreenReaderCheckEvent
 0003:000002D0       VA508AccessibilityRouter.SaveInitProc
 0001:00006064       VA508AccessibilityRouter.ScreenReaderSystemActive
 0001:00006158       VA508AccessibilityRouter.SpecifyFormIsNotADialog
 0001:00006218       VA508AccessibilityRouter.TMasterScreenReader.AddComponentDataNeededEventHandler
 0001:00006234       VA508AccessibilityRouter.TMasterScreenReader.Create
 0001:00006358       VA508AccessibilityRouter.TMasterScreenReader.DecodeBehavior
 0001:00006464       VA508AccessibilityRouter.TMasterScreenReader.Destroy
 0001:000065E0       VA508AccessibilityRouter.TMasterScreenReader.EncodeBehavior
 0001:0000668C       VA508AccessibilityRouter.TMasterScreenReader.HandleSRException
 0001:000066F4       VA508AccessibilityRouter.TMasterScreenReader.ProcessCustomKeyCommand
 0001:00006738       VA508AccessibilityRouter.TMasterScreenReader.RegisterClassAsMSAA
 0001:000067A0       VA508AccessibilityRouter.TMasterScreenReader.RegisterCustomBehavior
 0001:000068D4       VA508AccessibilityRouter.TMasterScreenReader.RegisterCustomClassBehavior
 0001:00006BF8       VA508AccessibilityRouter.TMasterScreenReader.RegisterCustomData
 0001:00006ECC       VA508AccessibilityRouter.TMasterScreenReader.RegisterCustomKeyMapping
 0001:00006FBC       VA508AccessibilityRouter.TMasterScreenReader.RegisterDictionaryChange
 0001:00007024       VA508AccessibilityRouter.TMasterScreenReader.RegistrationAllowed
 0001:00007054       VA508AccessibilityRouter.TMasterScreenReader.RemoveComponentDataNeededEventHandler
 0001:00007070       VA508AccessibilityRouter.TMasterScreenReader.Speak
 0001:00007254       VA508AccessibilityRouter.TNullScreenReader.AddComponentDataNeededEventHandler
 0001:00007260       VA508AccessibilityRouter.TNullScreenReader.RegisterClassAsMSAA
 0001:000072A4       VA508AccessibilityRouter.TNullScreenReader.RegisterCustomClassBehavior
 0001:000072F8       VA508AccessibilityRouter.TNullScreenReader.RegisterCustomKeyMapping
 0001:00007360       VA508AccessibilityRouter.TNullScreenReader.RegisterDictionaryChange
 0001:000073B4       VA508AccessibilityRouter.TNullScreenReader.RemoveComponentDataNeededEventHandler
 0001:000073C0       VA508AccessibilityRouter.TNullScreenReader.Speak
 0001:00005244       VA508AccessibilityRouter.TVA508ScreenReader.RegisterCustomKeyMapping
 0001:0000523C       VA508AccessibilityRouter.TVA508ScreenReader.RegisterDictionaryChange
 0001:00005234       VA508AccessibilityRouter.TVA508ScreenReader.Speak
 0003:000002CC       VA508AccessibilityRouter.uNonDialogClassNames
 0003:000002D8       VA508AccessibilityRouter.uPostScreenReaderActivationTimer
 0003:000002D7       VA508AccessibilityRouter.uScreenReaderSystemActive
 0002:0000040C       VA508AccessibilityRouter.VA508AccessibilityRouter
 0001:00005A60       VA508AccessibilityRouter.VA508RouterInitProc
 0004:00000058       VA508Classes..5
 0001:0000992C       VA508Classes..EVA508AccessibilityException
 0001:000095B8       VA508Classes..TFormData
 0001:00009AB8       VA508Classes..TParentChildFormTracker
 0001:00009F48       VA508Classes..TVA508Parser
 0001:0000A2A8       VA508Classes.EnsureManager
 0001:0000BC80       VA508Classes.Finalization
 0001:0000A224       VA508Classes.HasAnotherAccessibilityManager
 0001:0000B8F4       VA508Classes.IgnoreToken
 0001:0000B930       VA508Classes.InvalidSection
 0001:0000AAB8       VA508Classes.TFormData.HasManager
 0001:0000AAD4       VA508Classes.TFormData.HasParent
 0001:0000AAF0       VA508Classes.TFormData.SetFormClassName
 0001:0000AB58       VA508Classes.TParentChildFormTracker.AddForm
 0001:0000AC34       VA508Classes.TParentChildFormTracker.AddLink
 0001:0000ACB8       VA508Classes.TParentChildFormTracker.Clear
 0001:0000ACD0       VA508Classes.TParentChildFormTracker.Create
 0001:0000AD1C       VA508Classes.TParentChildFormTracker.Destroy
 0001:0000AD58       VA508Classes.TParentChildFormTracker.FindForm
 0001:0000AE04       VA508Classes.TParentChildFormTracker.FormCount
 0001:0000AE20       VA508Classes.TParentChildFormTracker.GetFormData
 0001:0000AE44       VA508Classes.TParentChildFormTracker.ParentChildErrorDescription
 0001:0000B5D4       VA508Classes.TParentChildFormTracker.ParentChildErrorStatus
 0001:0000B700       VA508Classes.TVA508Parser.GetParentClassName
 0001:0000B8BC       VA508Classes.TVA508Parser.LastLineRead
 0001:0000B8D8       VA508Classes.TVA508Parser.LastPosition
 0001:0000BA08       VA508Classes.TVA508Parser.ParseToken
 0002:0000043C       VA508Classes.VA508Classes
 0001:0000A444       VA508Classes.VA508ComponentCreationCheck
 0001:0000A7F0       VA508Classes.VA508ComponentDestructionCheck
 0004:0000005C       VA508DelphiCompatibility..2
 0001:0000BF50       VA508DelphiCompatibility..TCheckBox508Manager
 0001:0000C180       VA508DelphiCompatibility..TCheckListBox508Manager
 0001:0000C700       VA508DelphiCompatibility..TCustomGrid508Manager
 0001:0000C57C       VA508DelphiCompatibility..TVA508ComboManager
 0001:0000C3FC       VA508DelphiCompatibility..TVA508EditManager
 0001:0000BD20       VA508DelphiCompatibility..TVA508StaticTextManager
 0001:0000C978       VA508DelphiCompatibility.Append
 0001:0000CA1C       VA508DelphiCompatibility.AppendHeader
 0001:0000CDD8       VA508DelphiCompatibility.CustomComboAlternateHandle
 0001:0000D9F8       VA508DelphiCompatibility.Finalization
 0001:0000CDF4       VA508DelphiCompatibility.GetCheckBoxComponentName
 0001:0000CE80       VA508DelphiCompatibility.GetCheckBoxInstructionMessage
 0001:0000CF48       VA508DelphiCompatibility.GetCheckBoxStateText
 0001:0000CAA4       VA508DelphiCompatibility.ListViewIndexQueryProc
 0001:0000CC90       VA508DelphiCompatibility.RegisterStandardDelphiComponents
 0001:0000D00C       VA508DelphiCompatibility.TCheckBox508Manager.Create
 0001:0000D060       VA508DelphiCompatibility.TCheckBox508Manager.GetComponentName
 0001:0000D084       VA508DelphiCompatibility.TCheckBox508Manager.GetInstructions
 0001:0000D0AC       VA508DelphiCompatibility.TCheckBox508Manager.GetState
 0001:0000D0D0       VA508DelphiCompatibility.TCheckListBox508Manager.Create
 0001:0000D124       VA508DelphiCompatibility.TCheckListBox508Manager.GetComponentName
 0001:0000D224       VA508DelphiCompatibility.TCheckListBox508Manager.GetIndex
 0001:0000D27C       VA508DelphiCompatibility.TCheckListBox508Manager.GetItem
 0001:0000D1D8       VA508DelphiCompatibility.TCheckListBox508Manager.GetItemInstructions
 0001:0000D2C0       VA508DelphiCompatibility.TCheckListBox508Manager.GetState
 0001:0000D30C       VA508DelphiCompatibility.TCustomGrid508Manager.Create
 0001:0000D360       VA508DelphiCompatibility.TCustomGrid508Manager.GetComponentName
 0001:0000D39C       VA508DelphiCompatibility.TCustomGrid508Manager.GetInstructions
 0001:0000D480       VA508DelphiCompatibility.TCustomGrid508Manager.GetItem
 0001:0000D4E4       VA508DelphiCompatibility.TCustomGrid508Manager.GetValue
 0001:0000D984       VA508DelphiCompatibility.TVA508ComboManager.Create
 0001:0000D9D8       VA508DelphiCompatibility.TVA508ComboManager.GetValue
 0001:0000D910       VA508DelphiCompatibility.TVA508EditManager.Create
 0001:0000D964       VA508DelphiCompatibility.TVA508EditManager.GetValue
 0001:0000D7A4       VA508DelphiCompatibility.TVA508StaticTextManager.Create
 0001:0000D7F8       VA508DelphiCompatibility.TVA508StaticTextManager.GetCaption
 0001:0000D828       VA508DelphiCompatibility.TVA508StaticTextManager.GetComponentName
 0001:0000D860       VA508DelphiCompatibility.TVA508StaticTextManager.GetValue
 0002:000004CC       VA508DelphiCompatibility.VA508DelphiCompatibility
 0004:00000054       VA508ImageListLabeler..6
 0001:0000798C       VA508ImageListLabeler..TVA508ImageListComponent
 0001:00007B7C       VA508ImageListLabeler..TVA508ImageListComponents
 0001:0000744C       VA508ImageListLabeler..TVA508ImageListLabel
 0001:00007DE4       VA508ImageListLabeler..TVA508ImageListLabeler
 0001:000076B8       VA508ImageListLabeler..TVA508ImageListLabels
 0001:000095B0       VA508ImageListLabeler.Finalization
 0001:0000814C       VA508ImageListLabeler.Register
 0001:00009164       VA508ImageListLabeler.TVA508ImageListComponent.Assign
 0001:000091A8       VA508ImageListLabeler.TVA508ImageListComponent.ComponentNotifyEvent
 0001:000091DC       VA508ImageListLabeler.TVA508ImageListComponent.Destroy
 0001:0000922C       VA508ImageListLabeler.TVA508ImageListComponent.GetDisplayName
 0001:000092EC       VA508ImageListLabeler.TVA508ImageListComponent.ImageListTypes
 0001:000093F8       VA508ImageListLabeler.TVA508ImageListComponent.Labeler
 0001:00009424       VA508ImageListLabeler.TVA508ImageListComponent.SetComponent
[...]
   336 0001:0001A799   339 0001:0001A7BA   340 0001:0001A7D4   341 0001:0001A7DE
   344 0001:0001A81A   347 0001:0001A839   348 0001:0001A853   349 0001:0001A85B
   353 0001:0001A89B   354 0001:0001A8B5   357 0001:0001A8C7   365 0001:0001A90C
   366 0001:0001A92D   367 0001:0001A93C   368 0001:0001A94A   371 0001:0001A965
   372 0001:0001A973   373 0001:0001A98F   372 0001:0001A9A9   378 0001:0001A9B3
   379 0001:0001A9CF   381 0001:0001A9D8   383 0001:0001A9ED   384 0001:0001AA07
   385 0001:0001AA24   381 0001:0001AA27   387 0001:0001AA2C   388 0001:0001AA37
   390 0001:0001AA53   391 0001:0001AA61   392 0001:0001AA6A   393 0001:0001AAA3
   394 0001:0001AAAC   388 0001:0001AAAF   399 0001:0001AAB6   400 0001:0001AACE
   405 0001:0001AAF6   407 0001:0001AB06   416 0001:0001AB4C   417 0001:0001AB6B
   418 0001:0001AB70   419 0001:0001AB75   423 0001:0001AB8C   424 0001:0001AB97
   425 0001:0001ABA8   426 0001:0001ABBA   429 0001:0001ABC2   433 0001:0001ABCF
   434 0001:0001ABDF   435 0001:0001ABEC   436 0001:0001AC02   440 0001:0001AC19
   442 0001:0001AC33   444 0001:0001AC51   445 0001:0001AC67   446 0001:0001AC84
   447 0001:0001ACA1   448 0001:0001ACBE   451 0001:0001ACD9   440 0001:0001ACDC
   452 0001:0001ACE5   453 0001:0001ACED   616 0001:0001AD10   617 0001:0001AD19
   618 0001:0001AD21   624 0001:0001AD2C   625 0001:0001AD35   626 0001:0001AD3F
   629 0001:0001AD4C   630 0001:0001AD55   631 0001:0001AD5E   632 0001:0001AD73
   633 0001:0001AD7C   637 0001:0001AD84   639 0001:0001AD8B   644 0001:0001AD90
   645 0001:0001ADB5   646 0001:0001ADC5   647 0001:0001ADCB   648 0001:0001AE04
   654 0001:0001AE34   655 0001:0001AE51   656 0001:0001AE60   657 0001:0001AE6E
   658 0001:0001AE7E   659 0001:0001AE96   658 0001:0001AEB0   661 0001:0001AEC2
   663 0001:0001AED2   666 0001:0001AEF8   667 0001:0001AF17   668 0001:0001AF2D
   676 0001:0001AF50   677 0001:0001AF6F   679 0001:0001AF78   680 0001:0001AF7C
   681 0001:0001AF98   682 0001:0001AFAD   681 0001:0001AFD8   684 0001:0001AFDD
   685 0001:0001AFE1   688 0001:0001B010   689 0001:0001B019   690 0001:0001B023
   693 0001:0001B030   694 0001:0001B039   695 0001:0001B040   698 0001:0001B048
   699 0001:0001B051   700 0001:0001B05A   701 0001:0001B06F   702 0001:0001B078
   706 0001:0001B080   707 0001:0001B08C   708 0001:0001B09D   711 0001:0001B0A4
   712 0001:0001B0C5   713 0001:0001B0D0   714 0001:0001B0D8   715 0001:0001B116
   724 0001:0001B144   725 0001:0001B166   726 0001:0001B175   727 0001:0001B183
   728 0001:0001B1A1   730 0001:0001B1AA   731 0001:0001B1BF   730 0001:0001B1DF
   733 0001:0001B1E4   734 0001:0001B1EF   736 0001:0001B207   737 0001:0001B215
   738 0001:0001B21E   739 0001:0001B257   740 0001:0001B260   734 0001:0001B263
   742 0001:0001B275   744 0001:0001B285   748 0001:0001B2C0   749 0001:0001B2DF
   750 0001:0001B2F5   755 0001:0001B318   756 0001:0001B321   757 0001:0001B32B
   760 0001:0001B338   761 0001:0001B33E   763 0001:0001B368   765 0001:0001B383
   767 0001:0001B39E   769 0001:0001B3B9   771 0001:0001B3D4   773 0001:0001B3EF

Line numbers for VA508AccessibilityPE(VA508AccessibilityPE.pas) segment .itext

   775 0002:00000578

Line numbers for VA508AccessibilityCompiler(VA508AccessibilityCompiler.pas) segment .text

   107 0001:0001B7F0   112 0001:0001B7F4   113 0001:0001B807   115 0001:0001B819
   116 0001:0001B82E   118 0001:0001B834   119 0001:0001B842   120 0001:0001B84C
   122 0001:0001B853   124 0001:0001B85D   127 0001:0001B890   128 0001:0001B897
   129 0001:0001B8A0   130 0001:0001B8A6   131 0001:0001B8AB   136 0001:0001B8B0
   137 0001:0001B8B4   138 0001:0001B8CB   139 0001:0001B8D6   144 0001:0001B8EC
   145 0001:0001B8F8   146 0001:0001B8FE   148 0001:0001B908   149 0001:0001B915
   152 0001:0001B92C   153 0001:0001B956   154 0001:0001B95C   155 0001:0001B9A2
   158 0001:0001B9D4   159 0001:0001B9F3   160 0001:0001B9FE   162 0001:0001BA0E
   164 0001:0001BA1F   166 0001:0001BA3F   167 0001:0001BA5F   171 0001:0001BAE5
   172 0001:0001BAFD   175 0001:0001BB15   177 0001:0001BB21   178 0001:0001BB2A
   182 0001:0001BB37   183 0001:0001BB47   186 0001:0001BED8   187 0001:0001BEE7
   189 0001:0001BEF6   191 0001:0001BEFD   195 0001:0001BF04   196 0001:0001BF13
   200 0001:0001BF18   201 0001:0001BF24   204 0001:0001BF28   205 0001:0001BF37
   206 0001:0001BF3D   207 0001:0001BF45   211 0001:0001BF4C   212 0001:0001BF5B
   213 0001:0001BF61   214 0001:0001BF69   217 0001:0001BF70   218 0001:0001BF79
   219 0001:0001BF94   222 0001:0001BF9C   223 0001:0001BFB4   224 0001:0001BFC6
   225 0001:0001BFD3   226 0001:0001BFDD   229 0001:0001BFFC   230 0001:0001C00D
   231 0001:0001C018   232 0001:0001C026   235 0001:0001C038   236 0001:0001C03F
   237 0001:0001C046   240 0001:0001C04C   241 0001:0001C053   242 0001:0001C05D
   243 0001:0001C066   245 0001:0001C073   246 0001:0001C085   247 0001:0001C08D
   248 0001:0001C095   249 0001:0001C09D   250 0001:0001C0A5   251 0001:0001C0AC
   252 0001:0001C0B3   253 0001:0001C0BA   254 0001:0001C0C2   267 0001:0001C0C8
   268 0001:0001C0FE   270 0001:0001C11F   271 0001:0001C123   272 0001:0001C133
   273 0001:0001C146   275 0001:0001C14C   276 0001:0001C161   277 0001:0001C175
   282 0001:0001C19D   283 0001:0001C1A1   285 0001:0001C210   286 0001:0001C22D
   287 0001:0001C23D   289 0001:0001C257   290 0001:0001C266   291 0001:0001C272
   293 0001:0001C291   294 0001:0001C2A2   297 0001:0001C2F0   298 0001:0001C30D
   291 0001:0001C310   300 0001:0001C319   301 0001:0001C322   302 0001:0001C32D
   305 0001:0001C3CC   306 0001:0001C3F3   307 0001:0001C3FC   308 0001:0001C437
   311 0001:0001C460   312 0001:0001C493   313 0001:0001C49C   314 0001:0001C4C7
   315 0001:0001C4CD   316 0001:0001C4D4   317 0001:0001C4DF   320 0001:0001C530
   321 0001:0001C563   322 0001:0001C56C   323 0001:0001C597   324 0001:0001C59D
   325 0001:0001C5A4   326 0001:0001C5AF   329 0001:0001C604   330 0001:0001C626
   331 0001:0001C62F   332 0001:0001C63D   339 0001:0001C660   340 0001:0001C66F
   342 0001:0001C678   343 0001:0001C685   346 0001:0001C695   347 0001:0001C6A6
   348 0001:0001C6AC   352 0001:0001C6BA   355 0001:0001C6C0   356 0001:0001C6F3
   357 0001:0001C6FC   358 0001:0001C72C   359 0001:0001C737   449 0001:0001C7A4
   450 0001:0001C7B1   451 0001:0001C7B7   452 0001:0001C7CA   455 0001:0001C7CF
   456 0001:0001C7E3   457 0001:0001C7F4   453 0001:0001C7F8   459 0001:0001C808
   464 0001:0001C810   465 0001:0001C81A   466 0001:0001C826   467 0001:0001C82F
   468 0001:0001C847   469 0001:0001C85D   470 0001:0001C864   473 0001:0001C86C
   474 0001:0001C88A   476 0001:0001C893   477 0001:0001C8A7   478 0001:0001C8AD
   480 0001:0001C8BE   483 0001:0001C8E0   484 0001:0001C907   485 0001:0001C935
   490 0001:0001C978   491 0001:0001C99D   492 0001:0001C9A8   493 0001:0001C9AF
   494 0001:0001C9D0   496 0001:0001C9D6   497 0001:0001C9F7   499 0001:0001CA04
   501 0001:0001CA0A   502 0001:0001CA1F   503 0001:0001CA25   505 0001:0001CA53
   509 0001:0001CAD4   510 0001:0001CAFA   511 0001:0001CB17   512 0001:0001CB39
   513 0001:0001CB44   514 0001:0001CB52   519 0001:0001CB7C   520 0001:0001CBA3
   521 0001:0001CBAB   522 0001:0001CBC0   524 0001:0001CBC6   525 0001:0001CBC9
   527 0001:0001CBD1   526 0001:0001CBD4   528 0001:0001CBE8   530 0001:0001CC09
   535 0001:0001CC44   536 0001:0001CC63   537 0001:0001CC74   539 0001:0001CC7A
   540 0001:0001CC8D   542 0001:0001CC9B   547 0001:0001CCBC   548 0001:0001CCDB
   549 0001:0001CCE0   550 0001:0001CCF1   551 0001:0001CCF7   552 0001:0001CD08
   561 0001:0001CD2C   562 0001:0001CD51   563 0001:0001CD64   564 0001:0001CD6B
   565 0001:0001CD71   566 0001:0001CD75   567 0001:0001CD79   568 0001:0001CD7D
   569 0001:0001CD85   570 0001:0001CD89   573 0001:0001CD93   574 0001:0001CDAF
   576 0001:0001CDB9   577 0001:0001CDC6   579 0001:0001CDD0   581 0001:0001CDDA
   583 0001:0001CDF9   584 0001:0001CDFD   586 0001:0001CE14   588 0001:0001CE33
   589 0001:0001CE37   592 0001:0001CE4E   593 0001:0001CE6D   595 0001:0001CE8E
   596 0001:0001CE9E   598 0001:0001CEA2   600 0001:0001CEBA   602 0001:0001CEC0
   603 0001:0001CECF   605 0001:0001CEE3   610 0001:0001CEF3   612 0001:0001CF06
   613 0001:0001CF0A   614 0001:0001CF12   620 0001:0001CF1B   622 0001:0001CF2A
   623 0001:0001CF2E   626 0001:0001CF37   635 0001:0001CF4A   636 0001:0001CF5D
   640 0001:0001CF63   642 0001:0001CF74   644 0001:0001CF87   645 0001:0001CF94
   646 0001:0001CFC3   647 0001:0001CFCF   648 0001:0001CFD4   649 0001:0001CFDC
   652 0001:0001CFE0   571 0001:0001CFE3   654 0001:0001CFF7   662 0001:0001D0C8
   663 0001:0001D0E8   665 0001:0001D107   666 0001:0001D118   667 0001:0001D129
   669 0001:0001D141   670 0001:0001D17D   667 0001:0001D180   671 0001:0001D185
   663 0001:0001D188   672 0001:0001D191   680 0001:0001D210   681 0001:0001D25B
   682 0001:0001D269   685 0001:0001D284   686 0001:0001D2D6   687 0001:0001D2EA
   689 0001:0001D2F3   690 0001:0001D2FC   691 0001:0001D30D   692 0001:0001D315
   693 0001:0001D31C   694 0001:0001D336   695 0001:0001D34A   699 0001:0001D356
   700 0001:0001D36D   701 0001:0001D385   702 0001:0001D3B2   703 0001:0001D3BB
   706 0001:0001D3C6   707 0001:0001D3CF   708 0001:0001D3E4   709 0001:0001D3F8
   708 0001:0001D40C   710 0001:0001D411   713 0001:0001D41D   716 0001:0001D438
   718 0001:0001D44B   723 0001:0001D4A4   724 0001:0001D4D4   725 0001:0001D4D8
   726 0001:0001D4E6   728 0001:0001D4F8   729 0001:0001D505   730 0001:0001D50D
   732 0001:0001D51A   733 0001:0001D53B   734 0001:0001D547   735 0001:0001D555
   736 0001:0001D559   737 0001:0001D572   736 0001:0001D597   741 0001:0001D59E
   742 0001:0001D5A9   743 0001:0001D5B7   745 0001:0001D5BD   746 0001:0001D5CE
   747 0001:0001D5EB   752 0001:0001D608   753 0001:0001D60D   756 0001:0001D644
   757 0001:0001D65C   758 0001:0001D660   760 0001:0001D66D   762 0001:0001D67C
   763 0001:0001D698   765 0001:0001D6C5   769 0001:0001D6EE   776 0001:0001D730
   777 0001:0001D74C   778 0001:0001D757   779 0001:0001D75F   780 0001:0001D763
   781 0001:0001D767   782 0001:0001D76B   783 0001:0001D772   784 0001:0001D785
   786 0001:0001D78F   787 0001:0001D79F   789 0001:0001D7C9   790 0001:0001D7CF
   791 0001:0001D7D9   793 0001:0001D7DF   794 0001:0001D7EF   798 0001:0001D825
   799 0001:0001D83B   804 0001:0001D930   805 0001:0001D94A   807 0001:0001D969
   808 0001:0001D975   809 0001:0001D994   810 0001:0001D9A2   811 0001:0001D9B0
   813 0001:0001D9C7   815 0001:0001D9DA   805 0001:0001D9DD   816 0001:0001D9E2
   819 0001:0001DA04   820 0001:0001DA19   822 0001:0001DA31   823 0001:0001DA4D
   825 0001:0001DA56   828 0001:0001DA72   831 0001:0001DA9C   832 0001:0001DAA2
   833 0001:0001DAAD   834 0001:0001DABB   836 0001:0001DAD0   837 0001:0001DADE
   839 0001:0001DAFA   842 0001:0001DB0C   844 0001:0001DB1F   853 0001:0001DB24
   854 0001:0001DB61   855 0001:0001DB72   856 0001:0001DB83   857 0001:0001DB94
   858 0001:0001DBB9   860 0001:0001DBC2   861 0001:0001DBCF   864 0001:0001DBD4
   865 0001:0001DBDE   866 0001:0001DBEC   868 0001:0001DBFD   869 0001:0001DC08
   870 0001:0001DC17   871 0001:0001DC1E   872 0001:0001DC24   875 0001:0001DC6A
   879 0001:0001DCBB   881 0001:0001DCCD   883 0001:0001DCE3   884 0001:0001DCF6
   885 0001:0001DD04   886 0001:0001DD13   887 0001:0001DD21   888 0001:0001DD2C
   890 0001:0001DD6C   891 0001:0001DD9F   892 0001:0001DDAC   893 0001:0001DDBA
   894 0001:0001DDC1   897 0001:0001DE02   900 0001:0001DE2D   901 0001:0001DE30
   904 0001:0001DE52   908 0001:0001E178   909 0001:0001E197   910 0001:0001E1A7
   926 0001:0001E1CC   927 0001:0001E1FB   929 0001:0001E21A   930 0001:0001E22A
   931 0001:0001E23B   932 0001:0001E24B   934 0001:0001E254   935 0001:0001E25C
   936 0001:0001E272   935 0001:0001E2A4   937 0001:0001E2A9   940 0001:0001E2BD
   941 0001:0001E2C2   942 0001:0001E2E5   944 0001:0001E2EF   945 0001:0001E2FD
   947 0001:0001E30A   948 0001:0001E318   949 0001:0001E324   950 0001:0001E333
   951 0001:0001E341   952 0001:0001E349   953 0001:0001E354   954 0001:0001E369
   955 0001:0001E374   956 0001:0001E38C   955 0001:0001E3AA   958 0001:0001E3BC
   962 0001:0001E3D9   965 0001:0001E3E9   966 0001:0001E3FD   967 0001:0001E40E
   968 0001:0001E422   927 0001:0001E425   969 0001:0001E42E   971 0001:0001E44D
   972 0001:0001E45D   973 0001:0001E46E   975 0001:0001E47B   976 0001:0001E48C
   977 0001:0001E49D   978 0001:0001E4AD   979 0001:0001E4C0   980 0001:0001E4C8
   982 0001:0001E4D9   983 0001:0001E4E9   984 0001:0001E4EF   985 0001:0001E502
   986 0001:0001E508   989 0001:0001E51A   991 0001:0001E547   993 0001:0001E579
   997 0001:0001E58B   998 0001:0001E596   999 0001:0001E59C  1001 0001:0001E5AD
   969 0001:0001E5B0  1002 0001:0001E5B9  1007 0001:0001E830  1008 0001:0001E84C
  1010 0001:0001E86E  1012 0001:0001E898  1013 0001:0001E8CE  1015 0001:0001E8DB
  1016 0001:0001E8E9  1017 0001:0001E905  1019 0001:0001E90E  1020 0001:0001E91C
  1021 0001:0001E92A  1023 0001:0001E946  1025 0001:0001E958  1029 0001:0001E978
  1033 0001:0001E98B  1008 0001:0001E98E  1034 0001:0001E997  1041 0001:0001E9D4
  1042 0001:0001E9F2  1043 0001:0001EA00  1044 0001:0001EA2C  1045 0001:0001EA35
  1046 0001:0001EA4E  1047 0001:0001EA6A  1048 0001:0001EA86  1049 0001:0001EAD1
  1050 0001:0001EAE3  1051 0001:0001EAF5  1053 0001:0001EB0A  1054 0001:0001EB1B
  1055 0001:0001EB2E  1056 0001:0001EB47  1059 0001:0001EB57  1060 0001:0001EB67
  1062 0001:0001EB7C  1063 0001:0001EB9D  1064 0001:0001EBBE  1066 0001:0001EBCA
  1067 0001:0001EBD5  1068 0001:0001EBE0  1070 0001:0001EBE5  1071 0001:0001EC06
  1072 0001:0001EC2A  1073 0001:0001EC37  1074 0001:0001EC44  1075 0001:0001EC51
  1076 0001:0001EC5E  1060 0001:0001EC61  1077 0001:0001EC6A  1080 0001:0001EC77
  1081 0001:0001EC7E  1089 0001:0001ED24  1090 0001:0001ED47  1092 0001:0001ED54
  1093 0001:0001ED74  1094 0001:0001ED84  1095 0001:0001ED92  1096 0001:0001EDA4
  1097 0001:0001EDA9  1098 0001:0001EDAE  1099 0001:0001EDC3  1101 0001:0001EDDA
  1102 0001:0001EDEB  1103 0001:0001EE0D  1104 0001:0001EE10  1105 0001:0001EE13
  1106 0001:0001EE24  1107 0001:0001EE46  1108 0001:0001EE49  1109 0001:0001EE4C
  1110 0001:0001EE68  1111 0001:0001EE6B  1112 0001:0001EE87  1113 0001:0001EE8A
  1099 0001:0001EE8D  1114 0001:0001EE96  1116 0001:0001EEAA  1117 0001:0001EEB5
  1118 0001:0001EEC0  1124 0001:0001EF08  1125 0001:0001EF1F  1126 0001:0001EF26
  1127 0001:0001EF2E  1128 0001:0001EF36  1129 0001:0001EF46  1131 0001:0001EF75
  1132 0001:0001EF80  1133 0001:0001EF8B  1134 0001:0001EF96  1136 0001:0001EF9D
  1137 0001:0001EFCC  1139 0001:0001EFF3  1140 0001:0001F005  1141 0001:0001F017
  1142 0001:0001F029  1144 0001:0001F03D  1145 0001:0001F051  1146 0001:0001F065
  1147 0001:0001F07B  1149 0001:0001F085  1150 0001:0001F08E  1134 0001:0001F091
  1151 0001:0001F09B  1156 0001:0001F0F8  1157 0001:0001F0FF  1159 0001:0001F111
  1160 0001:0001F11F  1161 0001:0001F14E  1162 0001:0001F15A  1163 0001:0001F166
  1164 0001:0001F173  1166 0001:0001F180  1167 0001:0001F18B  1168 0001:0001F196
  1169 0001:0001F1A1  1171 0001:0001F1AE  1174 0001:0001F1C2  1175 0001:0001F1C7
  1157 0001:0001F1CA  1176 0001:0001F1D4  1181 0001:0001F1DC  1182 0001:0001F1E2
  1183 0001:0001F1FD  1182 0001:0001F213  1184 0001:0001F218  1185 0001:0001F223
  1186 0001:0001F22E  1187 0001:0001F235  1188 0001:0001F23B  1190 0001:0001F240
  1191 0001:0001F277  1192 0001:0001F285  1195 0001:0001F28E  1196 0001:0001F295
  1197 0001:0001F29C  1198 0001:0001F2A8  1193 0001:0001F2AF  1200 0001:0001F2BB
  1201 0001:0001F2C7  1204 0001:0001F2DB  1206 0001:0001F2EA  1210 0001:0001F338
  1212 0001:0001F356

Line numbers for VA508AccessibilityCompiler(VA508AccessibilityCompiler.pas) segment .itext

  1207 0002:00000580  1209 0002:00000598

Line numbers for VA508ImageListLabelerPE(VA508ImageListLabelerPE.pas) segment .text

    85 0001:0001FFC8    86 0001:0001FFCB    87 0001:0001FFE6    88 0001:00020001
    89 0001:0002001C    90 0001:00020037    91 0001:00020047   103 0001:000200D0
   104 0001:000200EB   106 0001:000200F8   107 0001:00020114   108 0001:00020130
   115 0001:00020150   116 0001:00020159   117 0001:00020166   118 0001:00020175
   120 0001:00020181   121 0001:00020194   124 0001:000201A4   125 0001:000201AD
   126 0001:000201B5   129 0001:000201BC   130 0001:000201CD   132 0001:000201D9
   133 0001:000201F7   135 0001:00020201   136 0001:0002020F   139 0001:00020224
   140 0001:00020230   141 0001:0002023D   147 0001:00020244   148 0001:00020253
   149 0001:0002025D   150 0001:0002027F   151 0001:00020296   160 0001:0002029C
   161 0001:000202A5   163 0001:000202B0   164 0001:000202C4   165 0001:000202D2
   167 0001:000202F6   168 0001:00020310   169 0001:00020324   170 0001:0002032A
   171 0001:00020336   165 0001:00020339   173 0001:0002034B   176 0001:00020367
   179 0001:00020370   180 0001:00020379   181 0001:00020393   182 0001:000203A1
   183 0001:000203AF   184 0001:000203BD   186 0001:000203C2   192 0001:000203CC
   193 0001:000203D5   194 0001:000203E4   196 0001:000203EA   197 0001:000203F3
   198 0001:000203FE   201 0001:00020409   202 0001:0002040E   203 0001:0002041C
   204 0001:00020428   211 0001:0002042C   212 0001:00020438   214 0001:00020448
   215 0001:00020452   216 0001:00020466   217 0001:00020474   219 0001:00020480
   220 0001:0002049E   221 0001:000204B4   224 0001:000204BE   225 0001:000204CA
   227 0001:000204D7   228 0001:000204DF   229 0001:000204EB   230 0001:000204FA
   231 0001:00020506   233 0001:00020515   235 0001:00020522   236 0001:00020530
   238 0001:00020557   239 0001:00020562   240 0001:00020573   239 0001:00020581
   241 0001:00020587   242 0001:00020598   244 0001:000205A9   245 0001:000205BE
   246 0001:000205D3   247 0001:000205E1   248 0001:000205F5   249 0001:00020609
   250 0001:00020614   251 0001:0002061F   252 0001:00020636   254 0001:0002064D
   256 0001:0002066B   257 0001:00020678   260 0001:0002069A   263 0001:000206B6
   272 0001:000206BC   273 0001:000206CC   274 0001:000206DB   276 0001:000206F2
   277 0001:000206FD   279 0001:00020722   281 0001:00020728   282 0001:0002073F
   285 0001:00020769   287 0001:00020780   288 0001:00020793   289 0001:000207A8
   290 0001:000207C4   291 0001:000207CA   294 0001:000207E8   295 0001:000207F4
   300 0001:000207FC   301 0001:00020818   303 0001:0002084C   306 0001:00020890
   307 0001:0002089C   308 0001:000208AC   309 0001:000208B7   312 0001:000208BC
   313 0001:000208CB   314 0001:000208D1   316 0001:000208E0   317 0001:000208EE
   320 0001:00020934   321 0001:0002093D   322 0001:00020944   332 0001:0002094C
   333 0001:0002096F   334 0001:00020980   336 0001:00020986   338 0001:0002098B
   339 0001:000209A3   340 0001:000209D9   336 0001:000209DC   342 0001:000209E2
   348 0001:00020A30   349 0001:00020A4F   350 0001:00020A5A   351 0001:00020A6D
   352 0001:00020A73   353 0001:00020A9F   356 0001:00020AE4   357 0001:00020AEB
   358 0001:00020AFA   359 0001:00020B1D   365 0001:00020B24   366 0001:00020B43
   367 0001:00020B4E   368 0001:00020B63   369 0001:00020B69   370 0001:00020B79
   371 0001:00020B84   379 0001:00020BBC   380 0001:00020BC5   381 0001:00020BD2
   382 0001:00020BE1   384 0001:00020BEF   385 0001:00020BF9   391 0001:00020C08
   392 0001:00020C15   393 0001:00020C2B   394 0001:00020C37   397 0001:00020C50
   398 0001:00020C57   399 0001:00020C66   400 0001:00020C89

Line numbers for VA508ImageListLabelerPE(VA508ImageListLabelerPE.pas) segment .itext

   402 0002:000005B0

Line numbers for .VA508AccessXE5(VA508AccessXE5.dpk) segment .itext

    62 0002:000005B8

Bound resource files

C:\pf\CPRS\Packages\XE5\508\Source\VA508AccessibilityCompileInfo.dfm
C:\pf\CPRS\Packages\XE5\508\Source\VA508ImageListLabelerPE.dfm
VA508AccessXE5.res
XE5\508\Source\VA508AccessibilityManager.dcr
XE5\508\Source\VA508ImageListLabeler.dcr
VA508AccessXE5.drf


Program entry point at 0002:000005B8
