
 Start         Length     Name                   Class
 0001:00401000 00001DB0H .text                   CODE
 0002:00403000 00000420H .itext                  ICODE
 0003:00404000 00000094H .data                   DATA
 0004:00405000 0000002CH .bss                    BSS
 0005:00000000 00000000H .tls                    TLS
 0006:00400000 00000000H .pdata                  PDATA


Detailed map of segments

 0001:00000000 000000B0 C=CODE     S=.text    G=(none)   M=System   ACBP=A9
 0001:000000B0 000007D0 C=CODE     S=.text    G=(none)   M=SysInit  ACBP=A9
 0001:00000880 0000006C C=CODE     S=.text    G=(none)   M=Winapi.Windows ACBP=A9
 0001:000008EC 00000008 C=CODE     S=.text    G=(none)   M=System.Internal.ExcUtils ACBP=A9
 0001:000008F4 00000030 C=CODE     S=.text    G=(none)   M=System.SysUtils ACBP=A9
 0001:00000924 00000008 C=CODE     S=.text    G=(none)   M=System.VarUtils ACBP=A9
 0001:0000092C 00000008 C=CODE     S=.text    G=(none)   M=System.Variants ACBP=A9
 0001:00000934 00000008 C=CODE     S=.text    G=(none)   M=System.Math ACBP=A9
 0001:0000093C 00000008 C=CODE     S=.text    G=(none)   M=System.TimeSpan ACBP=A9
 0001:00000944 00000008 C=CODE     S=.text    G=(none)   M=System.SyncObjs ACBP=A9
 0001:0000094C 00000010 C=CODE     S=.text    G=(none)   M=System.Generics.Defaults ACBP=A9
 0001:0000095C 00000008 C=CODE     S=.text    G=(none)   M=System.Rtti ACBP=A9
 0001:00000964 00000008 C=CODE     S=.text    G=(none)   M=System.TypInfo ACBP=A9
 0001:0000096C 00000040 C=CODE     S=.text    G=(none)   M=System.Classes ACBP=A9
 0001:000009AC 00000008 C=CODE     S=.text    G=(none)   M=System.DateUtils ACBP=A9
 0001:000009B4 00000010 C=CODE     S=.text    G=(none)   M=System.IOUtils ACBP=A9
 0001:000009C4 00000008 C=CODE     S=.text    G=(none)   M=System.Win.Registry ACBP=A9
 0001:000009CC 00000008 C=CODE     S=.text    G=(none)   M=Vcl.Graphics ACBP=A9
 0001:000009D4 00000008 C=CODE     S=.text    G=(none)   M=System.Actions ACBP=A9
 0001:000009DC 00000008 C=CODE     S=.text    G=(none)   M=Vcl.ActnList ACBP=A9
 0001:000009E4 00000008 C=CODE     S=.text    G=(none)   M=System.HelpIntfs ACBP=A9
 0001:000009EC 00000008 C=CODE     S=.text    G=(none)   M=Winapi.UxTheme ACBP=A9
 0001:000009F4 00000008 C=CODE     S=.text    G=(none)   M=Vcl.GraphUtil ACBP=A9
 0001:000009FC 00000090 C=CODE     S=.text    G=(none)   M=Vcl.StdCtrls ACBP=A9
 0001:00000A8C 00000008 C=CODE     S=.text    G=(none)   M=Vcl.Printers ACBP=A9
 0001:00000A94 00000008 C=CODE     S=.text    G=(none)   M=Vcl.Clipbrd ACBP=A9
 0001:00000A9C 000000C8 C=CODE     S=.text    G=(none)   M=Vcl.ComCtrls ACBP=A9
 0001:00000B64 00000008 C=CODE     S=.text    G=(none)   M=Vcl.Dialogs ACBP=A9
 0001:00000B6C 00000028 C=CODE     S=.text    G=(none)   M=Vcl.ExtCtrls ACBP=A9
 0001:00000B94 00000008 C=CODE     S=.text    G=(none)   M=Vcl.Themes ACBP=A9
 0001:00000B9C 00000008 C=CODE     S=.text    G=(none)   M=Winapi.FlatSB ACBP=A9
 0001:00000BA4 00000020 C=CODE     S=.text    G=(none)   M=Vcl.Forms ACBP=A9
 0001:00000BC4 00000008 C=CODE     S=.text    G=(none)   M=Vcl.Menus ACBP=A9
 0001:00000BCC 00000010 C=CODE     S=.text    G=(none)   M=System.Win.ComObj ACBP=A9
 0001:00000BDC 00000008 C=CODE     S=.text    G=(none)   M=Vcl.Controls ACBP=A9
 0001:00000BE4 00000008 C=CODE     S=.text    G=(none)   M=DesignIntf ACBP=A9
 0001:00000BEC 00000008 C=CODE     S=.text    G=(none)   M=IDEMessages ACBP=A9
 0001:00000BF4 00000008 C=CODE     S=.text    G=(none)   M=Vcl.CaptionedDockTree ACBP=A9
 0001:00000BFC 00000008 C=CODE     S=.text    G=(none)   M=Vcl.DockTabSet ACBP=A9
 0001:00000C04 00000008 C=CODE     S=.text    G=(none)   M=PercentageDockTree ACBP=A9
 0001:00000C0C 00000010 C=CODE     S=.text    G=(none)   M=Vcl.Buttons ACBP=A9
 0001:00000C1C 00000008 C=CODE     S=.text    G=(none)   M=Vcl.ExtDlgs ACBP=A9
 0001:00000C24 00000008 C=CODE     S=.text    G=(none)   M=Winapi.Mapi ACBP=A9
 0001:00000C2C 00000008 C=CODE     S=.text    G=(none)   M=Vcl.ExtActns ACBP=A9
 0001:00000C34 00000008 C=CODE     S=.text    G=(none)   M=Vcl.ActnMenus ACBP=A9
 0001:00000C3C 00000008 C=CODE     S=.text    G=(none)   M=Vcl.ActnMan ACBP=A9
 0001:00000C44 00000008 C=CODE     S=.text    G=(none)   M=Vcl.PlatformDefaultStyleActnCtrls ACBP=A9
 0001:00000C4C 00000008 C=CODE     S=.text    G=(none)   M=BaseDock ACBP=A9
 0001:00000C54 00000008 C=CODE     S=.text    G=(none)   M=DeskUtil ACBP=A9
 0001:00000C5C 00000008 C=CODE     S=.text    G=(none)   M=DeskForm ACBP=A9
 0001:00000C64 00000008 C=CODE     S=.text    G=(none)   M=DockForm ACBP=A9
 0001:00000C6C 00000010 C=CODE     S=.text    G=(none)   M=Xml.Win.msxmldom ACBP=A9
 0001:00000C7C 00000008 C=CODE     S=.text    G=(none)   M=Xml.Xmldom ACBP=A9
 0001:00000C84 00000008 C=CODE     S=.text    G=(none)   M=ToolsAPI ACBP=A9
 0001:00000C8C 00000008 C=CODE     S=.text    G=(none)   M=Proxies  ACBP=A9
 0001:00000C94 000000A0 C=CODE     S=.text    G=(none)   M=DesignEditors ACBP=A9
 0001:00000D34 00000008 C=CODE     S=.text    G=(none)   M=uNetPlace ACBP=A9
 0001:00000D3C 00000010 C=CODE     S=.text    G=(none)   M=Xwbut1   ACBP=A9
 0001:00000D4C 00000008 C=CODE     S=.text    G=(none)   M=MFunStr  ACBP=A9
 0001:00000D54 00000008 C=CODE     S=.text    G=(none)   M=Vcl.AxCtrls ACBP=A9
 0001:00000D5C 00000008 C=CODE     S=.text    G=(none)   M=Vcl.OleCtrls ACBP=A9
 0001:00000D64 00000008 C=CODE     S=.text    G=(none)   M=Vcl.OleServer ACBP=A9
 0001:00000D6C 00000008 C=CODE     S=.text    G=(none)   M=Sgnoncnf ACBP=A9
 0001:00000D74 00000008 C=CODE     S=.text    G=(none)   M=SelDiv   ACBP=A9
 0001:00000D7C 00000008 C=CODE     S=.text    G=(none)   M=RpcNet   ACBP=A9
 0001:00000D84 00000008 C=CODE     S=.text    G=(none)   M=Rpcconf1 ACBP=A9
 0001:00000D8C 00000018 C=CODE     S=.text    G=(none)   M=Trpcb    ACBP=A9
 0001:00000DA4 000007A4 C=CODE     S=.text    G=(none)   M=RpcbEdtr ACBP=A9
 0001:00001548 00000080 C=CODE     S=.text    G=(none)   M=XWBReg   ACBP=A9
 0001:000015C8 000007E8 C=CODE     S=.text    G=(none)   M=.XWB_DXE3 ACBP=A9
 0002:00000000 00000008 C=ICODE    S=.itext   G=(none)   M=System   ACBP=A9
 0002:00000008 00000008 C=ICODE    S=.itext   G=(none)   M=SysInit  ACBP=A9
 0002:00000010 00000018 C=ICODE    S=.itext   G=(none)   M=Winapi.Windows ACBP=A9
 0002:00000028 00000008 C=ICODE    S=.itext   G=(none)   M=System.Internal.ExcUtils ACBP=A9
 0002:00000030 00000028 C=ICODE    S=.itext   G=(none)   M=System.SysUtils ACBP=A9
 0002:00000058 00000008 C=ICODE    S=.itext   G=(none)   M=System.VarUtils ACBP=A9
 0002:00000060 00000008 C=ICODE    S=.itext   G=(none)   M=System.Variants ACBP=A9
 0002:00000068 00000008 C=ICODE    S=.itext   G=(none)   M=System.Math ACBP=A9
 0002:00000070 00000008 C=ICODE    S=.itext   G=(none)   M=System.TimeSpan ACBP=A9
 0002:00000078 00000008 C=ICODE    S=.itext   G=(none)   M=System.SyncObjs ACBP=A9
 0002:00000080 00000010 C=ICODE    S=.itext   G=(none)   M=System.Generics.Defaults ACBP=A9
 0002:00000090 00000008 C=ICODE    S=.itext   G=(none)   M=System.Rtti ACBP=A9
 0002:00000098 00000008 C=ICODE    S=.itext   G=(none)   M=System.TypInfo ACBP=A9
 0002:000000A0 00000030 C=ICODE    S=.itext   G=(none)   M=System.Classes ACBP=A9
 0002:000000D0 00000008 C=ICODE    S=.itext   G=(none)   M=System.DateUtils ACBP=A9
 0002:000000D8 00000010 C=ICODE    S=.itext   G=(none)   M=System.IOUtils ACBP=A9
 0002:000000E8 00000008 C=ICODE    S=.itext   G=(none)   M=System.Win.Registry ACBP=A9
 0002:000000F0 00000008 C=ICODE    S=.itext   G=(none)   M=Vcl.Graphics ACBP=A9
 0002:000000F8 00000008 C=ICODE    S=.itext   G=(none)   M=System.Actions ACBP=A9
 0002:00000100 00000008 C=ICODE    S=.itext   G=(none)   M=Vcl.ActnList ACBP=A9
 0002:00000108 00000008 C=ICODE    S=.itext   G=(none)   M=System.HelpIntfs ACBP=A9
 0002:00000110 00000008 C=ICODE    S=.itext   G=(none)   M=Winapi.UxTheme ACBP=A9
 0002:00000118 00000008 C=ICODE    S=.itext   G=(none)   M=Vcl.GraphUtil ACBP=A9
 0002:00000120 00000090 C=ICODE    S=.itext   G=(none)   M=Vcl.StdCtrls ACBP=A9
 0002:000001B0 00000008 C=ICODE    S=.itext   G=(none)   M=Vcl.Printers ACBP=A9
 0002:000001B8 00000008 C=ICODE    S=.itext   G=(none)   M=Vcl.Clipbrd ACBP=A9
 0002:000001C0 000000C8 C=ICODE    S=.itext   G=(none)   M=Vcl.ComCtrls ACBP=A9
 0002:00000288 00000008 C=ICODE    S=.itext   G=(none)   M=Vcl.Dialogs ACBP=A9
 0002:00000290 00000028 C=ICODE    S=.itext   G=(none)   M=Vcl.ExtCtrls ACBP=A9
 0002:000002B8 00000008 C=ICODE    S=.itext   G=(none)   M=Vcl.Themes ACBP=A9
 0002:000002C0 00000008 C=ICODE    S=.itext   G=(none)   M=Winapi.FlatSB ACBP=A9
 0002:000002C8 00000020 C=ICODE    S=.itext   G=(none)   M=Vcl.Forms ACBP=A9
 0002:000002E8 00000008 C=ICODE    S=.itext   G=(none)   M=Vcl.Menus ACBP=A9
 0002:000002F0 00000010 C=ICODE    S=.itext   G=(none)   M=System.Win.ComObj ACBP=A9
 0002:00000300 00000008 C=ICODE    S=.itext   G=(none)   M=Vcl.Controls ACBP=A9
 0002:00000308 00000008 C=ICODE    S=.itext   G=(none)   M=IDEMessages ACBP=A9
 0002:00000310 00000008 C=ICODE    S=.itext   G=(none)   M=Vcl.CaptionedDockTree ACBP=A9
 0002:00000318 00000008 C=ICODE    S=.itext   G=(none)   M=Vcl.DockTabSet ACBP=A9
 0002:00000320 00000008 C=ICODE    S=.itext   G=(none)   M=PercentageDockTree ACBP=A9
 0002:00000328 00000010 C=ICODE    S=.itext   G=(none)   M=Vcl.Buttons ACBP=A9
 0002:00000338 00000008 C=ICODE    S=.itext   G=(none)   M=Vcl.ExtDlgs ACBP=A9
 0002:00000340 00000008 C=ICODE    S=.itext   G=(none)   M=Winapi.Mapi ACBP=A9
 0002:00000348 00000008 C=ICODE    S=.itext   G=(none)   M=Vcl.ExtActns ACBP=A9
 0002:00000350 00000008 C=ICODE    S=.itext   G=(none)   M=Vcl.ActnMenus ACBP=A9
 0002:00000358 00000008 C=ICODE    S=.itext   G=(none)   M=Vcl.ActnMan ACBP=A9
 0002:00000360 00000008 C=ICODE    S=.itext   G=(none)   M=Vcl.PlatformDefaultStyleActnCtrls ACBP=A9
 0002:00000368 00000008 C=ICODE    S=.itext   G=(none)   M=BaseDock ACBP=A9
 0002:00000370 00000008 C=ICODE    S=.itext   G=(none)   M=DeskUtil ACBP=A9
 0002:00000378 00000008 C=ICODE    S=.itext   G=(none)   M=DeskForm ACBP=A9
 0002:00000380 00000008 C=ICODE    S=.itext   G=(none)   M=DockForm ACBP=A9
 0002:00000388 00000010 C=ICODE    S=.itext   G=(none)   M=Xml.Win.msxmldom ACBP=A9
 0002:00000398 00000008 C=ICODE    S=.itext   G=(none)   M=Xml.Xmldom ACBP=A9
 0002:000003A0 00000008 C=ICODE    S=.itext   G=(none)   M=ToolsAPI ACBP=A9
 0002:000003A8 00000008 C=ICODE    S=.itext   G=(none)   M=Proxies  ACBP=A9
 0002:000003B0 00000008 C=ICODE    S=.itext   G=(none)   M=DesignEditors ACBP=A9
 0002:000003B8 00000008 C=ICODE    S=.itext   G=(none)   M=uNetPlace ACBP=A9
 0002:000003C0 00000008 C=ICODE    S=.itext   G=(none)   M=Xwbut1   ACBP=A9
 0002:000003C8 00000008 C=ICODE    S=.itext   G=(none)   M=Vcl.AxCtrls ACBP=A9
 0002:000003D0 00000008 C=ICODE    S=.itext   G=(none)   M=Vcl.OleCtrls ACBP=A9
 0002:000003D8 00000008 C=ICODE    S=.itext   G=(none)   M=Vcl.OleServer ACBP=A9
 0002:000003E0 00000008 C=ICODE    S=.itext   G=(none)   M=Sgnoncnf ACBP=A9
 0002:000003E8 00000008 C=ICODE    S=.itext   G=(none)   M=SelDiv   ACBP=A9
 0002:000003F0 00000008 C=ICODE    S=.itext   G=(none)   M=RpcNet   ACBP=A9
 0002:000003F8 00000008 C=ICODE    S=.itext   G=(none)   M=Rpcconf1 ACBP=A9
 0002:00000400 00000008 C=ICODE    S=.itext   G=(none)   M=Trpcb    ACBP=A9
 0002:00000408 00000008 C=ICODE    S=.itext   G=(none)   M=RpcbEdtr ACBP=A9
 0002:00000410 00000008 C=ICODE    S=.itext   G=(none)   M=XWBReg   ACBP=A9
 0002:00000418 00000008 C=ICODE    S=.itext   G=(none)   M=.XWB_DXE3 ACBP=A9
 0003:00000000 00000088 C=DATA     S=.data    G=DGROUP   M=SysInit  ACBP=A9
 0003:00000088 0000000C C=DATA     S=.data    G=DGROUP   M=Winapi.Windows ACBP=A9
 0004:00000000 0000001C C=BSS      S=.bss     G=DGROUP   M=SysInit  ACBP=A9
 0004:0000001C 00000008 C=BSS      S=.bss     G=DGROUP   M=Winapi.Windows ACBP=A9
 0004:00000024 00000004 C=BSS      S=.bss     G=DGROUP   M=RpcbEdtr ACBP=A9
 0004:00000028 00000004 C=BSS      S=.bss     G=DGROUP   M=XWBReg   ACBP=A9


  Address             Publics by Name

 0002:00000418       .XWB_DXE3..XWB_DXE3
 0001:00001D90       .XWB_DXE3.@GetPackageInfoTable
 0001:00001D98       .XWB_DXE3.@PackageLoad
 0001:00001DA4       .XWB_DXE3.@PackageUnload
 0002:00000368       BaseDock.BaseDock
 0001:00000C4C       BaseDock.Finalization
 0002:000003B0       DesignEditors.DesignEditors
 0001:00000D2C       DesignEditors.Finalization
 0001:00000CA4       DesignEditors.TPropertyEditor.Activate
 0001:00000CB4       DesignEditors.TPropertyEditor.AutoFill
 0001:00000C94       DesignEditors.TPropertyEditor.Create
 0001:00000C9C       DesignEditors.TPropertyEditor.Destroy
 0001:00000CAC       DesignEditors.TPropertyEditor.Edit
 0001:00000CBC       DesignEditors.TPropertyEditor.GetComponent
 0001:00000D0C       DesignEditors.TPropertyEditor.GetIsDefault
 0001:00000CC4       DesignEditors.TPropertyEditor.GetName
 0001:00000CCC       DesignEditors.TPropertyEditor.GetProperties
 0001:00000CD4       DesignEditors.TPropertyEditor.GetPropInfo
 0001:00000CDC       DesignEditors.TPropertyEditor.GetStrValue
 0001:00000CE4       DesignEditors.TPropertyEditor.GetValueW
 0001:00000CEC       DesignEditors.TPropertyEditor.Initialize
 0001:00000CF4       DesignEditors.TPropertyEditor.SetPropEntry
 0001:00000CFC       DesignEditors.TPropertyEditor.SetStrValue
 0001:00000D04       DesignEditors.TPropertyEditor.SetValue
 0001:00000D14       DesignEditors.TStringProperty.AllEqual
 0001:00000D1C       DesignEditors.TStringProperty.GetEditLimit
 0001:00000D24       DesignEditors.TStringProperty.GetValue
 0001:00000BE4       DesignIntf.RegisterPropertyEditor
 0002:00000378       DeskForm.DeskForm
 0001:00000C5C       DeskForm.Finalization
 0002:00000370       DeskUtil.DeskUtil
 0001:00000C54       DeskUtil.Finalization
 0002:00000380       DockForm.DockForm
 0001:00000C64       DockForm.Finalization
 0001:00000BEC       IDEMessages.Finalization
 0002:00000308       IDEMessages.IDEMessages
 0001:00000D4C       MFunStr.Piece
 0001:00000C04       PercentageDockTree.Finalization
 0002:00000320       PercentageDockTree.PercentageDockTree
 0001:00000C8C       Proxies.Finalization
 0002:000003A8       Proxies.Proxies
 0004:00000024       RpcbEdtr..3
 0001:00000DA4       RpcbEdtr..TRemoteProcProperty
 0001:00000F48       RpcbEdtr..TServerProperty
 0001:00001540       RpcbEdtr.Finalization
 0001:00001514       RpcbEdtr.Register
 0002:00000408       RpcbEdtr.RpcbEdtr
 0001:0000111C       RpcbEdtr.TRemoteProcProperty.GetAttributes
 0001:0000113C       RpcbEdtr.TRemoteProcProperty.GetValues
 0001:000012D4       RpcbEdtr.TRemoteProcProperty.SetValue
 0001:00001364       RpcbEdtr.TServerProperty.GetAttributes
 0001:00001384       RpcbEdtr.TServerProperty.GetValue
 0001:00001400       RpcbEdtr.TServerProperty.GetValues
 0001:00001498       RpcbEdtr.TServerProperty.SetValue
 0001:00000D84       Rpcconf1.Finalization
 0002:000003F8       Rpcconf1.Rpcconf1
 0001:00000D7C       RpcNet.Finalization
 0002:000003F0       RpcNet.RpcNet
 0001:00000D74       SelDiv.Finalization
 0002:000003E8       SelDiv.SelDiv
 0001:00000D6C       Sgnoncnf.Finalization
 0002:000003E0       Sgnoncnf.Sgnoncnf
 0001:00000758       SysInit...
 0001:00000798       SysInit...
 0001:00000860       SysInit...
 0001:00000850       SysInit...
 0001:000007A8       SysInit...
 0001:0000082C       SysInit...
 0001:00000804       SysInit...
 0001:000007BC       SysInit...
 0001:000007EC       SysInit...
 0001:00000788       SysInit...
 0001:00000778       SysInit...
 0003:00000034       SysInit...
 0001:00000768       SysInit...
 0004:00000014       SysInit..1
 0001:0000022C       SysInit.@InitPkg
 0001:00000290       SysInit.@PackageLoad
 0001:0000029C       SysInit.@PackageUnload
 0001:000002A8       SysInit.@_delayLoadHelper2
 0001:00000588       SysInit.@_FUnloadDelayLoadedDLL2
 0001:00000698       SysInit.@_HrLoadAllImportsForDll
 0004:00000010       SysInit.@_pfnDliFailureHook2
 0004:0000000C       SysInit.@_pfnDliNotifyHook2
 0001:0000011C       SysInit.AllocTlsBuffer
 0001:000001D8       SysInit.ExitProcessTLS
 0001:000001A0       SysInit.ExitThreadTLS
 0001:00000870       SysInit.Finalization
 0001:000000C4       SysInit.FreeLibrary
 0001:000000FC       SysInit.GetLastError
 0001:00000114       SysInit.GetProcAddress
 0001:00000128       SysInit.GetTlsSize
 0004:00000004       SysInit.HInstance
 0001:000001FC       SysInit.InitializeModule
 0001:00000174       SysInit.InitProcessTLS
 0001:00000130       SysInit.InitThreadTLS
 0001:000000B0       SysInit.InterlockedExchange
 0001:00000104       SysInit.LoadLibraryA
 0001:000000CC       SysInit.LocalAlloc
 0001:000000D4       SysInit.LocalFree
 0003:00000008       SysInit.Module
 0004:00000000       SysInit.ModuleIsLib
 0004:00000001       SysInit.ModuleIsPackage
 0003:00000004       SysInit.PtrToNil
 0001:0000010C       SysInit.RaiseException
 0001:00000750       SysInit.ShutdownDelayHelp2
 0002:00000008       SysInit.SysInit
 0001:000000DC       SysInit.TlsAlloc
 0004:00000018       SysInit.tlsBuffer
 0001:000000E4       SysInit.TlsFree
 0001:000000EC       SysInit.TlsGetValue
 0003:00000000       SysInit.TlsIndex
 0005:00000000       SysInit.TlsLast
 0003:00000024       SysInit.TlsProc
 0001:000000F4       SysInit.TlsSetValue
 0001:00000208       SysInit.UninitializeModule
 0004:FFFFB000       SysInit.__ImageBase
 0001:00000020       System.@AsClass
 0001:00000048       System.@HandleFinally
 0001:00000050       System.@PackageLoad
 0001:00000058       System.@PackageUnload
 0001:00000060       System.@RunError
 0001:00000070       System.@UStrArrayClr
 0001:00000078       System.@UStrAsg
 0001:00000068       System.@UStrClr
 0001:000000A8       System.Finalization
 0001:00000080       System.RegisterModule
 0002:00000000       System.System
 0001:00000090       System.TInterfacedObject.AfterConstruction
 0001:00000098       System.TInterfacedObject.BeforeDestruction
 0001:000000A0       System.TInterfacedObject.NewInstance
 0001:00000038       System.TObject.DefaultHandler
 0001:00000040       System.TObject.Dispatch
 0001:00000010       System.TObject.Equals
 0001:00000008       System.TObject.Free
 0001:00000000       System.TObject.FreeInstance
 0001:00000018       System.TObject.GetHashCode
 0001:00000028       System.TObject.SafeCallException
 0001:00000030       System.TObject.ToString
 0001:00000088       System.UnregisterModule
 0001:000009D4       System.Actions.Finalization
 0002:000000F8       System.Actions.System.Actions
 0001:000009A4       System.Classes.Finalization
 0001:00000974       System.Classes.RegisterComponents
 0002:000000C8       System.Classes.System.Classes
 0002:000000A8       System.Classes.TBinaryWriter.Create@
 0001:0000098C       System.Classes.TBinaryWriter.Destroy@
 0002:000000B8       System.Classes.TComponent.Create@
 0001:0000096C       System.Classes.TComponent.Destroy@
 0002:000000C0       System.Classes.TLoginCredentialService.Create@
 0001:00000994       System.Classes.TLoginCredentialService.Destroy@
 0002:000000A0       System.Classes.TObserverMapping.Create@
 0001:0000099C       System.Classes.TObserverMapping.Destroy@
 0001:0000097C       System.Classes.TStringList.Create
 0002:000000B0       System.Classes.TThread.Create@
 0001:00000984       System.Classes.TThread.Destroy@
 0002:000000D0       System.DateUtils.TTimeZone.Create@
 0001:000009AC       System.DateUtils.TTimeZone.Destroy@
 0002:00000088       System.Generics.Defaults.TIStringComparer.Create@
 0001:00000954       System.Generics.Defaults.TIStringComparer.Destroy@
 0002:00000080       System.Generics.Defaults.TStringComparer.Create@
 0001:0000094C       System.Generics.Defaults.TStringComparer.Destroy@
 0001:000009E4       System.HelpIntfs.Finalization
 0002:00000108       System.HelpIntfs.System.HelpIntfs
 0001:000008EC       System.Internal.ExcUtils.Finalization
 0002:00000028       System.Internal.ExcUtils.System.Internal.ExcUtils
 0001:000009BC       System.IOUtils.Finalization
 0002:000000E0       System.IOUtils.System.IOUtils
 0002:000000D8       System.IOUtils.TPath.Create@
 0001:000009B4       System.IOUtils.TPath.Destroy@
 0001:00000934       System.Math.Finalization
 0002:00000068       System.Math.System.Math
 0001:0000095C       System.Rtti.Finalization
 0002:00000090       System.Rtti.System.Rtti
 0001:00000944       System.SyncObjs.Finalization
 0002:00000078       System.SyncObjs.System.SyncObjs
 0002:00000040       System.SysUtils.Exception.Create@
 0001:00000904       System.SysUtils.Exception.Destroy@
 0001:0000091C       System.SysUtils.Finalization
 0002:00000050       System.SysUtils.System.SysUtils
 0002:00000038       System.SysUtils.TEncoding.Create@
 0001:00000914       System.SysUtils.TEncoding.Destroy@
 0002:00000030       System.SysUtils.TLanguages.Create@
 0001:0000090C       System.SysUtils.TLanguages.Destroy@
 0002:00000048       System.SysUtils.TOSVersion.Create@
 0001:000008F4       System.SysUtils.TOSVersion.Destroy@
 0001:000008FC       System.SysUtils.UpperCase
 0002:00000070       System.TimeSpan.TTimeSpan.Create@
 0001:0000093C       System.TimeSpan.TTimeSpan.Destroy@
 0001:00000964       System.TypInfo.Finalization
 0002:00000098       System.TypInfo.System.TypInfo
 0001:0000092C       System.Variants.Finalization
 0002:00000060       System.Variants.System.Variants
 0001:00000924       System.VarUtils.Finalization
 0002:00000058       System.VarUtils.System.VarUtils
 0001:00000BD4       System.Win.ComObj.Finalization
 0002:000002F8       System.Win.ComObj.System.Win.ComObj
 0002:000002F0       System.Win.ComObj.TComServerObject.Create@
 0001:00000BCC       System.Win.ComObj.TComServerObject.Destroy@
 0002:000000E8       System.Win.Registry.TRegistry.Create@
 0001:000009C4       System.Win.Registry.TRegistry.Destroy@
 0001:00000C84       ToolsAPI.Finalization
 0002:000003A0       ToolsAPI.ToolsAPI
 0001:00000D9C       Trpcb.Finalization
 0001:00000D8C       Trpcb.TParams.GetParameter
 0002:00000400       Trpcb.Trpcb
 0001:00000D94       Trpcb.TRPCBroker.Create
 0001:00000D34       uNetPlace.Finalization
 0002:000003B8       uNetPlace.uNetPlace
 0001:000009DC       Vcl.ActnList.Finalization
 0002:00000100       Vcl.ActnList.Vcl.ActnList
 0001:00000C3C       Vcl.ActnMan.Finalization
 0002:00000358       Vcl.ActnMan.Vcl.ActnMan
 0001:00000C34       Vcl.ActnMenus.Finalization
 0002:00000350       Vcl.ActnMenus.Vcl.ActnMenus
 0001:00000D54       Vcl.AxCtrls.Finalization
 0002:000003C8       Vcl.AxCtrls.Vcl.AxCtrls
 0001:00000C14       Vcl.Buttons.Finalization
 0002:00000328       Vcl.Buttons.TBitBtn.Create@
 0001:00000C0C       Vcl.Buttons.TBitBtn.Destroy@
 0002:00000330       Vcl.Buttons.Vcl.Buttons
 0001:00000BF4       Vcl.CaptionedDockTree.Finalization
 0002:00000310       Vcl.CaptionedDockTree.Vcl.CaptionedDockTree
 0001:00000A94       Vcl.Clipbrd.Finalization
 0002:000001B8       Vcl.Clipbrd.Vcl.Clipbrd
 0001:00000B5C       Vcl.ComCtrls.Finalization
 0002:00000268       Vcl.ComCtrls.TComboBoxEx.Create@
 0001:00000B44       Vcl.ComCtrls.TComboBoxEx.Destroy@
 0002:00000248       Vcl.ComCtrls.TCoolBar.Create@
 0001:00000B24       Vcl.ComCtrls.TCoolBar.Destroy@
 0002:00000260       Vcl.ComCtrls.TCustomComboBoxEx.Create@
 0001:00000B3C       Vcl.ComCtrls.TCustomComboBoxEx.Destroy@
 0002:000001D8       Vcl.ComCtrls.TCustomHeaderControl.Create@
 0001:00000AB4       Vcl.ComCtrls.TCustomHeaderControl.Destroy@
 0002:00000220       Vcl.ComCtrls.TCustomHotKey.Create@
 0001:00000AFC       Vcl.ComCtrls.TCustomHotKey.Destroy@
 0002:00000230       Vcl.ComCtrls.TCustomListView.Create@
 0001:00000B0C       Vcl.ComCtrls.TCustomListView.Destroy@
 0002:00000200       Vcl.ComCtrls.TCustomRichEdit.Create@
 0001:00000ADC       Vcl.ComCtrls.TCustomRichEdit.Destroy@
 0002:000001D0       Vcl.ComCtrls.TCustomStatusBar.Create@
 0001:00000AAC       Vcl.ComCtrls.TCustomStatusBar.Destroy@
 0002:000001C0       Vcl.ComCtrls.TCustomTabControl.Create@
 0001:00000A9C       Vcl.ComCtrls.TCustomTabControl.Destroy@
 0002:000001E0       Vcl.ComCtrls.TCustomTreeView.Create@
 0001:00000ABC       Vcl.ComCtrls.TCustomTreeView.Destroy@
 0002:00000210       Vcl.ComCtrls.TCustomUpDown.Create@
 0001:00000AEC       Vcl.ComCtrls.TCustomUpDown.Destroy@
 0002:00000250       Vcl.ComCtrls.TDateTimePicker.Create@
 0001:00000B2C       Vcl.ComCtrls.TDateTimePicker.Destroy@
 0002:00000278       Vcl.ComCtrls.THeaderControl.Create@
 0001:00000B54       Vcl.ComCtrls.THeaderControl.Destroy@
 0002:00000228       Vcl.ComCtrls.THotKey.Create@
 0001:00000B04       Vcl.ComCtrls.THotKey.Destroy@
 0002:00000238       Vcl.ComCtrls.TListView.Create@
 0001:00000B14       Vcl.ComCtrls.TListView.Destroy@
 0002:00000258       Vcl.ComCtrls.TPageScroller.Create@
 0001:00000B34       Vcl.ComCtrls.TPageScroller.Destroy@
 0002:000001F8       Vcl.ComCtrls.TProgressBar.Create@
 0001:00000AD4       Vcl.ComCtrls.TProgressBar.Destroy@
 0002:00000208       Vcl.ComCtrls.TRichEdit.Create@
 0001:00000AE4       Vcl.ComCtrls.TRichEdit.Destroy@
 0002:00000270       Vcl.ComCtrls.TStatusBar.Create@
 0001:00000B4C       Vcl.ComCtrls.TStatusBar.Destroy@
 0002:000001C8       Vcl.ComCtrls.TTabControl.Create@
 0001:00000AA4       Vcl.ComCtrls.TTabControl.Destroy@
 0002:00000240       Vcl.ComCtrls.TToolBar.Create@
 0001:00000B1C       Vcl.ComCtrls.TToolBar.Destroy@
 0002:000001F0       Vcl.ComCtrls.TTrackBar.Create@
 0001:00000ACC       Vcl.ComCtrls.TTrackBar.Destroy@
 0002:000001E8       Vcl.ComCtrls.TTreeView.Create@
 0001:00000AC4       Vcl.ComCtrls.TTreeView.Destroy@
 0002:00000218       Vcl.ComCtrls.TUpDown.Create@
 0001:00000AF4       Vcl.ComCtrls.TUpDown.Destroy@
 0002:00000280       Vcl.ComCtrls.Vcl.ComCtrls
 0001:00000BDC       Vcl.Controls.Finalization
 0002:00000300       Vcl.Controls.Vcl.Controls
 0001:00000B64       Vcl.Dialogs.Finalization
 0002:00000288       Vcl.Dialogs.Vcl.Dialogs
 0001:00000BFC       Vcl.DockTabSet.Finalization
 0002:00000318       Vcl.DockTabSet.Vcl.DockTabSet
 0001:00000C2C       Vcl.ExtActns.Finalization
 0002:00000348       Vcl.ExtActns.Vcl.ExtActns
 0001:00000B8C       Vcl.ExtCtrls.Finalization
 0002:00000298       Vcl.ExtCtrls.TCategoryPanelGroup.Create@
 0001:00000B74       Vcl.ExtCtrls.TCategoryPanelGroup.Destroy@
 0002:00000290       Vcl.ExtCtrls.TCustomCategoryPanelGroup.Create@
 0001:00000B6C       Vcl.ExtCtrls.TCustomCategoryPanelGroup.Destroy@
 0002:000002A0       Vcl.ExtCtrls.TCustomLinkLabel.Create@
 0001:00000B7C       Vcl.ExtCtrls.TCustomLinkLabel.Destroy@
 0002:000002A8       Vcl.ExtCtrls.TLinkLabel.Create@
 0001:00000B84       Vcl.ExtCtrls.TLinkLabel.Destroy@
 0002:000002B0       Vcl.ExtCtrls.Vcl.ExtCtrls
 0001:00000C1C       Vcl.ExtDlgs.Finalization
 0002:00000338       Vcl.ExtDlgs.Vcl.ExtDlgs
 0001:00000BBC       Vcl.Forms.Finalization
 0002:000002D0       Vcl.Forms.TCustomForm.Create@
 0001:00000BAC       Vcl.Forms.TCustomForm.Destroy@
 0002:000002D8       Vcl.Forms.TForm.Create@
 0001:00000BB4       Vcl.Forms.TForm.Destroy@
 0002:000002C8       Vcl.Forms.TScrollBox.Create@
 0001:00000BA4       Vcl.Forms.TScrollBox.Destroy@
 0002:000002E0       Vcl.Forms.Vcl.Forms
 0001:000009CC       Vcl.Graphics.Finalization
 0002:000000F0       Vcl.Graphics.Vcl.Graphics
 0001:000009F4       Vcl.GraphUtil.Finalization
 0002:00000118       Vcl.GraphUtil.Vcl.GraphUtil
 0001:00000BC4       Vcl.Menus.Finalization
 0002:000002E8       Vcl.Menus.Vcl.Menus
 0001:00000D5C       Vcl.OleCtrls.Finalization
 0002:000003D0       Vcl.OleCtrls.Vcl.OleCtrls
 0001:00000D64       Vcl.OleServer.Finalization
 0002:000003D8       Vcl.OleServer.Vcl.OleServer
 0001:00000C44       Vcl.PlatformDefaultStyleActnCtrls.Finalization
 0002:00000360       Vcl.PlatformDefaultStyleActnCtrls.Vcl.PlatformDefaultStyleActnCtrls
 0001:00000A8C       Vcl.Printers.Finalization
 0002:000001B0       Vcl.Printers.Vcl.Printers
 0002:00000190       Vcl.StdCtrls.TButton.Create@
 0001:00000A6C       Vcl.StdCtrls.TButton.Destroy@
 0002:00000198       Vcl.StdCtrls.TCheckBox.Create@
 0001:00000A74       Vcl.StdCtrls.TCheckBox.Destroy@
 0002:00000188       Vcl.StdCtrls.TComboBox.Create@
 0001:00000A64       Vcl.StdCtrls.TComboBox.Destroy@
 0002:00000140       Vcl.StdCtrls.TCustomButton.Create@
 0001:00000A1C       Vcl.StdCtrls.TCustomButton.Destroy@
 0002:00000148       Vcl.StdCtrls.TCustomCheckBox.Create@
 0001:00000A24       Vcl.StdCtrls.TCustomCheckBox.Destroy@
 0002:00000138       Vcl.StdCtrls.TCustomComboBox.Create@
 0001:00000A14       Vcl.StdCtrls.TCustomComboBox.Destroy@
 0002:00000128       Vcl.StdCtrls.TCustomEdit.Create@
 0001:00000A04       Vcl.StdCtrls.TCustomEdit.Destroy@
 0002:00000120       Vcl.StdCtrls.TCustomGroupBox.Create@
 0001:000009FC       Vcl.StdCtrls.TCustomGroupBox.Destroy@
 0002:00000158       Vcl.StdCtrls.TCustomListBox.Create@
 0001:00000A34       Vcl.StdCtrls.TCustomListBox.Destroy@
 0002:00000130       Vcl.StdCtrls.TCustomMemo.Create@
 0001:00000A0C       Vcl.StdCtrls.TCustomMemo.Destroy@
 0002:00000168       Vcl.StdCtrls.TCustomStaticText.Create@
 0001:00000A44       Vcl.StdCtrls.TCustomStaticText.Destroy@
 0002:00000178       Vcl.StdCtrls.TEdit.Create@
 0001:00000A54       Vcl.StdCtrls.TEdit.Destroy@
 0002:00000170       Vcl.StdCtrls.TGroupBox.Create@
 0001:00000A4C       Vcl.StdCtrls.TGroupBox.Destroy@
 0002:000001A0       Vcl.StdCtrls.TListBox.Create@
 0001:00000A7C       Vcl.StdCtrls.TListBox.Destroy@
 0002:00000180       Vcl.StdCtrls.TMemo.Create@
 0001:00000A5C       Vcl.StdCtrls.TMemo.Destroy@
 0002:00000150       Vcl.StdCtrls.TRadioButton.Create@
 0001:00000A2C       Vcl.StdCtrls.TRadioButton.Destroy@
 0002:00000160       Vcl.StdCtrls.TScrollBar.Create@
 0001:00000A3C       Vcl.StdCtrls.TScrollBar.Destroy@
 0002:000001A8       Vcl.StdCtrls.TStaticText.Create@
 0001:00000A84       Vcl.StdCtrls.TStaticText.Destroy@
 0002:000002B8       Vcl.Themes.TCustomStyleEngine.Create@
 0001:00000B94       Vcl.Themes.TCustomStyleEngine.Destroy@
 0001:00000B9C       Winapi.FlatSB.Finalization
 0002:000002C0       Winapi.FlatSB.Winapi.FlatSB
 0001:00000C24       Winapi.Mapi.Finalization
 0002:00000340       Winapi.Mapi.Winapi.Mapi
 0001:000009EC       Winapi.UxTheme.Finalization
 0002:00000110       Winapi.UxTheme.Winapi.UxTheme
 0004:0000001C       Winapi.Windows..2
 0001:000008CC       Winapi.Windows.Finalization
 0001:00000880       Winapi.Windows.FreeLibrary
 0001:00000888       Winapi.Windows.GetVersionEx
 0004:00000020       Winapi.Windows.HtmlHelpModule
 0001:00000890       Winapi.Windows.InitVersionInfo
 0003:00000088       Winapi.Windows.Win32MajorVersion
 0003:0000008C       Winapi.Windows.Win32MinorVersion
 0003:00000090       Winapi.Windows.Win32Platform
 0002:00000010       Winapi.Windows.Winapi.Windows
 0001:00000C74       Xml.Win.msxmldom.Finalization
 0002:00000388       Xml.Win.msxmldom.TMSXMLDOMDocumentFactory.Create@
 0001:00000C6C       Xml.Win.msxmldom.TMSXMLDOMDocumentFactory.Destroy@
 0002:00000390       Xml.Win.msxmldom.Xml.Win.msxmldom
 0001:00000C7C       Xml.Xmldom.Finalization
 0002:00000398       Xml.Xmldom.Xml.Xmldom
 0004:00000028       XWBReg..1
 0001:000015C0       XWBReg.Finalization
 0001:00001548       XWBReg.Register
 0002:00000410       XWBReg.XWBReg
 0001:00000D44       Xwbut1.Finalization
 0001:00000D3C       Xwbut1.GetHostList
 0002:000003C0       Xwbut1.Xwbut1


  Address             Publics by Value

 0001:00000000       System.TObject.FreeInstance
 0001:00000008       System.TObject.Free
 0001:00000010       System.TObject.Equals
 0001:00000018       System.TObject.GetHashCode
 0001:00000020       System.@AsClass
 0001:00000028       System.TObject.SafeCallException
 0001:00000030       System.TObject.ToString
 0001:00000038       System.TObject.DefaultHandler
 0001:00000040       System.TObject.Dispatch
 0001:00000048       System.@HandleFinally
 0001:00000050       System.@PackageLoad
 0001:00000058       System.@PackageUnload
 0001:00000060       System.@RunError
 0001:00000068       System.@UStrClr
 0001:00000070       System.@UStrArrayClr
 0001:00000078       System.@UStrAsg
 0001:00000080       System.RegisterModule
 0001:00000088       System.UnregisterModule
 0001:00000090       System.TInterfacedObject.AfterConstruction
 0001:00000098       System.TInterfacedObject.BeforeDestruction
 0001:000000A0       System.TInterfacedObject.NewInstance
 0001:000000A8       System.Finalization
 0001:000000B0       SysInit.InterlockedExchange
 0001:000000C4       SysInit.FreeLibrary
 0001:000000CC       SysInit.LocalAlloc
 0001:000000D4       SysInit.LocalFree
 0001:000000DC       SysInit.TlsAlloc
 0001:000000E4       SysInit.TlsFree
 0001:000000EC       SysInit.TlsGetValue
 0001:000000F4       SysInit.TlsSetValue
 0001:000000FC       SysInit.GetLastError
 0001:00000104       SysInit.LoadLibraryA
 0001:0000010C       SysInit.RaiseException
 0001:00000114       SysInit.GetProcAddress
 0001:0000011C       SysInit.AllocTlsBuffer
 0001:00000128       SysInit.GetTlsSize
 0001:00000130       SysInit.InitThreadTLS
 0001:00000174       SysInit.InitProcessTLS
 0001:000001A0       SysInit.ExitThreadTLS
 0001:000001D8       SysInit.ExitProcessTLS
 0001:000001FC       SysInit.InitializeModule
 0001:00000208       SysInit.UninitializeModule
 0001:0000022C       SysInit.@InitPkg
 0001:00000290       SysInit.@PackageLoad
 0001:0000029C       SysInit.@PackageUnload
 0001:000002A8       SysInit.@_delayLoadHelper2
 0001:00000588       SysInit.@_FUnloadDelayLoadedDLL2
 0001:00000698       SysInit.@_HrLoadAllImportsForDll
 0001:00000750       SysInit.ShutdownDelayHelp2
 0001:00000758       SysInit...
 0001:00000768       SysInit...
 0001:00000778       SysInit...
 0001:00000788       SysInit...
 0001:00000798       SysInit...
 0001:000007A8       SysInit...
 0001:000007BC       SysInit...
 0001:000007EC       SysInit...
 0001:00000804       SysInit...
 0001:0000082C       SysInit...
 0001:00000850       SysInit...
 0001:00000860       SysInit...
 0001:00000870       SysInit.Finalization
 0001:00000880       Winapi.Windows.FreeLibrary
 0001:00000888       Winapi.Windows.GetVersionEx
 0001:00000890       Winapi.Windows.InitVersionInfo
 0001:000008CC       Winapi.Windows.Finalization
 0001:000008EC       System.Internal.ExcUtils.Finalization
 0001:000008F4       System.SysUtils.TOSVersion.Destroy@
 0001:000008FC       System.SysUtils.UpperCase
 0001:00000904       System.SysUtils.Exception.Destroy@
 0001:0000090C       System.SysUtils.TLanguages.Destroy@
 0001:00000914       System.SysUtils.TEncoding.Destroy@
 0001:0000091C       System.SysUtils.Finalization
 0001:00000924       System.VarUtils.Finalization
 0001:0000092C       System.Variants.Finalization
 0001:00000934       System.Math.Finalization
 0001:0000093C       System.TimeSpan.TTimeSpan.Destroy@
 0001:00000944       System.SyncObjs.Finalization
 0001:0000094C       System.Generics.Defaults.TStringComparer.Destroy@
 0001:00000954       System.Generics.Defaults.TIStringComparer.Destroy@
 0001:0000095C       System.Rtti.Finalization
 0001:00000964       System.TypInfo.Finalization
 0001:0000096C       System.Classes.TComponent.Destroy@
 0001:00000974       System.Classes.RegisterComponents
 0001:0000097C       System.Classes.TStringList.Create
 0001:00000984       System.Classes.TThread.Destroy@
 0001:0000098C       System.Classes.TBinaryWriter.Destroy@
 0001:00000994       System.Classes.TLoginCredentialService.Destroy@
 0001:0000099C       System.Classes.TObserverMapping.Destroy@
 0001:000009A4       System.Classes.Finalization
 0001:000009AC       System.DateUtils.TTimeZone.Destroy@
 0001:000009B4       System.IOUtils.TPath.Destroy@
 0001:000009BC       System.IOUtils.Finalization
 0001:000009C4       System.Win.Registry.TRegistry.Destroy@
 0001:000009CC       Vcl.Graphics.Finalization
 0001:000009D4       System.Actions.Finalization
 0001:000009DC       Vcl.ActnList.Finalization
 0001:000009E4       System.HelpIntfs.Finalization
 0001:000009EC       Winapi.UxTheme.Finalization
 0001:000009F4       Vcl.GraphUtil.Finalization
 0001:000009FC       Vcl.StdCtrls.TCustomGroupBox.Destroy@
 0001:00000A04       Vcl.StdCtrls.TCustomEdit.Destroy@
 0001:00000A0C       Vcl.StdCtrls.TCustomMemo.Destroy@
 0001:00000A14       Vcl.StdCtrls.TCustomComboBox.Destroy@
 0001:00000A1C       Vcl.StdCtrls.TCustomButton.Destroy@
 0001:00000A24       Vcl.StdCtrls.TCustomCheckBox.Destroy@
 0001:00000A2C       Vcl.StdCtrls.TRadioButton.Destroy@
 0001:00000A34       Vcl.StdCtrls.TCustomListBox.Destroy@
 0001:00000A3C       Vcl.StdCtrls.TScrollBar.Destroy@
 0001:00000A44       Vcl.StdCtrls.TCustomStaticText.Destroy@
 0001:00000A4C       Vcl.StdCtrls.TGroupBox.Destroy@
 0001:00000A54       Vcl.StdCtrls.TEdit.Destroy@
 0001:00000A5C       Vcl.StdCtrls.TMemo.Destroy@
 0001:00000A64       Vcl.StdCtrls.TComboBox.Destroy@
 0001:00000A6C       Vcl.StdCtrls.TButton.Destroy@
 0001:00000A74       Vcl.StdCtrls.TCheckBox.Destroy@
 0001:00000A7C       Vcl.StdCtrls.TListBox.Destroy@
 0001:00000A84       Vcl.StdCtrls.TStaticText.Destroy@
 0001:00000A8C       Vcl.Printers.Finalization
 0001:00000A94       Vcl.Clipbrd.Finalization
 0001:00000A9C       Vcl.ComCtrls.TCustomTabControl.Destroy@
 0001:00000AA4       Vcl.ComCtrls.TTabControl.Destroy@
 0001:00000AAC       Vcl.ComCtrls.TCustomStatusBar.Destroy@
 0001:00000AB4       Vcl.ComCtrls.TCustomHeaderControl.Destroy@
 0001:00000ABC       Vcl.ComCtrls.TCustomTreeView.Destroy@
 0001:00000AC4       Vcl.ComCtrls.TTreeView.Destroy@
 0001:00000ACC       Vcl.ComCtrls.TTrackBar.Destroy@
 0001:00000AD4       Vcl.ComCtrls.TProgressBar.Destroy@
 0001:00000ADC       Vcl.ComCtrls.TCustomRichEdit.Destroy@
 0001:00000AE4       Vcl.ComCtrls.TRichEdit.Destroy@
 0001:00000AEC       Vcl.ComCtrls.TCustomUpDown.Destroy@
 0001:00000AF4       Vcl.ComCtrls.TUpDown.Destroy@
 0001:00000AFC       Vcl.ComCtrls.TCustomHotKey.Destroy@
 0001:00000B04       Vcl.ComCtrls.THotKey.Destroy@
 0001:00000B0C       Vcl.ComCtrls.TCustomListView.Destroy@
 0001:00000B14       Vcl.ComCtrls.TListView.Destroy@
 0001:00000B1C       Vcl.ComCtrls.TToolBar.Destroy@
 0001:00000B24       Vcl.ComCtrls.TCoolBar.Destroy@
 0001:00000B2C       Vcl.ComCtrls.TDateTimePicker.Destroy@
 0001:00000B34       Vcl.ComCtrls.TPageScroller.Destroy@
 0001:00000B3C       Vcl.ComCtrls.TCustomComboBoxEx.Destroy@
 0001:00000B44       Vcl.ComCtrls.TComboBoxEx.Destroy@
 0001:00000B4C       Vcl.ComCtrls.TStatusBar.Destroy@
 0001:00000B54       Vcl.ComCtrls.THeaderControl.Destroy@
 0001:00000B5C       Vcl.ComCtrls.Finalization
 0001:00000B64       Vcl.Dialogs.Finalization
 0001:00000B6C       Vcl.ExtCtrls.TCustomCategoryPanelGroup.Destroy@
 0001:00000B74       Vcl.ExtCtrls.TCategoryPanelGroup.Destroy@
 0001:00000B7C       Vcl.ExtCtrls.TCustomLinkLabel.Destroy@
 0001:00000B84       Vcl.ExtCtrls.TLinkLabel.Destroy@
 0001:00000B8C       Vcl.ExtCtrls.Finalization
 0001:00000B94       Vcl.Themes.TCustomStyleEngine.Destroy@
 0001:00000B9C       Winapi.FlatSB.Finalization
 0001:00000BA4       Vcl.Forms.TScrollBox.Destroy@
 0001:00000BAC       Vcl.Forms.TCustomForm.Destroy@
 0001:00000BB4       Vcl.Forms.TForm.Destroy@
 0001:00000BBC       Vcl.Forms.Finalization
 0001:00000BC4       Vcl.Menus.Finalization
 0001:00000BCC       System.Win.ComObj.TComServerObject.Destroy@
 0001:00000BD4       System.Win.ComObj.Finalization
 0001:00000BDC       Vcl.Controls.Finalization
 0001:00000BE4       DesignIntf.RegisterPropertyEditor
 0001:00000BEC       IDEMessages.Finalization
 0001:00000BF4       Vcl.CaptionedDockTree.Finalization
 0001:00000BFC       Vcl.DockTabSet.Finalization
 0001:00000C04       PercentageDockTree.Finalization
 0001:00000C0C       Vcl.Buttons.TBitBtn.Destroy@
 0001:00000C14       Vcl.Buttons.Finalization
 0001:00000C1C       Vcl.ExtDlgs.Finalization
 0001:00000C24       Winapi.Mapi.Finalization
 0001:00000C2C       Vcl.ExtActns.Finalization
 0001:00000C34       Vcl.ActnMenus.Finalization
 0001:00000C3C       Vcl.ActnMan.Finalization
 0001:00000C44       Vcl.PlatformDefaultStyleActnCtrls.Finalization
 0001:00000C4C       BaseDock.Finalization
 0001:00000C54       DeskUtil.Finalization
 0001:00000C5C       DeskForm.Finalization
 0001:00000C64       DockForm.Finalization
 0001:00000C6C       Xml.Win.msxmldom.TMSXMLDOMDocumentFactory.Destroy@
 0001:00000C74       Xml.Win.msxmldom.Finalization
 0001:00000C7C       Xml.Xmldom.Finalization
 0001:00000C84       ToolsAPI.Finalization
 0001:00000C8C       Proxies.Finalization
 0001:00000C94       DesignEditors.TPropertyEditor.Create
 0001:00000C9C       DesignEditors.TPropertyEditor.Destroy
 0001:00000CA4       DesignEditors.TPropertyEditor.Activate
 0001:00000CAC       DesignEditors.TPropertyEditor.Edit
 0001:00000CB4       DesignEditors.TPropertyEditor.AutoFill
 0001:00000CBC       DesignEditors.TPropertyEditor.GetComponent
 0001:00000CC4       DesignEditors.TPropertyEditor.GetName
 0001:00000CCC       DesignEditors.TPropertyEditor.GetProperties
 0001:00000CD4       DesignEditors.TPropertyEditor.GetPropInfo
 0001:00000CDC       DesignEditors.TPropertyEditor.GetStrValue
 0001:00000CE4       DesignEditors.TPropertyEditor.GetValueW
 0001:00000CEC       DesignEditors.TPropertyEditor.Initialize
 0001:00000CF4       DesignEditors.TPropertyEditor.SetPropEntry
 0001:00000CFC       DesignEditors.TPropertyEditor.SetStrValue
 0001:00000D04       DesignEditors.TPropertyEditor.SetValue
 0001:00000D0C       DesignEditors.TPropertyEditor.GetIsDefault
 0001:00000D14       DesignEditors.TStringProperty.AllEqual
 0001:00000D1C       DesignEditors.TStringProperty.GetEditLimit
 0001:00000D24       DesignEditors.TStringProperty.GetValue
 0001:00000D2C       DesignEditors.Finalization
 0001:00000D34       uNetPlace.Finalization
 0001:00000D3C       Xwbut1.GetHostList
 0001:00000D44       Xwbut1.Finalization
 0001:00000D4C       MFunStr.Piece
 0001:00000D54       Vcl.AxCtrls.Finalization
 0001:00000D5C       Vcl.OleCtrls.Finalization
 0001:00000D64       Vcl.OleServer.Finalization
 0001:00000D6C       Sgnoncnf.Finalization
 0001:00000D74       SelDiv.Finalization
 0001:00000D7C       RpcNet.Finalization
 0001:00000D84       Rpcconf1.Finalization
 0001:00000D8C       Trpcb.TParams.GetParameter
 0001:00000D94       Trpcb.TRPCBroker.Create
 0001:00000D9C       Trpcb.Finalization
 0001:00000DA4       RpcbEdtr..TRemoteProcProperty
 0001:00000F48       RpcbEdtr..TServerProperty
 0001:0000111C       RpcbEdtr.TRemoteProcProperty.GetAttributes
 0001:0000113C       RpcbEdtr.TRemoteProcProperty.GetValues
 0001:000012D4       RpcbEdtr.TRemoteProcProperty.SetValue
 0001:00001364       RpcbEdtr.TServerProperty.GetAttributes
 0001:00001384       RpcbEdtr.TServerProperty.GetValue
 0001:00001400       RpcbEdtr.TServerProperty.GetValues
 0001:00001498       RpcbEdtr.TServerProperty.SetValue
 0001:00001514       RpcbEdtr.Register
 0001:00001540       RpcbEdtr.Finalization
 0001:00001548       XWBReg.Register
 0001:000015C0       XWBReg.Finalization
 0001:00001D90       .XWB_DXE3.@GetPackageInfoTable
 0001:00001D98       .XWB_DXE3.@PackageLoad
 0001:00001DA4       .XWB_DXE3.@PackageUnload
 0002:00000000       System.System
 0002:00000008       SysInit.SysInit
 0002:00000010       Winapi.Windows.Winapi.Windows
 0002:00000028       System.Internal.ExcUtils.System.Internal.ExcUtils
 0002:00000030       System.SysUtils.TLanguages.Create@
 0002:00000038       System.SysUtils.TEncoding.Create@
 0002:00000040       System.SysUtils.Exception.Create@
 0002:00000048       System.SysUtils.TOSVersion.Create@
 0002:00000050       System.SysUtils.System.SysUtils
 0002:00000058       System.VarUtils.System.VarUtils
 0002:00000060       System.Variants.System.Variants
 0002:00000068       System.Math.System.Math
 0002:00000070       System.TimeSpan.TTimeSpan.Create@
 0002:00000078       System.SyncObjs.System.SyncObjs
 0002:00000080       System.Generics.Defaults.TStringComparer.Create@
 0002:00000088       System.Generics.Defaults.TIStringComparer.Create@
 0002:00000090       System.Rtti.System.Rtti
 0002:00000098       System.TypInfo.System.TypInfo
 0002:000000A0       System.Classes.TObserverMapping.Create@
 0002:000000A8       System.Classes.TBinaryWriter.Create@
 0002:000000B0       System.Classes.TThread.Create@
 0002:000000B8       System.Classes.TComponent.Create@
 0002:000000C0       System.Classes.TLoginCredentialService.Create@
 0002:000000C8       System.Classes.System.Classes
 0002:000000D0       System.DateUtils.TTimeZone.Create@
 0002:000000D8       System.IOUtils.TPath.Create@
 0002:000000E0       System.IOUtils.System.IOUtils
 0002:000000E8       System.Win.Registry.TRegistry.Create@
 0002:000000F0       Vcl.Graphics.Vcl.Graphics
 0002:000000F8       System.Actions.System.Actions
 0002:00000100       Vcl.ActnList.Vcl.ActnList
 0002:00000108       System.HelpIntfs.System.HelpIntfs
 0002:00000110       Winapi.UxTheme.Winapi.UxTheme
 0002:00000118       Vcl.GraphUtil.Vcl.GraphUtil
 0002:00000120       Vcl.StdCtrls.TCustomGroupBox.Create@
 0002:00000128       Vcl.StdCtrls.TCustomEdit.Create@
 0002:00000130       Vcl.StdCtrls.TCustomMemo.Create@
 0002:00000138       Vcl.StdCtrls.TCustomComboBox.Create@
 0002:00000140       Vcl.StdCtrls.TCustomButton.Create@
 0002:00000148       Vcl.StdCtrls.TCustomCheckBox.Create@
 0002:00000150       Vcl.StdCtrls.TRadioButton.Create@
 0002:00000158       Vcl.StdCtrls.TCustomListBox.Create@
 0002:00000160       Vcl.StdCtrls.TScrollBar.Create@
 0002:00000168       Vcl.StdCtrls.TCustomStaticText.Create@
 0002:00000170       Vcl.StdCtrls.TGroupBox.Create@
 0002:00000178       Vcl.StdCtrls.TEdit.Create@
 0002:00000180       Vcl.StdCtrls.TMemo.Create@
 0002:00000188       Vcl.StdCtrls.TComboBox.Create@
 0002:00000190       Vcl.StdCtrls.TButton.Create@
 0002:00000198       Vcl.StdCtrls.TCheckBox.Create@
 0002:000001A0       Vcl.StdCtrls.TListBox.Create@
 0002:000001A8       Vcl.StdCtrls.TStaticText.Create@
 0002:000001B0       Vcl.Printers.Vcl.Printers
 0002:000001B8       Vcl.Clipbrd.Vcl.Clipbrd
 0002:000001C0       Vcl.ComCtrls.TCustomTabControl.Create@
 0002:000001C8       Vcl.ComCtrls.TTabControl.Create@
 0002:000001D0       Vcl.ComCtrls.TCustomStatusBar.Create@
 0002:000001D8       Vcl.ComCtrls.TCustomHeaderControl.Create@
 0002:000001E0       Vcl.ComCtrls.TCustomTreeView.Create@
 0002:000001E8       Vcl.ComCtrls.TTreeView.Create@
 0002:000001F0       Vcl.ComCtrls.TTrackBar.Create@
 0002:000001F8       Vcl.ComCtrls.TProgressBar.Create@
 0002:00000200       Vcl.ComCtrls.TCustomRichEdit.Create@
 0002:00000208       Vcl.ComCtrls.TRichEdit.Create@
 0002:00000210       Vcl.ComCtrls.TCustomUpDown.Create@
 0002:00000218       Vcl.ComCtrls.TUpDown.Create@
 0002:00000220       Vcl.ComCtrls.TCustomHotKey.Create@
 0002:00000228       Vcl.ComCtrls.THotKey.Create@
 0002:00000230       Vcl.ComCtrls.TCustomListView.Create@
 0002:00000238       Vcl.ComCtrls.TListView.Create@
 0002:00000240       Vcl.ComCtrls.TToolBar.Create@
 0002:00000248       Vcl.ComCtrls.TCoolBar.Create@
 0002:00000250       Vcl.ComCtrls.TDateTimePicker.Create@
 0002:00000258       Vcl.ComCtrls.TPageScroller.Create@
 0002:00000260       Vcl.ComCtrls.TCustomComboBoxEx.Create@
 0002:00000268       Vcl.ComCtrls.TComboBoxEx.Create@
 0002:00000270       Vcl.ComCtrls.TStatusBar.Create@
 0002:00000278       Vcl.ComCtrls.THeaderControl.Create@
 0002:00000280       Vcl.ComCtrls.Vcl.ComCtrls
 0002:00000288       Vcl.Dialogs.Vcl.Dialogs
 0002:00000290       Vcl.ExtCtrls.TCustomCategoryPanelGroup.Create@
 0002:00000298       Vcl.ExtCtrls.TCategoryPanelGroup.Create@
 0002:000002A0       Vcl.ExtCtrls.TCustomLinkLabel.Create@
 0002:000002A8       Vcl.ExtCtrls.TLinkLabel.Create@
 0002:000002B0       Vcl.ExtCtrls.Vcl.ExtCtrls
 0002:000002B8       Vcl.Themes.TCustomStyleEngine.Create@
 0002:000002C0       Winapi.FlatSB.Winapi.FlatSB
 0002:000002C8       Vcl.Forms.TScrollBox.Create@
 0002:000002D0       Vcl.Forms.TCustomForm.Create@
 0002:000002D8       Vcl.Forms.TForm.Create@
 0002:000002E0       Vcl.Forms.Vcl.Forms
 0002:000002E8       Vcl.Menus.Vcl.Menus
 0002:000002F0       System.Win.ComObj.TComServerObject.Create@
 0002:000002F8       System.Win.ComObj.System.Win.ComObj
 0002:00000300       Vcl.Controls.Vcl.Controls
 0002:00000308       IDEMessages.IDEMessages
 0002:00000310       Vcl.CaptionedDockTree.Vcl.CaptionedDockTree
 0002:00000318       Vcl.DockTabSet.Vcl.DockTabSet
 0002:00000320       PercentageDockTree.PercentageDockTree
 0002:00000328       Vcl.Buttons.TBitBtn.Create@
 0002:00000330       Vcl.Buttons.Vcl.Buttons
 0002:00000338       Vcl.ExtDlgs.Vcl.ExtDlgs
 0002:00000340       Winapi.Mapi.Winapi.Mapi
 0002:00000348       Vcl.ExtActns.Vcl.ExtActns
 0002:00000350       Vcl.ActnMenus.Vcl.ActnMenus
 0002:00000358       Vcl.ActnMan.Vcl.ActnMan
 0002:00000360       Vcl.PlatformDefaultStyleActnCtrls.Vcl.PlatformDefaultStyleActnCtrls
 0002:00000368       BaseDock.BaseDock
 0002:00000370       DeskUtil.DeskUtil
 0002:00000378       DeskForm.DeskForm
 0002:00000380       DockForm.DockForm
 0002:00000388       Xml.Win.msxmldom.TMSXMLDOMDocumentFactory.Create@
 0002:00000390       Xml.Win.msxmldom.Xml.Win.msxmldom
 0002:00000398       Xml.Xmldom.Xml.Xmldom
 0002:000003A0       ToolsAPI.ToolsAPI
 0002:000003A8       Proxies.Proxies
 0002:000003B0       DesignEditors.DesignEditors
 0002:000003B8       uNetPlace.uNetPlace
 0002:000003C0       Xwbut1.Xwbut1
 0002:000003C8       Vcl.AxCtrls.Vcl.AxCtrls
 0002:000003D0       Vcl.OleCtrls.Vcl.OleCtrls
 0002:000003D8       Vcl.OleServer.Vcl.OleServer
 0002:000003E0       Sgnoncnf.Sgnoncnf
 0002:000003E8       SelDiv.SelDiv
 0002:000003F0       RpcNet.RpcNet
 0002:000003F8       Rpcconf1.Rpcconf1
 0002:00000400       Trpcb.Trpcb
 0002:00000408       RpcbEdtr.RpcbEdtr
 0002:00000410       XWBReg.XWBReg
 0002:00000418       .XWB_DXE3..XWB_DXE3
 0003:00000000       SysInit.TlsIndex
 0003:00000004       SysInit.PtrToNil
 0003:00000008       SysInit.Module
 0003:00000024       SysInit.TlsProc
 0003:00000034       SysInit...
 0003:00000088       Winapi.Windows.Win32MajorVersion
 0003:0000008C       Winapi.Windows.Win32MinorVersion
 0003:00000090       Winapi.Windows.Win32Platform
 0004:FFFFB000       SysInit.__ImageBase
 0004:00000000       SysInit.ModuleIsLib
 0004:00000001       SysInit.ModuleIsPackage
 0004:00000004       SysInit.HInstance
 0004:0000000C       SysInit.@_pfnDliNotifyHook2
 0004:00000010       SysInit.@_pfnDliFailureHook2
 0004:00000014       SysInit..1
 0004:00000018       SysInit.tlsBuffer
 0004:0000001C       Winapi.Windows..2
 0004:00000020       Winapi.Windows.HtmlHelpModule
 0004:00000024       RpcbEdtr..3
 0004:00000028       XWBReg..1
 0005:00000000       SysInit.TlsLast


Line numbers for RpcbEdtr(RpcbEdtr.pas) segment .text

    89 0001:0000111C    90 0001:00001125    91 0001:0000112F    97 0001:0000113C
    98 0001:0000115C    99 0001:00001161   100 0001:00001179   101 0001:00001187
   103 0001:00001199   104 0001:000011AB   105 0001:000011B9   106 0001:000011C5
   107 0001:000011CF   108 0001:000011D9   109 0001:000011E9   110 0001:0000120E
   111 0001:0000121F   112 0001:00001227   115 0001:00001271   117 0001:00001281
   120 0001:000012D4   121 0001:000012F6   122 0001:00001324   125 0001:00001364
   126 0001:0000136D   127 0001:00001377   130 0001:00001384   131 0001:000013A3
   132 0001:000013C6   138 0001:00001400   139 0001:0000141D   140 0001:0000142C
   141 0001:00001434   142 0001:0000146B   143 0001:00001473   146 0001:00001498
   147 0001:000014B7   148 0001:000014DA   172 0001:00001514   173 0001:00001528
   175 0001:0000153C

Line numbers for RpcbEdtr(RpcbEdtr.pas) segment .itext

   177 0002:00000408

Line numbers for XWBReg(XWBReg.pas) segment .text

    27 0001:00001548    28 0001:0000154E    30 0001:00001578    31 0001:0000158C
    33 0001:000015A0

Line numbers for XWBReg(XWBReg.pas) segment .itext

    35 0002:00000410

Line numbers for .XWB_DXE3(C:\Vista\CPRS\Broker\XWB_DXE3.dpk) segment .itext

    41 0002:00000418

Bound resource files

C:\Vista\CPRS\Broker\XWB_DXE3.res
XWB_DXE3.drf


Program entry point at 0002:00000418
