
 Start         Length     Name                   Class
 0001:00401000 0001AF20H .text                   CODE
 0002:0041C000 000003B0H .itext                  ICODE
 0003:0041D000 000000A0H .data                   DATA
 0004:0041E000 00000054H .bss                    BSS
 0005:00000000 00000000H .tls                    TLS
 0006:00400000 00000000H .pdata                  PDATA


Detailed map of segments

 0001:00000000 00000188 C=CODE     S=.text    G=(none)   M=System   ACBP=A9
 0001:00000188 000007D0 C=CODE     S=.text    G=(none)   M=SysInit  ACBP=A9
 0001:00000958 0000007C C=CODE     S=.text    G=(none)   M=Winapi.Windows ACBP=A9
 0001:000009D4 00000008 C=CODE     S=.text    G=(none)   M=System.Internal.ExcUtils ACBP=A9
 0001:000009DC 00000068 C=CODE     S=.text    G=(none)   M=System.SysUtils ACBP=A9
 0001:00000A44 00000008 C=CODE     S=.text    G=(none)   M=System.VarUtils ACBP=A9
 0001:00000A4C 00000008 C=CODE     S=.text    G=(none)   M=System.Variants ACBP=A9
 0001:00000A54 00000008 C=CODE     S=.text    G=(none)   M=System.Math ACBP=A9
 0001:00000A5C 00000008 C=CODE     S=.text    G=(none)   M=System.TimeSpan ACBP=A9
 0001:00000A64 00000008 C=CODE     S=.text    G=(none)   M=System.SyncObjs ACBP=A9
 0001:00000A6C 00000010 C=CODE     S=.text    G=(none)   M=System.Generics.Defaults ACBP=A9
 0001:00000A7C 00000008 C=CODE     S=.text    G=(none)   M=System.Rtti ACBP=A9
 0001:00000A84 00000008 C=CODE     S=.text    G=(none)   M=System.TypInfo ACBP=A9
 0001:00000A8C 00000110 C=CODE     S=.text    G=(none)   M=System.Classes ACBP=A9
 0001:00000B9C 00000008 C=CODE     S=.text    G=(none)   M=System.DateUtils ACBP=A9
 0001:00000BA4 00000010 C=CODE     S=.text    G=(none)   M=System.IOUtils ACBP=A9
 0001:00000BB4 00000008 C=CODE     S=.text    G=(none)   M=System.Win.Registry ACBP=A9
 0001:00000BBC 00000008 C=CODE     S=.text    G=(none)   M=Vcl.Graphics ACBP=A9
 0001:00000BC4 00000008 C=CODE     S=.text    G=(none)   M=System.Actions ACBP=A9
 0001:00000BCC 00000008 C=CODE     S=.text    G=(none)   M=Vcl.ActnList ACBP=A9
 0001:00000BD4 00000008 C=CODE     S=.text    G=(none)   M=System.HelpIntfs ACBP=A9
 0001:00000BDC 00000008 C=CODE     S=.text    G=(none)   M=Winapi.UxTheme ACBP=A9
 0001:00000BE4 00000008 C=CODE     S=.text    G=(none)   M=Vcl.GraphUtil ACBP=A9
 0001:00000BEC 00000448 C=CODE     S=.text    G=(none)   M=Vcl.StdCtrls ACBP=A9
 0001:00001034 00000008 C=CODE     S=.text    G=(none)   M=Vcl.Printers ACBP=A9
 0001:0000103C 00000008 C=CODE     S=.text    G=(none)   M=Vcl.Clipbrd ACBP=A9
 0001:00001044 000000C8 C=CODE     S=.text    G=(none)   M=Vcl.ComCtrls ACBP=A9
 0001:0000110C 00000018 C=CODE     S=.text    G=(none)   M=Vcl.Dialogs ACBP=A9
 0001:00001124 00000060 C=CODE     S=.text    G=(none)   M=Vcl.ExtCtrls ACBP=A9
 0001:00001184 00000008 C=CODE     S=.text    G=(none)   M=Vcl.Themes ACBP=A9
 0001:0000118C 00000008 C=CODE     S=.text    G=(none)   M=Winapi.FlatSB ACBP=A9
 0001:00001194 00000180 C=CODE     S=.text    G=(none)   M=Vcl.Forms ACBP=A9
 0001:00001314 00000008 C=CODE     S=.text    G=(none)   M=Vcl.Menus ACBP=A9
 0001:0000131C 00000010 C=CODE     S=.text    G=(none)   M=System.Win.ComObj ACBP=A9
 0001:0000132C 000002A0 C=CODE     S=.text    G=(none)   M=Vcl.Controls ACBP=A9
 0001:000015CC 00000008 C=CODE     S=.text    G=(none)   M=uNetPlace ACBP=A9
 0001:000015D4 00000008 C=CODE     S=.text    G=(none)   M=Xwbut1   ACBP=A9
 0001:000015DC 00000008 C=CODE     S=.text    G=(none)   M=MFunStr  ACBP=A9
 0001:000015E4 00000008 C=CODE     S=.text    G=(none)   M=Vcl.AxCtrls ACBP=A9
 0001:000015EC 00000008 C=CODE     S=.text    G=(none)   M=Vcl.OleCtrls ACBP=A9
 0001:000015F4 00000008 C=CODE     S=.text    G=(none)   M=Vcl.OleServer ACBP=A9
 0001:000015FC 00000010 C=CODE     S=.text    G=(none)   M=Vcl.Buttons ACBP=A9
 0001:0000160C 00000008 C=CODE     S=.text    G=(none)   M=Sgnoncnf ACBP=A9
 0001:00001614 00000008 C=CODE     S=.text    G=(none)   M=SelDiv   ACBP=A9
 0001:0000161C 00000008 C=CODE     S=.text    G=(none)   M=RpcNet   ACBP=A9
 0001:00001624 00000008 C=CODE     S=.text    G=(none)   M=Rpcconf1 ACBP=A9
 0001:0000162C 00000020 C=CODE     S=.text    G=(none)   M=Trpcb    ACBP=A9
 0001:0000164C 00000278 C=CODE     S=.text    G=(none)   M=dihlp    ACBP=A9
 0001:000018C4 00000490 C=CODE     S=.text    G=(none)   M=Dierr    ACBP=A9
 0001:00001D54 0000147C C=CODE     S=.text    G=(none)   M=Diaccess ACBP=A9
 0001:000031D0 00001A30 C=CODE     S=.text    G=(none)   M=DiTypLib ACBP=A9
 0001:00004C00 000007CC C=CODE     S=.text    G=(none)   M=didataprob ACBP=A9
 0001:000053CC 0000AE60 C=CODE     S=.text    G=(none)   M=Fmcmpnts ACBP=A9
 0001:0001022C 00008E0C C=CODE     S=.text    G=(none)   M=Fmcntrls ACBP=A9
 0001:00019038 00001714 C=CODE     S=.text    G=(none)   M=Fmlookup ACBP=A9
 0001:0001A74C 000007D4 C=CODE     S=.text    G=(none)   M=.Fmdc    ACBP=A9
 0002:00000000 00000008 C=ICODE    S=.itext   G=(none)   M=System   ACBP=A9
 0002:00000008 00000008 C=ICODE    S=.itext   G=(none)   M=SysInit  ACBP=A9
 0002:00000010 00000018 C=ICODE    S=.itext   G=(none)   M=Winapi.Windows ACBP=A9
 0002:00000028 00000008 C=ICODE    S=.itext   G=(none)   M=System.Internal.ExcUtils ACBP=A9
 0002:00000030 00000028 C=ICODE    S=.itext   G=(none)   M=System.SysUtils ACBP=A9
 0002:00000058 00000008 C=ICODE    S=.itext   G=(none)   M=System.VarUtils ACBP=A9
 0002:00000060 00000008 C=ICODE    S=.itext   G=(none)   M=System.Variants ACBP=A9
 0002:00000068 00000008 C=ICODE    S=.itext   G=(none)   M=System.Math ACBP=A9
 0002:00000070 00000008 C=ICODE    S=.itext   G=(none)   M=System.TimeSpan ACBP=A9
 0002:00000078 00000008 C=ICODE    S=.itext   G=(none)   M=System.SyncObjs ACBP=A9
 0002:00000080 00000010 C=ICODE    S=.itext   G=(none)   M=System.Generics.Defaults ACBP=A9
 0002:00000090 00000008 C=ICODE    S=.itext   G=(none)   M=System.Rtti ACBP=A9
 0002:00000098 00000008 C=ICODE    S=.itext   G=(none)   M=System.TypInfo ACBP=A9
 0002:000000A0 00000030 C=ICODE    S=.itext   G=(none)   M=System.Classes ACBP=A9
 0002:000000D0 00000008 C=ICODE    S=.itext   G=(none)   M=System.DateUtils ACBP=A9
 0002:000000D8 00000010 C=ICODE    S=.itext   G=(none)   M=System.IOUtils ACBP=A9
 0002:000000E8 00000008 C=ICODE    S=.itext   G=(none)   M=System.Win.Registry ACBP=A9
 0002:000000F0 00000008 C=ICODE    S=.itext   G=(none)   M=Vcl.Graphics ACBP=A9
 0002:000000F8 00000008 C=ICODE    S=.itext   G=(none)   M=System.Actions ACBP=A9
 0002:00000100 00000008 C=ICODE    S=.itext   G=(none)   M=Vcl.ActnList ACBP=A9
 0002:00000108 00000008 C=ICODE    S=.itext   G=(none)   M=System.HelpIntfs ACBP=A9
 0002:00000110 00000008 C=ICODE    S=.itext   G=(none)   M=Winapi.UxTheme ACBP=A9
 0002:00000118 00000008 C=ICODE    S=.itext   G=(none)   M=Vcl.GraphUtil ACBP=A9
 0002:00000120 00000090 C=ICODE    S=.itext   G=(none)   M=Vcl.StdCtrls ACBP=A9
 0002:000001B0 00000008 C=ICODE    S=.itext   G=(none)   M=Vcl.Printers ACBP=A9
 0002:000001B8 00000008 C=ICODE    S=.itext   G=(none)   M=Vcl.Clipbrd ACBP=A9
 0002:000001C0 000000C8 C=ICODE    S=.itext   G=(none)   M=Vcl.ComCtrls ACBP=A9
 0002:00000288 00000008 C=ICODE    S=.itext   G=(none)   M=Vcl.Dialogs ACBP=A9
 0002:00000290 00000028 C=ICODE    S=.itext   G=(none)   M=Vcl.ExtCtrls ACBP=A9
 0002:000002B8 00000008 C=ICODE    S=.itext   G=(none)   M=Vcl.Themes ACBP=A9
 0002:000002C0 00000008 C=ICODE    S=.itext   G=(none)   M=Winapi.FlatSB ACBP=A9
 0002:000002C8 00000020 C=ICODE    S=.itext   G=(none)   M=Vcl.Forms ACBP=A9
 0002:000002E8 00000008 C=ICODE    S=.itext   G=(none)   M=Vcl.Menus ACBP=A9
 0002:000002F0 00000010 C=ICODE    S=.itext   G=(none)   M=System.Win.ComObj ACBP=A9
 0002:00000300 00000008 C=ICODE    S=.itext   G=(none)   M=Vcl.Controls ACBP=A9
 0002:00000308 00000008 C=ICODE    S=.itext   G=(none)   M=uNetPlace ACBP=A9
 0002:00000310 00000008 C=ICODE    S=.itext   G=(none)   M=Xwbut1   ACBP=A9
 0002:00000318 00000008 C=ICODE    S=.itext   G=(none)   M=Vcl.AxCtrls ACBP=A9
 0002:00000320 00000008 C=ICODE    S=.itext   G=(none)   M=Vcl.OleCtrls ACBP=A9
 0002:00000328 00000008 C=ICODE    S=.itext   G=(none)   M=Vcl.OleServer ACBP=A9
 0002:00000330 00000010 C=ICODE    S=.itext   G=(none)   M=Vcl.Buttons ACBP=A9
 0002:00000340 00000008 C=ICODE    S=.itext   G=(none)   M=Sgnoncnf ACBP=A9
 0002:00000348 00000008 C=ICODE    S=.itext   G=(none)   M=SelDiv   ACBP=A9
 0002:00000350 00000008 C=ICODE    S=.itext   G=(none)   M=RpcNet   ACBP=A9
 0002:00000358 00000008 C=ICODE    S=.itext   G=(none)   M=Rpcconf1 ACBP=A9
 0002:00000360 00000008 C=ICODE    S=.itext   G=(none)   M=Trpcb    ACBP=A9
 0002:00000368 00000008 C=ICODE    S=.itext   G=(none)   M=dihlp    ACBP=A9
 0002:00000370 00000008 C=ICODE    S=.itext   G=(none)   M=Dierr    ACBP=A9
 0002:00000378 00000008 C=ICODE    S=.itext   G=(none)   M=Diaccess ACBP=A9
 0002:00000380 00000008 C=ICODE    S=.itext   G=(none)   M=DiTypLib ACBP=A9
 0002:00000388 00000008 C=ICODE    S=.itext   G=(none)   M=didataprob ACBP=A9
 0002:00000390 00000008 C=ICODE    S=.itext   G=(none)   M=Fmcmpnts ACBP=A9
 0002:00000398 00000008 C=ICODE    S=.itext   G=(none)   M=Fmcntrls ACBP=A9
 0002:000003A0 00000008 C=ICODE    S=.itext   G=(none)   M=Fmlookup ACBP=A9
 0002:000003A8 00000008 C=ICODE    S=.itext   G=(none)   M=.Fmdc    ACBP=A9
 0003:00000000 00000088 C=DATA     S=.data    G=DGROUP   M=SysInit  ACBP=A9
 0003:00000088 0000000C C=DATA     S=.data    G=DGROUP   M=Winapi.Windows ACBP=A9
 0004:00000000 0000001C C=BSS      S=.bss     G=DGROUP   M=SysInit  ACBP=A9
 0004:0000001C 00000008 C=BSS      S=.bss     G=DGROUP   M=Winapi.Windows ACBP=A9
 0004:00000024 00000008 C=BSS      S=.bss     G=DGROUP   M=dihlp    ACBP=A9
 0004:0000002C 00000008 C=BSS      S=.bss     G=DGROUP   M=Dierr    ACBP=A9
 0004:00000034 00000004 C=BSS      S=.bss     G=DGROUP   M=Diaccess ACBP=A9
 0004:00000038 00000004 C=BSS      S=.bss     G=DGROUP   M=DiTypLib ACBP=A9
 0004:0000003C 00000008 C=BSS      S=.bss     G=DGROUP   M=didataprob ACBP=A9
 0004:00000044 00000004 C=BSS      S=.bss     G=DGROUP   M=Fmcmpnts ACBP=A9
 0004:00000048 00000004 C=BSS      S=.bss     G=DGROUP   M=Fmcntrls ACBP=A9
 0004:0000004C 00000008 C=BSS      S=.bss     G=DGROUP   M=Fmlookup ACBP=A9


  Address             Publics by Name

 0002:000003A8       .Fmdc..Fmdc
 0001:0001AF00       .Fmdc.@GetPackageInfoTable
 0001:0001AF08       .Fmdc.@PackageLoad
 0001:0001AF14       .Fmdc.@PackageUnload
 0004:00000034       Diaccess..5
 0001:00001DF8       Diaccess..EMissingProp
 0001:00001D54       Diaccess..ENoBrokerLink
 0001:00001E9C       Diaccess..ENullParam
 0001:00001F3C       Diaccess..TFMAccess
 0001:000022B4       Diaccess.BrokerOK
 0002:00000378       Diaccess.Diaccess
 0001:000031C8       Diaccess.Finalization
 0001:000025D0       Diaccess.null
 0001:00002624       Diaccess.ParamOK
 0001:00002454       Diaccess.PropertyOK
 0001:00002B18       Diaccess.TFMAccess.AddError
 0001:0000315C       Diaccess.TFMAccess.AddHelp
 0001:00002B94       Diaccess.TFMAccess.ClearErrors
 0001:0000317C       Diaccess.TFMAccess.ClearHelp
 0001:00002A64       Diaccess.TFMAccess.Create
 0001:00002AD0       Diaccess.TFMAccess.Destroy
 0001:00002B38       Diaccess.TFMAccess.DisplayErrors
 0001:00002CA4       Diaccess.TFMAccess.LoadErrors
 0001:00002F24       Diaccess.TFMAccess.LoadHelp
 0001:00003014       Diaccess.TFMAccess.LoadOneHelp
 0001:00002BE8       Diaccess.TFMAccess.ParseHelpErrors
 0001:000029D4       Diaccess.TFMFinderCheck
 0001:000028D0       Diaccess.TFMFindOneCheck
 0001:000026D8       Diaccess.TFMGetsCheck
 0001:00002960       Diaccess.TFMHelpCheck
 0001:00002878       Diaccess.TFMListerCheck
 0001:00002784       Diaccess.TFMValidatorCheck
 0004:00000040       didataprob..2
 0001:00004C00       didataprob..TfrmDataProblemList
 0002:00000388       didataprob.didataprob
 0001:000053C4       didataprob.Finalization
 0004:0000003C       didataprob.frmDataProblemList
 0001:00004F04       didataprob.TfrmDataProblemList.BitBtn1Click
 0001:000052E0       didataprob.TfrmDataProblemList.CantFocus
 0001:00004FA4       didataprob.TfrmDataProblemList.ProblemListBoxDblClick
 0004:00000030       Dierr..2
 0001:000018C4       Dierr..TFrmDisplayError
 0002:00000370       Dierr.Dierr
 0001:00001D4C       Dierr.Finalization
 0004:0000002C       Dierr.FrmDisplayError
 0001:00001CEC       Dierr.TFrmDisplayError.btnHelpClick
 0001:00001D3C       Dierr.TFrmDisplayError.btnOKClick
 0004:00000028       dihlp..2
 0001:0000164C       dihlp..TFrmDisplayHelp
 0002:00000368       dihlp.dihlp
 0001:000018BC       dihlp.Finalization
 0004:00000024       dihlp.FrmDisplayHelp
 0004:00000038       DiTypLib..6
 0001:00003208       DiTypLib..TFMErrorObj
 0001:00003CF4       DiTypLib..TFMFDAObj
 0001:000034FC       DiTypLib..TFMFieldObj
 0001:00003AEC       DiTypLib..TFMHelpObj
 0001:000037BC       DiTypLib..TFMRecordObj
 0001:00004058       DiTypLib.DeleteRecord
 0002:00000380       DiTypLib.DiTypLib
 0001:00004BF8       DiTypLib.Finalization
 0001:00003F7C       DiTypLib.FixFMDate
 0001:00003ECC       DiTypLib.FixIENS
 0001:00004270       DiTypLib.LockNode
 0001:000045BC       DiTypLib.TFMErrorObj.Create
 0001:00004624       DiTypLib.TFMErrorObj.Destroy
 0001:0000466C       DiTypLib.TFMErrorObj.DisplayError
 0001:00004B90       DiTypLib.TFMFDAObj.SetIENS
 0001:0000490C       DiTypLib.TFMFieldObj.Create
 0001:00004960       DiTypLib.TFMFieldObj.Destroy
 0001:0000499C       DiTypLib.TFMFieldObj.SetIENS
 0001:000047CC       DiTypLib.TFMHelpObj.Create
 0001:00004820       DiTypLib.TFMHelpObj.Destroy
 0001:0000485C       DiTypLib.TFMHelpObj.DisplayHelp
 0001:00004A04       DiTypLib.TFMRecordObj.Create
 0001:00004A90       DiTypLib.TFMRecordObj.Destroy
 0001:00004AF0       DiTypLib.TFMRecordObj.GetField
 0001:00004B68       DiTypLib.TFMRecordObj.GetTObject
 0001:00004510       DiTypLib.UpArrowPiece
 0004:00000044       Fmcmpnts..8
 0001:00006940       Fmcmpnts..TFMFiler
 0001:0000736C       Fmcmpnts..TFMFinder
 0001:00007964       Fmcmpnts..TFMFindOne
 0001:00005F18       Fmcmpnts..TFMGets
 0001:00007010       Fmcmpnts..TFMHelp
 0001:00005784       Fmcmpnts..TFMLister
 0001:00006564       Fmcmpnts..TFMValidator
 0001:00010224       Fmcmpnts.Finalization
 0002:00000390       Fmcmpnts.Fmcmpnts
 0001:00010160       Fmcmpnts.Register
 0001:0000AD28       Fmcmpnts.TFMCheckBoxFill
 0001:0000B910       Fmcmpnts.TFMCheckBoxHelpFill
 0001:0000DFBC       Fmcmpnts.TFMCheckBoxUpdate
 0001:0000AE74       Fmcmpnts.TFMComboBoxFill
 0001:0000BA90       Fmcmpnts.TFMComboBoxHelpFill
 0001:0000AF48       Fmcmpnts.TFMComboBoxLookUpFill
 0001:0000BC10       Fmcmpnts.TFMComboBoxLookUpHelpFill
 0001:0000E08C       Fmcmpnts.TFMComboBoxUpdate
 0001:0000AB78       Fmcmpnts.TFMEditFill
 0001:0000B790       Fmcmpnts.TFMEditHelpFill
 0001:0000DEEC       Fmcmpnts.TFMEditUpdate
 0001:0000CB9C       Fmcmpnts.TFMFiler.AddChgdControl
 0001:0000CBD4       Fmcmpnts.TFMFiler.AddCtrl
 0001:0000CFFC       Fmcmpnts.TFMFiler.AddDataProblem
 0001:0000D2D0       Fmcmpnts.TFMFiler.AddFDA
 0001:0000E7B8       Fmcmpnts.TFMFiler.AddIEN
 0001:0000D3C0       Fmcmpnts.TFMFiler.AnythingToFile
 0001:0000CAC4       Fmcmpnts.TFMFiler.Clear
 0001:0000C934       Fmcmpnts.TFMFiler.Create
 0001:0000CC40       Fmcmpnts.TFMFiler.DataProblemCheck
 0001:0000C9F0       Fmcmpnts.TFMFiler.Destroy
 0001:0000DE3C       Fmcmpnts.TFMFiler.FindIen
 0001:0000CA88       Fmcmpnts.TFMFiler.Notification
 0001:0000D1D8       Fmcmpnts.TFMFiler.ProcessDataProblemList
 0001:0000CB48       Fmcmpnts.TFMFiler.RemoveChgdControl
 0001:0000CC04       Fmcmpnts.TFMFiler.RemoveCtrl
 0001:0000E6A0       Fmcmpnts.TFMFiler.SetMode
 0001:0000D50C       Fmcmpnts.TFMFiler.Update
 0001:0000ECB8       Fmcmpnts.TFMFinder.Create
 0001:0000ED8C       Fmcmpnts.TFMFinder.Destroy
 0001:0000FB18       Fmcmpnts.TFMFinder.DisplayData
 0001:0000EEC4       Fmcmpnts.TFMFinder.GetFinderList
 0001:0000FC44       Fmcmpnts.TFMFinder.GetRecord
 0001:0000EEF8       Fmcmpnts.TFMFinder.GoGetList
 0001:0000F764       Fmcmpnts.TFMFinder.LoadFLDVal
 0001:0000F940       Fmcmpnts.TFMFinder.LoadWIDVal
 0001:0000EE88       Fmcmpnts.TFMFinder.Notification
 0001:0000F470       Fmcmpnts.TFMFinder.ParseResults
 0001:0000EF9C       Fmcmpnts.TFMFinder.SetBrokerInfo
 0001:0000EE00       Fmcmpnts.TFMFinder.SetDisplayFields
 0001:0000EDE0       Fmcmpnts.TFMFinder.SetFieldNumbers
 0001:0000EE20       Fmcmpnts.TFMFinder.SetIENS
 0001:0000FD88       Fmcmpnts.TFMFindOne.GetIEN
 0001:0000FCE4       Fmcmpnts.TFMFindOne.Notification
 0001:0000FE18       Fmcmpnts.TFMFindOne.SetBrokerInfo
 0001:0000FD20       Fmcmpnts.TFMFindOne.SetIENS
 0001:00009F44       Fmcmpnts.TFMGets.AddCtrl
 0001:00009FB8       Fmcmpnts.TFMGets.AddField
 0001:0000A328       Fmcmpnts.TFMGets.ClearCtrlData
 0001:000098BC       Fmcmpnts.TFMGets.Create
 0001:00009970       Fmcmpnts.TFMGets.Destroy
 0001:0000A10C       Fmcmpnts.TFMGets.FillData
 0001:0000B608       Fmcmpnts.TFMGets.FillHelp
 0001:0000A778       Fmcmpnts.TFMGets.FldObjLoad
 0001:00009A00       Fmcmpnts.TFMGets.GetAndFill
 0001:00009A20       Fmcmpnts.TFMGets.GetData
 0001:0000AAE0       Fmcmpnts.TFMGets.GetField
 0001:000099C4       Fmcmpnts.TFMGets.Notification
 0001:00009E88       Fmcmpnts.TFMGets.ParseResults
 0001:0000A01C       Fmcmpnts.TFMGets.RemoveCtrl
 0001:0000A09C       Fmcmpnts.TFMGets.RemoveField
 0001:00009AD0       Fmcmpnts.TFMGets.SetBrokerInfo
 0001:0000A344       Fmcmpnts.TFMGets.SetCtrlData
 0001:00009EBC       Fmcmpnts.TFMGets.SetFields
 0001:00009EDC       Fmcmpnts.TFMGets.SetIENS
 0001:0000A544       Fmcmpnts.TFMGets.SetUpNewEntry
 0001:0000A5A0       Fmcmpnts.TFMGets.StuffIENS
 0001:0000EA54       Fmcmpnts.TFMHelp.DisplayHelp
 0001:0000EACC       Fmcmpnts.TFMHelp.DisplyHlp
 0001:0000E900       Fmcmpnts.TFMHelp.GetAndDisplayHelp
 0001:0000E92C       Fmcmpnts.TFMHelp.GetHelp
 0001:0000E8C4       Fmcmpnts.TFMHelp.Notification
 0001:0000EB44       Fmcmpnts.TFMHelp.SetBrokerInfo
 0001:0000AC50       Fmcmpnts.TFMLabelFill
 0001:0000E15C       Fmcmpnts.TFMLabelUpdate
 0001:0000B310       Fmcmpnts.TFMListBoxFill
 0001:0000C090       Fmcmpnts.TFMListBoxHelpFill
 0001:0000E22C       Fmcmpnts.TFMListBoxUpdate
 0001:00007EAC       Fmcmpnts.TFMLister.CopyTo
 0001:00007CD0       Fmcmpnts.TFMLister.Create
 0001:00007DEC       Fmcmpnts.TFMLister.Destroy
 0001:0000937C       Fmcmpnts.TFMLister.DisplayData
 0001:00007FC0       Fmcmpnts.TFMLister.GetList
 0001:00008010       Fmcmpnts.TFMLister.GetMore
 0001:0000981C       Fmcmpnts.TFMLister.GetRecord
 0001:00008054       Fmcmpnts.TFMLister.GoGetList
 0001:00008FAC       Fmcmpnts.TFMLister.LoadFLDVal
 0001:000095D0       Fmcmpnts.TFMLister.LoadFLDVals
 0001:00008E74       Fmcmpnts.TFMLister.LoadIXVal
 0001:00009540       Fmcmpnts.TFMLister.LoadIXVals
 0001:00008AAC       Fmcmpnts.TFMLister.LoadUnpackedResults
 0001:000091A4       Fmcmpnts.TFMLister.LoadWIDVal
 0001:00009768       Fmcmpnts.TFMLister.LoadWIDVals
 0001:00007E70       Fmcmpnts.TFMLister.Notification
 0001:000086AC       Fmcmpnts.TFMLister.ParseResults
 0001:000080F8       Fmcmpnts.TFMLister.SetBrokerInfo
 0001:000089FC       Fmcmpnts.TFMLister.SetDisplayFields
 0001:000089D8       Fmcmpnts.TFMLister.SetFieldNumbers
 0001:00008A20       Fmcmpnts.TFMLister.SetIENS
 0001:00008A88       Fmcmpnts.TFMLister.SetPartList
 0001:0000B3E4       Fmcmpnts.TFMMemoFill
 0001:0000C210       Fmcmpnts.TFMMemoHelpFill
 0001:0000E2FC       Fmcmpnts.TFMMemoUpdate
 0001:0000B180       Fmcmpnts.TFMRadioButtonFill
 0001:0000BD90       Fmcmpnts.TFMRadioButtonHelpFill
 0001:0000E500       Fmcmpnts.TFMRadioButtonUpdate
 0001:0000B260       Fmcmpnts.TFMRadioGroupFill
 0001:0000BF10       Fmcmpnts.TFMRadioGroupHelpFill
 0001:0000E5D0       Fmcmpnts.TFMRadioGroupUpdate
 0001:0000C4CC       Fmcmpnts.TFMValidator.Clear
 0001:0000C390       Fmcmpnts.TFMValidator.Create
 0001:0000C3EC       Fmcmpnts.TFMValidator.Destroy
 0001:0000C428       Fmcmpnts.TFMValidator.Notification
 0001:0000C744       Fmcmpnts.TFMValidator.ParseResults
 0001:0000C464       Fmcmpnts.TFMValidator.SetIENS
 0001:0000C880       Fmcmpnts.TFMValidator.SetUp
 0001:0000C510       Fmcmpnts.TFMValidator.Validate
 0004:00000048       Fmcntrls..01
 0001:000138A8       Fmcntrls..TFMCheckBox
 0001:00011A1C       Fmcntrls..TFMComboBox
 0001:00012400       Fmcntrls..TFMComboBoxLookUp
 0001:000102C0       Fmcntrls..TFMEdit
 0001:00014114       Fmcntrls..TFMLabel
 0001:000110CC       Fmcntrls..TFMListBox
 0001:00010AA4       Fmcntrls..TFMMemo
 0001:0001284C       Fmcntrls..TFMRadioButton
 0001:00013064       Fmcntrls..TFMRadioGroup
 0001:00019030       Fmcntrls.Finalization
 0002:00000398       Fmcntrls.Fmcntrls
 0001:00018F8C       Fmcntrls.Register
 0001:00018B58       Fmcntrls.TFMCheckBox.AutoValidate
 0001:000189D8       Fmcntrls.TFMCheckBox.Click
 0001:000185D0       Fmcntrls.TFMCheckBox.Create
 0001:00018978       Fmcntrls.TFMCheckBox.DoEnter
 0001:00018B0C       Fmcntrls.TFMCheckBox.DoExit
 0001:00018A0C       Fmcntrls.TFMCheckBox.FieldCheck
 0001:00018AC8       Fmcntrls.TFMCheckBox.GetAndDisplayHelp
 0001:00018A3C       Fmcntrls.TFMCheckBox.GetHelp
 0001:0001878C       Fmcntrls.TFMCheckBox.Notification
 0001:00018724       Fmcntrls.TFMCheckBox.SetFMFiler
 0001:0001868C       Fmcntrls.TFMCheckBox.SetFMGets
 0001:00018624       Fmcntrls.TFMCheckBox.SetIENS
 0001:0001882C       Fmcntrls.TFMCheckBox.Validate
 0001:00016430       Fmcntrls.TFMComboBox.AutoValidate
 0001:00015FAC       Fmcntrls.TFMComboBox.Change
 0001:00015D90       Fmcntrls.TFMComboBox.Create
 0001:00015F4C       Fmcntrls.TFMComboBox.DoEnter
 0001:000163E4       Fmcntrls.TFMComboBox.DoExit
 0001:000162E4       Fmcntrls.TFMComboBox.FieldCheck
 0001:000163A0       Fmcntrls.TFMComboBox.GetAndDisplayHelp
 0001:00016314       Fmcntrls.TFMComboBox.GetHelp
 0001:000160D0       Fmcntrls.TFMComboBox.GetList
 0001:00016100       Fmcntrls.TFMComboBox.GetMore
 0001:00016768       Fmcntrls.TFMComboBox.GetSelectedRecord
 0001:00016130       Fmcntrls.TFMComboBox.Notification
 0001:00015EE4       Fmcntrls.TFMComboBox.SetFMFiler
 0001:00015E4C       Fmcntrls.TFMComboBox.SetFMGets
 0001:00015DE4       Fmcntrls.TFMComboBox.SetIENS
 0001:000167C8       Fmcntrls.TFMComboBox.SetSorted
 0001:00016810       Fmcntrls.TFMComboBox.SortResults
 0001:000161EC       Fmcntrls.TFMComboBox.Validate
 0001:000169EC       Fmcntrls.TFMComboBoxLookUp.AutoLookUp
 0001:00016A20       Fmcntrls.TFMComboBoxLookUp.Click
 0001:000168C4       Fmcntrls.TFMComboBoxLookUp.Create
 0001:00016CC0       Fmcntrls.TFMComboBoxLookUp.DoEnter
 0001:00016D24       Fmcntrls.TFMComboBoxLookUp.DoExit
 0001:00016F78       Fmcntrls.TFMComboBoxLookUp.DropDown
 0001:00017888       Fmcntrls.TFMComboBoxLookUp.GetX
 0001:000174F0       Fmcntrls.TFMComboBoxLookUp.KeyUp
 0001:000176D4       Fmcntrls.TFMComboBoxLookUp.Loaded
 0001:00016930       Fmcntrls.TFMComboBoxLookUp.Notification
 0001:000176E8       Fmcntrls.TFMComboBoxLookUp.ReSet
 0001:00017838       Fmcntrls.TFMComboBoxLookUp.ShowDropDown
 0001:00014C50       Fmcntrls.TFMEdit.AutoValidate
 0001:00014A7C       Fmcntrls.TFMEdit.Change
 0001:00014684       Fmcntrls.TFMEdit.Create
 0001:000149E0       Fmcntrls.TFMEdit.DoEnter
 0001:00014BEC       Fmcntrls.TFMEdit.DoExit
 0001:00014AEC       Fmcntrls.TFMEdit.FieldCheck
 0001:00014BA8       Fmcntrls.TFMEdit.GetandDisplayHelp
 0001:00014B1C       Fmcntrls.TFMEdit.GetHelp
 0001:00014840       Fmcntrls.TFMEdit.Notification
 0001:000147D8       Fmcntrls.TFMEdit.SetFMFiler
 0001:00014740       Fmcntrls.TFMEdit.SetFMGets
 0001:000146D8       Fmcntrls.TFMEdit.SetIENS
 0001:000148E0       Fmcntrls.TFMEdit.Validate
 0001:00014C28       Fmcntrls.TFMEdit.WMSetText
 0001:00018C20       Fmcntrls.TFMLabel.Create
 0001:00018F5C       Fmcntrls.TFMLabel.FieldCheck
 0001:00018DDC       Fmcntrls.TFMLabel.Notification
 0001:00018D74       Fmcntrls.TFMLabel.SetFMFiler
 0001:00018CDC       Fmcntrls.TFMLabel.SetFMGets
 0001:00018C74       Fmcntrls.TFMLabel.SetIENS
 0001:00018E5C       Fmcntrls.TFMLabel.Validate
 0001:00015BB0       Fmcntrls.TFMListBox.AutoValidate
 0001:000159D0       Fmcntrls.TFMListBox.Click
 0001:000155AC       Fmcntrls.TFMListBox.Create
 0001:00015970       Fmcntrls.TFMListBox.DoEnter
 0001:00015B64       Fmcntrls.TFMListBox.DoExit
 0001:00015A64       Fmcntrls.TFMListBox.FieldCheck
 0001:00015B20       Fmcntrls.TFMListBox.GetAndDisplayHelp
 0001:00015A94       Fmcntrls.TFMListBox.GetHelp
 0001:00015A04       Fmcntrls.TFMListBox.GetList
 0001:00015A34       Fmcntrls.TFMListBox.GetMore
 0001:00015C7C       Fmcntrls.TFMListBox.GetSelectedRecord
 0001:000157BC       Fmcntrls.TFMListBox.Notification
 0001:0001570C       Fmcntrls.TFMListBox.SetFMFiler
 0001:00015674       Fmcntrls.TFMListBox.SetFMGets
 0001:0001560C       Fmcntrls.TFMListBox.SetIENS
 0001:00015774       Fmcntrls.TFMListBox.SetSorted
 0001:00015CDC       Fmcntrls.TFMListBox.SortResults
 0001:00015878       Fmcntrls.TFMListBox.Validate
 0001:00015294       Fmcntrls.TFMMemo.AutoValidate
 0001:00015104       Fmcntrls.TFMMemo.Change
 0001:00014E7C       Fmcntrls.TFMMemo.Create
 0001:000150B8       Fmcntrls.TFMMemo.DoEnter
 0001:00015258       Fmcntrls.TFMMemo.DoExit
 0001:00015120       Fmcntrls.TFMMemo.FieldCheck
 0001:00015214       Fmcntrls.TFMMemo.GetAndDisplayHelp
 0001:00015188       Fmcntrls.TFMMemo.GetHelp
 0001:00015038       Fmcntrls.TFMMemo.Notification
 0001:00014FD0       Fmcntrls.TFMMemo.SetFMFiler
 0001:00014F38       Fmcntrls.TFMMemo.SetFMGets
 0001:00014ED0       Fmcntrls.TFMMemo.SetIENS
 0001:00017E34       Fmcntrls.TFMRadioButton.AutoValidate
 0001:00017CB4       Fmcntrls.TFMRadioButton.Click
 0001:000178BC       Fmcntrls.TFMRadioButton.Create
 0001:00017C54       Fmcntrls.TFMRadioButton.DoEnter
 0001:00017DE8       Fmcntrls.TFMRadioButton.DoExit
 0001:00017CE8       Fmcntrls.TFMRadioButton.FieldCheck
 0001:00017DA4       Fmcntrls.TFMRadioButton.GetAndDisplayHelp
 0001:00017D18       Fmcntrls.TFMRadioButton.GetHelp
 0001:00017A78       Fmcntrls.TFMRadioButton.Notification
 0001:00017A10       Fmcntrls.TFMRadioButton.SetFMFiler
 0001:00017978       Fmcntrls.TFMRadioButton.SetFMGets
 0001:00017910       Fmcntrls.TFMRadioButton.SetIENS
 0001:00017B18       Fmcntrls.TFMRadioButton.Validate
 0001:000184D0       Fmcntrls.TFMRadioGroup.AutoValidate
 0001:00018288       Fmcntrls.TFMRadioGroup.Click
 0001:00017F08       Fmcntrls.TFMRadioGroup.Create
 0001:00017F70       Fmcntrls.TFMRadioGroup.Destroy
 0001:000181DC       Fmcntrls.TFMRadioGroup.DoEnter
 0001:0001823C       Fmcntrls.TFMRadioGroup.DoExit
 0001:000184A0       Fmcntrls.TFMRadioGroup.FieldCheck
 0001:00018344       Fmcntrls.TFMRadioGroup.GetAndDisplayHelp
 0001:000182B8       Fmcntrls.TFMRadioGroup.GetHelp
 0001:00017FB0       Fmcntrls.TFMRadioGroup.Notification
 0001:000181B8       Fmcntrls.TFMRadioGroup.SetCode
 0001:00018150       Fmcntrls.TFMRadioGroup.SetFMFiler
 0001:000180B8       Fmcntrls.TFMRadioGroup.SetFMGets
 0001:00018050       Fmcntrls.TFMRadioGroup.SetIENS
 0001:00018388       Fmcntrls.TFMRadioGroup.Validate
 0004:00000050       Fmlookup..3
 0001:00019038       Fmlookup..TFMLookUp
 0001:00019444       Fmlookup..TfrmLookUp
 0001:0001A744       Fmlookup.Finalization
 0002:000003A0       Fmlookup.Fmlookup
 0004:0000004C       Fmlookup.LookUpBox
 0001:0001A708       Fmlookup.Register
 0001:000199D0       Fmlookup.TFMLookUp.Execute
 0001:00019994       Fmlookup.TFMLookUp.Notification
 0001:00019970       Fmlookup.TFMLookUp.SetAllowNew
 0001:0001A528       Fmlookup.TFMLookUp.TextLookUp
 0001:00019F68       Fmlookup.TfrmLookUp.cmdFindClick
 0001:0001A364       Fmlookup.TfrmLookUp.cmdNewClick
 0001:0001A3B0       Fmlookup.TfrmLookUp.FormShow
 0001:00019F44       Fmlookup.TfrmLookUp.lstPickDblClick
 0001:00019E98       Fmlookup.TfrmLookUp.MoreBtnClick
 0001:0001A46C       Fmlookup.TfrmLookUp.Reset
 0001:000015DC       MFunStr.Piece
 0001:00001624       Rpcconf1.Finalization
 0002:00000358       Rpcconf1.Rpcconf1
 0001:0000161C       RpcNet.Finalization
 0002:00000350       RpcNet.RpcNet
 0001:00001614       SelDiv.Finalization
 0002:00000348       SelDiv.SelDiv
 0001:0000160C       Sgnoncnf.Finalization
 0002:00000340       Sgnoncnf.Sgnoncnf
 0001:00000830       SysInit...
 0001:00000870       SysInit...
 0001:00000938       SysInit...
 0001:00000928       SysInit...
 0001:00000880       SysInit...
 0001:00000904       SysInit...
 0001:000008DC       SysInit...
 0001:00000894       SysInit...
 0001:000008C4       SysInit...
 0001:00000860       SysInit...
 0001:00000850       SysInit...
 0003:00000034       SysInit...
 0001:00000840       SysInit...
 0004:00000014       SysInit..1
 0001:00000304       SysInit.@InitPkg
 0001:00000368       SysInit.@PackageLoad
 0001:00000374       SysInit.@PackageUnload
 0001:00000380       SysInit.@_delayLoadHelper2
 0001:00000660       SysInit.@_FUnloadDelayLoadedDLL2
 0001:00000770       SysInit.@_HrLoadAllImportsForDll
 0004:00000010       SysInit.@_pfnDliFailureHook2
 0004:0000000C       SysInit.@_pfnDliNotifyHook2
 0001:000001F4       SysInit.AllocTlsBuffer
 0001:000002B0       SysInit.ExitProcessTLS
 0001:00000278       SysInit.ExitThreadTLS
 0001:00000948       SysInit.Finalization
 0001:0000019C       SysInit.FreeLibrary
 0001:000001D4       SysInit.GetLastError
 0001:000001EC       SysInit.GetProcAddress
 0001:00000200       SysInit.GetTlsSize
 0004:00000004       SysInit.HInstance
 0001:000002D4       SysInit.InitializeModule
 0001:0000024C       SysInit.InitProcessTLS
 0001:00000208       SysInit.InitThreadTLS
 0001:00000188       SysInit.InterlockedExchange
 0001:000001DC       SysInit.LoadLibraryA
 0001:000001A4       SysInit.LocalAlloc
 0001:000001AC       SysInit.LocalFree
 0003:00000008       SysInit.Module
 0004:00000000       SysInit.ModuleIsLib
 0004:00000001       SysInit.ModuleIsPackage
 0003:00000004       SysInit.PtrToNil
 0001:000001E4       SysInit.RaiseException
 0001:00000828       SysInit.ShutdownDelayHelp2
 0002:00000008       SysInit.SysInit
 0001:000001B4       SysInit.TlsAlloc
 0004:00000018       SysInit.tlsBuffer
 0001:000001BC       SysInit.TlsFree
 0001:000001C4       SysInit.TlsGetValue
 0003:00000000       SysInit.TlsIndex
 0005:00000000       SysInit.TlsLast
 0003:00000024       SysInit.TlsProc
 0001:000001CC       SysInit.TlsSetValue
 0001:000002E0       SysInit.UninitializeModule
 0004:FFFE2000       SysInit.__ImageBase
 0001:000000A0       System.@AfterConstruction
 0001:00000050       System.@AsClass
 0001:000000A8       System.@BeforeDestruction
 0001:00000058       System.@CallDynaInst
 0001:00000090       System.@ClassCreate
 0001:00000098       System.@ClassDestroy
 0001:000000D8       System.@DoneExcept
 0001:00000160       System.@DynArrayLength
 0001:00000168       System.@DynArraySetLength
 0001:000000B0       System.@HandleAnyException
 0001:000000C0       System.@HandleFinally
 0001:000000B8       System.@HandleOnException
 0001:00000048       System.@IsClass
 0001:000000E0       System.@PackageLoad
 0001:000000E8       System.@PackageUnload
 0001:000000D0       System.@RaiseAgain
 0001:000000C8       System.@RaiseExcept
 0001:000000F0       System.@RunError
 0001:00000108       System.@UStrAddRef
 0001:00000100       System.@UStrArrayClr
 0001:00000110       System.@UStrAsg
 0001:00000130       System.@UStrCat
 0001:00000138       System.@UStrCat3
 0001:00000140       System.@UStrCatN
 0001:000000F8       System.@UStrClr
 0001:00000150       System.@UStrCopy
 0001:00000148       System.@UStrEqual
 0001:00000128       System.@UStrFromWChar
 0001:00000118       System.@UStrLAsg
 0001:00000120       System.@UStrLen
 0001:00000180       System.Finalization
 0001:00000158       System.Pos
 0001:00000170       System.RegisterModule
 0002:00000000       System.System
 0001:00000078       System.TObject.AfterConstruction
 0001:00000080       System.TObject.BeforeDestruction
 0001:00000008       System.TObject.ClassName
 0001:00000000       System.TObject.ClassType
 0001:00000020       System.TObject.Create
 0001:00000070       System.TObject.DefaultHandler
 0001:00000028       System.TObject.Destroy
 0001:00000088       System.TObject.Dispatch
 0001:00000038       System.TObject.Equals
 0001:00000030       System.TObject.Free
 0001:00000018       System.TObject.FreeInstance
 0001:00000040       System.TObject.GetHashCode
 0001:00000010       System.TObject.NewInstance
 0001:00000060       System.TObject.SafeCallException
 0001:00000068       System.TObject.ToString
 0001:00000178       System.UnregisterModule
 0001:00000BC4       System.Actions.Finalization
 0002:000000F8       System.Actions.System.Actions
 0001:00000B94       System.Classes.Finalization
 0001:00000A94       System.Classes.RegisterComponents
 0002:000000C8       System.Classes.System.Classes
 0002:000000A8       System.Classes.TBinaryWriter.Create@
 0001:00000B7C       System.Classes.TBinaryWriter.Destroy@
 0001:00000AFC       System.Classes.TComponent.BeforeDestruction
 0001:00000B54       System.Classes.TComponent.CanObserve
 0001:00000AEC       System.Classes.TComponent.Create
 0002:000000B8       System.Classes.TComponent.Create@
 0001:00000B0C       System.Classes.TComponent.DefineProperties
 0001:00000AF4       System.Classes.TComponent.Destroy
 0001:00000A8C       System.Classes.TComponent.Destroy@
 0001:00000B3C       System.Classes.TComponent.GetComponent
 0001:00000B44       System.Classes.TComponent.GetObservers
 0001:00000B14       System.Classes.TComponent.Loaded
 0001:00000B04       System.Classes.TComponent.Notification
 0001:00000B5C       System.Classes.TComponent.ObserverAdded
 0001:00000B74       System.Classes.TComponent.QueryInterface
 0001:00000B1C       System.Classes.TComponent.ReadState
 0001:00000B64       System.Classes.TComponent.SafeCallException
 0001:00000B34       System.Classes.TComponent.SetName
 0001:00000B4C       System.Classes.TComponent.UpdateAction
 0001:00000B6C       System.Classes.TComponent.UpdateRegistry
 0001:00000B2C       System.Classes.TComponent.ValidateRename
 0001:00000B24       System.Classes.TComponent.WriteState
 0001:00000A9C       System.Classes.TList.Add
 0001:00000AA4       System.Classes.TList.Delete
 0001:00000AAC       System.Classes.TList.Get
 0001:00000AB4       System.Classes.TList.IndexOf
 0001:00000AC4       System.Classes.TList.Pack
 0001:00000ABC       System.Classes.TList.Remove
 0002:000000C0       System.Classes.TLoginCredentialService.Create@
 0001:00000B84       System.Classes.TLoginCredentialService.Destroy@
 0002:000000A0       System.Classes.TObserverMapping.Create@
 0001:00000B8C       System.Classes.TObserverMapping.Destroy@
 0001:00000ACC       System.Classes.TPersistent.Assign
 0001:00000AD4       System.Classes.TPersistent.AssignTo
 0001:00000ADC       System.Classes.TStringList.Create
 0002:000000B0       System.Classes.TThread.Create@
 0001:00000AE4       System.Classes.TThread.Destroy@
 0002:000000D0       System.DateUtils.TTimeZone.Create@
 0001:00000B9C       System.DateUtils.TTimeZone.Destroy@
 0002:00000088       System.Generics.Defaults.TIStringComparer.Create@
 0001:00000A74       System.Generics.Defaults.TIStringComparer.Destroy@
 0002:00000080       System.Generics.Defaults.TStringComparer.Create@
 0001:00000A6C       System.Generics.Defaults.TStringComparer.Destroy@
 0001:00000BD4       System.HelpIntfs.Finalization
 0002:00000108       System.HelpIntfs.System.HelpIntfs
 0001:000009D4       System.Internal.ExcUtils.Finalization
 0002:00000028       System.Internal.ExcUtils.System.Internal.ExcUtils
 0001:00000BAC       System.IOUtils.Finalization
 0002:000000E0       System.IOUtils.System.IOUtils
 0002:000000D8       System.IOUtils.TPath.Create@
 0001:00000BA4       System.IOUtils.TPath.Destroy@
 0001:00000A54       System.Math.Finalization
 0002:00000068       System.Math.System.Math
 0001:00000A7C       System.Rtti.Finalization
 0002:00000090       System.Rtti.System.Rtti
 0001:00000A64       System.SyncObjs.Finalization
 0002:00000078       System.SyncObjs.System.SyncObjs
 0001:000009FC       System.SysUtils.Exception.Create
 0002:00000040       System.SysUtils.Exception.Create@
 0001:00000A04       System.SysUtils.Exception.Destroy
 0001:00000A24       System.SysUtils.Exception.Destroy@
 0001:00000A0C       System.SysUtils.Exception.GetBaseException
 0001:00000A14       System.SysUtils.Exception.RaisingException
 0001:00000A1C       System.SysUtils.Exception.ToString
 0001:00000A3C       System.SysUtils.Finalization
 0001:000009EC       System.SysUtils.IntToStr
 0001:000009F4       System.SysUtils.StrToInt
 0002:00000050       System.SysUtils.System.SysUtils
 0002:00000038       System.SysUtils.TEncoding.Create@
 0001:00000A34       System.SysUtils.TEncoding.Destroy@
 0002:00000030       System.SysUtils.TLanguages.Create@
 0001:00000A2C       System.SysUtils.TLanguages.Destroy@
 0002:00000048       System.SysUtils.TOSVersion.Create@
 0001:000009DC       System.SysUtils.TOSVersion.Destroy@
 0001:000009E4       System.SysUtils.UpperCase
 0002:00000070       System.TimeSpan.TTimeSpan.Create@
 0001:00000A5C       System.TimeSpan.TTimeSpan.Destroy@
 0001:00000A84       System.TypInfo.Finalization
 0002:00000098       System.TypInfo.System.TypInfo
 0001:00000A4C       System.Variants.Finalization
 0002:00000060       System.Variants.System.Variants
 0001:00000A44       System.VarUtils.Finalization
 0002:00000058       System.VarUtils.System.VarUtils
 0001:00001324       System.Win.ComObj.Finalization
 0002:000002F8       System.Win.ComObj.System.Win.ComObj
 0002:000002F0       System.Win.ComObj.TComServerObject.Create@
 0001:0000131C       System.Win.ComObj.TComServerObject.Destroy@
 0002:000000E8       System.Win.Registry.TRegistry.Create@
 0001:00000BB4       System.Win.Registry.TRegistry.Destroy@
 0001:00001644       Trpcb.Finalization
 0001:0000162C       Trpcb.TMult.GetFMultiple
 0001:00001634       Trpcb.TMult.SetFMultiple
 0001:0000163C       Trpcb.TParams.GetParameter
 0002:00000360       Trpcb.Trpcb
 0001:000015CC       uNetPlace.Finalization
 0002:00000308       uNetPlace.uNetPlace
 0001:00000BCC       Vcl.ActnList.Finalization
 0002:00000100       Vcl.ActnList.Vcl.ActnList
 0001:000015E4       Vcl.AxCtrls.Finalization
 0002:00000318       Vcl.AxCtrls.Vcl.AxCtrls
 0001:00001604       Vcl.Buttons.Finalization
 0002:00000330       Vcl.Buttons.TBitBtn.Create@
 0001:000015FC       Vcl.Buttons.TBitBtn.Destroy@
 0002:00000338       Vcl.Buttons.Vcl.Buttons
 0001:0000103C       Vcl.Clipbrd.Finalization
 0002:000001B8       Vcl.Clipbrd.Vcl.Clipbrd
 0001:00001104       Vcl.ComCtrls.Finalization
 0002:00000268       Vcl.ComCtrls.TComboBoxEx.Create@
 0001:000010EC       Vcl.ComCtrls.TComboBoxEx.Destroy@
 0002:00000248       Vcl.ComCtrls.TCoolBar.Create@
 0001:000010CC       Vcl.ComCtrls.TCoolBar.Destroy@
 0002:00000260       Vcl.ComCtrls.TCustomComboBoxEx.Create@
 0001:000010E4       Vcl.ComCtrls.TCustomComboBoxEx.Destroy@
 0002:000001D8       Vcl.ComCtrls.TCustomHeaderControl.Create@
 0001:0000105C       Vcl.ComCtrls.TCustomHeaderControl.Destroy@
 0002:00000220       Vcl.ComCtrls.TCustomHotKey.Create@
 0001:000010A4       Vcl.ComCtrls.TCustomHotKey.Destroy@
 0002:00000230       Vcl.ComCtrls.TCustomListView.Create@
 0001:000010B4       Vcl.ComCtrls.TCustomListView.Destroy@
 0002:00000200       Vcl.ComCtrls.TCustomRichEdit.Create@
 0001:00001084       Vcl.ComCtrls.TCustomRichEdit.Destroy@
 0002:000001D0       Vcl.ComCtrls.TCustomStatusBar.Create@
 0001:00001054       Vcl.ComCtrls.TCustomStatusBar.Destroy@
 0002:000001C0       Vcl.ComCtrls.TCustomTabControl.Create@
 0001:00001044       Vcl.ComCtrls.TCustomTabControl.Destroy@
 0002:000001E0       Vcl.ComCtrls.TCustomTreeView.Create@
 0001:00001064       Vcl.ComCtrls.TCustomTreeView.Destroy@
 0002:00000210       Vcl.ComCtrls.TCustomUpDown.Create@
 0001:00001094       Vcl.ComCtrls.TCustomUpDown.Destroy@
 0002:00000250       Vcl.ComCtrls.TDateTimePicker.Create@
 0001:000010D4       Vcl.ComCtrls.TDateTimePicker.Destroy@
 0002:00000278       Vcl.ComCtrls.THeaderControl.Create@
 0001:000010FC       Vcl.ComCtrls.THeaderControl.Destroy@
 0002:00000228       Vcl.ComCtrls.THotKey.Create@
 0001:000010AC       Vcl.ComCtrls.THotKey.Destroy@
 0002:00000238       Vcl.ComCtrls.TListView.Create@
 0001:000010BC       Vcl.ComCtrls.TListView.Destroy@
 0002:00000258       Vcl.ComCtrls.TPageScroller.Create@
 0001:000010DC       Vcl.ComCtrls.TPageScroller.Destroy@
 0002:000001F8       Vcl.ComCtrls.TProgressBar.Create@
 0001:0000107C       Vcl.ComCtrls.TProgressBar.Destroy@
 0002:00000208       Vcl.ComCtrls.TRichEdit.Create@
 0001:0000108C       Vcl.ComCtrls.TRichEdit.Destroy@
 0002:00000270       Vcl.ComCtrls.TStatusBar.Create@
 0001:000010F4       Vcl.ComCtrls.TStatusBar.Destroy@
 0002:000001C8       Vcl.ComCtrls.TTabControl.Create@
 0001:0000104C       Vcl.ComCtrls.TTabControl.Destroy@
 0002:00000240       Vcl.ComCtrls.TToolBar.Create@
 0001:000010C4       Vcl.ComCtrls.TToolBar.Destroy@
 0002:000001F0       Vcl.ComCtrls.TTrackBar.Create@
 0001:00001074       Vcl.ComCtrls.TTrackBar.Destroy@
 0002:000001E8       Vcl.ComCtrls.TTreeView.Create@
 0001:0000106C       Vcl.ComCtrls.TTreeView.Destroy@
 0002:00000218       Vcl.ComCtrls.TUpDown.Create@
 0001:0000109C       Vcl.ComCtrls.TUpDown.Destroy@
 0002:00000280       Vcl.ComCtrls.Vcl.ComCtrls
 0001:000015C4       Vcl.Controls.Finalization
 0001:0000143C       Vcl.Controls.TControl.AssignTo
 0001:000013F4       Vcl.Controls.TControl.CanAutoSize
 0001:000013FC       Vcl.Controls.TControl.CanResize
 0001:00001424       Vcl.Controls.TControl.Click
 0001:00001404       Vcl.Controls.TControl.ConstrainedResize
 0001:0000142C       Vcl.Controls.TControl.CreateTouchManager
 0001:00001414       Vcl.Controls.TControl.DefaultHandler
 0001:0000141C       Vcl.Controls.TControl.DefineProperties
 0001:000013E4       Vcl.Controls.TControl.DoGesture
 0001:000013EC       Vcl.Controls.TControl.DoGetGestureOptions
 0001:0000133C       Vcl.Controls.TControl.GetAction
 0001:00001374       Vcl.Controls.TControl.GetClientOrigin
 0001:0000136C       Vcl.Controls.TControl.GetClientRect
 0001:000013C4       Vcl.Controls.TControl.GetDeviceContext
 0001:0000132C       Vcl.Controls.TControl.GetDragImages
 0001:00001334       Vcl.Controls.TControl.GetEnabled
 0001:00001444       Vcl.Controls.TControl.GetFloating
 0001:0000144C       Vcl.Controls.TControl.GetFloatingDockSiteClass
 0001:000013A4       Vcl.Controls.TControl.GetText
 0001:00001454       Vcl.Controls.TControl.InitiateAction
 0001:000013CC       Vcl.Controls.TControl.Invalidate
 0001:00001434       Vcl.Controls.TControl.Loaded
 0001:00001354       Vcl.Controls.TControl.ReadState
 0001:000013DC       Vcl.Controls.TControl.Repaint
 0001:0000134C       Vcl.Controls.TControl.RequestAlign
 0001:0000137C       Vcl.Controls.TControl.SetAutoSize
 0001:000013B4       Vcl.Controls.TControl.SetBiDiMode
 0001:0000135C       Vcl.Controls.TControl.SetBounds
 0001:00001344       Vcl.Controls.TControl.SetDragMode
 0001:0000139C       Vcl.Controls.TControl.SetEnabled
 0001:00001364       Vcl.Controls.TControl.SetHelpContext
 0001:00001384       Vcl.Controls.TControl.SetName
 0001:0000138C       Vcl.Controls.TControl.SetParent
 0001:000013BC       Vcl.Controls.TControl.SetParentBiDiMode
 0001:000013AC       Vcl.Controls.TControl.SetText
 0001:00001394       Vcl.Controls.TControl.SetVisible
 0001:000013D4       Vcl.Controls.TControl.Update
 0001:0000140C       Vcl.Controls.TControl.WndProc
 0001:000015B4       Vcl.Controls.TCustomControl.PaintWindow
 0001:000015BC       Vcl.Controls.TCustomListControl.MoveSelection
 0001:000015AC       Vcl.Controls.TGraphicControl.Destroy
 0001:0000146C       Vcl.Controls.TWinControl.AdjustClientRect
 0001:00001474       Vcl.Controls.TWinControl.AlignControls
 0001:00001574       Vcl.Controls.TWinControl.AssignTo
 0001:0000157C       Vcl.Controls.TWinControl.CanAutoSize
 0001:0000155C       Vcl.Controls.TWinControl.CanResize
 0001:00001564       Vcl.Controls.TWinControl.ConstrainedResize
 0001:000014A4       Vcl.Controls.TWinControl.CreateHandle
 0001:00001484       Vcl.Controls.TWinControl.CreateWindowHandle
 0001:000014AC       Vcl.Controls.TWinControl.CustomAlignInsertBefore
 0001:000014B4       Vcl.Controls.TWinControl.CustomAlignPosition
 0001:000014D4       Vcl.Controls.TWinControl.DefaultHandler
 0001:0000148C       Vcl.Controls.TWinControl.DefineProperties
 0001:0000145C       Vcl.Controls.TWinControl.Destroy
 0001:000014BC       Vcl.Controls.TWinControl.DestroyHandle
 0001:0000149C       Vcl.Controls.TWinControl.DestroyWindowHandle
 0001:00001494       Vcl.Controls.TWinControl.DestroyWnd
 0001:0000158C       Vcl.Controls.TWinControl.DockReplaceDockClient
 0001:000014EC       Vcl.Controls.TWinControl.DoEnter
 0001:000014F4       Vcl.Controls.TWinControl.DoExit
 0001:0000154C       Vcl.Controls.TWinControl.GetClientOrigin
 0001:00001554       Vcl.Controls.TWinControl.GetClientRect
 0001:00001544       Vcl.Controls.TWinControl.GetControlExtents
 0001:00001514       Vcl.Controls.TWinControl.GetDeviceContext
 0001:0000153C       Vcl.Controls.TWinControl.GetHandle
 0001:0000151C       Vcl.Controls.TWinControl.Invalidate
 0001:000014FC       Vcl.Controls.TWinControl.KeyUp
 0001:0000147C       Vcl.Controls.TWinControl.Notification
 0001:000014DC       Vcl.Controls.TWinControl.PaintWindow
 0001:00001464       Vcl.Controls.TWinControl.ReadState
 0001:0000152C       Vcl.Controls.TWinControl.Repaint
 0001:000014E4       Vcl.Controls.TWinControl.RequestAlign
 0001:00001504       Vcl.Controls.TWinControl.SetBounds
 0001:00001534       Vcl.Controls.TWinControl.SetFocus
 0001:000015A4       Vcl.Controls.TWinControl.SetParent
 0001:00001584       Vcl.Controls.TWinControl.SetParentBackground
 0001:000014C4       Vcl.Controls.TWinControl.SetParentDoubleBuffered
 0001:0000150C       Vcl.Controls.TWinControl.ShowControl
 0001:00001524       Vcl.Controls.TWinControl.Update
 0001:0000159C       Vcl.Controls.TWinControl.UpdateControlOriginalParentSize
 0001:0000156C       Vcl.Controls.TWinControl.UpdateStyleElements
 0001:00001594       Vcl.Controls.TWinControl.UpdateTIPStatus
 0001:000014CC       Vcl.Controls.TWinControl.WndProc
 0002:00000300       Vcl.Controls.Vcl.Controls
 0001:0000111C       Vcl.Dialogs.Finalization
 0001:00001114       Vcl.Dialogs.InputQuery
 0001:0000110C       Vcl.Dialogs.MessageDlg
 0002:00000288       Vcl.Dialogs.Vcl.Dialogs
 0001:0000117C       Vcl.ExtCtrls.Finalization
 0002:00000298       Vcl.ExtCtrls.TCategoryPanelGroup.Create@
 0001:00001164       Vcl.ExtCtrls.TCategoryPanelGroup.Destroy@
 0002:00000290       Vcl.ExtCtrls.TCustomCategoryPanelGroup.Create@
 0001:0000115C       Vcl.ExtCtrls.TCustomCategoryPanelGroup.Destroy@
 0002:000002A0       Vcl.ExtCtrls.TCustomLinkLabel.Create@
 0001:0000116C       Vcl.ExtCtrls.TCustomLinkLabel.Destroy@
 0001:00001154       Vcl.ExtCtrls.TCustomRadioGroup.CanModify
 0001:00001124       Vcl.ExtCtrls.TCustomRadioGroup.Create
 0001:00001144       Vcl.ExtCtrls.TCustomRadioGroup.CreateWnd
 0001:0000112C       Vcl.ExtCtrls.TCustomRadioGroup.Destroy
 0001:00001134       Vcl.ExtCtrls.TCustomRadioGroup.Loaded
 0001:0000113C       Vcl.ExtCtrls.TCustomRadioGroup.ReadState
 0001:0000114C       Vcl.ExtCtrls.TCustomRadioGroup.SetItemIndex
 0002:000002A8       Vcl.ExtCtrls.TLinkLabel.Create@
 0001:00001174       Vcl.ExtCtrls.TLinkLabel.Destroy@
 0002:000002B0       Vcl.ExtCtrls.Vcl.ExtCtrls
 0001:0000130C       Vcl.Forms.Finalization
 0001:000011D4       Vcl.Forms.TCustomForm.AfterConstruction
 0001:00001264       Vcl.Forms.TCustomForm.AlignControls
 0001:000011E4       Vcl.Forms.TCustomForm.BeforeDestruction
 0001:0000125C       Vcl.Forms.TCustomForm.ClientWndProc
 0001:000012B4       Vcl.Forms.TCustomForm.Close
 0001:000012BC       Vcl.Forms.TCustomForm.CloseQuery
 0001:000011C4       Vcl.Forms.TCustomForm.Create
 0002:000002D0       Vcl.Forms.TCustomForm.Create@
 0001:000011DC       Vcl.Forms.TCustomForm.CreateNew
 0001:0000126C       Vcl.Forms.TCustomForm.CreateParams
 0001:0000127C       Vcl.Forms.TCustomForm.CreateWindowHandle
 0001:00001274       Vcl.Forms.TCustomForm.CreateWnd
 0001:00001294       Vcl.Forms.TCustomForm.DefaultHandler
 0001:0000121C       Vcl.Forms.TCustomForm.DefineProperties
 0001:000011EC       Vcl.Forms.TCustomForm.Destroy
 0001:000011CC       Vcl.Forms.TCustomForm.Destroy@
 0001:00001284       Vcl.Forms.TCustomForm.DestroyHandle
 0001:0000128C       Vcl.Forms.TCustomForm.DestroyWindowHandle
 0001:000011F4       Vcl.Forms.TCustomForm.DoCreate
 0001:000011FC       Vcl.Forms.TCustomForm.DoDestroy
 0001:00001224       Vcl.Forms.TCustomForm.GetClientRect
 0001:0000122C       Vcl.Forms.TCustomForm.GetFloating
 0001:00001204       Vcl.Forms.TCustomForm.Loaded
 0001:0000120C       Vcl.Forms.TCustomForm.Notification
 0001:000012A4       Vcl.Forms.TCustomForm.PaintWindow
 0001:000012F4       Vcl.Forms.TCustomForm.QueryInterface
 0001:00001214       Vcl.Forms.TCustomForm.ReadState
 0001:000012D4       Vcl.Forms.TCustomForm.Release
 0001:000012EC       Vcl.Forms.TCustomForm.RequestAlign
 0001:000012AC       Vcl.Forms.TCustomForm.Resizing
 0001:000012CC       Vcl.Forms.TCustomForm.SetFocus
 0001:0000129C       Vcl.Forms.TCustomForm.SetFocusedControl
 0001:00001244       Vcl.Forms.TCustomForm.SetParent
 0001:00001234       Vcl.Forms.TCustomForm.SetParentBiDiMode
 0001:000012C4       Vcl.Forms.TCustomForm.Show
 0001:000012DC       Vcl.Forms.TCustomForm.ShowModal
 0001:000012E4       Vcl.Forms.TCustomForm.UpdateActions
 0001:0000124C       Vcl.Forms.TCustomForm.ValidateRename
 0001:0000123C       Vcl.Forms.TCustomForm.WantChildKey
 0001:00001254       Vcl.Forms.TCustomForm.WndProc
 0002:000002D8       Vcl.Forms.TForm.Create@
 0001:000012FC       Vcl.Forms.TForm.Destroy@
 0001:00001304       Vcl.Forms.TScreen.SetCursor
 0002:000002C8       Vcl.Forms.TScrollBox.Create@
 0001:000011BC       Vcl.Forms.TScrollBox.Destroy@
 0001:000011B4       Vcl.Forms.TScrollingWinControl.AdjustClientRect
 0001:00001194       Vcl.Forms.TScrollingWinControl.AutoScrollEnabled
 0001:000011AC       Vcl.Forms.TScrollingWinControl.AutoScrollInView
 0001:0000119C       Vcl.Forms.TScrollingWinControl.DoGesture
 0001:000011A4       Vcl.Forms.TScrollingWinControl.DoGetGestureOptions
 0002:000002E0       Vcl.Forms.Vcl.Forms
 0001:00000BBC       Vcl.Graphics.Finalization
 0002:000000F0       Vcl.Graphics.Vcl.Graphics
 0001:00000BE4       Vcl.GraphUtil.Finalization
 0002:00000118       Vcl.GraphUtil.Vcl.GraphUtil
 0001:00001314       Vcl.Menus.Finalization
 0002:000002E8       Vcl.Menus.Vcl.Menus
 0001:000015EC       Vcl.OleCtrls.Finalization
 0002:00000320       Vcl.OleCtrls.Vcl.OleCtrls
 0001:000015F4       Vcl.OleServer.Finalization
 0002:00000328       Vcl.OleServer.Vcl.OleServer
 0001:00001034       Vcl.Printers.Finalization
 0002:000001B0       Vcl.Printers.Vcl.Printers
 0002:00000190       Vcl.StdCtrls.TButton.Create@
 0001:00001014       Vcl.StdCtrls.TButton.Destroy@
 0001:00000E7C       Vcl.StdCtrls.TButtonControl.WndProc
 0002:00000198       Vcl.StdCtrls.TCheckBox.Create@
 0001:0000101C       Vcl.StdCtrls.TCheckBox.Destroy@
 0002:00000188       Vcl.StdCtrls.TComboBox.Create@
 0001:0000100C       Vcl.StdCtrls.TComboBox.Destroy@
 0002:00000140       Vcl.StdCtrls.TCustomButton.Create@
 0001:00000E84       Vcl.StdCtrls.TCustomButton.Destroy@
 0001:00000EA4       Vcl.StdCtrls.TCustomCheckBox.CanObserve
 0001:00000EBC       Vcl.StdCtrls.TCustomCheckBox.Click
 0001:00000E8C       Vcl.StdCtrls.TCustomCheckBox.Create
 0002:00000148       Vcl.StdCtrls.TCustomCheckBox.Create@
 0001:00000EDC       Vcl.StdCtrls.TCustomCheckBox.CreateParams
 0001:00000EE4       Vcl.StdCtrls.TCustomCheckBox.CreateWnd
 0001:00000E94       Vcl.StdCtrls.TCustomCheckBox.Destroy@
 0001:00000EC4       Vcl.StdCtrls.TCustomCheckBox.GetChecked
 0001:00000EAC       Vcl.StdCtrls.TCustomCheckBox.ObserverAdded
 0001:00000ECC       Vcl.StdCtrls.TCustomCheckBox.SetChecked
 0001:00000ED4       Vcl.StdCtrls.TCustomCheckBox.SetState
 0001:00000EB4       Vcl.StdCtrls.TCustomCheckBox.Toggle
 0001:00000E9C       Vcl.StdCtrls.TCustomCheckBox.UpdateStyleElements
 0001:00000DEC       Vcl.StdCtrls.TCustomCombo.AddItem
 0001:00000DB4       Vcl.StdCtrls.TCustomCombo.AdjustDropDown
 0001:00000D44       Vcl.StdCtrls.TCustomCombo.Clear
 0001:00000DC4       Vcl.StdCtrls.TCustomCombo.ClearSelection
 0001:00000DCC       Vcl.StdCtrls.TCustomCombo.CopySelection
 0001:00000DD4       Vcl.StdCtrls.TCustomCombo.DeleteSelected
 0001:00000D4C       Vcl.StdCtrls.TCustomCombo.DestroyWindowHandle
 0001:00000DA4       Vcl.StdCtrls.TCustomCombo.DropDown
 0001:00000D94       Vcl.StdCtrls.TCustomCombo.EditWndProc
 0001:00000DDC       Vcl.StdCtrls.TCustomCombo.GetCount
 0001:00000D5C       Vcl.StdCtrls.TCustomCombo.GetItemIndex
 0001:00000DAC       Vcl.StdCtrls.TCustomCombo.Loaded
 0001:00000D54       Vcl.StdCtrls.TCustomCombo.SelectAll
 0001:00000DE4       Vcl.StdCtrls.TCustomCombo.SetDropDownCount
 0001:00000D7C       Vcl.StdCtrls.TCustomCombo.SetItemHeight
 0001:00000D64       Vcl.StdCtrls.TCustomCombo.SetItemIndex
 0001:00000DBC       Vcl.StdCtrls.TCustomCombo.SetItems
 0001:00000D74       Vcl.StdCtrls.TCustomCombo.SetSelLength
 0001:00000D6C       Vcl.StdCtrls.TCustomCombo.SetSelStart
 0001:00000E54       Vcl.StdCtrls.TCustomComboBox.CanObserve
 0001:00000D84       Vcl.StdCtrls.TCustomComboBox.Change
 0001:00000D8C       Vcl.StdCtrls.TCustomComboBox.Click
 0001:00000E5C       Vcl.StdCtrls.TCustomComboBox.ComboWndProc
 0001:00000DF4       Vcl.StdCtrls.TCustomComboBox.Create
 0002:00000138       Vcl.StdCtrls.TCustomComboBox.Create@
 0001:00000E2C       Vcl.StdCtrls.TCustomComboBox.CreateParams
 0001:00000E34       Vcl.StdCtrls.TCustomComboBox.CreateWnd
 0001:00000E04       Vcl.StdCtrls.TCustomComboBox.Destroy
 0001:00000DFC       Vcl.StdCtrls.TCustomComboBox.Destroy@
 0001:00000E3C       Vcl.StdCtrls.TCustomComboBox.DestroyWnd
 0001:00000E44       Vcl.StdCtrls.TCustomComboBox.DoSetTextHint
 0001:00000D9C       Vcl.StdCtrls.TCustomComboBox.DrawItem
 0001:00000E6C       Vcl.StdCtrls.TCustomComboBox.GetItemCount
 0001:00000E1C       Vcl.StdCtrls.TCustomComboBox.GetItemHt
 0001:00000E74       Vcl.StdCtrls.TCustomComboBox.GetItemsClass
 0001:00000E24       Vcl.StdCtrls.TCustomComboBox.IsItemHeightStored
 0001:00000E4C       Vcl.StdCtrls.TCustomComboBox.MeasureItem
 0001:00000E0C       Vcl.StdCtrls.TCustomComboBox.SetSorted
 0001:00000E14       Vcl.StdCtrls.TCustomComboBox.SetStyle
 0001:00000E64       Vcl.StdCtrls.TCustomComboBox.WndProc
 0001:00000CB4       Vcl.StdCtrls.TCustomEdit.CanObserve
 0001:00000CE4       Vcl.StdCtrls.TCustomEdit.Change
 0001:00000C9C       Vcl.StdCtrls.TCustomEdit.Clear
 0001:00000C4C       Vcl.StdCtrls.TCustomEdit.Create
 0002:00000128       Vcl.StdCtrls.TCustomEdit.Create@
 0001:00000CC4       Vcl.StdCtrls.TCustomEdit.CreateParams
 0001:00000CCC       Vcl.StdCtrls.TCustomEdit.CreateWindowHandle
 0001:00000CD4       Vcl.StdCtrls.TCustomEdit.CreateWnd
 0001:00000CEC       Vcl.StdCtrls.TCustomEdit.DefaultHandler
 0001:00000C54       Vcl.StdCtrls.TCustomEdit.Destroy@
 0001:00000CDC       Vcl.StdCtrls.TCustomEdit.DestroyWnd
 0001:00000C5C       Vcl.StdCtrls.TCustomEdit.DoSetMaxLength
 0001:00000C64       Vcl.StdCtrls.TCustomEdit.DoSetTextHint
 0001:00000C84       Vcl.StdCtrls.TCustomEdit.GetSelLength
 0001:00000C74       Vcl.StdCtrls.TCustomEdit.GetSelStart
 0001:00000CAC       Vcl.StdCtrls.TCustomEdit.GetSelText
 0001:00000CA4       Vcl.StdCtrls.TCustomEdit.GetSelTextBuf
 0001:00000CBC       Vcl.StdCtrls.TCustomEdit.ObserverAdded
 0001:00000C6C       Vcl.StdCtrls.TCustomEdit.SetAutoSize
 0001:00000C8C       Vcl.StdCtrls.TCustomEdit.SetSelLength
 0001:00000C7C       Vcl.StdCtrls.TCustomEdit.SetSelStart
 0001:00000C94       Vcl.StdCtrls.TCustomEdit.UpdateTIPStatus
 0001:00000BFC       Vcl.StdCtrls.TCustomGroupBox.AdjustClientRect
 0002:00000120       Vcl.StdCtrls.TCustomGroupBox.Create@
 0001:00000C04       Vcl.StdCtrls.TCustomGroupBox.CreateParams
 0001:00000BEC       Vcl.StdCtrls.TCustomGroupBox.Destroy@
 0001:00000C0C       Vcl.StdCtrls.TCustomGroupBox.Paint
 0001:00000BF4       Vcl.StdCtrls.TCustomGroupBox.UpdateStyleElements
 0001:00000C14       Vcl.StdCtrls.TCustomLabel.Create
 0001:00000C1C       Vcl.StdCtrls.TCustomLabel.GetLabelText
 0001:00000C2C       Vcl.StdCtrls.TCustomLabel.Loaded
 0001:00000C3C       Vcl.StdCtrls.TCustomLabel.Notification
 0001:00000C24       Vcl.StdCtrls.TCustomLabel.Paint
 0001:00000C34       Vcl.StdCtrls.TCustomLabel.SetAutoSize
 0001:00000C44       Vcl.StdCtrls.TCustomLabel.UpdateStyleElements
 0001:00000F3C       Vcl.StdCtrls.TCustomListBox.AddItem
 0001:00000FCC       Vcl.StdCtrls.TCustomListBox.CanObserve
 0001:00000F4C       Vcl.StdCtrls.TCustomListBox.Clear
 0001:00000F54       Vcl.StdCtrls.TCustomListBox.ClearSelection
 0001:00000F5C       Vcl.StdCtrls.TCustomListBox.CopySelection
 0001:00000F24       Vcl.StdCtrls.TCustomListBox.Create
 0002:00000158       Vcl.StdCtrls.TCustomListBox.Create@
 0001:00000F9C       Vcl.StdCtrls.TCustomListBox.CreateParams
 0001:00000FA4       Vcl.StdCtrls.TCustomListBox.CreateWnd
 0001:00000F64       Vcl.StdCtrls.TCustomListBox.DeleteSelected
 0001:00000F34       Vcl.StdCtrls.TCustomListBox.Destroy
 0001:00000F2C       Vcl.StdCtrls.TCustomListBox.Destroy@
 0001:00000FAC       Vcl.StdCtrls.TCustomListBox.DestroyWnd
 0001:00000FBC       Vcl.StdCtrls.TCustomListBox.DrawItem
 0001:00000F74       Vcl.StdCtrls.TCustomListBox.GetCount
 0001:00000F6C       Vcl.StdCtrls.TCustomListBox.GetItemIndex
 0001:00000F7C       Vcl.StdCtrls.TCustomListBox.GetSelCount
 0001:00000FDC       Vcl.StdCtrls.TCustomListBox.LoadRecreateItems
 0001:00000FC4       Vcl.StdCtrls.TCustomListBox.MeasureItem
 0001:00000F44       Vcl.StdCtrls.TCustomListBox.SaveRecreateItems
 0001:00000FD4       Vcl.StdCtrls.TCustomListBox.SelectAll
 0001:00000F84       Vcl.StdCtrls.TCustomListBox.SetItemIndex
 0001:00000F8C       Vcl.StdCtrls.TCustomListBox.SetMultiSelect
 0001:00000F94       Vcl.StdCtrls.TCustomListBox.SetSorted
 0001:00000FB4       Vcl.StdCtrls.TCustomListBox.WndProc
 0001:00000CF4       Vcl.StdCtrls.TCustomMemo.Create
 0002:00000130       Vcl.StdCtrls.TCustomMemo.Create@
 0001:00000D14       Vcl.StdCtrls.TCustomMemo.CreateParams
 0001:00000D1C       Vcl.StdCtrls.TCustomMemo.CreateWindowHandle
 0001:00000D04       Vcl.StdCtrls.TCustomMemo.Destroy
 0001:00000CFC       Vcl.StdCtrls.TCustomMemo.Destroy@
 0001:00000D0C       Vcl.StdCtrls.TCustomMemo.DoGetGestureOptions
 0001:00000D24       Vcl.StdCtrls.TCustomMemo.GetCaretPos
 0001:00000D34       Vcl.StdCtrls.TCustomMemo.Loaded
 0001:00000D2C       Vcl.StdCtrls.TCustomMemo.SetCaretPos
 0001:00000D3C       Vcl.StdCtrls.TCustomMemo.SetLines
 0002:00000168       Vcl.StdCtrls.TCustomStaticText.Create@
 0001:00000FEC       Vcl.StdCtrls.TCustomStaticText.Destroy@
 0002:00000178       Vcl.StdCtrls.TEdit.Create@
 0001:00000FFC       Vcl.StdCtrls.TEdit.Destroy@
 0002:00000170       Vcl.StdCtrls.TGroupBox.Create@
 0001:00000FF4       Vcl.StdCtrls.TGroupBox.Destroy@
 0002:000001A0       Vcl.StdCtrls.TListBox.Create@
 0001:00001024       Vcl.StdCtrls.TListBox.Destroy@
 0002:00000180       Vcl.StdCtrls.TMemo.Create@
 0001:00001004       Vcl.StdCtrls.TMemo.Destroy@
 0001:00000EEC       Vcl.StdCtrls.TRadioButton.Create
 0002:00000150       Vcl.StdCtrls.TRadioButton.Create@
 0001:00000F14       Vcl.StdCtrls.TRadioButton.CreateParams
 0001:00000F1C       Vcl.StdCtrls.TRadioButton.CreateWnd
 0001:00000EF4       Vcl.StdCtrls.TRadioButton.Destroy@
 0001:00000F04       Vcl.StdCtrls.TRadioButton.GetChecked
 0001:00000F0C       Vcl.StdCtrls.TRadioButton.SetChecked
 0001:00000EFC       Vcl.StdCtrls.TRadioButton.UpdateStyleElements
 0002:00000160       Vcl.StdCtrls.TScrollBar.Create@
 0001:00000FE4       Vcl.StdCtrls.TScrollBar.Destroy@
 0002:000001A8       Vcl.StdCtrls.TStaticText.Create@
 0001:0000102C       Vcl.StdCtrls.TStaticText.Destroy@
 0002:000002B8       Vcl.Themes.TCustomStyleEngine.Create@
 0001:00001184       Vcl.Themes.TCustomStyleEngine.Destroy@
 0001:0000118C       Winapi.FlatSB.Finalization
 0002:000002C0       Winapi.FlatSB.Winapi.FlatSB
 0001:00000BDC       Winapi.UxTheme.Finalization
 0002:00000110       Winapi.UxTheme.Winapi.UxTheme
 0004:0000001C       Winapi.Windows..2
 0001:000009B4       Winapi.Windows.Finalization
 0001:00000958       Winapi.Windows.FreeLibrary
 0001:00000960       Winapi.Windows.GetVersionEx
 0004:00000020       Winapi.Windows.HtmlHelpModule
 0001:00000978       Winapi.Windows.InitVersionInfo
 0001:00000968       Winapi.Windows.MessageBeep
 0001:00000970       Winapi.Windows.SendMessage
 0003:00000088       Winapi.Windows.Win32MajorVersion
 0003:0000008C       Winapi.Windows.Win32MinorVersion
 0003:00000090       Winapi.Windows.Win32Platform
 0002:00000010       Winapi.Windows.Winapi.Windows
 0001:000015D4       Xwbut1.Finalization
 0002:00000310       Xwbut1.Xwbut1


  Address             Publics by Value

 0001:00000000       System.TObject.ClassType
 0001:00000008       System.TObject.ClassName
 0001:00000010       System.TObject.NewInstance
 0001:00000018       System.TObject.FreeInstance
 0001:00000020       System.TObject.Create
 0001:00000028       System.TObject.Destroy
 0001:00000030       System.TObject.Free
 0001:00000038       System.TObject.Equals
 0001:00000040       System.TObject.GetHashCode
 0001:00000048       System.@IsClass
 0001:00000050       System.@AsClass
 0001:00000058       System.@CallDynaInst
 0001:00000060       System.TObject.SafeCallException
 0001:00000068       System.TObject.ToString
 0001:00000070       System.TObject.DefaultHandler
 0001:00000078       System.TObject.AfterConstruction
 0001:00000080       System.TObject.BeforeDestruction
 0001:00000088       System.TObject.Dispatch
 0001:00000090       System.@ClassCreate
 0001:00000098       System.@ClassDestroy
 0001:000000A0       System.@AfterConstruction
 0001:000000A8       System.@BeforeDestruction
 0001:000000B0       System.@HandleAnyException
 0001:000000B8       System.@HandleOnException
 0001:000000C0       System.@HandleFinally
 0001:000000C8       System.@RaiseExcept
 0001:000000D0       System.@RaiseAgain
 0001:000000D8       System.@DoneExcept
 0001:000000E0       System.@PackageLoad
 0001:000000E8       System.@PackageUnload
 0001:000000F0       System.@RunError
 0001:000000F8       System.@UStrClr
 0001:00000100       System.@UStrArrayClr
 0001:00000108       System.@UStrAddRef
 0001:00000110       System.@UStrAsg
 0001:00000118       System.@UStrLAsg
 0001:00000120       System.@UStrLen
 0001:00000128       System.@UStrFromWChar
 0001:00000130       System.@UStrCat
 0001:00000138       System.@UStrCat3
 0001:00000140       System.@UStrCatN
 0001:00000148       System.@UStrEqual
 0001:00000150       System.@UStrCopy
 0001:00000158       System.Pos
 0001:00000160       System.@DynArrayLength
 0001:00000168       System.@DynArraySetLength
 0001:00000170       System.RegisterModule
 0001:00000178       System.UnregisterModule
 0001:00000180       System.Finalization
 0001:00000188       SysInit.InterlockedExchange
 0001:0000019C       SysInit.FreeLibrary
 0001:000001A4       SysInit.LocalAlloc
 0001:000001AC       SysInit.LocalFree
 0001:000001B4       SysInit.TlsAlloc
 0001:000001BC       SysInit.TlsFree
 0001:000001C4       SysInit.TlsGetValue
 0001:000001CC       SysInit.TlsSetValue
 0001:000001D4       SysInit.GetLastError
 0001:000001DC       SysInit.LoadLibraryA
 0001:000001E4       SysInit.RaiseException
 0001:000001EC       SysInit.GetProcAddress
 0001:000001F4       SysInit.AllocTlsBuffer
 0001:00000200       SysInit.GetTlsSize
 0001:00000208       SysInit.InitThreadTLS
 0001:0000024C       SysInit.InitProcessTLS
 0001:00000278       SysInit.ExitThreadTLS
 0001:000002B0       SysInit.ExitProcessTLS
 0001:000002D4       SysInit.InitializeModule
 0001:000002E0       SysInit.UninitializeModule
 0001:00000304       SysInit.@InitPkg
 0001:00000368       SysInit.@PackageLoad
 0001:00000374       SysInit.@PackageUnload
 0001:00000380       SysInit.@_delayLoadHelper2
 0001:00000660       SysInit.@_FUnloadDelayLoadedDLL2
 0001:00000770       SysInit.@_HrLoadAllImportsForDll
 0001:00000828       SysInit.ShutdownDelayHelp2
 0001:00000830       SysInit...
 0001:00000840       SysInit...
 0001:00000850       SysInit...
 0001:00000860       SysInit...
 0001:00000870       SysInit...
 0001:00000880       SysInit...
 0001:00000894       SysInit...
 0001:000008C4       SysInit...
 0001:000008DC       SysInit...
 0001:00000904       SysInit...
 0001:00000928       SysInit...
 0001:00000938       SysInit...
 0001:00000948       SysInit.Finalization
 0001:00000958       Winapi.Windows.FreeLibrary
 0001:00000960       Winapi.Windows.GetVersionEx
 0001:00000968       Winapi.Windows.MessageBeep
 0001:00000970       Winapi.Windows.SendMessage
 0001:00000978       Winapi.Windows.InitVersionInfo
 0001:000009B4       Winapi.Windows.Finalization
 0001:000009D4       System.Internal.ExcUtils.Finalization
 0001:000009DC       System.SysUtils.TOSVersion.Destroy@
 0001:000009E4       System.SysUtils.UpperCase
 0001:000009EC       System.SysUtils.IntToStr
 0001:000009F4       System.SysUtils.StrToInt
 0001:000009FC       System.SysUtils.Exception.Create
 0001:00000A04       System.SysUtils.Exception.Destroy
 0001:00000A0C       System.SysUtils.Exception.GetBaseException
 0001:00000A14       System.SysUtils.Exception.RaisingException
 0001:00000A1C       System.SysUtils.Exception.ToString
 0001:00000A24       System.SysUtils.Exception.Destroy@
 0001:00000A2C       System.SysUtils.TLanguages.Destroy@
 0001:00000A34       System.SysUtils.TEncoding.Destroy@
 0001:00000A3C       System.SysUtils.Finalization
 0001:00000A44       System.VarUtils.Finalization
 0001:00000A4C       System.Variants.Finalization
 0001:00000A54       System.Math.Finalization
 0001:00000A5C       System.TimeSpan.TTimeSpan.Destroy@
 0001:00000A64       System.SyncObjs.Finalization
 0001:00000A6C       System.Generics.Defaults.TStringComparer.Destroy@
 0001:00000A74       System.Generics.Defaults.TIStringComparer.Destroy@
 0001:00000A7C       System.Rtti.Finalization
 0001:00000A84       System.TypInfo.Finalization
 0001:00000A8C       System.Classes.TComponent.Destroy@
 0001:00000A94       System.Classes.RegisterComponents
 0001:00000A9C       System.Classes.TList.Add
 0001:00000AA4       System.Classes.TList.Delete
 0001:00000AAC       System.Classes.TList.Get
 0001:00000AB4       System.Classes.TList.IndexOf
 0001:00000ABC       System.Classes.TList.Remove
 0001:00000AC4       System.Classes.TList.Pack
 0001:00000ACC       System.Classes.TPersistent.Assign
 0001:00000AD4       System.Classes.TPersistent.AssignTo
 0001:00000ADC       System.Classes.TStringList.Create
 0001:00000AE4       System.Classes.TThread.Destroy@
 0001:00000AEC       System.Classes.TComponent.Create
 0001:00000AF4       System.Classes.TComponent.Destroy
 0001:00000AFC       System.Classes.TComponent.BeforeDestruction
 0001:00000B04       System.Classes.TComponent.Notification
 0001:00000B0C       System.Classes.TComponent.DefineProperties
 0001:00000B14       System.Classes.TComponent.Loaded
 0001:00000B1C       System.Classes.TComponent.ReadState
 0001:00000B24       System.Classes.TComponent.WriteState
 0001:00000B2C       System.Classes.TComponent.ValidateRename
 0001:00000B34       System.Classes.TComponent.SetName
 0001:00000B3C       System.Classes.TComponent.GetComponent
 0001:00000B44       System.Classes.TComponent.GetObservers
 0001:00000B4C       System.Classes.TComponent.UpdateAction
 0001:00000B54       System.Classes.TComponent.CanObserve
 0001:00000B5C       System.Classes.TComponent.ObserverAdded
 0001:00000B64       System.Classes.TComponent.SafeCallException
 0001:00000B6C       System.Classes.TComponent.UpdateRegistry
 0001:00000B74       System.Classes.TComponent.QueryInterface
 0001:00000B7C       System.Classes.TBinaryWriter.Destroy@
 0001:00000B84       System.Classes.TLoginCredentialService.Destroy@
 0001:00000B8C       System.Classes.TObserverMapping.Destroy@
 0001:00000B94       System.Classes.Finalization
 0001:00000B9C       System.DateUtils.TTimeZone.Destroy@
 0001:00000BA4       System.IOUtils.TPath.Destroy@
 0001:00000BAC       System.IOUtils.Finalization
 0001:00000BB4       System.Win.Registry.TRegistry.Destroy@
 0001:00000BBC       Vcl.Graphics.Finalization
 0001:00000BC4       System.Actions.Finalization
 0001:00000BCC       Vcl.ActnList.Finalization
 0001:00000BD4       System.HelpIntfs.Finalization
 0001:00000BDC       Winapi.UxTheme.Finalization
 0001:00000BE4       Vcl.GraphUtil.Finalization
 0001:00000BEC       Vcl.StdCtrls.TCustomGroupBox.Destroy@
 0001:00000BF4       Vcl.StdCtrls.TCustomGroupBox.UpdateStyleElements
 0001:00000BFC       Vcl.StdCtrls.TCustomGroupBox.AdjustClientRect
 0001:00000C04       Vcl.StdCtrls.TCustomGroupBox.CreateParams
 0001:00000C0C       Vcl.StdCtrls.TCustomGroupBox.Paint
 0001:00000C14       Vcl.StdCtrls.TCustomLabel.Create
 0001:00000C1C       Vcl.StdCtrls.TCustomLabel.GetLabelText
 0001:00000C24       Vcl.StdCtrls.TCustomLabel.Paint
 0001:00000C2C       Vcl.StdCtrls.TCustomLabel.Loaded
 0001:00000C34       Vcl.StdCtrls.TCustomLabel.SetAutoSize
 0001:00000C3C       Vcl.StdCtrls.TCustomLabel.Notification
 0001:00000C44       Vcl.StdCtrls.TCustomLabel.UpdateStyleElements
 0001:00000C4C       Vcl.StdCtrls.TCustomEdit.Create
 0001:00000C54       Vcl.StdCtrls.TCustomEdit.Destroy@
 0001:00000C5C       Vcl.StdCtrls.TCustomEdit.DoSetMaxLength
 0001:00000C64       Vcl.StdCtrls.TCustomEdit.DoSetTextHint
 0001:00000C6C       Vcl.StdCtrls.TCustomEdit.SetAutoSize
 0001:00000C74       Vcl.StdCtrls.TCustomEdit.GetSelStart
 0001:00000C7C       Vcl.StdCtrls.TCustomEdit.SetSelStart
 0001:00000C84       Vcl.StdCtrls.TCustomEdit.GetSelLength
 0001:00000C8C       Vcl.StdCtrls.TCustomEdit.SetSelLength
 0001:00000C94       Vcl.StdCtrls.TCustomEdit.UpdateTIPStatus
 0001:00000C9C       Vcl.StdCtrls.TCustomEdit.Clear
 0001:00000CA4       Vcl.StdCtrls.TCustomEdit.GetSelTextBuf
 0001:00000CAC       Vcl.StdCtrls.TCustomEdit.GetSelText
 0001:00000CB4       Vcl.StdCtrls.TCustomEdit.CanObserve
 0001:00000CBC       Vcl.StdCtrls.TCustomEdit.ObserverAdded
 0001:00000CC4       Vcl.StdCtrls.TCustomEdit.CreateParams
 0001:00000CCC       Vcl.StdCtrls.TCustomEdit.CreateWindowHandle
 0001:00000CD4       Vcl.StdCtrls.TCustomEdit.CreateWnd
 0001:00000CDC       Vcl.StdCtrls.TCustomEdit.DestroyWnd
 0001:00000CE4       Vcl.StdCtrls.TCustomEdit.Change
 0001:00000CEC       Vcl.StdCtrls.TCustomEdit.DefaultHandler
 0001:00000CF4       Vcl.StdCtrls.TCustomMemo.Create
 0001:00000CFC       Vcl.StdCtrls.TCustomMemo.Destroy@
 0001:00000D04       Vcl.StdCtrls.TCustomMemo.Destroy
 0001:00000D0C       Vcl.StdCtrls.TCustomMemo.DoGetGestureOptions
 0001:00000D14       Vcl.StdCtrls.TCustomMemo.CreateParams
 0001:00000D1C       Vcl.StdCtrls.TCustomMemo.CreateWindowHandle
 0001:00000D24       Vcl.StdCtrls.TCustomMemo.GetCaretPos
 0001:00000D2C       Vcl.StdCtrls.TCustomMemo.SetCaretPos
 0001:00000D34       Vcl.StdCtrls.TCustomMemo.Loaded
 0001:00000D3C       Vcl.StdCtrls.TCustomMemo.SetLines
 0001:00000D44       Vcl.StdCtrls.TCustomCombo.Clear
 0001:00000D4C       Vcl.StdCtrls.TCustomCombo.DestroyWindowHandle
 0001:00000D54       Vcl.StdCtrls.TCustomCombo.SelectAll
 0001:00000D5C       Vcl.StdCtrls.TCustomCombo.GetItemIndex
 0001:00000D64       Vcl.StdCtrls.TCustomCombo.SetItemIndex
 0001:00000D6C       Vcl.StdCtrls.TCustomCombo.SetSelStart
 0001:00000D74       Vcl.StdCtrls.TCustomCombo.SetSelLength
 0001:00000D7C       Vcl.StdCtrls.TCustomCombo.SetItemHeight
 0001:00000D84       Vcl.StdCtrls.TCustomComboBox.Change
 0001:00000D8C       Vcl.StdCtrls.TCustomComboBox.Click
 0001:00000D94       Vcl.StdCtrls.TCustomCombo.EditWndProc
 0001:00000D9C       Vcl.StdCtrls.TCustomComboBox.DrawItem
 0001:00000DA4       Vcl.StdCtrls.TCustomCombo.DropDown
 0001:00000DAC       Vcl.StdCtrls.TCustomCombo.Loaded
 0001:00000DB4       Vcl.StdCtrls.TCustomCombo.AdjustDropDown
 0001:00000DBC       Vcl.StdCtrls.TCustomCombo.SetItems
 0001:00000DC4       Vcl.StdCtrls.TCustomCombo.ClearSelection
 0001:00000DCC       Vcl.StdCtrls.TCustomCombo.CopySelection
 0001:00000DD4       Vcl.StdCtrls.TCustomCombo.DeleteSelected
 0001:00000DDC       Vcl.StdCtrls.TCustomCombo.GetCount
 0001:00000DE4       Vcl.StdCtrls.TCustomCombo.SetDropDownCount
 0001:00000DEC       Vcl.StdCtrls.TCustomCombo.AddItem
 0001:00000DF4       Vcl.StdCtrls.TCustomComboBox.Create
 0001:00000DFC       Vcl.StdCtrls.TCustomComboBox.Destroy@
 0001:00000E04       Vcl.StdCtrls.TCustomComboBox.Destroy
 0001:00000E0C       Vcl.StdCtrls.TCustomComboBox.SetSorted
 0001:00000E14       Vcl.StdCtrls.TCustomComboBox.SetStyle
 0001:00000E1C       Vcl.StdCtrls.TCustomComboBox.GetItemHt
 0001:00000E24       Vcl.StdCtrls.TCustomComboBox.IsItemHeightStored
 0001:00000E2C       Vcl.StdCtrls.TCustomComboBox.CreateParams
 0001:00000E34       Vcl.StdCtrls.TCustomComboBox.CreateWnd
 0001:00000E3C       Vcl.StdCtrls.TCustomComboBox.DestroyWnd
 0001:00000E44       Vcl.StdCtrls.TCustomComboBox.DoSetTextHint
 0001:00000E4C       Vcl.StdCtrls.TCustomComboBox.MeasureItem
 0001:00000E54       Vcl.StdCtrls.TCustomComboBox.CanObserve
 0001:00000E5C       Vcl.StdCtrls.TCustomComboBox.ComboWndProc
 0001:00000E64       Vcl.StdCtrls.TCustomComboBox.WndProc
 0001:00000E6C       Vcl.StdCtrls.TCustomComboBox.GetItemCount
 0001:00000E74       Vcl.StdCtrls.TCustomComboBox.GetItemsClass
 0001:00000E7C       Vcl.StdCtrls.TButtonControl.WndProc
 0001:00000E84       Vcl.StdCtrls.TCustomButton.Destroy@
 0001:00000E8C       Vcl.StdCtrls.TCustomCheckBox.Create
 0001:00000E94       Vcl.StdCtrls.TCustomCheckBox.Destroy@
 0001:00000E9C       Vcl.StdCtrls.TCustomCheckBox.UpdateStyleElements
 0001:00000EA4       Vcl.StdCtrls.TCustomCheckBox.CanObserve
 0001:00000EAC       Vcl.StdCtrls.TCustomCheckBox.ObserverAdded
 0001:00000EB4       Vcl.StdCtrls.TCustomCheckBox.Toggle
 0001:00000EBC       Vcl.StdCtrls.TCustomCheckBox.Click
 0001:00000EC4       Vcl.StdCtrls.TCustomCheckBox.GetChecked
 0001:00000ECC       Vcl.StdCtrls.TCustomCheckBox.SetChecked
 0001:00000ED4       Vcl.StdCtrls.TCustomCheckBox.SetState
 0001:00000EDC       Vcl.StdCtrls.TCustomCheckBox.CreateParams
 0001:00000EE4       Vcl.StdCtrls.TCustomCheckBox.CreateWnd
 0001:00000EEC       Vcl.StdCtrls.TRadioButton.Create
 0001:00000EF4       Vcl.StdCtrls.TRadioButton.Destroy@
 0001:00000EFC       Vcl.StdCtrls.TRadioButton.UpdateStyleElements
 0001:00000F04       Vcl.StdCtrls.TRadioButton.GetChecked
 0001:00000F0C       Vcl.StdCtrls.TRadioButton.SetChecked
 0001:00000F14       Vcl.StdCtrls.TRadioButton.CreateParams
 0001:00000F1C       Vcl.StdCtrls.TRadioButton.CreateWnd
 0001:00000F24       Vcl.StdCtrls.TCustomListBox.Create
 0001:00000F2C       Vcl.StdCtrls.TCustomListBox.Destroy@
 0001:00000F34       Vcl.StdCtrls.TCustomListBox.Destroy
 0001:00000F3C       Vcl.StdCtrls.TCustomListBox.AddItem
 0001:00000F44       Vcl.StdCtrls.TCustomListBox.SaveRecreateItems
 0001:00000F4C       Vcl.StdCtrls.TCustomListBox.Clear
 0001:00000F54       Vcl.StdCtrls.TCustomListBox.ClearSelection
 0001:00000F5C       Vcl.StdCtrls.TCustomListBox.CopySelection
 0001:00000F64       Vcl.StdCtrls.TCustomListBox.DeleteSelected
 0001:00000F6C       Vcl.StdCtrls.TCustomListBox.GetItemIndex
 0001:00000F74       Vcl.StdCtrls.TCustomListBox.GetCount
 0001:00000F7C       Vcl.StdCtrls.TCustomListBox.GetSelCount
 0001:00000F84       Vcl.StdCtrls.TCustomListBox.SetItemIndex
 0001:00000F8C       Vcl.StdCtrls.TCustomListBox.SetMultiSelect
 0001:00000F94       Vcl.StdCtrls.TCustomListBox.SetSorted
 0001:00000F9C       Vcl.StdCtrls.TCustomListBox.CreateParams
 0001:00000FA4       Vcl.StdCtrls.TCustomListBox.CreateWnd
 0001:00000FAC       Vcl.StdCtrls.TCustomListBox.DestroyWnd
 0001:00000FB4       Vcl.StdCtrls.TCustomListBox.WndProc
 0001:00000FBC       Vcl.StdCtrls.TCustomListBox.DrawItem
 0001:00000FC4       Vcl.StdCtrls.TCustomListBox.MeasureItem
 0001:00000FCC       Vcl.StdCtrls.TCustomListBox.CanObserve
 0001:00000FD4       Vcl.StdCtrls.TCustomListBox.SelectAll
 0001:00000FDC       Vcl.StdCtrls.TCustomListBox.LoadRecreateItems
 0001:00000FE4       Vcl.StdCtrls.TScrollBar.Destroy@
 0001:00000FEC       Vcl.StdCtrls.TCustomStaticText.Destroy@
 0001:00000FF4       Vcl.StdCtrls.TGroupBox.Destroy@
 0001:00000FFC       Vcl.StdCtrls.TEdit.Destroy@
 0001:00001004       Vcl.StdCtrls.TMemo.Destroy@
 0001:0000100C       Vcl.StdCtrls.TComboBox.Destroy@
 0001:00001014       Vcl.StdCtrls.TButton.Destroy@
 0001:0000101C       Vcl.StdCtrls.TCheckBox.Destroy@
 0001:00001024       Vcl.StdCtrls.TListBox.Destroy@
 0001:0000102C       Vcl.StdCtrls.TStaticText.Destroy@
 0001:00001034       Vcl.Printers.Finalization
 0001:0000103C       Vcl.Clipbrd.Finalization
 0001:00001044       Vcl.ComCtrls.TCustomTabControl.Destroy@
 0001:0000104C       Vcl.ComCtrls.TTabControl.Destroy@
 0001:00001054       Vcl.ComCtrls.TCustomStatusBar.Destroy@
 0001:0000105C       Vcl.ComCtrls.TCustomHeaderControl.Destroy@
 0001:00001064       Vcl.ComCtrls.TCustomTreeView.Destroy@
 0001:0000106C       Vcl.ComCtrls.TTreeView.Destroy@
 0001:00001074       Vcl.ComCtrls.TTrackBar.Destroy@
 0001:0000107C       Vcl.ComCtrls.TProgressBar.Destroy@
 0001:00001084       Vcl.ComCtrls.TCustomRichEdit.Destroy@
 0001:0000108C       Vcl.ComCtrls.TRichEdit.Destroy@
 0001:00001094       Vcl.ComCtrls.TCustomUpDown.Destroy@
 0001:0000109C       Vcl.ComCtrls.TUpDown.Destroy@
 0001:000010A4       Vcl.ComCtrls.TCustomHotKey.Destroy@
 0001:000010AC       Vcl.ComCtrls.THotKey.Destroy@
 0001:000010B4       Vcl.ComCtrls.TCustomListView.Destroy@
 0001:000010BC       Vcl.ComCtrls.TListView.Destroy@
 0001:000010C4       Vcl.ComCtrls.TToolBar.Destroy@
 0001:000010CC       Vcl.ComCtrls.TCoolBar.Destroy@
 0001:000010D4       Vcl.ComCtrls.TDateTimePicker.Destroy@
 0001:000010DC       Vcl.ComCtrls.TPageScroller.Destroy@
 0001:000010E4       Vcl.ComCtrls.TCustomComboBoxEx.Destroy@
 0001:000010EC       Vcl.ComCtrls.TComboBoxEx.Destroy@
 0001:000010F4       Vcl.ComCtrls.TStatusBar.Destroy@
 0001:000010FC       Vcl.ComCtrls.THeaderControl.Destroy@
 0001:00001104       Vcl.ComCtrls.Finalization
 0001:0000110C       Vcl.Dialogs.MessageDlg
 0001:00001114       Vcl.Dialogs.InputQuery
 0001:0000111C       Vcl.Dialogs.Finalization
 0001:00001124       Vcl.ExtCtrls.TCustomRadioGroup.Create
 0001:0000112C       Vcl.ExtCtrls.TCustomRadioGroup.Destroy
 0001:00001134       Vcl.ExtCtrls.TCustomRadioGroup.Loaded
 0001:0000113C       Vcl.ExtCtrls.TCustomRadioGroup.ReadState
 0001:00001144       Vcl.ExtCtrls.TCustomRadioGroup.CreateWnd
 0001:0000114C       Vcl.ExtCtrls.TCustomRadioGroup.SetItemIndex
 0001:00001154       Vcl.ExtCtrls.TCustomRadioGroup.CanModify
 0001:0000115C       Vcl.ExtCtrls.TCustomCategoryPanelGroup.Destroy@
 0001:00001164       Vcl.ExtCtrls.TCategoryPanelGroup.Destroy@
 0001:0000116C       Vcl.ExtCtrls.TCustomLinkLabel.Destroy@
 0001:00001174       Vcl.ExtCtrls.TLinkLabel.Destroy@
 0001:0000117C       Vcl.ExtCtrls.Finalization
 0001:00001184       Vcl.Themes.TCustomStyleEngine.Destroy@
 0001:0000118C       Winapi.FlatSB.Finalization
 0001:00001194       Vcl.Forms.TScrollingWinControl.AutoScrollEnabled
 0001:0000119C       Vcl.Forms.TScrollingWinControl.DoGesture
 0001:000011A4       Vcl.Forms.TScrollingWinControl.DoGetGestureOptions
 0001:000011AC       Vcl.Forms.TScrollingWinControl.AutoScrollInView
 0001:000011B4       Vcl.Forms.TScrollingWinControl.AdjustClientRect
 0001:000011BC       Vcl.Forms.TScrollBox.Destroy@
 0001:000011C4       Vcl.Forms.TCustomForm.Create
 0001:000011CC       Vcl.Forms.TCustomForm.Destroy@
 0001:000011D4       Vcl.Forms.TCustomForm.AfterConstruction
 0001:000011DC       Vcl.Forms.TCustomForm.CreateNew
 0001:000011E4       Vcl.Forms.TCustomForm.BeforeDestruction
 0001:000011EC       Vcl.Forms.TCustomForm.Destroy
 0001:000011F4       Vcl.Forms.TCustomForm.DoCreate
 0001:000011FC       Vcl.Forms.TCustomForm.DoDestroy
 0001:00001204       Vcl.Forms.TCustomForm.Loaded
[...]
   640 0001:00014FB2   642 0001:00014FCB   645 0001:00014FD0   646 0001:00014FDC
   647 0001:00014FFF   648 0001:0001500B   649 0001:00015014   650 0001:00015034
   653 0001:00015038   654 0001:00015047   655 0001:00015055   656 0001:00015069
   657 0001:00015074   658 0001:00015088   659 0001:00015093   660 0001:000150A7
   661 0001:000150B2   664 0001:000150B8   665 0001:000150BF   666 0001:000150C7
   667 0001:000150D1   668 0001:00015100   671 0001:00015104   672 0001:0001510B
   673 0001:00015115   674 0001:0001511D   677 0001:00015120   678 0001:0001513C
   679 0001:00015140   680 0001:00015161   683 0001:00015188   684 0001:00015191
   685 0001:00015196   686 0001:000151AE   687 0001:000151C8   688 0001:000151E2
   690 0001:000151F5   691 0001:0001520D   694 0001:00015214   695 0001:0001521B
   696 0001:0001523B   697 0001:00015255   700 0001:00015258   701 0001:0001525F
   702 0001:0001526B   703 0001:0001527E   704 0001:00015286   705 0001:0001528E
   712 0001:00015294   713 0001:000152B5   714 0001:000152E7   715 0001:00015337
   716 0001:0001534C   717 0001:00015356   718 0001:00015364   719 0001:00015381
   721 0001:000153A0   722 0001:000153AA   723 0001:000153B7   724 0001:000153D6
   725 0001:000153E7   726 0001:000153FC   727 0001:0001542A   728 0001:00015456
   731 0001:00015463   732 0001:00015495   733 0001:000154B8   735 0001:000154C3
   723 0001:000154C6   737 0001:000154CF   740 0001:000154D1   741 0001:000154F5
   742 0001:00015506   747 0001:000155AC   748 0001:000155C7   749 0001:000155D4
   750 0001:000155DE   751 0001:000155EB   754 0001:0001560C   755 0001:00015633
   756 0001:0001564E   759 0001:00015674   760 0001:00015681   761 0001:000156B0
   762 0001:000156BC   763 0001:000156C5   764 0001:000156D1   765 0001:000156EE
   767 0001:00015707   770 0001:0001570C   771 0001:00015718   772 0001:0001573B
   773 0001:00015747   774 0001:00015750   775 0001:00015770   778 0001:00015774
   779 0001:00015780   780 0001:0001578C   781 0001:000157A2   782 0001:000157AB
   783 0001:000157B6   786 0001:000157BC   787 0001:000157CB   788 0001:000157D9
   789 0001:000157ED   790 0001:000157F8   791 0001:0001580C   792 0001:00015817
   793 0001:0001582B   794 0001:00015836   795 0001:0001584A   796 0001:00015855
   797 0001:00015869   798 0001:00015874   801 0001:00015878   802 0001:00015898
   803 0001:0001589C   804 0001:000158AC   805 0001:000158E0   806 0001:000158F2
   807 0001:000158F6   808 0001:0001591C   811 0001:00015945   814 0001:00015970
   815 0001:00015977   816 0001:0001597F   817 0001:00015993   818 0001:0001599D
   819 0001:000159CC   822 0001:000159D0   823 0001:000159D7   824 0001:000159F7
   825 0001:000159FF   828 0001:00015A04   829 0001:00015A0B   830 0001:00015A31
   833 0001:00015A34   834 0001:00015A3B   835 0001:00015A61   838 0001:00015A64
   839 0001:00015A6D   840 0001:00015A71   841 0001:00015A8D   844 0001:00015A94
   845 0001:00015A9D   846 0001:00015AA2   847 0001:00015ABA   848 0001:00015AD4
   849 0001:00015AEE   851 0001:00015B01   852 0001:00015B19   855 0001:00015B20
   856 0001:00015B27   857 0001:00015B47   858 0001:00015B61   861 0001:00015B64
   862 0001:00015B6B   863 0001:00015B86   864 0001:00015B99   865 0001:00015BA4
   866 0001:00015BAC   871 0001:00015BB0   872 0001:00015BB9   874 0001:00015BE5
   875 0001:00015BF3   876 0001:00015C00   879 0001:00015C0F   880 0001:00015C1D
   881 0001:00015C23   882 0001:00015C36   885 0001:00015C53   889 0001:00015C64
   894 0001:00015C7C   895 0001:00015C85   896 0001:00015C8A   897 0001:00015C98
   898 0001:00015CB6   900 0001:00015CD4   907 0001:00015CDC   908 0001:00015CE6
   909 0001:00015D06   910 0001:00015D17   911 0001:00015D35   912 0001:00015D49
   913 0001:00015D61   914 0001:00015D67   916 0001:00015D81   910 0001:00015D84
   918 0001:00015D89   924 0001:00015D90   925 0001:00015DAB   926 0001:00015DB8
   927 0001:00015DC2   930 0001:00015DE4   931 0001:00015E0B   932 0001:00015E26
   935 0001:00015E4C   936 0001:00015E59   937 0001:00015E88   938 0001:00015E94
   939 0001:00015E9D   940 0001:00015EA9   941 0001:00015EC6   943 0001:00015EDF
   946 0001:00015EE4   947 0001:00015EF0   948 0001:00015F13   949 0001:00015F1F
   950 0001:00015F28   951 0001:00015F48   954 0001:00015F4C   955 0001:00015F53
   956 0001:00015F5B   957 0001:00015F6F   958 0001:00015F79   959 0001:00015FA8
   962 0001:00015FAC   963 0001:00015FC6   964 0001:00015FDA   965 0001:00015FFA
   966 0001:00016021   967 0001:00016047   968 0001:00016051   970 0001:0001605B
   972 0001:0001608F   973 0001:00016097   976 0001:000160D0   977 0001:000160D7
   978 0001:000160FD   981 0001:00016100   982 0001:00016107   983 0001:0001612D
   986 0001:00016130   987 0001:0001613F   988 0001:0001614D   989 0001:00016161
   990 0001:0001616C   991 0001:00016180   992 0001:0001618B   993 0001:0001619F
   994 0001:000161AA   995 0001:000161BE   996 0001:000161C9   997 0001:000161DD
   998 0001:000161E8  1001 0001:000161EC  1002 0001:0001620C  1003 0001:00016210
  1004 0001:00016220  1005 0001:00016254  1006 0001:00016266  1007 0001:0001626A
  1008 0001:00016290  1011 0001:000162B9  1014 0001:000162E4  1015 0001:000162ED
  1016 0001:000162F1  1017 0001:0001630D  1020 0001:00016314  1021 0001:0001631D
  1022 0001:00016322  1023 0001:0001633A  1024 0001:00016354  1025 0001:0001636E
  1027 0001:00016381  1028 0001:00016399  1031 0001:000163A0  1032 0001:000163A7
  1033 0001:000163C7  1034 0001:000163E1  1037 0001:000163E4  1038 0001:000163EB
  1039 0001:00016406  1040 0001:00016419  1041 0001:00016424  1042 0001:0001642C
  1048 0001:00016430  1049 0001:0001644E  1051 0001:0001647E  1052 0001:0001648F
  1053 0001:000164A5  1054 0001:000164CC  1055 0001:000164E4  1056 0001:000164F1
  1059 0001:00016507  1060 0001:00016511  1061 0001:0001653E  1062 0001:0001654F
  1063 0001:0001655A  1067 0001:0001655F  1068 0001:000165A7  1069 0001:000165B5
  1070 0001:000165E2  1071 0001:000165F3  1072 0001:000165FD  1073 0001:00016608
  1075 0001:0001660A  1076 0001:00016618  1077 0001:0001661E  1078 0001:00016631
  1079 0001:0001664E  1084 0001:0001665F  1089 0001:00016768  1090 0001:00016771
  1091 0001:00016776  1092 0001:00016784  1093 0001:000167A2  1095 0001:000167C0
  1098 0001:000167C8  1099 0001:000167D4  1100 0001:000167E0  1101 0001:000167F6
  1102 0001:000167FF  1103 0001:0001680A  1110 0001:00016810  1111 0001:0001681A
  1112 0001:0001683A  1113 0001:0001684B  1114 0001:00016869  1115 0001:0001687D
  1116 0001:00016895  1117 0001:0001689B  1119 0001:000168B5  1113 0001:000168B8
  1121 0001:000168BD  1126 0001:000168C4  1127 0001:000168DF  1128 0001:000168EC
  1129 0001:000168FE  1132 0001:00016930  1133 0001:0001693F  1134 0001:0001694D
  1135 0001:00016961  1136 0001:0001696C  1137 0001:00016980  1138 0001:0001698B
  1139 0001:0001699F  1140 0001:000169AA  1141 0001:000169BE  1142 0001:000169C9
  1143 0001:000169DD  1144 0001:000169E8  1147 0001:000169EC  1148 0001:000169F5
  1149 0001:00016A0D  1150 0001:00016A13  1151 0001:00016A17  1157 0001:00016A20
  1159 0001:00016A42  1160 0001:00016A50  1161 0001:00016A94  1162 0001:00016AA5
  1163 0001:00016AD6  1164 0001:00016AEA  1165 0001:00016B13  1166 0001:00016B1E
  1167 0001:00016B2C  1168 0001:00016B49  1169 0001:00016B58  1170 0001:00016B6B
  1171 0001:00016B81  1172 0001:00016B93  1174 0001:00016BAF  1177 0001:00016BC1
  1178 0001:00016BF8  1179 0001:00016C15  1180 0001:00016C33  1181 0001:00016C3B
  1182 0001:00016C58  1184 0001:00016C60  1187 0001:00016CC0  1188 0001:00016CC7
  1189 0001:00016CCF  1190 0001:00016CD9  1191 0001:00016CEF  1192 0001:00016D1E
  1197 0001:00016D24  1199 0001:00016D42  1200 0001:00016D62  1201 0001:00016D6E
  1203 0001:00016D7B  1204 0001:00016D85  1205 0001:00016D98  1206 0001:00016DD0
  1207 0001:00016DDE  1209 0001:00016DEB  1210 0001:00016DFC  1211 0001:00016E09
  1212 0001:00016E26  1213 0001:00016E34  1214 0001:00016E51  1218 0001:00016E5E
  1219 0001:00016E79  1220 0001:00016E84  1224 0001:00016E91  1225 0001:00016EC8
  1226 0001:00016EE5  1228 0001:00016EFD  1229 0001:00016F0B  1231 0001:00016F28
  1233 0001:00016F32  1234 0001:00016F3A  1241 0001:00016F78  1242 0001:00016F99
  1243 0001:00016FA1  1244 0001:00016FB2  1245 0001:00016FC8  1246 0001:00016FE6
  1247 0001:0001702E  1248 0001:0001705F  1249 0001:00017073  1250 0001:0001707D
  1251 0001:0001709F  1252 0001:000170AA  1253 0001:000170BE  1254 0001:000170DB
  1255 0001:000170EE  1256 0001:00017101  1257 0001:00017117  1258 0001:00017129
  1262 0001:0001714E  1263 0001:00017199  1264 0001:000171A7  1265 0001:000171BE
  1266 0001:000171D8  1267 0001:000171F2  1268 0001:00017209  1269 0001:0001722B
  1270 0001:00017242  1271 0001:00017259  1272 0001:0001726D  1273 0001:0001728F
  1274 0001:0001729F  1275 0001:000172B1  1276 0001:000172C8  1277 0001:000172E1
  1278 0001:000172F3  1279 0001:00017302  1280 0001:00017316  1281 0001:00017322
  1282 0001:0001732A  1284 0001:0001732F  1285 0001:00017338  1286 0001:00017346
  1287 0001:0001735B  1288 0001:00017366  1290 0001:00017368  1291 0001:00017377
  1292 0001:0001738E  1294 0001:0001739B  1297 0001:000173A3  1299 0001:000173B5
  1301 0001:000173C0  1302 0001:000173DE  1308 0001:000174F0  1309 0001:0001751D
  1310 0001:0001752C  1311 0001:00017532  1312 0001:00017537  1313 0001:0001754A
  1314 0001:00017587  1315 0001:00017594  1316 0001:000175B7  1317 0001:000175CD
  1318 0001:000175D7  1321 0001:000175F9  1333 0001:00017683  1334 0001:00017690
  1336 0001:000176AD  1339 0001:000176D4  1340 0001:000176DB  1341 0001:000176E3
  1346 0001:000176E8  1347 0001:00017703  1348 0001:00017726  1349 0001:0001773A
  1350 0001:0001776B  1351 0001:0001778A  1352 0001:0001779E  1353 0001:000177A9
  1354 0001:000177C6  1355 0001:000177DA  1357 0001:000177F8  1363 0001:00017838
  1364 0001:00017844  1365 0001:00017849  1366 0001:0001784F  1367 0001:00017858
  1368 0001:00017860  1370 0001:00017866  1371 0001:00017882  1376 0001:00017888
  1377 0001:00017894  1378 0001:000178A2  1379 0001:000178B6  1384 0001:000178BC
  1385 0001:000178D7  1386 0001:000178E4  1387 0001:000178EE  1390 0001:00017910
  1391 0001:00017937  1392 0001:00017952  1395 0001:00017978  1396 0001:00017985
  1397 0001:000179B4  1398 0001:000179C0  1399 0001:000179C9  1400 0001:000179D5
  1401 0001:000179F2  1403 0001:00017A0B  1406 0001:00017A10  1407 0001:00017A1C
  1408 0001:00017A3F  1409 0001:00017A4B  1410 0001:00017A54  1411 0001:00017A74
  1414 0001:00017A78  1415 0001:00017A87  1416 0001:00017A95  1417 0001:00017AA9
  1418 0001:00017AB4  1419 0001:00017AC8  1420 0001:00017AD3  1421 0001:00017AE7
  1422 0001:00017AF2  1423 0001:00017B06  1424 0001:00017B11  1427 0001:00017B18
  1428 0001:00017B38  1429 0001:00017B3C  1430 0001:00017B4B  1431 0001:00017B58
  1432 0001:00017B65  1433 0001:00017B69  1435 0001:00017B6E  1436 0001:00017B91
  1437 0001:00017BC5  1438 0001:00017BD7  1439 0001:00017BDB  1440 0001:00017C01
  1443 0001:00017C2A  1446 0001:00017C54  1447 0001:00017C5B  1448 0001:00017C63
  1449 0001:00017C77  1450 0001:00017C81  1451 0001:00017CB0  1454 0001:00017CB4
  1455 0001:00017CBB  1456 0001:00017CDB  1457 0001:00017CE3  1460 0001:00017CE8
  1461 0001:00017CF1  1462 0001:00017CF5  1463 0001:00017D11  1466 0001:00017D18
  1467 0001:00017D21  1468 0001:00017D26  1469 0001:00017D3E  1470 0001:00017D58
  1471 0001:00017D72  1473 0001:00017D85  1474 0001:00017D9D  1477 0001:00017DA4
  1478 0001:00017DAB  1479 0001:00017DCB  1480 0001:00017DE5  1483 0001:00017DE8
  1484 0001:00017DEF  1485 0001:00017E0A  1486 0001:00017E1D  1487 0001:00017E28
  1488 0001:00017E30  1491 0001:00017E34  1492 0001:00017E50  1494 0001:00017E78
  1495 0001:00017E87  1496 0001:00017E9D  1499 0001:00017EBA  1500 0001:00017EC7
  1502 0001:00017ED4  1505 0001:00017EE5  1510 0001:00017F08  1511 0001:00017F23
  1512 0001:00017F30  1513 0001:00017F3A  1514 0001:00017F4F  1517 0001:00017F70
  1518 0001:00017F81  1519 0001:00017F8F  1520 0001:00017F9D  1523 0001:00017FB0
  1524 0001:00017FBF  1525 0001:00017FCD  1526 0001:00017FE1  1527 0001:00017FEC
  1528 0001:00018000  1529 0001:0001800B  1530 0001:0001801F  1531 0001:0001802A
  1532 0001:0001803E  1533 0001:00018049  1536 0001:00018050  1537 0001:00018077
  1538 0001:00018092  1541 0001:000180B8  1542 0001:000180C5  1543 0001:000180F4
  1544 0001:00018100  1545 0001:00018109  1546 0001:00018115  1547 0001:00018132
  1549 0001:0001814B  1552 0001:00018150  1553 0001:0001815C  1554 0001:0001817F
  1555 0001:0001818B  1556 0001:00018194  1557 0001:000181B4  1560 0001:000181B8
  1561 0001:000181C4  1562 0001:000181D5  1565 0001:000181DC  1566 0001:000181E3
  1567 0001:000181EB  1568 0001:000181FD  1569 0001:00018207  1570 0001:00018236
  1573 0001:0001823C  1574 0001:00018243  1575 0001:0001825E  1576 0001:00018271
  1577 0001:0001827C  1578 0001:00018284  1581 0001:00018288  1582 0001:0001828F
  1583 0001:000182AD  1584 0001:000182B5  1587 0001:000182B8  1588 0001:000182C1
  1589 0001:000182C6  1590 0001:000182DE  1591 0001:000182F8  1592 0001:00018312
  1594 0001:00018325  1595 0001:0001833D  1598 0001:00018344  1599 0001:0001834B
  1600 0001:0001836B  1601 0001:00018385  1604 0001:00018388  1605 0001:000183A4
  1606 0001:000183A8  1607 0001:000183C8  1608 0001:00018410  1609 0001:00018422
  1610 0001:00018426  1611 0001:0001844C  1614 0001:00018475  1617 0001:000184A0
  1618 0001:000184A9  1619 0001:000184AD  1620 0001:000184C9  1623 0001:000184D0
  1624 0001:000184EB  1626 0001:0001851B  1627 0001:00018527  1628 0001:00018534
  1631 0001:00018543  1632 0001:0001856D  1634 0001:00018597  1637 0001:000185A8
  1642 0001:000185D0  1643 0001:000185EB  1644 0001:000185F8  1645 0001:00018602
  1648 0001:00018624  1649 0001:0001864B  1650 0001:00018666  1653 0001:0001868C
  1654 0001:00018699  1655 0001:000186C8  1656 0001:000186D4  1657 0001:000186DD
  1658 0001:000186E9  1659 0001:00018706  1661 0001:0001871F  1664 0001:00018724
  1665 0001:00018730  1666 0001:00018753  1667 0001:0001875F  1668 0001:00018768
  1669 0001:00018788  1672 0001:0001878C  1673 0001:0001879B  1674 0001:000187A9
  1675 0001:000187BD  1676 0001:000187C8  1677 0001:000187DC  1678 0001:000187E7
  1679 0001:000187FB  1680 0001:00018806  1681 0001:0001881A  1682 0001:00018825
  1687 0001:0001882C  1688 0001:00018848  1689 0001:0001884C  1690 0001:00018858
  1691 0001:00018865  1692 0001:00018872  1693 0001:00018876  1695 0001:0001887B
  1696 0001:0001888B  1697 0001:000188AA  1698 0001:000188BB  1699 0001:000188E9
  1700 0001:000188FB  1701 0001:000188FF  1702 0001:00018925  1705 0001:0001894E
  1708 0001:00018978  1709 0001:0001897F  1710 0001:00018987  1711 0001:0001899B
  1712 0001:000189A5  1713 0001:000189D4  1717 0001:000189D8  1718 0001:000189DF
  1719 0001:000189FF  1720 0001:00018A07  1723 0001:00018A0C  1724 0001:00018A15
  1725 0001:00018A19  1726 0001:00018A35  1729 0001:00018A3C  1730 0001:00018A45
  1731 0001:00018A4A  1732 0001:00018A62  1733 0001:00018A7C  1734 0001:00018A96
  1736 0001:00018AA9  1737 0001:00018AC1  1740 0001:00018AC8  1741 0001:00018ACF
  1742 0001:00018AEF  1743 0001:00018B09  1746 0001:00018B0C  1747 0001:00018B13
  1748 0001:00018B2E  1749 0001:00018B41  1750 0001:00018B4C  1751 0001:00018B54
  1754 0001:00018B58  1755 0001:00018B74  1757 0001:00018B98  1758 0001:00018BA4
  1759 0001:00018BBA  1761 0001:00018BD7  1762 0001:00018BED  1765 0001:00018BFE
  1770 0001:00018C20  1771 0001:00018C3B  1772 0001:00018C48  1773 0001:00018C52
  1776 0001:00018C74  1777 0001:00018C9B  1778 0001:00018CB6  1781 0001:00018CDC
  1782 0001:00018CE9  1783 0001:00018D18  1784 0001:00018D24  1785 0001:00018D2D
  1786 0001:00018D39  1787 0001:00018D56  1789 0001:00018D6F  1792 0001:00018D74
  1793 0001:00018D80  1794 0001:00018DA3  1795 0001:00018DAF  1796 0001:00018DB8
  1797 0001:00018DD8  1800 0001:00018DDC  1801 0001:00018DEB  1802 0001:00018DF9
  1803 0001:00018E0D  1804 0001:00018E18  1805 0001:00018E2C  1806 0001:00018E37
  1807 0001:00018E4B  1808 0001:00018E56  1811 0001:00018E5C  1812 0001:00018E78
  1813 0001:00018E7C  1814 0001:00018E8C  1815 0001:00018EC5  1816 0001:00018ED7
  1817 0001:00018EDB  1818 0001:00018F01  1821 0001:00018F2A  1824 0001:00018F5C
  1825 0001:00018F65  1826 0001:00018F69  1827 0001:00018F85  1832 0001:00018F8C
  1833 0001:00018F92  1834 0001:00018FBC  1835 0001:00018FDE  1837 0001:00019010

Line numbers for Fmcntrls(Fmcntrls.pas) segment .itext

  1839 0002:00000398

Line numbers for Fmlookup(Fmlookup.pas) segment .text

    85 0001:00019970    86 0001:0001997C    87 0001:00019990    90 0001:00019994
    91 0001:000199A3    92 0001:000199B1    93 0001:000199CA   114 0001:000199D0
   115 0001:000199F8   116 0001:000199FC   117 0001:00019A0A   118 0001:00019A23
   119 0001:00019A3C   120 0001:00019A60   121 0001:00019A68   122 0001:00019A7C
   123 0001:00019A8C   124 0001:00019A90   125 0001:00019A96   126 0001:00019AA0
   128 0001:00019AAD   129 0001:00019AB3   131 0001:00019AD7   132 0001:00019AF2
   133 0001:00019B01   134 0001:00019B0A   135 0001:00019B1A   137 0001:00019B32
   138 0001:00019B44   139 0001:00019B5A   140 0001:00019B6F   141 0001:00019B84
   142 0001:00019B99   143 0001:00019BA9   144 0001:00019BC6   145 0001:00019BCC
   146 0001:00019BDC   147 0001:00019BE6   148 0001:00019BEE   151 0001:00019BF7
   152 0001:00019C18   153 0001:00019C2E   154 0001:00019C37   155 0001:00019C53
   156 0001:00019C74   157 0001:00019C88   160 0001:00019C8E   161 0001:00019C9E
   162 0001:00019CA8   163 0001:00019CB0   167 0001:00019CB6   168 0001:00019CC3
   169 0001:00019CE9   170 0001:00019D05   171 0001:00019D1D   172 0001:00019D23
   174 0001:00019D3A   168 0001:00019D3D   175 0001:00019D42   177 0001:00019D67
   178 0001:00019D6A   181 0001:00019DA9   188 0001:00019E98   189 0001:00019EA4
   190 0001:00019EB7   191 0001:00019ED7   192 0001:00019EE9   193 0001:00019EF7
   195 0001:00019EF9   196 0001:00019F21   197 0001:00019F3E   201 0001:00019F44
   202 0001:00019F51   203 0001:00019F63   210 0001:00019F68   211 0001:00019F87
   212 0001:00019F8F   213 0001:00019FA9   214 0001:00019FCE   215 0001:00019FE2
   216 0001:00019FF9   217 0001:0001A013   218 0001:0001A02D   219 0001:0001A044
   220 0001:0001A066   221 0001:0001A07D   222 0001:0001A094   223 0001:0001A0A8
   224 0001:0001A0CA   225 0001:0001A0DA   226 0001:0001A0EC   227 0001:0001A103
   228 0001:0001A111   229 0001:0001A123   230 0001:0001A132   231 0001:0001A14C
   232 0001:0001A158   233 0001:0001A160   235 0001:0001A165   236 0001:0001A16E
   237 0001:0001A182   238 0001:0001A197   239 0001:0001A1A2   241 0001:0001A1A7
   242 0001:0001A1B6   243 0001:0001A1CD   244 0001:0001A1E0   247 0001:0001A1F5
   248 0001:0001A208   249 0001:0001A21D   251 0001:0001A228   253 0001:0001A230
   257 0001:0001A364   258 0001:0001A371   259 0001:0001A384   260 0001:0001A398
   261 0001:0001A3AA   265 0001:0001A3B0   266 0001:0001A3BC   267 0001:0001A3D4
   268 0001:0001A3E7   269 0001:0001A3FA   270 0001:0001A424   273 0001:0001A443
   275 0001:0001A456   279 0001:0001A46C   280 0001:0001A473   281 0001:0001A487
   282 0001:0001A4A7   283 0001:0001A4B9   284 0001:0001A4C7   286 0001:0001A4CA
   287 0001:0001A4E2   288 0001:0001A4F5   289 0001:0001A508   291 0001:0001A525
   297 0001:0001A528   300 0001:0001A55C   301 0001:0001A56D   302 0001:0001A57F
   303 0001:0001A591   304 0001:0001A5A2   305 0001:0001A5D8   308 0001:0001A602
   309 0001:0001A61E   310 0001:0001A635   311 0001:0001A656   312 0001:0001A674
   313 0001:0001A68A   317 0001:0001A69D   318 0001:0001A6AE   321 0001:0001A708
   322 0001:0001A70C   323 0001:0001A723

Line numbers for Fmlookup(Fmlookup.pas) segment .itext

   325 0002:000003A0

Line numbers for .Fmdc(Fmdc.dpk) segment .itext

    48 0002:000003A8

Bound resource files

dihlp.DFM
Dierr.DFM
didataprob.DFM
Fmlookup.DFM
Fmdc.res
Fmcntrls.dcr
Fmcmpnts.dcr
Fmlookup.dcr
Fmdc.drf


Program entry point at 0002:000003A8
