
 Start         Length     Name                   Class
 0001:00401000 0000A754H .text                   CODE
 0002:0040C000 00000370H .itext                  ICODE
 0003:0040D000 0000092CH .data                   DATA
 0004:0040E000 00000108H .bss                    BSS
 0005:00000000 00000000H .tls                    TLS
 0006:00400000 00000000H .pdata                  PDATA


Detailed map of segments

 0001:00000000 000001D0 C=CODE     S=.text    G=(none)   M=System   ACBP=A9
 0001:000001D0 000007D0 C=CODE     S=.text    G=(none)   M=SysInit  ACBP=A9
 0001:000009A0 0000017C C=CODE     S=.text    G=(none)   M=Winapi.Windows ACBP=A9
 0001:00000B1C 00000594 C=CODE     S=.text    G=(none)   M=Winapi.PsAPI ACBP=A9
 0001:000010B0 00000008 C=CODE     S=.text    G=(none)   M=System.Internal.ExcUtils ACBP=A9
 0001:000010B8 000000A8 C=CODE     S=.text    G=(none)   M=System.SysUtils ACBP=A9
 0001:00001160 00000148 C=CODE     S=.text    G=(none)   M=Winapi.Messages ACBP=A9
 0001:000012A8 00000008 C=CODE     S=.text    G=(none)   M=System.VarUtils ACBP=A9
 0001:000012B0 00000040 C=CODE     S=.text    G=(none)   M=System.Variants ACBP=A9
 0001:000012F0 00000010 C=CODE     S=.text    G=(none)   M=System.StrUtils ACBP=A9
 0001:00001300 00000008 C=CODE     S=.text    G=(none)   M=System.Math ACBP=A9
 0001:00001308 00000008 C=CODE     S=.text    G=(none)   M=System.TimeSpan ACBP=A9
 0001:00001310 00000008 C=CODE     S=.text    G=(none)   M=System.SyncObjs ACBP=A9
 0001:00001318 00000010 C=CODE     S=.text    G=(none)   M=System.Generics.Defaults ACBP=A9
 0001:00001328 00000008 C=CODE     S=.text    G=(none)   M=System.Rtti ACBP=A9
 0001:00001330 00000008 C=CODE     S=.text    G=(none)   M=System.TypInfo ACBP=A9
 0001:00001338 00000130 C=CODE     S=.text    G=(none)   M=System.Classes ACBP=A9
 0001:00001468 00000008 C=CODE     S=.text    G=(none)   M=System.DateUtils ACBP=A9
 0001:00001470 00000010 C=CODE     S=.text    G=(none)   M=System.IOUtils ACBP=A9
 0001:00001480 00000008 C=CODE     S=.text    G=(none)   M=System.Win.Registry ACBP=A9
 0001:00001488 00000018 C=CODE     S=.text    G=(none)   M=Vcl.Graphics ACBP=A9
 0001:000014A0 00000008 C=CODE     S=.text    G=(none)   M=System.Actions ACBP=A9
 0001:000014A8 00000008 C=CODE     S=.text    G=(none)   M=Vcl.ActnList ACBP=A9
 0001:000014B0 00000008 C=CODE     S=.text    G=(none)   M=System.HelpIntfs ACBP=A9
 0001:000014B8 00000008 C=CODE     S=.text    G=(none)   M=Winapi.UxTheme ACBP=A9
 0001:000014C0 00000008 C=CODE     S=.text    G=(none)   M=Vcl.GraphUtil ACBP=A9
 0001:000014C8 00000090 C=CODE     S=.text    G=(none)   M=Vcl.StdCtrls ACBP=A9
 0001:00001558 00000008 C=CODE     S=.text    G=(none)   M=Winapi.ShlObj ACBP=A9
 0001:00001560 00000008 C=CODE     S=.text    G=(none)   M=Vcl.Printers ACBP=A9
 0001:00001568 00000008 C=CODE     S=.text    G=(none)   M=Vcl.Clipbrd ACBP=A9
 0001:00001570 000000D8 C=CODE     S=.text    G=(none)   M=Vcl.ComCtrls ACBP=A9
 0001:00001648 00000008 C=CODE     S=.text    G=(none)   M=Vcl.Dialogs ACBP=A9
 0001:00001650 00000028 C=CODE     S=.text    G=(none)   M=Vcl.ExtCtrls ACBP=A9
 0001:00001678 00000008 C=CODE     S=.text    G=(none)   M=Vcl.Themes ACBP=A9
 0001:00001680 00000008 C=CODE     S=.text    G=(none)   M=Winapi.FlatSB ACBP=A9
 0001:00001688 000000A0 C=CODE     S=.text    G=(none)   M=Vcl.Forms ACBP=A9
 0001:00001728 00000008 C=CODE     S=.text    G=(none)   M=Vcl.Menus ACBP=A9
 0001:00001730 00000018 C=CODE     S=.text    G=(none)   M=System.Win.ComObj ACBP=A9
 0001:00001748 00000180 C=CODE     S=.text    G=(none)   M=Vcl.Controls ACBP=A9
 0001:000018C8 00001140 C=CODE     S=.text    G=(none)   M=VAClasses ACBP=A9
 0001:00002A08 00000424 C=CODE     S=.text    G=(none)   M=Winapi.TlHelp32 ACBP=A9
 0001:00002E2C 00004764 C=CODE     S=.text    G=(none)   M=VAUtils  ACBP=A9
 0001:00007590 000014FC C=CODE     S=.text    G=(none)   M=HRBuffers ACBP=A9
 0001:00008A8C 00000B30 C=CODE     S=.text    G=(none)   M=HRParser ACBP=A9
 0001:000095BC 00000694 C=CODE     S=.text    G=(none)   M=HRParserPas ACBP=A9
 0001:00009C50 000004C4 C=CODE     S=.text    G=(none)   M=VA2006Utils ACBP=A9
 0001:0000A114 00000640 C=CODE     S=.text    G=(none)   M=.VASharedXE3 ACBP=A9
 0002:00000000 00000008 C=ICODE    S=.itext   G=(none)   M=System   ACBP=A9
 0002:00000008 00000008 C=ICODE    S=.itext   G=(none)   M=SysInit  ACBP=A9
 0002:00000010 00000018 C=ICODE    S=.itext   G=(none)   M=Winapi.Windows ACBP=A9
 0002:00000028 00000008 C=ICODE    S=.itext   G=(none)   M=System.Internal.ExcUtils ACBP=A9
 0002:00000030 00000028 C=ICODE    S=.itext   G=(none)   M=System.SysUtils ACBP=A9
 0002:00000058 00000008 C=ICODE    S=.itext   G=(none)   M=System.VarUtils ACBP=A9
 0002:00000060 00000008 C=ICODE    S=.itext   G=(none)   M=System.Variants ACBP=A9
 0002:00000068 00000008 C=ICODE    S=.itext   G=(none)   M=System.Math ACBP=A9
 0002:00000070 00000008 C=ICODE    S=.itext   G=(none)   M=System.TimeSpan ACBP=A9
 0002:00000078 00000008 C=ICODE    S=.itext   G=(none)   M=System.SyncObjs ACBP=A9
 0002:00000080 00000010 C=ICODE    S=.itext   G=(none)   M=System.Generics.Defaults ACBP=A9
 0002:00000090 00000008 C=ICODE    S=.itext   G=(none)   M=System.Rtti ACBP=A9
 0002:00000098 00000008 C=ICODE    S=.itext   G=(none)   M=System.TypInfo ACBP=A9
 0002:000000A0 00000030 C=ICODE    S=.itext   G=(none)   M=System.Classes ACBP=A9
 0002:000000D0 00000008 C=ICODE    S=.itext   G=(none)   M=System.DateUtils ACBP=A9
 0002:000000D8 00000010 C=ICODE    S=.itext   G=(none)   M=System.IOUtils ACBP=A9
 0002:000000E8 00000008 C=ICODE    S=.itext   G=(none)   M=System.Win.Registry ACBP=A9
 0002:000000F0 00000008 C=ICODE    S=.itext   G=(none)   M=Vcl.Graphics ACBP=A9
 0002:000000F8 00000008 C=ICODE    S=.itext   G=(none)   M=System.Actions ACBP=A9
 0002:00000100 00000008 C=ICODE    S=.itext   G=(none)   M=Vcl.ActnList ACBP=A9
 0002:00000108 00000008 C=ICODE    S=.itext   G=(none)   M=System.HelpIntfs ACBP=A9
 0002:00000110 00000008 C=ICODE    S=.itext   G=(none)   M=Winapi.UxTheme ACBP=A9
 0002:00000118 00000008 C=ICODE    S=.itext   G=(none)   M=Vcl.GraphUtil ACBP=A9
 0002:00000120 00000090 C=ICODE    S=.itext   G=(none)   M=Vcl.StdCtrls ACBP=A9
 0002:000001B0 00000008 C=ICODE    S=.itext   G=(none)   M=Vcl.Printers ACBP=A9
 0002:000001B8 00000008 C=ICODE    S=.itext   G=(none)   M=Vcl.Clipbrd ACBP=A9
 0002:000001C0 000000C8 C=ICODE    S=.itext   G=(none)   M=Vcl.ComCtrls ACBP=A9
 0002:00000288 00000008 C=ICODE    S=.itext   G=(none)   M=Vcl.Dialogs ACBP=A9
 0002:00000290 00000028 C=ICODE    S=.itext   G=(none)   M=Vcl.ExtCtrls ACBP=A9
 0002:000002B8 00000008 C=ICODE    S=.itext   G=(none)   M=Vcl.Themes ACBP=A9
 0002:000002C0 00000008 C=ICODE    S=.itext   G=(none)   M=Winapi.FlatSB ACBP=A9
 0002:000002C8 00000020 C=ICODE    S=.itext   G=(none)   M=Vcl.Forms ACBP=A9
 0002:000002E8 00000008 C=ICODE    S=.itext   G=(none)   M=Vcl.Menus ACBP=A9
 0002:000002F0 00000010 C=ICODE    S=.itext   G=(none)   M=System.Win.ComObj ACBP=A9
 0002:00000300 00000008 C=ICODE    S=.itext   G=(none)   M=Vcl.Controls ACBP=A9
 0002:00000308 00000008 C=ICODE    S=.itext   G=(none)   M=VAClasses ACBP=A9
 0002:00000310 00000038 C=ICODE    S=.itext   G=(none)   M=VAUtils  ACBP=A9
 0002:00000348 00000008 C=ICODE    S=.itext   G=(none)   M=HRBuffers ACBP=A9
 0002:00000350 00000008 C=ICODE    S=.itext   G=(none)   M=HRParser ACBP=A9
 0002:00000358 00000008 C=ICODE    S=.itext   G=(none)   M=HRParserPas ACBP=A9
 0002:00000360 00000008 C=ICODE    S=.itext   G=(none)   M=VA2006Utils ACBP=A9
 0002:00000368 00000008 C=ICODE    S=.itext   G=(none)   M=.VASharedXE3 ACBP=A9
 0003:00000000 00000088 C=DATA     S=.data    G=DGROUP   M=SysInit  ACBP=A9
 0003:00000088 0000000C C=DATA     S=.data    G=DGROUP   M=Winapi.Windows ACBP=A9
 0003:00000094 00000854 C=DATA     S=.data    G=DGROUP   M=VAUtils  ACBP=A9
 0003:000008E8 00000040 C=DATA     S=.data    G=DGROUP   M=HRParserPas ACBP=A9
 0004:00000000 0000001C C=BSS      S=.bss     G=DGROUP   M=SysInit  ACBP=A9
 0004:0000001C 00000008 C=BSS      S=.bss     G=DGROUP   M=Winapi.Windows ACBP=A9
 0004:00000024 00000060 C=BSS      S=.bss     G=DGROUP   M=Winapi.PsAPI ACBP=A9
 0004:00000084 00000004 C=BSS      S=.bss     G=DGROUP   M=VAClasses ACBP=A9
 0004:00000088 00000054 C=BSS      S=.bss     G=DGROUP   M=Winapi.TlHelp32 ACBP=A9
 0004:000000DC 0000001C C=BSS      S=.bss     G=DGROUP   M=VAUtils  ACBP=A9
 0004:000000F8 00000004 C=BSS      S=.bss     G=DGROUP   M=HRBuffers ACBP=A9
 0004:000000FC 00000004 C=BSS      S=.bss     G=DGROUP   M=HRParser ACBP=A9
 0004:00000100 00000004 C=BSS      S=.bss     G=DGROUP   M=HRParserPas ACBP=A9
 0004:00000104 00000004 C=BSS      S=.bss     G=DGROUP   M=VA2006Utils ACBP=A9


  Address             Publics by Name

 0002:00000368       .VASharedXE3..VASharedXE3
 0001:0000A734       .VASharedXE3.@GetPackageInfoTable
 0001:0000A73C       .VASharedXE3.@PackageLoad
 0001:0000A748       .VASharedXE3.@PackageUnload
 0004:000000F8       HRBuffers..6
 0001:00007590       HRBuffers..THRBuffer
 0001:00007874       HRBuffers..THRBufferChar
 0001:000077A4       HRBuffers..THRBufferEOB
 0001:00007CD0       HRBuffers..THRBufferList
 0001:00007B38       HRBuffers..THRBufferStream
 0001:00008A84       HRBuffers.Finalization
 0002:00000348       HRBuffers.HRBuffers
 0001:00007F80       HRBuffers.THRBuffer.Create
 0001:00008078       HRBuffers.THRBuffer.CreateBuffer
 0001:00007FC8       HRBuffers.THRBuffer.Destroy
 0001:00008148       HRBuffers.THRBuffer.FreeBuffer
 0001:00008048       HRBuffers.THRBuffer.GetItems
 0001:000080C0       HRBuffers.THRBuffer.ResizeBuffer
 0001:00008064       HRBuffers.THRBuffer.SetItems
 0001:00008004       HRBuffers.THRBuffer.SetSize
 0001:00008194       HRBuffers.THRBufferChar.Create
 0001:000081DC       HRBuffers.THRBufferChar.Destroy
 0001:000083D8       HRBuffers.THRBufferChar.GetAsPChar
 0001:0000843C       HRBuffers.THRBufferChar.GetAsString
 0001:00008210       HRBuffers.THRBufferChar.GetEOB
 0001:0000822C       HRBuffers.THRBufferChar.GetItems
 0001:000082B4       HRBuffers.THRBufferChar.Read
 0001:000083F4       HRBuffers.THRBufferChar.SetAsPChar
 0001:00008454       HRBuffers.THRBufferChar.SetAsString
 0001:00008274       HRBuffers.THRBufferChar.SetItems
 0001:00008304       HRBuffers.THRBufferChar.Write
 0001:00008350       HRBuffers.THRBufferChar.WritePChar
 0001:00008394       HRBuffers.THRBufferChar.WriteString
 0001:00008180       HRBuffers.THRBufferEOB.GetEOB
 0001:0000895C       HRBuffers.THRBufferList.Add
 0001:00008634       HRBuffers.THRBufferList.Create
 0001:00008A74       HRBuffers.THRBufferList.Delete
 0001:0000868C       HRBuffers.THRBufferList.Destroy
 0001:000087D8       HRBuffers.THRBufferList.GetCount
 0001:00008930       HRBuffers.THRBufferList.GetItemBuffer
 0001:000086C0       HRBuffers.THRBufferList.GetItemPos
 0001:000087F4       HRBuffers.THRBufferList.GetItemSize
 0001:00008820       HRBuffers.THRBufferList.SetItemSize
 0001:00008498       HRBuffers.THRBufferStream.Create
 0001:000084EC       HRBuffers.THRBufferStream.Destroy
 0001:00008560       HRBuffers.THRBufferStream.GetEOB
 0001:0000857C       HRBuffers.THRBufferStream.GetItems
 0001:00008620       HRBuffers.THRBufferStream.SetItems
 0001:00008520       HRBuffers.THRBufferStream.SetStream
 0004:000000FC       HRParser..3
 0001:00008B0C       HRParser..THRParser
 0001:00008D44       HRParser..THRParserText
 0001:000095B4       HRParser.Finalization
 0002:00000350       HRParser.HRParser
 0001:00008E48       HRParser.THRParser.Create
 0001:00008ECC       HRParser.THRParser.Destroy
 0001:0000908C       HRParser.THRParser.GetNextToken
 0001:00008F24       HRParser.THRParser.GetSource
 0001:00008F7C       HRParser.THRParser.IncLine
 0001:000090EC       HRParser.THRParser.NextToken
 0001:00008F40       HRParser.THRParser.SetSource
 0001:00008F60       HRParser.THRParser.SetSourcePos
 0001:00009020       HRParser.THRParser.SkipBlanks
 0001:00008F98       HRParser.THRParser.SkipToSourcePos
 0001:0000917C       HRParser.THRParserText.Create
 0001:000091C0       HRParser.THRParserText.Destroy
 0001:000091F4       HRParser.THRParserText.GetNextToken
 0004:00000100       HRParserPas..2
 0001:00009708       HRParserPas..THRParserPas
 0001:00009C48       HRParserPas.Finalization
 0002:00000358       HRParserPas.HRParserPas
 0003:000008E8       HRParserPas.HR_TOKEN_PAS_DESC
 0001:00009808       HRParserPas.THRParserPas.Create
 0001:0000984C       HRParserPas.THRParserPas.Destroy
 0001:00009880       HRParserPas.THRParserPas.GetNextToken
 0001:00000878       SysInit...
 0001:000008B8       SysInit...
 0001:00000980       SysInit...
 0001:00000970       SysInit...
 0001:000008C8       SysInit...
 0001:0000094C       SysInit...
 0001:00000924       SysInit...
 0001:000008DC       SysInit...
 0001:0000090C       SysInit...
 0001:000008A8       SysInit...
 0001:00000898       SysInit...
 0003:00000034       SysInit...
 0001:00000888       SysInit...
 0004:00000014       SysInit..1
 0001:0000034C       SysInit.@InitPkg
 0001:000003B0       SysInit.@PackageLoad
 0001:000003BC       SysInit.@PackageUnload
 0001:000003C8       SysInit.@_delayLoadHelper2
 0001:000006A8       SysInit.@_FUnloadDelayLoadedDLL2
 0001:000007B8       SysInit.@_HrLoadAllImportsForDll
 0004:00000010       SysInit.@_pfnDliFailureHook2
 0004:0000000C       SysInit.@_pfnDliNotifyHook2
 0001:0000023C       SysInit.AllocTlsBuffer
 0001:000002F8       SysInit.ExitProcessTLS
 0001:000002C0       SysInit.ExitThreadTLS
 0001:00000990       SysInit.Finalization
 0001:000001E4       SysInit.FreeLibrary
 0001:0000021C       SysInit.GetLastError
 0001:00000234       SysInit.GetProcAddress
 0001:00000248       SysInit.GetTlsSize
 0004:00000004       SysInit.HInstance
 0001:0000031C       SysInit.InitializeModule
 0001:00000294       SysInit.InitProcessTLS
 0001:00000250       SysInit.InitThreadTLS
 0001:000001D0       SysInit.InterlockedExchange
 0001:00000224       SysInit.LoadLibraryA
 0001:000001EC       SysInit.LocalAlloc
 0001:000001F4       SysInit.LocalFree
 0003:00000008       SysInit.Module
 0004:00000000       SysInit.ModuleIsLib
 0004:00000001       SysInit.ModuleIsPackage
 0003:00000004       SysInit.PtrToNil
 0001:0000022C       SysInit.RaiseException
 0001:00000870       SysInit.ShutdownDelayHelp2
 0002:00000008       SysInit.SysInit
 0001:000001FC       SysInit.TlsAlloc
 0004:00000018       SysInit.tlsBuffer
 0001:00000204       SysInit.TlsFree
 0001:0000020C       SysInit.TlsGetValue
 0003:00000000       SysInit.TlsIndex
 0005:00000000       SysInit.TlsLast
 0003:00000024       SysInit.TlsProc
 0001:00000214       SysInit.TlsSetValue
 0001:00000328       SysInit.UninitializeModule
 0004:FFFF2000       SysInit.__ImageBase
 0001:000000A8       System.@AfterConstruction
 0001:000000E0       System.@Assert
 0001:000000B0       System.@BeforeDestruction
 0001:00000098       System.@ClassCreate
 0001:000000A0       System.@ClassDestroy
 0001:000001A8       System.@DynArraySetLength
 0001:000001A0       System.@FinalizeArray
 0001:00000198       System.@FinalizeRecord
 0001:00000008       System.@FreeMem
 0001:00000000       System.@GetMem
 0001:000000B8       System.@HandleFinally
 0001:000001C0       System.@IntfClear
 0001:00000060       System.@IsClass
 0001:000000F0       System.@LStrClr
 0001:00000128       System.@LStrFromPWChar
 0001:00000130       System.@LStrToPChar
 0001:000000C8       System.@PackageLoad
 0001:000000D0       System.@PackageUnload
 0001:000000C0       System.@RaiseExcept
 0001:000000D8       System.@RunError
 0001:00000100       System.@UStrAddRef
 0001:000000F8       System.@UStrArrayClr
 0001:00000110       System.@UStrAsg
 0001:00000160       System.@UStrCat
 0001:00000168       System.@UStrCat3
 0001:00000170       System.@UStrCatN
 0001:000000E8       System.@UStrClr
 0001:00000180       System.@UStrCopy
 0001:00000188       System.@UStrDelete
 0001:00000178       System.@UStrEqual
 0001:00000148       System.@UStrFromPWChar
 0001:00000108       System.@UStrFromPWCharLen
 0001:00000150       System.@UStrFromWArray
 0001:00000140       System.@UStrFromWChar
 0001:00000118       System.@UStrLAsg
 0001:00000120       System.@UStrLen
 0001:00000158       System.@UStrSetLength
 0001:00000138       System.@UStrToPWChar
 0001:000001C8       System.Finalization
 0001:00000010       System.Move
 0001:00000018       System.ParamCount
 0001:00000020       System.ParamStr
 0001:00000190       System.Pos
 0001:000001B0       System.RegisterModule
 0002:00000000       System.System
 0001:00000080       System.TObject.AfterConstruction
 0001:00000088       System.TObject.BeforeDestruction
 0001:00000038       System.TObject.Create
 0001:00000078       System.TObject.DefaultHandler
 0001:00000040       System.TObject.Destroy
 0001:00000090       System.TObject.Dispatch
 0001:00000050       System.TObject.Equals
 0001:00000048       System.TObject.Free
 0001:00000030       System.TObject.FreeInstance
 0001:00000058       System.TObject.GetHashCode
 0001:00000028       System.TObject.NewInstance
 0001:00000068       System.TObject.SafeCallException
 0001:00000070       System.TObject.ToString
 0001:000001B8       System.UnregisterModule
 0001:000014A0       System.Actions.Finalization
 0002:000000F8       System.Actions.System.Actions
 0001:00001460       System.Classes.Finalization
 0002:000000C8       System.Classes.System.Classes
 0002:000000A8       System.Classes.TBinaryWriter.Create@
 0001:00001448       System.Classes.TBinaryWriter.Destroy@
 0001:000013C0       System.Classes.TComponent.BeforeDestruction
 0001:00001420       System.Classes.TComponent.CanObserve
 0001:000013B0       System.Classes.TComponent.Create
 0002:000000B8       System.Classes.TComponent.Create@
 0001:000013E0       System.Classes.TComponent.DefineProperties
 0001:000013B8       System.Classes.TComponent.Destroy
 0001:00001338       System.Classes.TComponent.Destroy@
 0001:000013C8       System.Classes.TComponent.FreeNotification
 0001:00001410       System.Classes.TComponent.GetObservers
 0001:000013E8       System.Classes.TComponent.Loaded
 0001:000013D8       System.Classes.TComponent.Notification
 0001:00001428       System.Classes.TComponent.ObserverAdded
 0001:00001440       System.Classes.TComponent.QueryInterface
 0001:000013F0       System.Classes.TComponent.ReadState
 0001:000013D0       System.Classes.TComponent.RemoveFreeNotification
 0001:00001430       System.Classes.TComponent.SafeCallException
 0001:00001408       System.Classes.TComponent.SetName
 0001:00001418       System.Classes.TComponent.UpdateAction
 0001:00001438       System.Classes.TComponent.UpdateRegistry
 0001:00001400       System.Classes.TComponent.ValidateRename
 0001:000013F8       System.Classes.TComponent.WriteState
 0001:00001348       System.Classes.TList.Add
 0001:00001350       System.Classes.TList.Clear
 0001:00001358       System.Classes.TList.Delete
 0001:00001340       System.Classes.TList.Destroy
 0001:00001360       System.Classes.TList.Error
 0001:00001368       System.Classes.TList.Get
 0001:00001370       System.Classes.TList.Grow
 0001:00001378       System.Classes.TList.IndexOf
 0002:000000C0       System.Classes.TLoginCredentialService.Create@
 0001:00001450       System.Classes.TLoginCredentialService.Destroy@
 0002:000000A0       System.Classes.TObserverMapping.Create@
 0001:00001458       System.Classes.TObserverMapping.Destroy@
 0001:00001380       System.Classes.TPersistent.Assign
 0001:00001388       System.Classes.TPersistent.AssignTo
 0001:000013A0       System.Classes.TStream.SetPosition
 0001:00001398       System.Classes.TStringList.Create
 0001:00001390       System.Classes.TStringList.SetSorted
 0002:000000B0       System.Classes.TThread.Create@
 0001:000013A8       System.Classes.TThread.Destroy@
 0002:000000D0       System.DateUtils.TTimeZone.Create@
 0001:00001468       System.DateUtils.TTimeZone.Destroy@
 0002:00000088       System.Generics.Defaults.TIStringComparer.Create@
 0001:00001320       System.Generics.Defaults.TIStringComparer.Destroy@
 0002:00000080       System.Generics.Defaults.TStringComparer.Create@
 0001:00001318       System.Generics.Defaults.TStringComparer.Destroy@
 0001:000014B0       System.HelpIntfs.Finalization
 0002:00000108       System.HelpIntfs.System.HelpIntfs
 0001:000010B0       System.Internal.ExcUtils.Finalization
 0002:00000028       System.Internal.ExcUtils.System.Internal.ExcUtils
 0001:00001478       System.IOUtils.Finalization
 0002:000000E0       System.IOUtils.System.IOUtils
 0002:000000D8       System.IOUtils.TPath.Create@
 0001:00001470       System.IOUtils.TPath.Destroy@
 0001:00001300       System.Math.Finalization
 0002:00000068       System.Math.System.Math
 0001:00001328       System.Rtti.Finalization
 0002:00000090       System.Rtti.System.Rtti
 0001:000012F8       System.StrUtils.PosEx
 0001:000012F0       System.StrUtils.RightStr
 0001:00001310       System.SyncObjs.Finalization
 0002:00000078       System.SyncObjs.System.SyncObjs
 0001:000010C0       System.SysUtils.CharInSet
 0001:00001128       System.SysUtils.Exception.Create
 0002:00000040       System.SysUtils.Exception.Create@
 0001:00001130       System.SysUtils.Exception.Destroy@
 0001:000010F8       System.SysUtils.ExtractFileDrive
 0001:00001100       System.SysUtils.ExtractFileName
 0001:00001158       System.SysUtils.Finalization
 0001:00001138       System.SysUtils.FindCmdLineSwitch
 0001:00001140       System.SysUtils.FreeAndNil
 0001:000010E8       System.SysUtils.IntToHex
 0001:000010D0       System.SysUtils.SameStr
 0001:000010D8       System.SysUtils.SameText
 0001:00001110       System.SysUtils.StrEnd
 0001:00001108       System.SysUtils.StrLen
 0001:00001118       System.SysUtils.StrMove
 0001:00001120       System.SysUtils.StrScan
 0001:000010F0       System.SysUtils.StrToIntDef
 0002:00000050       System.SysUtils.System.SysUtils
 0002:00000038       System.SysUtils.TEncoding.Create@
 0001:00001150       System.SysUtils.TEncoding.Destroy@
 0002:00000030       System.SysUtils.TLanguages.Create@
 0001:00001148       System.SysUtils.TLanguages.Destroy@
 0002:00000048       System.SysUtils.TOSVersion.Create@
 0001:000010B8       System.SysUtils.TOSVersion.Destroy@
 0001:000010E0       System.SysUtils.Trim
 0001:000010C8       System.SysUtils.UpperCase
 0002:00000070       System.TimeSpan.TTimeSpan.Create@
 0001:00001308       System.TimeSpan.TTimeSpan.Destroy@
 0001:00001330       System.TypInfo.Finalization
 0002:00000098       System.TypInfo.System.TypInfo
 0001:000012B8       System.Variants.@DispInvoke
 0001:000012D8       System.Variants.@OleVarFromVar
 0001:000012B0       System.Variants.@VarClear
 0001:000012E0       System.Variants.@VarCmpEQ
 0001:000012D0       System.Variants.@VarFromDisp
 0001:000012C8       System.Variants.@VarFromInt
 0001:000012C0       System.Variants.@VarToInteger
 0001:000012E8       System.Variants.Finalization
 0002:00000060       System.Variants.System.Variants
 0001:000012A8       System.VarUtils.Finalization
 0002:00000058       System.VarUtils.System.VarUtils
 0001:00001738       System.Win.ComObj.CreateOleObject
 0001:00001740       System.Win.ComObj.Finalization
 0002:000002F8       System.Win.ComObj.System.Win.ComObj
 0002:000002F0       System.Win.ComObj.TComServerObject.Create@
 0001:00001730       System.Win.ComObj.TComServerObject.Destroy@
 0002:000000E8       System.Win.Registry.TRegistry.Create@
 0001:00001480       System.Win.Registry.TRegistry.Destroy@
 0004:00000104       VA2006Utils..2
 0001:00009C50       VA2006Utils..TfraTabStopFalse
 0001:00009E2C       VA2006Utils..THeaderControl2006BugFixer
 0001:0000A10C       VA2006Utils.Finalization
 0001:0000A0CC       VA2006Utils.FixHeaderControlDelphi2006Bug
 0001:0000A0E8       VA2006Utils.TfraTabStopFalse.GetTabStop
 0001:0000A0FC       VA2006Utils.TfraTabStopFalse.SetTabStop
 0001:0000A05C       VA2006Utils.THeaderControl2006BugFixer.CreateWrapper
 0001:00009F94       VA2006Utils.THeaderControl2006BugFixer.HeaderControlMessageHandler
 0001:0000A00C       VA2006Utils.THeaderControl2006BugFixer.Notification
 0002:00000360       VA2006Utils.VA2006Utils
 0004:00000084       VAClasses..6
 0001:000018C8       VAClasses..TVABaseMethodList
 0001:00001CCC       VAClasses..TVALinkedMethodList
 0001:00002258       VAClasses..TVAList
 0001:00001A24       VAClasses..TVAMethodList
 0001:00002014       VAClasses..TVANotificationEventComponent
 0001:00002A00       VAClasses.Finalization
 0001:00002380       VAClasses.TVABaseMethodList.Add
 0001:000023C0       VAClasses.TVABaseMethodList.Clear
 0001:000023E0       VAClasses.TVABaseMethodList.Count
 0001:000023FC       VAClasses.TVABaseMethodList.Create
 0001:00002458       VAClasses.TVABaseMethodList.Delete
 0001:00002484       VAClasses.TVABaseMethodList.Destroy
 0001:000024CC       VAClasses.TVABaseMethodList.GetMethod
 0001:00002508       VAClasses.TVABaseMethodList.IndexOf
 0001:0000259C       VAClasses.TVABaseMethodList.Remove
 0001:00002790       VAClasses.TVALinkedMethodList.Add
 0001:000027F0       VAClasses.TVALinkedMethodList.Clear
 0001:0000281C       VAClasses.TVALinkedMethodList.Count
 0001:00002838       VAClasses.TVALinkedMethodList.Create
 0001:0000288C       VAClasses.TVALinkedMethodList.Delete
 0001:000028C8       VAClasses.TVALinkedMethodList.Destroy
 0001:00002904       VAClasses.TVALinkedMethodList.GetMethod
 0001:0000294C       VAClasses.TVALinkedMethodList.IndexOf
 0001:00002980       VAClasses.TVALinkedMethodList.Remove
 0001:000029B0       VAClasses.TVAList.Notify
 0001:000025DC       VAClasses.TVAMethodList.Add
 0001:000025F8       VAClasses.TVAMethodList.Clear
 0001:0000260C       VAClasses.TVAMethodList.Count
 0001:00002628       VAClasses.TVAMethodList.Create
 0001:0000266C       VAClasses.TVAMethodList.Delete
 0001:00002688       VAClasses.TVAMethodList.Destroy
 0001:000026BC       VAClasses.TVAMethodList.IndexOf
 0001:000026E0       VAClasses.TVAMethodList.Remove
 0001:000026FC       VAClasses.TVANotificationEventComponent.Notification
 0001:00002738       VAClasses.TVANotificationEventComponent.NotifyCreate
 0002:00000308       VAClasses.VAClasses
 0004:000000DC       VAUtils..3
 0001:00005934       VAUtils..TVACustomMessageEventInterceptor
 0001:00005A64       VAUtils..TVAMessageEventHandler
 0001:00005C38       VAUtils..TVAWinProcMonitor
 0001:00005E74       VAUtils.AddMessageHandler
 0001:00006864       VAUtils.AnotherInstanceRunning
 0001:00005474       VAUtils.AppendBackSlash
 0003:00000494       VAUtils.BinChars
 0003:000004D4       VAUtils.CheckScreenReaderSupport
 0001:00005E38       VAUtils.CleanupMessageHandlerSystem
 0001:00005DDC       VAUtils.Clear
 0003:000004D8       VAUtils.CRC32_TABLE
 0001:000053E0       VAUtils.CRCForString
 0001:00007394       VAUtils.D2006FindCmdLineSwitch
 0001:00006E8C       VAUtils.ExecuteAndWait
 0001:000052F0       VAUtils.FastHexToBinary
 0001:00005054       VAUtils.FastHexToByte
 0001:0000512C       VAUtils.FastHexToInt
 0001:00004FC4       VAUtils.FastIntToHex
 0001:00005018       VAUtils.FastWordToHex
 0001:00006A30       VAUtils.FileVersionValue
 0001:00007538       VAUtils.Finalization
 0001:00004B18       VAUtils.FreeAndNilTStringsAndObjects
 0001:000057C0       VAUtils.GetAlternateProgramFilesPath
 0001:000070E8       VAUtils.GetDLLFileName
 0001:00004E28       VAUtils.GetFileWithShortenedPath
 0001:00006810       VAUtils.GetInstanceCount
 0001:000065D8       VAUtils.GetInstanceCount
 0001:000068F8       VAUtils.GetNum
 0001:000057A8       VAUtils.GetProgramFilesPath
 0001:00005504       VAUtils.GetSpecialFolderPath
 0001:00006C1C       VAUtils.GetV
 0001:000058EC       VAUtils.GetWindowClassName
 0001:000058A4       VAUtils.GetWindowTitle
 0001:000072F4       VAUtils.HeightInPixels
 0003:00000094       VAUtils.HexChars
 0001:00005D68       VAUtils.InitializeMessageHandlerSystem
 0001:00006588       VAUtils.ListTooSmall
 0001:00006064       VAUtils.MessageHandlerCount
 0004:000000EC       VAUtils.ModuleHandles
 0001:00004DC8       VAUtils.OldScreenReaderActive
 0001:00006D18       VAUtils.parse
 0004:000000E0       VAUtils.PIDList
 0001:000046E0       VAUtils.Piece
 0001:00004780       VAUtils.Pieces
 0001:00004B74       VAUtils.ProcessExists
 0001:00005FC8       VAUtils.RemoveAllMessageHandlers
 0001:00005F20       VAUtils.RemoveMessageHandler
 0001:00004CF8       VAUtils.ScreenReaderActive
 0001:00004DFC       VAUtils.ScreenReaderSupportEnabled
 0001:00004850       VAUtils.ShowMsg
 0001:000049B8       VAUtils.ShowMsg
 0001:000064F4       VAUtils.TDataArray.Clear
 0001:00006518       VAUtils.TDataArray.SetCapacity
 0001:0000656C       VAUtils.TDataArray.Size
 0001:00006160       VAUtils.TVACustomMessageEventInterceptor.Create
 0001:00006248       VAUtils.TVACustomMessageEventInterceptor.Destroy
 0001:00006290       VAUtils.TVACustomMessageEventInterceptor.NewMessageHandler
 0001:000062B0       VAUtils.TVAMessageEventHandler.AddMessageHandler
 0001:000062CC       VAUtils.TVAMessageEventHandler.Create
 0001:00006328       VAUtils.TVAMessageEventHandler.Destroy
 0001:00006364       VAUtils.TVAMessageEventHandler.DoMessageHandlers
 0001:000063C8       VAUtils.TVAMessageEventHandler.HandlerCount
 0001:000063E8       VAUtils.TVAMessageEventHandler.NewMessageHandler
 0001:0000641C       VAUtils.TVAMessageEventHandler.RemoveMessageHandler
 0001:000060F0       VAUtils.TVAWinProcMonitor.Notification
 0001:00006134       VAUtils.TVAWinProcMonitor.RemoveFromList
 0003:000008D8       VAUtils.uEventMessageHandlers
 0003:000008DC       VAUtils.uHandlePointers
 0003:000008E4       VAUtils.uMessageHandlerSystemRunning
 0003:000004D5       VAUtils.uScreenReaderSupportEnabled
 0003:000008E0       VAUtils.uWinProcMonitor
 0002:00000310       VAUtils.VAUtils
 0001:00006DB4       VAUtils.VersionOK
 0001:00006878       VAUtils.VersionStringSplit
 0001:000069AC       VAUtils.VersionStringSplit
 0001:000068A0       VAUtils.VersionStringSplit
 0001:000068CC       VAUtils.VersionStringSplit
 0001:00007208       VAUtils.WidthInPixels
 0001:000014A8       Vcl.ActnList.Finalization
 0002:00000100       Vcl.ActnList.Vcl.ActnList
 0001:00001568       Vcl.Clipbrd.Finalization
 0002:000001B8       Vcl.Clipbrd.Vcl.Clipbrd
 0001:00001640       Vcl.ComCtrls.Finalization
 0002:00000268       Vcl.ComCtrls.TComboBoxEx.Create@
 0001:00001620       Vcl.ComCtrls.TComboBoxEx.Destroy@
 0002:00000248       Vcl.ComCtrls.TCoolBar.Create@
 0001:00001600       Vcl.ComCtrls.TCoolBar.Destroy@
 0002:00000260       Vcl.ComCtrls.TCustomComboBoxEx.Create@
 0001:00001618       Vcl.ComCtrls.TCustomComboBoxEx.Destroy@
 0002:000001D8       Vcl.ComCtrls.TCustomHeaderControl.Create@
 0001:00001590       Vcl.ComCtrls.TCustomHeaderControl.Destroy@
 0002:00000220       Vcl.ComCtrls.TCustomHotKey.Create@
 0001:000015D8       Vcl.ComCtrls.TCustomHotKey.Destroy@
 0002:00000230       Vcl.ComCtrls.TCustomListView.Create@
 0001:000015E8       Vcl.ComCtrls.TCustomListView.Destroy@
 0002:00000200       Vcl.ComCtrls.TCustomRichEdit.Create@
 0001:000015B8       Vcl.ComCtrls.TCustomRichEdit.Destroy@
 0002:000001D0       Vcl.ComCtrls.TCustomStatusBar.Create@
 0001:00001580       Vcl.ComCtrls.TCustomStatusBar.Destroy@
 0002:000001C0       Vcl.ComCtrls.TCustomTabControl.Create@
 0001:00001570       Vcl.ComCtrls.TCustomTabControl.Destroy@
 0002:000001E0       Vcl.ComCtrls.TCustomTreeView.Create@
 0001:00001598       Vcl.ComCtrls.TCustomTreeView.Destroy@
 0002:00000210       Vcl.ComCtrls.TCustomUpDown.Create@
 0001:000015C8       Vcl.ComCtrls.TCustomUpDown.Destroy@
 0002:00000250       Vcl.ComCtrls.TDateTimePicker.Create@
 0001:00001608       Vcl.ComCtrls.TDateTimePicker.Destroy@
 0002:00000278       Vcl.ComCtrls.THeaderControl.Create@
 0001:00001630       Vcl.ComCtrls.THeaderControl.Destroy@
 0001:00001638       Vcl.ComCtrls.THeaderControl.GetOnSectionClick
 0001:00001588       Vcl.ComCtrls.THeaderSections.GetItem
 0002:00000228       Vcl.ComCtrls.THotKey.Create@
 0001:000015E0       Vcl.ComCtrls.THotKey.Destroy@
 0002:00000238       Vcl.ComCtrls.TListView.Create@
 0001:000015F0       Vcl.ComCtrls.TListView.Destroy@
 0002:00000258       Vcl.ComCtrls.TPageScroller.Create@
 0001:00001610       Vcl.ComCtrls.TPageScroller.Destroy@
 0002:000001F8       Vcl.ComCtrls.TProgressBar.Create@
 0001:000015B0       Vcl.ComCtrls.TProgressBar.Destroy@
 0002:00000208       Vcl.ComCtrls.TRichEdit.Create@
 0001:000015C0       Vcl.ComCtrls.TRichEdit.Destroy@
 0002:00000270       Vcl.ComCtrls.TStatusBar.Create@
 0001:00001628       Vcl.ComCtrls.TStatusBar.Destroy@
 0002:000001C8       Vcl.ComCtrls.TTabControl.Create@
 0001:00001578       Vcl.ComCtrls.TTabControl.Destroy@
 0002:00000240       Vcl.ComCtrls.TToolBar.Create@
 0001:000015F8       Vcl.ComCtrls.TToolBar.Destroy@
 0002:000001F0       Vcl.ComCtrls.TTrackBar.Create@
 0001:000015A8       Vcl.ComCtrls.TTrackBar.Destroy@
 0002:000001E8       Vcl.ComCtrls.TTreeView.Create@
 0001:000015A0       Vcl.ComCtrls.TTreeView.Destroy@
 0002:00000218       Vcl.ComCtrls.TUpDown.Create@
 0001:000015D0       Vcl.ComCtrls.TUpDown.Destroy@
 0002:00000280       Vcl.ComCtrls.Vcl.ComCtrls
 0001:000018C0       Vcl.Controls.Finalization
 0001:00001790       Vcl.Controls.TControl.CreateTouchManager
 0001:00001758       Vcl.Controls.TControl.GetAction
 0001:00001748       Vcl.Controls.TControl.GetDragImages
 0001:00001750       Vcl.Controls.TControl.GetEnabled
 0001:000017A0       Vcl.Controls.TControl.GetFloating
 0001:000017A8       Vcl.Controls.TControl.GetFloatingDockSiteClass
 0001:000017B0       Vcl.Controls.TControl.InitiateAction
 0001:00001798       Vcl.Controls.TControl.Loaded
 0001:00001768       Vcl.Controls.TControl.SetAutoSize
 0001:00001780       Vcl.Controls.TControl.SetBiDiMode
 0001:00001760       Vcl.Controls.TControl.SetDragMode
 0001:00001778       Vcl.Controls.TControl.SetEnabled
 0001:00001770       Vcl.Controls.TControl.SetName
 0001:00001788       Vcl.Controls.TControl.SetParentBiDiMode
 0001:00001890       Vcl.Controls.TWinControl.AssignTo
 0001:00001898       Vcl.Controls.TWinControl.CanAutoSize
 0001:00001878       Vcl.Controls.TWinControl.CanResize
 0001:00001880       Vcl.Controls.TWinControl.ConstrainedResize
 0001:000017E8       Vcl.Controls.TWinControl.CreateHandle
 0001:000017C8       Vcl.Controls.TWinControl.CreateWindowHandle
 0001:000017F0       Vcl.Controls.TWinControl.CustomAlignInsertBefore
 0001:000017F8       Vcl.Controls.TWinControl.CustomAlignPosition
 0001:00001818       Vcl.Controls.TWinControl.DefaultHandler
 0001:000017D0       Vcl.Controls.TWinControl.DefineProperties
 0001:00001800       Vcl.Controls.TWinControl.DestroyHandle
 0001:000017E0       Vcl.Controls.TWinControl.DestroyWindowHandle
 0001:000017D8       Vcl.Controls.TWinControl.DestroyWnd
 0001:000018A8       Vcl.Controls.TWinControl.DockReplaceDockClient
 0001:00001868       Vcl.Controls.TWinControl.GetClientOrigin
 0001:00001870       Vcl.Controls.TWinControl.GetClientRect
 0001:00001860       Vcl.Controls.TWinControl.GetControlExtents
 0001:00001838       Vcl.Controls.TWinControl.GetDeviceContext
 0001:00001840       Vcl.Controls.TWinControl.Invalidate
 0001:000017C0       Vcl.Controls.TWinControl.Notification
 0001:000017B8       Vcl.Controls.TWinControl.ReadState
 0001:00001850       Vcl.Controls.TWinControl.Repaint
 0001:00001820       Vcl.Controls.TWinControl.RequestAlign
 0001:00001828       Vcl.Controls.TWinControl.SetBounds
 0001:00001858       Vcl.Controls.TWinControl.SetFocus
 0001:000018A0       Vcl.Controls.TWinControl.SetParentBackground
 0001:00001808       Vcl.Controls.TWinControl.SetParentDoubleBuffered
 0001:00001830       Vcl.Controls.TWinControl.ShowControl
 0001:00001848       Vcl.Controls.TWinControl.Update
 0001:000018B8       Vcl.Controls.TWinControl.UpdateControlOriginalParentSize
 0001:00001888       Vcl.Controls.TWinControl.UpdateStyleElements
 0001:000018B0       Vcl.Controls.TWinControl.UpdateTIPStatus
 0001:00001810       Vcl.Controls.TWinControl.WndProc
 0002:00000300       Vcl.Controls.Vcl.Controls
 0001:00001648       Vcl.Dialogs.Finalization
 0002:00000288       Vcl.Dialogs.Vcl.Dialogs
 0001:00001670       Vcl.ExtCtrls.Finalization
 0002:00000298       Vcl.ExtCtrls.TCategoryPanelGroup.Create@
 0001:00001658       Vcl.ExtCtrls.TCategoryPanelGroup.Destroy@
 0002:00000290       Vcl.ExtCtrls.TCustomCategoryPanelGroup.Create@
 0001:00001650       Vcl.ExtCtrls.TCustomCategoryPanelGroup.Destroy@
 0002:000002A0       Vcl.ExtCtrls.TCustomLinkLabel.Create@
 0001:00001660       Vcl.ExtCtrls.TCustomLinkLabel.Destroy@
 0002:000002A8       Vcl.ExtCtrls.TLinkLabel.Create@
 0001:00001668       Vcl.ExtCtrls.TLinkLabel.Destroy@
 0002:000002B0       Vcl.ExtCtrls.Vcl.ExtCtrls
 0001:00001720       Vcl.Forms.Finalization
 0001:00001718       Vcl.Forms.TApplication.GetExeName
 0001:00001708       Vcl.Forms.TApplication.GetTitle
 0001:00001710       Vcl.Forms.TApplication.MessageBox
 0002:000002D0       Vcl.Forms.TCustomForm.Create@
 0001:000016F8       Vcl.Forms.TCustomForm.Destroy@
 0001:000016D8       Vcl.Forms.TCustomFrame.Create
 0001:000016E0       Vcl.Forms.TCustomFrame.CreateParams
 0001:000016E8       Vcl.Forms.TCustomFrame.PaintWindow
 0001:000016F0       Vcl.Forms.TCustomFrame.SetParent
 0002:000002D8       Vcl.Forms.TForm.Create@
 0001:00001700       Vcl.Forms.TForm.Destroy@
 0002:000002C8       Vcl.Forms.TScrollBox.Create@
 0001:000016D0       Vcl.Forms.TScrollBox.Destroy@
 0001:000016C8       Vcl.Forms.TScrollingWinControl.AdjustClientRect
 0001:00001698       Vcl.Forms.TScrollingWinControl.AlignControls
 0001:000016A0       Vcl.Forms.TScrollingWinControl.AutoScrollEnabled
 0001:000016B8       Vcl.Forms.TScrollingWinControl.AutoScrollInView
 0001:00001690       Vcl.Forms.TScrollingWinControl.CreateWnd
 0001:00001688       Vcl.Forms.TScrollingWinControl.Destroy
 0001:000016A8       Vcl.Forms.TScrollingWinControl.DoGesture
 0001:000016B0       Vcl.Forms.TScrollingWinControl.DoGetGestureOptions
 0001:000016C0       Vcl.Forms.TScrollingWinControl.Resizing
 0002:000002E0       Vcl.Forms.Vcl.Forms
 0001:00001498       Vcl.Graphics.Finalization
 0001:00001490       Vcl.Graphics.TCustomCanvas.TextWidth
 0001:00001488       Vcl.Graphics.TFont.GetHandle
 0002:000000F0       Vcl.Graphics.Vcl.Graphics
 0001:000014C0       Vcl.GraphUtil.Finalization
 0002:00000118       Vcl.GraphUtil.Vcl.GraphUtil
 0001:00001728       Vcl.Menus.Finalization
 0002:000002E8       Vcl.Menus.Vcl.Menus
 0001:00001560       Vcl.Printers.Finalization
 0002:000001B0       Vcl.Printers.Vcl.Printers
 0002:00000190       Vcl.StdCtrls.TButton.Create@
 0001:00001538       Vcl.StdCtrls.TButton.Destroy@
 0002:00000198       Vcl.StdCtrls.TCheckBox.Create@
 0001:00001540       Vcl.StdCtrls.TCheckBox.Destroy@
 0002:00000188       Vcl.StdCtrls.TComboBox.Create@
 0001:00001530       Vcl.StdCtrls.TComboBox.Destroy@
 0002:00000140       Vcl.StdCtrls.TCustomButton.Create@
 0001:000014E8       Vcl.StdCtrls.TCustomButton.Destroy@
 0002:00000148       Vcl.StdCtrls.TCustomCheckBox.Create@
 0001:000014F0       Vcl.StdCtrls.TCustomCheckBox.Destroy@
 0002:00000138       Vcl.StdCtrls.TCustomComboBox.Create@
 0001:000014E0       Vcl.StdCtrls.TCustomComboBox.Destroy@
 0002:00000128       Vcl.StdCtrls.TCustomEdit.Create@
 0001:000014D0       Vcl.StdCtrls.TCustomEdit.Destroy@
 0002:00000120       Vcl.StdCtrls.TCustomGroupBox.Create@
 0001:000014C8       Vcl.StdCtrls.TCustomGroupBox.Destroy@
 0002:00000158       Vcl.StdCtrls.TCustomListBox.Create@
 0001:00001500       Vcl.StdCtrls.TCustomListBox.Destroy@
 0002:00000130       Vcl.StdCtrls.TCustomMemo.Create@
 0001:000014D8       Vcl.StdCtrls.TCustomMemo.Destroy@
 0002:00000168       Vcl.StdCtrls.TCustomStaticText.Create@
 0001:00001510       Vcl.StdCtrls.TCustomStaticText.Destroy@
 0002:00000178       Vcl.StdCtrls.TEdit.Create@
 0001:00001520       Vcl.StdCtrls.TEdit.Destroy@
 0002:00000170       Vcl.StdCtrls.TGroupBox.Create@
 0001:00001518       Vcl.StdCtrls.TGroupBox.Destroy@
 0002:000001A0       Vcl.StdCtrls.TListBox.Create@
 0001:00001548       Vcl.StdCtrls.TListBox.Destroy@
 0002:00000180       Vcl.StdCtrls.TMemo.Create@
 0001:00001528       Vcl.StdCtrls.TMemo.Destroy@
 0002:00000150       Vcl.StdCtrls.TRadioButton.Create@
 0001:000014F8       Vcl.StdCtrls.TRadioButton.Destroy@
 0002:00000160       Vcl.StdCtrls.TScrollBar.Create@
 0001:00001508       Vcl.StdCtrls.TScrollBar.Destroy@
 0002:000001A8       Vcl.StdCtrls.TStaticText.Create@
 0001:00001550       Vcl.StdCtrls.TStaticText.Destroy@
 0002:000002B8       Vcl.Themes.TCustomStyleEngine.Create@
 0001:00001678       Vcl.Themes.TCustomStyleEngine.Destroy@
 0001:00001680       Winapi.FlatSB.Finalization
 0002:000002C0       Winapi.FlatSB.Winapi.FlatSB
 0001:00000B1C       Winapi.PsAPI.CheckPSAPILoaded
 0001:00000FFC       Winapi.PsAPI.EnumProcesses
 0001:00001020       Winapi.PsAPI.EnumProcessModules
 0001:00001050       Winapi.PsAPI.GetModuleFileNameEx
 0001:00001080       Winapi.PsAPI.GetModuleInformation
 0004:00000024       Winapi.PsAPI.hPSAPI
 0004:0000004C       Winapi.PsAPI._EmptyWorkingSet
 0004:0000007C       Winapi.PsAPI._EnumDeviceDrivers
 0004:00000028       Winapi.PsAPI._EnumProcesses
 0004:0000002C       Winapi.PsAPI._EnumProcessModules
 0004:0000005C       Winapi.PsAPI._GetDeviceDriverBaseName
 0004:00000068       Winapi.PsAPI._GetDeviceDriverBaseNameA
 0004:00000074       Winapi.PsAPI._GetDeviceDriverBaseNameW
 0004:00000060       Winapi.PsAPI._GetDeviceDriverFileName
 0004:0000006C       Winapi.PsAPI._GetDeviceDriverFileNameA
 0004:00000078       Winapi.PsAPI._GetDeviceDriverFileNameW
 0004:00000058       Winapi.PsAPI._GetMappedFileName
 0004:00000064       Winapi.PsAPI._GetMappedFileNameA
 0004:00000070       Winapi.PsAPI._GetMappedFileNameW
 0004:00000030       Winapi.PsAPI._GetModuleBaseName
 0004:00000038       Winapi.PsAPI._GetModuleBaseNameA
 0004:00000040       Winapi.PsAPI._GetModuleBaseNameW
 0004:00000034       Winapi.PsAPI._GetModuleFileNameEx
 0004:0000003C       Winapi.PsAPI._GetModuleFileNameExA
 0004:00000044       Winapi.PsAPI._GetModuleFileNameExW
 0004:00000048       Winapi.PsAPI._GetModuleInformation
 0004:00000080       Winapi.PsAPI._GetProcessMemoryInfo
 0004:00000054       Winapi.PsAPI._InitializeProcessForWsWatch
 0004:00000050       Winapi.PsAPI._QueryWorkingSet
 0001:00001558       Winapi.ShlObj.SHGetSpecialFolderPath
 0001:00002DCC       Winapi.TlHelp32.CreateToolhelp32Snapshot
 0001:00002A08       Winapi.TlHelp32.InitToolHelp
 0004:00000088       Winapi.TlHelp32.KernelHandle
 0001:00002DEC       Winapi.TlHelp32.Process32First
 0001:00002E0C       Winapi.TlHelp32.Process32Next
 0004:0000008C       Winapi.TlHelp32._CreateToolhelp32Snapshot
 0004:00000098       Winapi.TlHelp32._Heap32First
 0004:00000090       Winapi.TlHelp32._Heap32ListFirst
 0004:00000094       Winapi.TlHelp32._Heap32ListNext
 0004:0000009C       Winapi.TlHelp32._Heap32Next
 0004:000000C4       Winapi.TlHelp32._Module32First
 0004:000000CC       Winapi.TlHelp32._Module32FirstA
 0004:000000D4       Winapi.TlHelp32._Module32FirstW
 0004:000000C8       Winapi.TlHelp32._Module32Next
 0004:000000D0       Winapi.TlHelp32._Module32NextA
 0004:000000D8       Winapi.TlHelp32._Module32NextW
 0004:000000A4       Winapi.TlHelp32._Process32First
 0004:000000AC       Winapi.TlHelp32._Process32FirstA
 0004:000000B4       Winapi.TlHelp32._Process32FirstW
 0004:000000A8       Winapi.TlHelp32._Process32Next
 0004:000000B0       Winapi.TlHelp32._Process32NextA
 0004:000000B8       Winapi.TlHelp32._Process32NextW
 0004:000000BC       Winapi.TlHelp32._Thread32First
 0004:000000C0       Winapi.TlHelp32._Thread32Next
 0004:000000A0       Winapi.TlHelp32._Toolhelp32ReadProcessMemory
 0001:000014B8       Winapi.UxTheme.Finalization
 0002:00000110       Winapi.UxTheme.Winapi.UxTheme
 0004:0000001C       Winapi.Windows..2
 0001:000009A0       Winapi.Windows.CloseHandle
 0001:00000AFC       Winapi.Windows.Finalization
 0001:000009A8       Winapi.Windows.FreeLibrary
 0001:00000A94       Winapi.Windows.GetClassName
 0001:000009B0       Winapi.Windows.GetCurrentProcess
 0001:00000A9C       Winapi.Windows.GetDC
 0001:00000A64       Winapi.Windows.GetFileVersionInfo
 0001:00000A6C       Winapi.Windows.GetFileVersionInfoSize
 0001:000009B8       Winapi.Windows.GetModuleFileName
 0001:000009C0       Winapi.Windows.GetModuleHandle
 0001:000009C8       Winapi.Windows.GetProcAddress
 0001:000009D0       Winapi.Windows.GetProcAddress
 0001:00000A7C       Winapi.Windows.GetTextExtentPoint32
 0001:00000A84       Winapi.Windows.GetTextMetrics
 0001:00000A44       Winapi.Windows.GetVersionEx
 0001:00000AA4       Winapi.Windows.GetWindowText
 0001:00000ABC       Winapi.Windows.HiWord
 0004:00000020       Winapi.Windows.HtmlHelpModule
 0001:00000AC0       Winapi.Windows.InitVersionInfo
 0001:00000A4C       Winapi.Windows.LoadLibrary
 0001:00000A54       Winapi.Windows.OpenProcess
 0001:00000AAC       Winapi.Windows.ReleaseDC
 0001:00000A8C       Winapi.Windows.SelectObject
 0001:00000A5C       Winapi.Windows.Sleep
 0001:00000AB4       Winapi.Windows.SystemParametersInfo
 0001:00000A74       Winapi.Windows.VerQueryValue
 0003:00000088       Winapi.Windows.Win32MajorVersion
 0003:0000008C       Winapi.Windows.Win32MinorVersion
 0003:00000090       Winapi.Windows.Win32Platform
 0002:00000010       Winapi.Windows.Winapi.Windows


  Address             Publics by Value

 0001:00000000       System.@GetMem
 0001:00000008       System.@FreeMem
 0001:00000010       System.Move
 0001:00000018       System.ParamCount
 0001:00000020       System.ParamStr
 0001:00000028       System.TObject.NewInstance
 0001:00000030       System.TObject.FreeInstance
 0001:00000038       System.TObject.Create
 0001:00000040       System.TObject.Destroy
 0001:00000048       System.TObject.Free
 0001:00000050       System.TObject.Equals
 0001:00000058       System.TObject.GetHashCode
 0001:00000060       System.@IsClass
 0001:00000068       System.TObject.SafeCallException
 0001:00000070       System.TObject.ToString
 0001:00000078       System.TObject.DefaultHandler
 0001:00000080       System.TObject.AfterConstruction
 0001:00000088       System.TObject.BeforeDestruction
 0001:00000090       System.TObject.Dispatch
 0001:00000098       System.@ClassCreate
 0001:000000A0       System.@ClassDestroy
 0001:000000A8       System.@AfterConstruction
 0001:000000B0       System.@BeforeDestruction
 0001:000000B8       System.@HandleFinally
 0001:000000C0       System.@RaiseExcept
 0001:000000C8       System.@PackageLoad
 0001:000000D0       System.@PackageUnload
 0001:000000D8       System.@RunError
 0001:000000E0       System.@Assert
 0001:000000E8       System.@UStrClr
 0001:000000F0       System.@LStrClr
 0001:000000F8       System.@UStrArrayClr
 0001:00000100       System.@UStrAddRef
 0001:00000108       System.@UStrFromPWCharLen
 0001:00000110       System.@UStrAsg
 0001:00000118       System.@UStrLAsg
 0001:00000120       System.@UStrLen
 0001:00000128       System.@LStrFromPWChar
 0001:00000130       System.@LStrToPChar
 0001:00000138       System.@UStrToPWChar
 0001:00000140       System.@UStrFromWChar
 0001:00000148       System.@UStrFromPWChar
 0001:00000150       System.@UStrFromWArray
 0001:00000158       System.@UStrSetLength
 0001:00000160       System.@UStrCat
 0001:00000168       System.@UStrCat3
 0001:00000170       System.@UStrCatN
 0001:00000178       System.@UStrEqual
 0001:00000180       System.@UStrCopy
 0001:00000188       System.@UStrDelete
 0001:00000190       System.Pos
 0001:00000198       System.@FinalizeRecord
 0001:000001A0       System.@FinalizeArray
 0001:000001A8       System.@DynArraySetLength
 0001:000001B0       System.RegisterModule
 0001:000001B8       System.UnregisterModule
 0001:000001C0       System.@IntfClear
 0001:000001C8       System.Finalization
 0001:000001D0       SysInit.InterlockedExchange
 0001:000001E4       SysInit.FreeLibrary
 0001:000001EC       SysInit.LocalAlloc
 0001:000001F4       SysInit.LocalFree
 0001:000001FC       SysInit.TlsAlloc
 0001:00000204       SysInit.TlsFree
 0001:0000020C       SysInit.TlsGetValue
 0001:00000214       SysInit.TlsSetValue
 0001:0000021C       SysInit.GetLastError
 0001:00000224       SysInit.LoadLibraryA
 0001:0000022C       SysInit.RaiseException
 0001:00000234       SysInit.GetProcAddress
 0001:0000023C       SysInit.AllocTlsBuffer
 0001:00000248       SysInit.GetTlsSize
 0001:00000250       SysInit.InitThreadTLS
 0001:00000294       SysInit.InitProcessTLS
 0001:000002C0       SysInit.ExitThreadTLS
 0001:000002F8       SysInit.ExitProcessTLS
 0001:0000031C       SysInit.InitializeModule
 0001:00000328       SysInit.UninitializeModule
 0001:0000034C       SysInit.@InitPkg
 0001:000003B0       SysInit.@PackageLoad
 0001:000003BC       SysInit.@PackageUnload
 0001:000003C8       SysInit.@_delayLoadHelper2
 0001:000006A8       SysInit.@_FUnloadDelayLoadedDLL2
 0001:000007B8       SysInit.@_HrLoadAllImportsForDll
 0001:00000870       SysInit.ShutdownDelayHelp2
 0001:00000878       SysInit...
 0001:00000888       SysInit...
 0001:00000898       SysInit...
 0001:000008A8       SysInit...
 0001:000008B8       SysInit...
 0001:000008C8       SysInit...
 0001:000008DC       SysInit...
 0001:0000090C       SysInit...
 0001:00000924       SysInit...
 0001:0000094C       SysInit...
 0001:00000970       SysInit...
 0001:00000980       SysInit...
 0001:00000990       SysInit.Finalization
 0001:000009A0       Winapi.Windows.CloseHandle
 0001:000009A8       Winapi.Windows.FreeLibrary
 0001:000009B0       Winapi.Windows.GetCurrentProcess
 0001:000009B8       Winapi.Windows.GetModuleFileName
 0001:000009C0       Winapi.Windows.GetModuleHandle
 0001:000009C8       Winapi.Windows.GetProcAddress
 0001:000009D0       Winapi.Windows.GetProcAddress
 0001:00000A44       Winapi.Windows.GetVersionEx
 0001:00000A4C       Winapi.Windows.LoadLibrary
 0001:00000A54       Winapi.Windows.OpenProcess
 0001:00000A5C       Winapi.Windows.Sleep
 0001:00000A64       Winapi.Windows.GetFileVersionInfo
 0001:00000A6C       Winapi.Windows.GetFileVersionInfoSize
 0001:00000A74       Winapi.Windows.VerQueryValue
 0001:00000A7C       Winapi.Windows.GetTextExtentPoint32
 0001:00000A84       Winapi.Windows.GetTextMetrics
 0001:00000A8C       Winapi.Windows.SelectObject
 0001:00000A94       Winapi.Windows.GetClassName
 0001:00000A9C       Winapi.Windows.GetDC
 0001:00000AA4       Winapi.Windows.GetWindowText
 0001:00000AAC       Winapi.Windows.ReleaseDC
 0001:00000AB4       Winapi.Windows.SystemParametersInfo
 0001:00000ABC       Winapi.Windows.HiWord
 0001:00000AC0       Winapi.Windows.InitVersionInfo
 0001:00000AFC       Winapi.Windows.Finalization
 0001:00000B1C       Winapi.PsAPI.CheckPSAPILoaded
 0001:00000FFC       Winapi.PsAPI.EnumProcesses
 0001:00001020       Winapi.PsAPI.EnumProcessModules
 0001:00001050       Winapi.PsAPI.GetModuleFileNameEx
 0001:00001080       Winapi.PsAPI.GetModuleInformation
 0001:000010B0       System.Internal.ExcUtils.Finalization
 0001:000010B8       System.SysUtils.TOSVersion.Destroy@
 0001:000010C0       System.SysUtils.CharInSet
 0001:000010C8       System.SysUtils.UpperCase
 0001:000010D0       System.SysUtils.SameStr
 0001:000010D8       System.SysUtils.SameText
 0001:000010E0       System.SysUtils.Trim
 0001:000010E8       System.SysUtils.IntToHex
 0001:000010F0       System.SysUtils.StrToIntDef
 0001:000010F8       System.SysUtils.ExtractFileDrive
 0001:00001100       System.SysUtils.ExtractFileName
 0001:00001108       System.SysUtils.StrLen
 0001:00001110       System.SysUtils.StrEnd
 0001:00001118       System.SysUtils.StrMove
 0001:00001120       System.SysUtils.StrScan
 0001:00001128       System.SysUtils.Exception.Create
 0001:00001130       System.SysUtils.Exception.Destroy@
 0001:00001138       System.SysUtils.FindCmdLineSwitch
 0001:00001140       System.SysUtils.FreeAndNil
 0001:00001148       System.SysUtils.TLanguages.Destroy@
 0001:00001150       System.SysUtils.TEncoding.Destroy@
 0001:00001158       System.SysUtils.Finalization
 0001:000012A8       System.VarUtils.Finalization
 0001:000012B0       System.Variants.@VarClear
 0001:000012B8       System.Variants.@DispInvoke
 0001:000012C0       System.Variants.@VarToInteger
 0001:000012C8       System.Variants.@VarFromInt
 0001:000012D0       System.Variants.@VarFromDisp
 0001:000012D8       System.Variants.@OleVarFromVar
 0001:000012E0       System.Variants.@VarCmpEQ
 0001:000012E8       System.Variants.Finalization
 0001:000012F0       System.StrUtils.RightStr
 0001:000012F8       System.StrUtils.PosEx
 0001:00001300       System.Math.Finalization
 0001:00001308       System.TimeSpan.TTimeSpan.Destroy@
 0001:00001310       System.SyncObjs.Finalization
 0001:00001318       System.Generics.Defaults.TStringComparer.Destroy@
 0001:00001320       System.Generics.Defaults.TIStringComparer.Destroy@
 0001:00001328       System.Rtti.Finalization
 0001:00001330       System.TypInfo.Finalization
 0001:00001338       System.Classes.TComponent.Destroy@
 0001:00001340       System.Classes.TList.Destroy
 0001:00001348       System.Classes.TList.Add
 0001:00001350       System.Classes.TList.Clear
 0001:00001358       System.Classes.TList.Delete
 0001:00001360       System.Classes.TList.Error
 0001:00001368       System.Classes.TList.Get
 0001:00001370       System.Classes.TList.Grow
 0001:00001378       System.Classes.TList.IndexOf
 0001:00001380       System.Classes.TPersistent.Assign
 0001:00001388       System.Classes.TPersistent.AssignTo
 0001:00001390       System.Classes.TStringList.SetSorted
 0001:00001398       System.Classes.TStringList.Create
 0001:000013A0       System.Classes.TStream.SetPosition
 0001:000013A8       System.Classes.TThread.Destroy@
 0001:000013B0       System.Classes.TComponent.Create
 0001:000013B8       System.Classes.TComponent.Destroy
 0001:000013C0       System.Classes.TComponent.BeforeDestruction
 0001:000013C8       System.Classes.TComponent.FreeNotification
 0001:000013D0       System.Classes.TComponent.RemoveFreeNotification
 0001:000013D8       System.Classes.TComponent.Notification
 0001:000013E0       System.Classes.TComponent.DefineProperties
 0001:000013E8       System.Classes.TComponent.Loaded
 0001:000013F0       System.Classes.TComponent.ReadState
 0001:000013F8       System.Classes.TComponent.WriteState
 0001:00001400       System.Classes.TComponent.ValidateRename
 0001:00001408       System.Classes.TComponent.SetName
 0001:00001410       System.Classes.TComponent.GetObservers
 0001:00001418       System.Classes.TComponent.UpdateAction
 0001:00001420       System.Classes.TComponent.CanObserve
 0001:00001428       System.Classes.TComponent.ObserverAdded
 0001:00001430       System.Classes.TComponent.SafeCallException
 0001:00001438       System.Classes.TComponent.UpdateRegistry
 0001:00001440       System.Classes.TComponent.QueryInterface
 0001:00001448       System.Classes.TBinaryWriter.Destroy@
 0001:00001450       System.Classes.TLoginCredentialService.Destroy@
 0001:00001458       System.Classes.TObserverMapping.Destroy@
 0001:00001460       System.Classes.Finalization
 0001:00001468       System.DateUtils.TTimeZone.Destroy@
 0001:00001470       System.IOUtils.TPath.Destroy@
 0001:00001478       System.IOUtils.Finalization
 0001:00001480       System.Win.Registry.TRegistry.Destroy@
 0001:00001488       Vcl.Graphics.TFont.GetHandle
 0001:00001490       Vcl.Graphics.TCustomCanvas.TextWidth
 0001:00001498       Vcl.Graphics.Finalization
 0001:000014A0       System.Actions.Finalization
 0001:000014A8       Vcl.ActnList.Finalization
 0001:000014B0       System.HelpIntfs.Finalization
 0001:000014B8       Winapi.UxTheme.Finalization
 0001:000014C0       Vcl.GraphUtil.Finalization
 0001:000014C8       Vcl.StdCtrls.TCustomGroupBox.Destroy@
 0001:000014D0       Vcl.StdCtrls.TCustomEdit.Destroy@
 0001:000014D8       Vcl.StdCtrls.TCustomMemo.Destroy@
 0001:000014E0       Vcl.StdCtrls.TCustomComboBox.Destroy@
 0001:000014E8       Vcl.StdCtrls.TCustomButton.Destroy@
 0001:000014F0       Vcl.StdCtrls.TCustomCheckBox.Destroy@
 0001:000014F8       Vcl.StdCtrls.TRadioButton.Destroy@
 0001:00001500       Vcl.StdCtrls.TCustomListBox.Destroy@
 0001:00001508       Vcl.StdCtrls.TScrollBar.Destroy@
 0001:00001510       Vcl.StdCtrls.TCustomStaticText.Destroy@
 0001:00001518       Vcl.StdCtrls.TGroupBox.Destroy@
 0001:00001520       Vcl.StdCtrls.TEdit.Destroy@
 0001:00001528       Vcl.StdCtrls.TMemo.Destroy@
 0001:00001530       Vcl.StdCtrls.TComboBox.Destroy@
 0001:00001538       Vcl.StdCtrls.TButton.Destroy@
 0001:00001540       Vcl.StdCtrls.TCheckBox.Destroy@
 0001:00001548       Vcl.StdCtrls.TListBox.Destroy@
 0001:00001550       Vcl.StdCtrls.TStaticText.Destroy@
 0001:00001558       Winapi.ShlObj.SHGetSpecialFolderPath
 0001:00001560       Vcl.Printers.Finalization
 0001:00001568       Vcl.Clipbrd.Finalization
 0001:00001570       Vcl.ComCtrls.TCustomTabControl.Destroy@
 0001:00001578       Vcl.ComCtrls.TTabControl.Destroy@
 0001:00001580       Vcl.ComCtrls.TCustomStatusBar.Destroy@
 0001:00001588       Vcl.ComCtrls.THeaderSections.GetItem
 0001:00001590       Vcl.ComCtrls.TCustomHeaderControl.Destroy@
 0001:00001598       Vcl.ComCtrls.TCustomTreeView.Destroy@
 0001:000015A0       Vcl.ComCtrls.TTreeView.Destroy@
 0001:000015A8       Vcl.ComCtrls.TTrackBar.Destroy@
 0001:000015B0       Vcl.ComCtrls.TProgressBar.Destroy@
 0001:000015B8       Vcl.ComCtrls.TCustomRichEdit.Destroy@
 0001:000015C0       Vcl.ComCtrls.TRichEdit.Destroy@
 0001:000015C8       Vcl.ComCtrls.TCustomUpDown.Destroy@
 0001:000015D0       Vcl.ComCtrls.TUpDown.Destroy@
 0001:000015D8       Vcl.ComCtrls.TCustomHotKey.Destroy@
 0001:000015E0       Vcl.ComCtrls.THotKey.Destroy@
 0001:000015E8       Vcl.ComCtrls.TCustomListView.Destroy@
 0001:000015F0       Vcl.ComCtrls.TListView.Destroy@
 0001:000015F8       Vcl.ComCtrls.TToolBar.Destroy@
 0001:00001600       Vcl.ComCtrls.TCoolBar.Destroy@
 0001:00001608       Vcl.ComCtrls.TDateTimePicker.Destroy@
 0001:00001610       Vcl.ComCtrls.TPageScroller.Destroy@
 0001:00001618       Vcl.ComCtrls.TCustomComboBoxEx.Destroy@
 0001:00001620       Vcl.ComCtrls.TComboBoxEx.Destroy@
 0001:00001628       Vcl.ComCtrls.TStatusBar.Destroy@
 0001:00001630       Vcl.ComCtrls.THeaderControl.Destroy@
 0001:00001638       Vcl.ComCtrls.THeaderControl.GetOnSectionClick
 0001:00001640       Vcl.ComCtrls.Finalization
 0001:00001648       Vcl.Dialogs.Finalization
 0001:00001650       Vcl.ExtCtrls.TCustomCategoryPanelGroup.Destroy@
 0001:00001658       Vcl.ExtCtrls.TCategoryPanelGroup.Destroy@
 0001:00001660       Vcl.ExtCtrls.TCustomLinkLabel.Destroy@
 0001:00001668       Vcl.ExtCtrls.TLinkLabel.Destroy@
 0001:00001670       Vcl.ExtCtrls.Finalization
 0001:00001678       Vcl.Themes.TCustomStyleEngine.Destroy@
 0001:00001680       Winapi.FlatSB.Finalization
 0001:00001688       Vcl.Forms.TScrollingWinControl.Destroy
 0001:00001690       Vcl.Forms.TScrollingWinControl.CreateWnd
 0001:00001698       Vcl.Forms.TScrollingWinControl.AlignControls
 0001:000016A0       Vcl.Forms.TScrollingWinControl.AutoScrollEnabled
 0001:000016A8       Vcl.Forms.TScrollingWinControl.DoGesture
 0001:000016B0       Vcl.Forms.TScrollingWinControl.DoGetGestureOptions
 0001:000016B8       Vcl.Forms.TScrollingWinControl.AutoScrollInView
 0001:000016C0       Vcl.Forms.TScrollingWinControl.Resizing
 0001:000016C8       Vcl.Forms.TScrollingWinControl.AdjustClientRect
 0001:000016D0       Vcl.Forms.TScrollBox.Destroy@
 0001:000016D8       Vcl.Forms.TCustomFrame.Create
 0001:000016E0       Vcl.Forms.TCustomFrame.CreateParams
 0001:000016E8       Vcl.Forms.TCustomFrame.PaintWindow
 0001:000016F0       Vcl.Forms.TCustomFrame.SetParent
 0001:000016F8       Vcl.Forms.TCustomForm.Destroy@
 0001:00001700       Vcl.Forms.TForm.Destroy@
 0001:00001708       Vcl.Forms.TApplication.GetTitle
 0001:00001710       Vcl.Forms.TApplication.MessageBox
 0001:00001718       Vcl.Forms.TApplication.GetExeName
 0001:00001720       Vcl.Forms.Finalization
 0001:00001728       Vcl.Menus.Finalization
 0001:00001730       System.Win.ComObj.TComServerObject.Destroy@
 0001:00001738       System.Win.ComObj.CreateOleObject
 0001:00001740       System.Win.ComObj.Finalization
 0001:00001748       Vcl.Controls.TControl.GetDragImages
 0001:00001750       Vcl.Controls.TControl.GetEnabled
 0001:00001758       Vcl.Controls.TControl.GetAction
 0001:00001760       Vcl.Controls.TControl.SetDragMode
 0001:00001768       Vcl.Controls.TControl.SetAutoSize
 0001:00001770       Vcl.Controls.TControl.SetName
 0001:00001778       Vcl.Controls.TControl.SetEnabled
 0001:00001780       Vcl.Controls.TControl.SetBiDiMode
 0001:00001788       Vcl.Controls.TControl.SetParentBiDiMode
 0001:00001790       Vcl.Controls.TControl.CreateTouchManager
 0001:00001798       Vcl.Controls.TControl.Loaded
 0001:000017A0       Vcl.Controls.TControl.GetFloating
 0001:000017A8       Vcl.Controls.TControl.GetFloatingDockSiteClass
 0001:000017B0       Vcl.Controls.TControl.InitiateAction
 0001:000017B8       Vcl.Controls.TWinControl.ReadState
 0001:000017C0       Vcl.Controls.TWinControl.Notification
 0001:000017C8       Vcl.Controls.TWinControl.CreateWindowHandle
 0001:000017D0       Vcl.Controls.TWinControl.DefineProperties
 0001:000017D8       Vcl.Controls.TWinControl.DestroyWnd
 0001:000017E0       Vcl.Controls.TWinControl.DestroyWindowHandle
 0001:000017E8       Vcl.Controls.TWinControl.CreateHandle
 0001:000017F0       Vcl.Controls.TWinControl.CustomAlignInsertBefore
 0001:000017F8       Vcl.Controls.TWinControl.CustomAlignPosition
 0001:00001800       Vcl.Controls.TWinControl.DestroyHandle
 0001:00001808       Vcl.Controls.TWinControl.SetParentDoubleBuffered
 0001:00001810       Vcl.Controls.TWinControl.WndProc
 0001:00001818       Vcl.Controls.TWinControl.DefaultHandler
 0001:00001820       Vcl.Controls.TWinControl.RequestAlign
 0001:00001828       Vcl.Controls.TWinControl.SetBounds
 0001:00001830       Vcl.Controls.TWinControl.ShowControl
 0001:00001838       Vcl.Controls.TWinControl.GetDeviceContext
 0001:00001840       Vcl.Controls.TWinControl.Invalidate
 0001:00001848       Vcl.Controls.TWinControl.Update
 0001:00001850       Vcl.Controls.TWinControl.Repaint
 0001:00001858       Vcl.Controls.TWinControl.SetFocus
 0001:00001860       Vcl.Controls.TWinControl.GetControlExtents
 0001:00001868       Vcl.Controls.TWinControl.GetClientOrigin
 0001:00001870       Vcl.Controls.TWinControl.GetClientRect
 0001:00001878       Vcl.Controls.TWinControl.CanResize
 0001:00001880       Vcl.Controls.TWinControl.ConstrainedResize
 0001:00001888       Vcl.Controls.TWinControl.UpdateStyleElements
 0001:00001890       Vcl.Controls.TWinControl.AssignTo
 0001:00001898       Vcl.Controls.TWinControl.CanAutoSize
 0001:000018A0       Vcl.Controls.TWinControl.SetParentBackground
 0001:000018A8       Vcl.Controls.TWinControl.DockReplaceDockClient
 0001:000018B0       Vcl.Controls.TWinControl.UpdateTIPStatus
 0001:000018B8       Vcl.Controls.TWinControl.UpdateControlOriginalParentSize
 0001:000018C0       Vcl.Controls.Finalization
 0001:000018C8       VAClasses..TVABaseMethodList
 0001:00001A24       VAClasses..TVAMethodList
 0001:00001CCC       VAClasses..TVALinkedMethodList
 0001:00002014       VAClasses..TVANotificationEventComponent
 0001:00002258       VAClasses..TVAList
 0001:00002380       VAClasses.TVABaseMethodList.Add
 0001:000023C0       VAClasses.TVABaseMethodList.Clear
 0001:000023E0       VAClasses.TVABaseMethodList.Count
 0001:000023FC       VAClasses.TVABaseMethodList.Create
 0001:00002458       VAClasses.TVABaseMethodList.Delete
 0001:00002484       VAClasses.TVABaseMethodList.Destroy
 0001:000024CC       VAClasses.TVABaseMethodList.GetMethod
 0001:00002508       VAClasses.TVABaseMethodList.IndexOf
 0001:0000259C       VAClasses.TVABaseMethodList.Remove
 0001:000025DC       VAClasses.TVAMethodList.Add
 0001:000025F8       VAClasses.TVAMethodList.Clear
 0001:0000260C       VAClasses.TVAMethodList.Count
 0001:00002628       VAClasses.TVAMethodList.Create
 0001:0000266C       VAClasses.TVAMethodList.Delete
 0001:00002688       VAClasses.TVAMethodList.Destroy
 0001:000026BC       VAClasses.TVAMethodList.IndexOf
 0001:000026E0       VAClasses.TVAMethodList.Remove
 0001:000026FC       VAClasses.TVANotificationEventComponent.Notification
 0001:00002738       VAClasses.TVANotificationEventComponent.NotifyCreate
 0001:00002790       VAClasses.TVALinkedMethodList.Add
 0001:000027F0       VAClasses.TVALinkedMethodList.Clear
 0001:0000281C       VAClasses.TVALinkedMethodList.Count
 0001:00002838       VAClasses.TVALinkedMethodList.Create
 0001:0000288C       VAClasses.TVALinkedMethodList.Delete
 0001:000028C8       VAClasses.TVALinkedMethodList.Destroy
 0001:00002904       VAClasses.TVALinkedMethodList.GetMethod
 0001:0000294C       VAClasses.TVALinkedMethodList.IndexOf
 0001:00002980       VAClasses.TVALinkedMethodList.Remove
 0001:000029B0       VAClasses.TVAList.Notify
 0001:00002A00       VAClasses.Finalization
 0001:00002A08       Winapi.TlHelp32.InitToolHelp
 0001:00002DCC       Winapi.TlHelp32.CreateToolhelp32Snapshot
 0001:00002DEC       Winapi.TlHelp32.Process32First
 0001:00002E0C       Winapi.TlHelp32.Process32Next
 0001:000046E0       VAUtils.Piece
 0001:00004780       VAUtils.Pieces
 0001:00004850       VAUtils.ShowMsg
 0001:000049B8       VAUtils.ShowMsg
 0001:00004B18       VAUtils.FreeAndNilTStringsAndObjects
 0001:00004B74       VAUtils.ProcessExists
 0001:00004CF8       VAUtils.ScreenReaderActive
 0001:00004DC8       VAUtils.OldScreenReaderActive
 0001:00004DFC       VAUtils.ScreenReaderSupportEnabled
 0001:00004E28       VAUtils.GetFileWithShortenedPath
 0001:00004FC4       VAUtils.FastIntToHex
 0001:00005018       VAUtils.FastWordToHex
 0001:00005054       VAUtils.FastHexToByte
 0001:0000512C       VAUtils.FastHexToInt
 0001:000052F0       VAUtils.FastHexToBinary
 0001:000053E0       VAUtils.CRCForString
 0001:00005474       VAUtils.AppendBackSlash
 0001:00005504       VAUtils.GetSpecialFolderPath
 0001:000057A8       VAUtils.GetProgramFilesPath
 0001:000057C0       VAUtils.GetAlternateProgramFilesPath
 0001:000058A4       VAUtils.GetWindowTitle
 0001:000058EC       VAUtils.GetWindowClassName
 0001:00005934       VAUtils..TVACustomMessageEventInterceptor
 0001:00005A64       VAUtils..TVAMessageEventHandler
 0001:00005C38       VAUtils..TVAWinProcMonitor
 0001:00005D68       VAUtils.InitializeMessageHandlerSystem
 0001:00005DDC       VAUtils.Clear
 0001:00005E38       VAUtils.CleanupMessageHandlerSystem
 0001:00005E74       VAUtils.AddMessageHandler
 0001:00005F20       VAUtils.RemoveMessageHandler
 0001:00005FC8       VAUtils.RemoveAllMessageHandlers
 0001:00006064       VAUtils.MessageHandlerCount
 0001:000060F0       VAUtils.TVAWinProcMonitor.Notification
 0001:00006134       VAUtils.TVAWinProcMonitor.RemoveFromList
 0001:00006160       VAUtils.TVACustomMessageEventInterceptor.Create
 0001:00006248       VAUtils.TVACustomMessageEventInterceptor.Destroy
 0001:00006290       VAUtils.TVACustomMessageEventInterceptor.NewMessageHandler
 0001:000062B0       VAUtils.TVAMessageEventHandler.AddMessageHandler
 0001:000062CC       VAUtils.TVAMessageEventHandler.Create
 0001:00006328       VAUtils.TVAMessageEventHandler.Destroy
 0001:00006364       VAUtils.TVAMessageEventHandler.DoMessageHandlers
 0001:000063C8       VAUtils.TVAMessageEventHandler.HandlerCount
 0001:000063E8       VAUtils.TVAMessageEventHandler.NewMessageHandler
 0001:0000641C       VAUtils.TVAMessageEventHandler.RemoveMessageHandler
 0001:000064F4       VAUtils.TDataArray.Clear
 0001:00006518       VAUtils.TDataArray.SetCapacity
 0001:0000656C       VAUtils.TDataArray.Size
 0001:00006588       VAUtils.ListTooSmall
 0001:000065D8       VAUtils.GetInstanceCount
 0001:00006810       VAUtils.GetInstanceCount
 0001:00006864       VAUtils.AnotherInstanceRunning
 0001:00006878       VAUtils.VersionStringSplit
 0001:000068A0       VAUtils.VersionStringSplit
 0001:000068CC       VAUtils.VersionStringSplit
 0001:000068F8       VAUtils.GetNum
 0001:000069AC       VAUtils.VersionStringSplit
 0001:00006A30       VAUtils.FileVersionValue
 0001:00006C1C       VAUtils.GetV
 0001:00006D18       VAUtils.parse
 0001:00006DB4       VAUtils.VersionOK
 0001:00006E8C       VAUtils.ExecuteAndWait
 0001:000070E8       VAUtils.GetDLLFileName
 0001:00007208       VAUtils.WidthInPixels
 0001:000072F4       VAUtils.HeightInPixels
 0001:00007394       VAUtils.D2006FindCmdLineSwitch
 0001:00007538       VAUtils.Finalization
 0001:00007590       HRBuffers..THRBuffer
 0001:000077A4       HRBuffers..THRBufferEOB
 0001:00007874       HRBuffers..THRBufferChar
 0001:00007B38       HRBuffers..THRBufferStream
 0001:00007CD0       HRBuffers..THRBufferList
 0001:00007F80       HRBuffers.THRBuffer.Create
 0001:00007FC8       HRBuffers.THRBuffer.Destroy
 0001:00008004       HRBuffers.THRBuffer.SetSize
 0001:00008048       HRBuffers.THRBuffer.GetItems
 0001:00008064       HRBuffers.THRBuffer.SetItems
 0001:00008078       HRBuffers.THRBuffer.CreateBuffer
 0001:000080C0       HRBuffers.THRBuffer.ResizeBuffer
 0001:00008148       HRBuffers.THRBuffer.FreeBuffer
 0001:00008180       HRBuffers.THRBufferEOB.GetEOB
 0001:00008194       HRBuffers.THRBufferChar.Create
 0001:000081DC       HRBuffers.THRBufferChar.Destroy
 0001:00008210       HRBuffers.THRBufferChar.GetEOB
 0001:0000822C       HRBuffers.THRBufferChar.GetItems
 0001:00008274       HRBuffers.THRBufferChar.SetItems
 0001:000082B4       HRBuffers.THRBufferChar.Read
 0001:00008304       HRBuffers.THRBufferChar.Write
 0001:00008350       HRBuffers.THRBufferChar.WritePChar
 0001:00008394       HRBuffers.THRBufferChar.WriteString
 0001:000083D8       HRBuffers.THRBufferChar.GetAsPChar
 0001:000083F4       HRBuffers.THRBufferChar.SetAsPChar
 0001:0000843C       HRBuffers.THRBufferChar.GetAsString
 0001:00008454       HRBuffers.THRBufferChar.SetAsString
 0001:00008498       HRBuffers.THRBufferStream.Create
 0001:000084EC       HRBuffers.THRBufferStream.Destroy
 0001:00008520       HRBuffers.THRBufferStream.SetStream
 0001:00008560       HRBuffers.THRBufferStream.GetEOB
 0001:0000857C       HRBuffers.THRBufferStream.GetItems
 0001:00008620       HRBuffers.THRBufferStream.SetItems
 0001:00008634       HRBuffers.THRBufferList.Create
 0001:0000868C       HRBuffers.THRBufferList.Destroy
 0001:000086C0       HRBuffers.THRBufferList.GetItemPos
 0001:000087D8       HRBuffers.THRBufferList.GetCount
 0001:000087F4       HRBuffers.THRBufferList.GetItemSize
 0001:00008820       HRBuffers.THRBufferList.SetItemSize
 0001:00008930       HRBuffers.THRBufferList.GetItemBuffer
 0001:0000895C       HRBuffers.THRBufferList.Add
 0001:00008A74       HRBuffers.THRBufferList.Delete
 0001:00008A84       HRBuffers.Finalization
 0001:00008B0C       HRParser..THRParser
 0001:00008D44       HRParser..THRParserText
 0001:00008E48       HRParser.THRParser.Create
 0001:00008ECC       HRParser.THRParser.Destroy
 0001:00008F24       HRParser.THRParser.GetSource
 0001:00008F40       HRParser.THRParser.SetSource
 0001:00008F60       HRParser.THRParser.SetSourcePos
 0001:00008F7C       HRParser.THRParser.IncLine
 0001:00008F98       HRParser.THRParser.SkipToSourcePos
 0001:00009020       HRParser.THRParser.SkipBlanks
 0001:0000908C       HRParser.THRParser.GetNextToken
 0001:000090EC       HRParser.THRParser.NextToken
 0001:0000917C       HRParser.THRParserText.Create
 0001:000091C0       HRParser.THRParserText.Destroy
 0001:000091F4       HRParser.THRParserText.GetNextToken
 0001:000095B4       HRParser.Finalization
 0001:00009708       HRParserPas..THRParserPas
 0001:00009808       HRParserPas.THRParserPas.Create
 0001:0000984C       HRParserPas.THRParserPas.Destroy
 0001:00009880       HRParserPas.THRParserPas.GetNextToken
 0001:00009C48       HRParserPas.Finalization
 0001:00009C50       VA2006Utils..TfraTabStopFalse
 0001:00009E2C       VA2006Utils..THeaderControl2006BugFixer
 0001:00009F94       VA2006Utils.THeaderControl2006BugFixer.HeaderControlMessageHandler
 0001:0000A00C       VA2006Utils.THeaderControl2006BugFixer.Notification
 0001:0000A05C       VA2006Utils.THeaderControl2006BugFixer.CreateWrapper
 0001:0000A0CC       VA2006Utils.FixHeaderControlDelphi2006Bug
 0001:0000A0E8       VA2006Utils.TfraTabStopFalse.GetTabStop
 0001:0000A0FC       VA2006Utils.TfraTabStopFalse.SetTabStop
 0001:0000A10C       VA2006Utils.Finalization
 0001:0000A734       .VASharedXE3.@GetPackageInfoTable
 0001:0000A73C       .VASharedXE3.@PackageLoad
 0001:0000A748       .VASharedXE3.@PackageUnload
 0002:00000000       System.System
 0002:00000008       SysInit.SysInit
 0002:00000010       Winapi.Windows.Winapi.Windows
 0002:00000028       System.Internal.ExcUtils.System.Internal.ExcUtils
 0002:00000030       System.SysUtils.TLanguages.Create@
 0002:00000038       System.SysUtils.TEncoding.Create@
 0002:00000040       System.SysUtils.Exception.Create@
 0002:00000048       System.SysUtils.TOSVersion.Create@
 0002:00000050       System.SysUtils.System.SysUtils
 0002:00000058       System.VarUtils.System.VarUtils
 0002:00000060       System.Variants.System.Variants
 0002:00000068       System.Math.System.Math
 0002:00000070       System.TimeSpan.TTimeSpan.Create@
 0002:00000078       System.SyncObjs.System.SyncObjs
 0002:00000080       System.Generics.Defaults.TStringComparer.Create@
 0002:00000088       System.Generics.Defaults.TIStringComparer.Create@
 0002:00000090       System.Rtti.System.Rtti
 0002:00000098       System.TypInfo.System.TypInfo
 0002:000000A0       System.Classes.TObserverMapping.Create@
 0002:000000A8       System.Classes.TBinaryWriter.Create@
 0002:000000B0       System.Classes.TThread.Create@
 0002:000000B8       System.Classes.TComponent.Create@
 0002:000000C0       System.Classes.TLoginCredentialService.Create@
 0002:000000C8       System.Classes.System.Classes
 0002:000000D0       System.DateUtils.TTimeZone.Create@
 0002:000000D8       System.IOUtils.TPath.Create@
 0002:000000E0       System.IOUtils.System.IOUtils
 0002:000000E8       System.Win.Registry.TRegistry.Create@
 0002:000000F0       Vcl.Graphics.Vcl.Graphics
 0002:000000F8       System.Actions.System.Actions
 0002:00000100       Vcl.ActnList.Vcl.ActnList
 0002:00000108       System.HelpIntfs.System.HelpIntfs
 0002:00000110       Winapi.UxTheme.Winapi.UxTheme
 0002:00000118       Vcl.GraphUtil.Vcl.GraphUtil
 0002:00000120       Vcl.StdCtrls.TCustomGroupBox.Create@
 0002:00000128       Vcl.StdCtrls.TCustomEdit.Create@
 0002:00000130       Vcl.StdCtrls.TCustomMemo.Create@
 0002:00000138       Vcl.StdCtrls.TCustomComboBox.Create@
 0002:00000140       Vcl.StdCtrls.TCustomButton.Create@
 0002:00000148       Vcl.StdCtrls.TCustomCheckBox.Create@
 0002:00000150       Vcl.StdCtrls.TRadioButton.Create@
 0002:00000158       Vcl.StdCtrls.TCustomListBox.Create@
 0002:00000160       Vcl.StdCtrls.TScrollBar.Create@
 0002:00000168       Vcl.StdCtrls.TCustomStaticText.Create@
 0002:00000170       Vcl.StdCtrls.TGroupBox.Create@
 0002:00000178       Vcl.StdCtrls.TEdit.Create@
 0002:00000180       Vcl.StdCtrls.TMemo.Create@
 0002:00000188       Vcl.StdCtrls.TComboBox.Create@
 0002:00000190       Vcl.StdCtrls.TButton.Create@
 0002:00000198       Vcl.StdCtrls.TCheckBox.Create@
 0002:000001A0       Vcl.StdCtrls.TListBox.Create@
 0002:000001A8       Vcl.StdCtrls.TStaticText.Create@
 0002:000001B0       Vcl.Printers.Vcl.Printers
 0002:000001B8       Vcl.Clipbrd.Vcl.Clipbrd
 0002:000001C0       Vcl.ComCtrls.TCustomTabControl.Create@
 0002:000001C8       Vcl.ComCtrls.TTabControl.Create@
 0002:000001D0       Vcl.ComCtrls.TCustomStatusBar.Create@
 0002:000001D8       Vcl.ComCtrls.TCustomHeaderControl.Create@
 0002:000001E0       Vcl.ComCtrls.TCustomTreeView.Create@
 0002:000001E8       Vcl.ComCtrls.TTreeView.Create@
 0002:000001F0       Vcl.ComCtrls.TTrackBar.Create@
 0002:000001F8       Vcl.ComCtrls.TProgressBar.Create@
 0002:00000200       Vcl.ComCtrls.TCustomRichEdit.Create@
 0002:00000208       Vcl.ComCtrls.TRichEdit.Create@
 0002:00000210       Vcl.ComCtrls.TCustomUpDown.Create@
 0002:00000218       Vcl.ComCtrls.TUpDown.Create@
 0002:00000220       Vcl.ComCtrls.TCustomHotKey.Create@
 0002:00000228       Vcl.ComCtrls.THotKey.Create@
 0002:00000230       Vcl.ComCtrls.TCustomListView.Create@
 0002:00000238       Vcl.ComCtrls.TListView.Create@
 0002:00000240       Vcl.ComCtrls.TToolBar.Create@
 0002:00000248       Vcl.ComCtrls.TCoolBar.Create@
 0002:00000250       Vcl.ComCtrls.TDateTimePicker.Create@
 0002:00000258       Vcl.ComCtrls.TPageScroller.Create@
 0002:00000260       Vcl.ComCtrls.TCustomComboBoxEx.Create@
 0002:00000268       Vcl.ComCtrls.TComboBoxEx.Create@
 0002:00000270       Vcl.ComCtrls.TStatusBar.Create@
 0002:00000278       Vcl.ComCtrls.THeaderControl.Create@
 0002:00000280       Vcl.ComCtrls.Vcl.ComCtrls
 0002:00000288       Vcl.Dialogs.Vcl.Dialogs
 0002:00000290       Vcl.ExtCtrls.TCustomCategoryPanelGroup.Create@
 0002:00000298       Vcl.ExtCtrls.TCategoryPanelGroup.Create@
 0002:000002A0       Vcl.ExtCtrls.TCustomLinkLabel.Create@
 0002:000002A8       Vcl.ExtCtrls.TLinkLabel.Create@
 0002:000002B0       Vcl.ExtCtrls.Vcl.ExtCtrls
 0002:000002B8       Vcl.Themes.TCustomStyleEngine.Create@
 0002:000002C0       Winapi.FlatSB.Winapi.FlatSB
 0002:000002C8       Vcl.Forms.TScrollBox.Create@
 0002:000002D0       Vcl.Forms.TCustomForm.Create@
 0002:000002D8       Vcl.Forms.TForm.Create@
 0002:000002E0       Vcl.Forms.Vcl.Forms
 0002:000002E8       Vcl.Menus.Vcl.Menus
 0002:000002F0       System.Win.ComObj.TComServerObject.Create@
 0002:000002F8       System.Win.ComObj.System.Win.ComObj
 0002:00000300       Vcl.Controls.Vcl.Controls
 0002:00000308       VAClasses.VAClasses
 0002:00000310       VAUtils.VAUtils
 0002:00000348       HRBuffers.HRBuffers
 0002:00000350       HRParser.HRParser
 0002:00000358       HRParserPas.HRParserPas
 0002:00000360       VA2006Utils.VA2006Utils
 0002:00000368       .VASharedXE3..VASharedXE3
 0003:00000000       SysInit.TlsIndex
 0003:00000004       SysInit.PtrToNil
 0003:00000008       SysInit.Module
 0003:00000024       SysInit.TlsProc
 0003:00000034       SysInit...
 0003:00000088       Winapi.Windows.Win32MajorVersion
 0003:0000008C       Winapi.Windows.Win32MinorVersion
 0003:00000090       Winapi.Windows.Win32Platform
 0003:00000094       VAUtils.HexChars
 0003:00000494       VAUtils.BinChars
 0003:000004D4       VAUtils.CheckScreenReaderSupport
 0003:000004D5       VAUtils.uScreenReaderSupportEnabled
 0003:000004D8       VAUtils.CRC32_TABLE
 0003:000008D8       VAUtils.uEventMessageHandlers
 0003:000008DC       VAUtils.uHandlePointers
 0003:000008E0       VAUtils.uWinProcMonitor
 0003:000008E4       VAUtils.uMessageHandlerSystemRunning
 0003:000008E8       HRParserPas.HR_TOKEN_PAS_DESC
 0004:FFFF2000       SysInit.__ImageBase
 0004:00000000       SysInit.ModuleIsLib
 0004:00000001       SysInit.ModuleIsPackage
 0004:00000004       SysInit.HInstance
 0004:0000000C       SysInit.@_pfnDliNotifyHook2
 0004:00000010       SysInit.@_pfnDliFailureHook2
 0004:00000014       SysInit..1
 0004:00000018       SysInit.tlsBuffer
 0004:0000001C       Winapi.Windows..2
 0004:00000020       Winapi.Windows.HtmlHelpModule
 0004:00000024       Winapi.PsAPI.hPSAPI
 0004:00000028       Winapi.PsAPI._EnumProcesses
 0004:0000002C       Winapi.PsAPI._EnumProcessModules
 0004:00000030       Winapi.PsAPI._GetModuleBaseName
 0004:00000034       Winapi.PsAPI._GetModuleFileNameEx
 0004:00000038       Winapi.PsAPI._GetModuleBaseNameA
 0004:0000003C       Winapi.PsAPI._GetModuleFileNameExA
 0004:00000040       Winapi.PsAPI._GetModuleBaseNameW
 0004:00000044       Winapi.PsAPI._GetModuleFileNameExW
 0004:00000048       Winapi.PsAPI._GetModuleInformation
 0004:0000004C       Winapi.PsAPI._EmptyWorkingSet
 0004:00000050       Winapi.PsAPI._QueryWorkingSet
 0004:00000054       Winapi.PsAPI._InitializeProcessForWsWatch
 0004:00000058       Winapi.PsAPI._GetMappedFileName
[...]
   289 0001:00002971   290 0001:00002978   295 0001:00002980   296 0001:0000298C
   297 0001:0000299A   298 0001:000029A0   299 0001:000029AB   304 0001:000029B0
   305 0001:000029C0   307 0001:000029D0   308 0001:000029D6   310 0001:000029E9
   312 0001:000029FA

Line numbers for VAClasses(VAClasses.pas) segment .itext

   314 0002:00000308

Line numbers for VAUtils(VAUtils.pas) segment .text

   247 0001:000046E0   248 0001:000046F0   249 0001:000046F7   250 0001:00004702
   253 0001:00004713   254 0001:00004716   255 0001:0000471F   251 0001:0000472E
   257 0001:0000473C   258 0001:0000474D   259 0001:00004777   265 0001:00004780
   266 0001:000047A7   267 0001:000047AF   268 0001:000047FF   269 0001:00004826
   282 0001:00004850   283 0001:00004873   284 0001:0000487A   285 0001:0000488F
   286 0001:00004895   287 0001:0000489B   288 0001:000048A1   290 0001:000048A5
   291 0001:000048CE   292 0001:000048D4   293 0001:000048DA   294 0001:000048E0
   295 0001:000048E6   296 0001:000048EC   298 0001:000048F0   299 0001:000048FB
   300 0001:00004901   301 0001:00004910   302 0001:00004937   303 0001:00004966
   304 0001:0000496C   305 0001:00004972   306 0001:00004978   307 0001:0000497E
   308 0001:00004984   309 0001:0000498A   311 0001:0000498E   317 0001:000049B8
   318 0001:000049DE   319 0001:000049E6   320 0001:000049FB   321 0001:00004A0A
   322 0001:00004A19   323 0001:00004A28   325 0001:00004A35   326 0001:00004A52
   327 0001:00004A67   333 0001:00004B18   334 0001:00004B21   335 0001:00004B29
   336 0001:00004B41   337 0001:00004B50   335 0001:00004B63   338 0001:00004B68
   339 0001:00004B70   346 0001:00004B74   347 0001:00004BC2   348 0001:00004BD1
   349 0001:00004BDB   350 0001:00004BEC   353 0001:00004BF5   357 0001:00004C9A
   359 0001:00004C9E   351 0001:00004CAF   361 0001:00004CB9   362 0001:00004CC2
   367 0001:00004CF8   368 0001:00004D0F   369 0001:00004D1C   374 0001:00004D22
   376 0001:00004D37   377 0001:00004D48   379 0001:00004D5E   385 0001:00004DC8
   387 0001:00004DCE   388 0001:00004DE0   389 0001:00004DF5   396 0001:00004DFC
   397 0001:00004E00   399 0001:00004E09   400 0001:00004E13   402 0001:00004E1A
   403 0001:00004E22   414 0001:00004E28   415 0001:00004E56   416 0001:00004E61
   417 0001:00004E66   418 0001:00004E6B   419 0001:00004E70   422 0001:00004E75
   423 0001:00004E8B   424 0001:00004E94   426 0001:00004E9A   427 0001:00004EA0
   429 0001:00004EA7   432 0001:00004EAD   433 0001:00004EBD   435 0001:00004ED3
   437 0001:00004ED9   438 0001:00004EE1   439 0001:00004EF4   440 0001:00004F38
   443 0001:00004F43   444 0001:00004F59   446 0001:00004F5C   447 0001:00004F6E
   453 0001:00004FC4   454 0001:00004FD0   455 0001:00004FD6   456 0001:00005013
   462 0001:00005018   463 0001:00005025   464 0001:0000502D   465 0001:0000504D
   479 0001:00005054   480 0001:0000507C   482 0001:000050C9   486 0001:0000512C
   487 0001:00005155   495 0001:0000528C   502 0001:000052F0   503 0001:00005317
   504 0001:00005322   505 0001:0000532A   507 0001:0000533B   508 0001:0000534E
   509 0001:00005363   510 0001:00005369   511 0001:0000537E   505 0001:00005381
   512 0001:00005386   554 0001:000053E0   555 0001:000053FF   556 0001:00005406
   557 0001:0000541C   558 0001:00005447   556 0001:0000544A   559 0001:0000544F
   562 0001:00005474   563 0001:00005493   564 0001:000054B4   565 0001:000054C4
   566 0001:000054D1   573 0001:00005504   574 0001:0000552B   575 0001:0000553F
   576 0001:00005553   577 0001:00005566   578 0001:00005574   582 0001:000057A8
   583 0001:000057AF   584 0001:000057BC   594 0001:000057C0   595 0001:000057DD
   596 0001:000057E5   597 0001:000057FF   598 0001:0000580A   599 0001:00005817
   600 0001:0000583C   602 0001:00005846   603 0001:00005851   607 0001:000058A4
   608 0001:000058B0   609 0001:000058BD   610 0001:000058E6   613 0001:000058EC
   614 0001:000058F8   615 0001:00005905   616 0001:0000592E   701 0001:00005D68
   702 0001:00005D6B   707 0001:00005D74   708 0001:00005D85   709 0001:00005D91
   710 0001:00005D9A   711 0001:00005DAB   712 0001:00005DB7   713 0001:00005DC0
   714 0001:00005DD3   716 0001:00005DDA   723 0001:00005DDC   724 0001:00005DE8
   726 0001:00005DF0   728 0001:00005DF6   729 0001:00005E10   728 0001:00005E25
   731 0001:00005E2A   733 0001:00005E32   735 0001:00005E38   737 0001:00005E3B
   738 0001:00005E49   739 0001:00005E57   740 0001:00005E60   741 0001:00005E6A
   742 0001:00005E71   772 0001:00005E74   773 0001:00005E91   774 0001:00005E96
   775 0001:00005EA1   776 0001:00005EB1   778 0001:00005EB7   779 0001:00005EC9
   782 0001:00005EDB   783 0001:00005EEB   784 0001:00005EF9   817 0001:00005F20
   818 0001:00005F3C   819 0001:00005F45   820 0001:00005F50   821 0001:00005F60
   823 0001:00005F66   824 0001:00005F76   825 0001:00005F84   827 0001:00005F90
   828 0001:00005F98   831 0001:00005FA5   840 0001:00005FC8   841 0001:00005FE4
   842 0001:00005FED   855 0001:00005FF8   856 0001:00006008   858 0001:0000600E
   859 0001:0000601E   860 0001:00006026   863 0001:00006033   864 0001:00006041
   873 0001:00006064   874 0001:00006080   875 0001:00006085   877 0001:0000608E
   888 0001:00006099   889 0001:000060A9   891 0001:000060AF   892 0001:000060BF
   894 0001:000060CA   974 0001:000060F0   975 0001:000060FF   976 0001:0000610D
   977 0001:00006125   978 0001:00006130   981 0001:00006134   982 0001:00006140
   983 0001:00006152   984 0001:0000615A   990 0001:00006160   991 0001:0000617B
   992 0001:00006181   993 0001:00006197   994 0001:000061A0   995 0001:000061B1
   996 0001:000061C6   997 0001:000061DA  1000 0001:00006248  1001 0001:00006259
  1002 0001:0000626E  1003 0001:0000627C  1007 0001:00006290  1008 0001:0000629D
  1009 0001:000062A9  1073 0001:000062B0  1074 0001:000062B7  1075 0001:000062C5
  1078 0001:000062CC  1079 0001:000062E7  1080 0001:000062F9  1081 0001:00006306
  1084 0001:00006328  1085 0001:00006339  1086 0001:00006347  1087 0001:00006352
  1095 0001:00006364  1096 0001:00006373  1097 0001:00006379  1099 0001:00006394
  1100 0001:000063A5  1101 0001:000063B1  1103 0001:000063B9  1097 0001:000063BC
  1104 0001:000063C1  1107 0001:000063C8  1108 0001:000063D1  1109 0001:000063DF
  1115 0001:000063E8  1116 0001:000063F5  1117 0001:00006403  1118 0001:00006409
  1119 0001:00006415  1122 0001:0000641C  1123 0001:00006423  1124 0001:00006431
  1144 0001:000064F4  1145 0001:000064FB  1146 0001:00006505  1147 0001:00006512
  1150 0001:00006518  1151 0001:00006524  1153 0001:0000652E  1154 0001:00006536
  1155 0001:00006553  1156 0001:0000655E  1158 0001:00006568  1162 0001:0000656C
  1163 0001:00006575  1164 0001:00006580  1183 0001:00006588  1184 0001:00006591
  1185 0001:00006599  1186 0001:000065A5  1187 0001:000065B1  1188 0001:000065B7
  1190 0001:000065C8  1191 0001:000065D1  1193 0001:000065D8  1194 0001:00006602
  1195 0001:00006607  1196 0001:00006612  1198 0001:0000661C  1199 0001:00006620
  1200 0001:0000663C  1201 0001:00006652  1202 0001:00006656  1203 0001:00006662
  1205 0001:0000666C  1207 0001:00006685  1208 0001:000066A0  1210 0001:000066AA
  1211 0001:000066B8  1213 0001:000066C2  1214 0001:000066C6  1215 0001:000066E7
  1216 0001:000066FD  1217 0001:00006701  1218 0001:0000670D  1220 0001:00006713
  1222 0001:00006728  1223 0001:00006735  1224 0001:00006761  1225 0001:00006777
  1227 0001:00006784  1228 0001:00006787  1230 0001:00006789  1220 0001:0000678C
  1233 0001:0000679E  1236 0001:000067AF  1205 0001:000067B2  1238 0001:000067BB
  1239 0001:000067C7  1240 0001:000067D3  1244 0001:00006810  1245 0001:00006829
  1246 0001:0000683E  1249 0001:00006864  1250 0001:00006868  1251 0001:00006872
  1256 0001:00006878  1257 0001:00006884  1258 0001:0000689A  1263 0001:000068A0
  1264 0001:000068AF  1265 0001:000068C5  1270 0001:000068CC  1271 0001:000068DB
  1272 0001:000068F1  1282 0001:000068F8  1283 0001:00006911  1284 0001:00006929
  1285 0001:0000692F  1286 0001:0000693E  1287 0001:00006963  1288 0001:00006976
  1290 0001:000069AC  1291 0001:000069CF  1292 0001:000069DA  1293 0001:000069E6
  1294 0001:000069F2  1295 0001:000069FE  1296 0001:00006A0A  1313 0001:00006A30
  1314 0001:00006A5C  1315 0001:00006A64  1316 0001:00006A79  1318 0001:00006A83
  1319 0001:00006A8E  1320 0001:00006A9C  1321 0001:00006AB6  1322 0001:00006ACC
  1325 0001:00006B19  1326 0001:00006B33  1327 0001:00006B41  1328 0001:00006B4C
  1330 0001:00006B64  1333 0001:00006B74  1345 0001:00006C1C  1346 0001:00006C3B
  1347 0001:00006C53  1349 0001:00006C62  1350 0001:00006C6F  1351 0001:00006C84
  1352 0001:00006C8A  1353 0001:00006C98  1354 0001:00006CBC  1355 0001:00006CCC
  1360 0001:00006D18  1361 0001:00006D3B  1362 0001:00006D46  1363 0001:00006D58
  1364 0001:00006D6A  1365 0001:00006D7C  1366 0001:00006D8E  1368 0001:00006DB4
  1369 0001:00006DDE  1370 0001:00006DF6  1371 0001:00006E0E  1372 0001:00006E12
  1373 0001:00006E1A  1374 0001:00006E20  1376 0001:00006E28  1377 0001:00006E30
  1378 0001:00006E36  1380 0001:00006E3E  1381 0001:00006E46  1382 0001:00006E4C
  1384 0001:00006E54  1385 0001:00006E5C  1389 0001:00006E60  1396 0001:00006E8C
  1397 0001:00006EBF  1398 0001:00006EE4  1400 0001:00006F00  1401 0001:00006F0B
  1402 0001:00006F11  1403 0001:00006F29  1404 0001:00006F41  1405 0001:00006F4F
  1406 0001:00006F73  1408 0001:00006F83  1407 0001:00006F8A  1409 0001:00006FBA
  1411 0001:00006FE7  1414 0001:00007004  1416 0001:00007014  1454 0001:000070E8
  1455 0001:000070FB  1456 0001:00007103  1457 0001:0000710B  1459 0001:0000712A
  1460 0001:00007135  1461 0001:0000713F  1462 0001:00007148  1464 0001:0000715E
  1466 0001:00007179  1468 0001:000071B9  1469 0001:000071C6  1470 0001:000071F6
  1473 0001:000071F8  1462 0001:000071FB  1475 0001:00007204  1483 0001:00007208
  1484 0001:0000722A  1485 0001:00007234  1486 0001:00007242  1487 0001:00007257
  1491 0001:00007265  1493 0001:00007284  1495 0001:00007298  1498 0001:000072BA
  1500 0001:000072CD  1508 0001:000072F4  1509 0001:000072FD  1510 0001:00007307
  1511 0001:00007315  1512 0001:0000732A  1513 0001:00007338  1514 0001:00007345
  1516 0001:00007358  1519 0001:0000737A  1521 0001:0000738D  1534 0001:00007394
  1535 0001:000073BD  1536 0001:000073C1  1537 0001:000073C9  1538 0001:000073CF
  1539 0001:000073D9  1540 0001:000073E1  1542 0001:000073EC  1544 0001:00007403
  1547 0001:0000740E  1549 0001:0000744B  1551 0001:00007456  1554 0001:0000745F
  1556 0001:00007465  1557 0001:0000746C  1558 0001:00007479  1559 0001:0000747C
  1562 0001:00007493  1566 0001:000074C3  1567 0001:000074CF  1568 0001:000074D3
  1570 0001:000074D5  1542 0001:000074D8  1571 0001:000074E1  1578 0001:00007538
  1583 0001:00007556

Line numbers for VAUtils(VAUtils.pas) segment .itext

  1574 0002:00000310  1575 0002:0000032A  1577 0002:0000032F

Line numbers for HRBuffers(HRBuffers.pas) segment .text

   137 0001:00007F80   138 0001:00007F98   139 0001:00007FA0   140 0001:00007FA8
   143 0001:00007FC8   144 0001:00007FD9   145 0001:00007FE1   146 0001:00007FEF
   150 0001:00008004   151 0001:00008010   153 0001:00008019   155 0001:00008026
   157 0001:0000802C   159 0001:00008039   160 0001:00008041   164 0001:00008048
   165 0001:00008054   166 0001:0000805A   170 0001:00008064   171 0001:00008074
   175 0001:00008078   176 0001:00008084   179 0001:0000808D   180 0001:00008096
   182 0001:000080A8   184 0001:000080BA   191 0001:000080C0   192 0001:000080CC
   195 0001:000080D5   196 0001:000080E1   197 0001:000080FD   198 0001:0000810E
   199 0001:00008120   200 0001:00008129   201 0001:00008132   203 0001:00008144
   207 0001:00008148   208 0001:0000814F   211 0001:00008158   212 0001:0000816A
   213 0001:00008172   215 0001:0000817A   221 0001:00008180   222 0001:00008189
   223 0001:0000818D   229 0001:00008194   230 0001:000081AC   231 0001:000081B6
   232 0001:000081BD   236 0001:000081DC   237 0001:000081ED   238 0001:000081FB
   242 0001:00008210   243 0001:00008219   244 0001:00008222   248 0001:0000822C
   249 0001:00008238   252 0001:00008243   253 0001:00008254   257 0001:0000825D
   258 0001:00008263   260 0001:0000826A   264 0001:00008274   265 0001:00008284
   268 0001:0000828F   269 0001:000082A0   273 0001:000082A9   275 0001:000082B0
   279 0001:000082B4   280 0001:000082BD   283 0001:000082CB   284 0001:000082DF
   285 0001:000082E5   289 0001:000082EE   290 0001:000082F4   292 0001:000082FB
   296 0001:00008304   297 0001:00008311   300 0001:0000831F   301 0001:00008333
   302 0001:00008339   306 0001:00008342   308 0001:00008349   314 0001:00008350
   315 0001:0000835C   316 0001:0000838E   322 0001:00008394   323 0001:000083A0
   324 0001:000083D1   328 0001:000083D8   329 0001:000083E1   330 0001:000083EA
   336 0001:000083F4   337 0001:00008400   338 0001:0000840B   342 0001:00008416
   343 0001:00008427   347 0001:00008430   349 0001:00008437   353 0001:0000843C
   354 0001:00008448   355 0001:00008450   359 0001:00008454   360 0001:00008476
   369 0001:00008498   370 0001:000084B0   371 0001:000084BA   372 0001:000084C2
   373 0001:000084CC   377 0001:000084EC   378 0001:000084FD   379 0001:0000850B
   383 0001:00008520   384 0001:0000852C   387 0001:00008537   388 0001:00008540
   389 0001:00008550   391 0001:0000855A   395 0001:00008560   396 0001:00008569
   397 0001:00008572   401 0001:0000857C   402 0001:00008589   405 0001:00008594
   411 0001:000085B9   412 0001:000085CA   413 0001:000085E1   416 0001:000085EA
   417 0001:00008601   422 0001:0000860A   423 0001:00008610   425 0001:00008617
   429 0001:00008620   430 0001:00008630   440 0001:00008634   441 0001:0000864C
   443 0001:00008656   444 0001:00008663   445 0001:0000866D   449 0001:0000868C
   450 0001:0000869D   451 0001:000086AB   459 0001:000086C0   461 0001:000086CC
   463 0001:000086ED   465 0001:000086F4   466 0001:000086F9   469 0001:00008701
   471 0001:00008713   472 0001:0000871F   466 0001:00008722   474 0001:0000872A
   475 0001:00008730   479 0001:000087D8   480 0001:000087E1   481 0001:000087EC
   485 0001:000087F4   486 0001:00008800   487 0001:00008818   498 0001:00008820
   499 0001:0000882F   502 0001:0000883D   503 0001:0000884D   506 0001:00008856
   508 0001:00008860   513 0001:00008866   514 0001:0000887E   515 0001:00008889
   516 0001:0000889D   518 0001:000088AB   523 0001:000088BE   525 0001:000088C7
   527 0001:000088D8   528 0001:000088F0   529 0001:000088FB   530 0001:0000890C
   534 0001:0000891A   535 0001:0000892A   539 0001:00008930   540 0001:0000893C
   541 0001:00008955   552 0001:0000895C   554 0001:0000896B   557 0001:00008972
   561 0001:00008979   563 0001:00008989   564 0001:00008995   558 0001:00008998
   568 0001:000089AE   571 0001:000089B6   573 0001:000089C7   575 0001:000089D6
   577 0001:000089DE   578 0001:000089E2   568 0001:000089E5   582 0001:000089ED
   583 0001:000089F6   586 0001:00008A0A   589 0001:00008A18   590 0001:00008A26
   591 0001:00008A3E   592 0001:00008A47   596 0001:00008A55   598 0001:00008A65
   599 0001:00008A6D   603 0001:00008A74   609 0001:00008A80

Line numbers for HRBuffers(HRBuffers.pas) segment .itext

   612 0002:00000348

Line numbers for HRParser(HRParser.pas) segment .text

   103 0001:00008E48   104 0001:00008E60   105 0001:00008E72   106 0001:00008E82
   107 0001:00008E94   108 0001:00008EA4   109 0001:00008EAC   113 0001:00008ECC
   114 0001:00008EDD   115 0001:00008EE8   116 0001:00008EF0   117 0001:00008EFB
   118 0001:00008F03   119 0001:00008F11   123 0001:00008F24   124 0001:00008F2D
   125 0001:00008F39   129 0001:00008F40   130 0001:00008F4C   131 0001:00008F5A
   135 0001:00008F60   136 0001:00008F6C   137 0001:00008F77   141 0001:00008F7C
   142 0001:00008F83   143 0001:00008F89   144 0001:00008F95   148 0001:00008F98
   149 0001:00008FA4   150 0001:00008FAC   151 0001:00008FB4   152 0001:00008FBC
   155 0001:00008FCE   156 0001:00008FEC   157 0001:00008FF2   153 0001:00009002
   159 0001:0000901C   163 0001:00009020   164 0001:00009027   167 0001:00009039
   168 0001:00009058   169 0001:0000905B   171 0001:00009063   172 0001:00009069
   165 0001:00009079   174 0001:00009088   178 0001:0000908C   179 0001:00009093
   180 0001:000090A3   183 0001:000090B2   184 0001:000090CF   185 0001:000090D5
   190 0001:000090DF   192 0001:000090E6   197 0001:000090EC   198 0001:000090FA
   200 0001:00009105   203 0001:0000910D   205 0001:00009116   206 0001:00009122
   207 0001:0000912E   210 0001:00009140   212 0001:00009147   213 0001:00009154
   214 0001:00009163   215 0001:00009173   221 0001:0000917C   222 0001:00009194
   223 0001:0000919E   227 0001:000091C0   228 0001:000091D1   229 0001:000091DF
   233 0001:000091F4   237 0001:000091FB   239 0001:00009211   240 0001:0000922E
   243 0001:00009236   244 0001:00009253   241 0001:00009259   246 0001:0000926F
   247 0001:00009276   251 0001:00009279   253 0001:0000929B   254 0001:000092B8
   257 0001:000092BE   261 0001:0000930A   262 0001:00009327   267 0001:0000932F
   269 0001:0000934E   270 0001:0000936B   273 0001:00009371   278 0001:00009376
   280 0001:00009395   281 0001:000093B2   255 0001:000093B8   291 0001:000093BD
   292 0001:000093C4   296 0001:000093C7   301 0001:00009422   302 0001:0000943F
   305 0001:00009447   306 0001:00009464   307 0001:0000946A   303 0001:00009471
   314 0001:00009491   315 0001:000094AE   316 0001:000094B4   311 0001:000094BB
   319 0001:00009506   322 0001:00009509   326 0001:00009511

Line numbers for HRParser(HRParser.pas) segment .itext

   329 0002:00000350

Line numbers for HRParserPas(HRParserPas.pas) segment .text

    83 0001:00009808    84 0001:00009820    85 0001:0000982A    89 0001:0000984C
    90 0001:0000985D    91 0001:0000986B    95 0001:00009880    99 0001:00009887
   102 0001:000098A1   105 0001:000098A7   108 0001:000098C5   109 0001:000098CC
   113 0001:000098D1   115 0001:000098D8   116 0001:000098DE   120 0001:000098E3
   121 0001:00009900   122 0001:0000991E   103 0001:00009924   130 0001:00009926
   133 0001:0000995B   136 0001:00009962   138 0001:00009977   139 0001:0000997E
   141 0001:00009983   143 0001:000099B0   145 0001:000099B7   146 0001:000099BE
   148 0001:000099C3   149 0001:000099E0   150 0001:000099FE   134 0001:00009A04
   156 0001:00009A09   159 0001:00009A3A   160 0001:00009A41   163 0001:00009A4A
   164 0001:00009A67   165 0001:00009A85   161 0001:00009A8B   167 0001:00009AA1
   171 0001:00009AA4   174 0001:00009ABA   177 0001:00009AC0   180 0001:00009AEA
   181 0001:00009AF1   185 0001:00009AF3   186 0001:00009AFA   190 0001:00009AFC
   191 0001:00009B19   175 0001:00009B1F   196 0001:00009B21   197 0001:00009B27
   201 0001:00009B2A   204 0001:00009B40   207 0001:00009B48   208 0001:00009B65
   205 0001:00009B6B   210 0001:00009B89   211 0001:00009B90   215 0001:00009B93
   218 0001:00009BA9   221 0001:00009BB1   222 0001:00009BCE   219 0001:00009BD4
   224 0001:00009BF2   225 0001:00009BF9   228 0001:00009BFC   232 0001:00009C04

Line numbers for HRParserPas(HRParserPas.pas) segment .itext

   235 0002:00000358

Line numbers for VA2006Utils(VA2006Utils.pas) segment .text

    46 0001:00009F94    47 0001:00009FA3    49 0001:00009FBD    50 0001:00009FC3
    51 0001:00009FCB    52 0001:00009FD9    53 0001:00009FE0    55 0001:0000A008
    59 0001:0000A00C    60 0001:0000A01B    61 0001:0000A029    63 0001:0000A03A
    64 0001:0000A04E    66 0001:0000A056    69 0001:0000A05C    70 0001:0000A077
    71 0001:0000A083    72 0001:0000A08C    73 0001:0000A09A    74 0001:0000A0AB
    77 0001:0000A0CC    78 0001:0000A0D3    79 0001:0000A0E2    84 0001:0000A0E8
    85 0001:0000A0F1    86 0001:0000A0F5    89 0001:0000A0FC    91 0001:0000A108

Line numbers for VA2006Utils(VA2006Utils.pas) segment .itext

    93 0002:00000360

Line numbers for .VASharedXE3(VASharedXE3.dpk) segment .itext

    44 0002:00000368

Bound resource files

VASharedXE3.res
VASharedXE3.drf


Program entry point at 0002:00000368
